$ python3 configure.py
$ .tools/bin/ninja -j2
[951/955] REPORT
 INFO Loading project .
 INFO Generating report for 7071 units (using 8 threads)
 INFO Report generated in 0.194s
 INFO Writing to build/GEDE01/report.json
[952/955] LINK build/GEDE01/main.elf
### mwldeppc.exe Linker Warning:
#   Section '.ignored' is unknown. Section ignored.
[953/955] DOL build/GEDE01/main.dol
[954/955] CHECK config/GEDE01/build.sha1
build/GEDE01/main.dol: OK
[955/955] PROGRESS
Progress:
  All: 60.86% fuzzy, 51.28% matched, 51.15% linked (6359 / 7071 files)
    Code: 1179688 / 2300692 bytes (6127 / 8214 functions)
    Data: 39866 / 4305642 bytes (0.93%)
  Game Code: 98.01% fuzzy, 82.54% matched, 82.33% linked (6341 / 6635 files)
    Code: 1176660 / 1425604 bytes (6065 / 6356 functions)
    Data: 39642 / 40522 bytes (97.83%)
  SDK/Runtime: 100.00% fuzzy, 100.00% matched, 100.00% linked (18 / 18 files)
    Code: 3028 / 3028 bytes (62 / 62 functions)
    Data: 224 / 224 bytes (100.00%)
exit_code=0
