Script started on 2026-10-03 12:33:08-04:00 [COMMAND="build/binutils/powerpc-eabi-objdump -r build/GEDE01/src/game/game_fn_8012EDB0.o" <not executed on terminal>]

build/GEDE01/src/game/game_fn_8012EDB0.o:     file format elf32-powerpc

RELOCATION RECORDS FOR [.text]:
OFFSET   TYPE              VALUE
00000020 R_PPC_REL24       _savegpr_27
00000038 R_PPC_REL24       fn_80125ECC
00000074 R_PPC_REL24       fn_8012FDA0
00000078 R_PPC_EMB_SDA21   lbl_806501D8
00000080 R_PPC_EMB_SDA21   lbl_806501DC
000000c0 R_PPC_REL24       fn_8011F3B4
000000d0 R_PPC_REL24       fn_8011F304
000000dc R_PPC_REL24       fn_80211AAC
000000ec R_PPC_REL24       fn_80211B64
000000f4 R_PPC_REL24       fn_80211B08
000000f8 R_PPC_EMB_SDA21   lbl_80650208
0000010c R_PPC_REL24       fn_802110A8
0000011c R_PPC_REL24       fn_8017AD00
0000012c R_PPC_REL24       fn_8017A244
0000013c R_PPC_REL24       fn_8012CEA4
0000014c R_PPC_REL24       fn_8017A5A8
000001a8 R_PPC_REL24       fn_8012CF08
000001c4 R_PPC_REL24       fn_8012F58C
000001e0 R_PPC_REL24       _restgpr_27



Script done on 2026-10-03 12:33:08-04:00 [COMMAND_EXIT_CODE="0"]
