$ python3 configure.py

exit=0
$ .tools/bin/ninja -j2 build/GEDE01/src/game/game_fn_801858E0.o
[1/1] MWCC build/GEDE01/src/game/game_fn_801858E0.o

exit=0
$ build/tools/objdiff-cli diff -p . -u main/game/game_fn_801858E0 fn_801858E0 -o reports/GEDE01/variant-3cec4cb7-490c-4f17-8458-d1354bb92fc3-frontier.json --format json -c function_reloc_diffs=name_address
 INFO Writing to reports/GEDE01/variant-3cec4cb7-490c-4f17-8458-d1354bb92fc3-frontier.json

exit=0
$ .tools/bin/ninja -j2 build/GEDE01/src/game/game_fn_801858E0.o
[1/1] MWCC build/GEDE01/src/game/game_fn_801858E0.o

exit=0
$ build/tools/objdiff-cli diff -p . -u main/game/game_fn_801858E0 fn_801858E0 -o reports/GEDE01/variant-3cec4cb7-490c-4f17-8458-d1354bb92fc3-ordinary_loads.json --format json -c function_reloc_diffs=name_address
 INFO Writing to reports/GEDE01/variant-3cec4cb7-490c-4f17-8458-d1354bb92fc3-ordinary_loads.json

exit=0
$ .tools/bin/ninja -j2 build/GEDE01/src/game/game_fn_801858E0.o
[1/1] MWCC build/GEDE01/src/game/game_fn_801858E0.o

exit=0
$ build/tools/objdiff-cli diff -p . -u main/game/game_fn_801858E0 fn_801858E0 -o reports/GEDE01/variant-3cec4cb7-490c-4f17-8458-d1354bb92fc3-typed_copies.json --format json -c function_reloc_diffs=name_address
 INFO Writing to reports/GEDE01/variant-3cec4cb7-490c-4f17-8458-d1354bb92fc3-typed_copies.json

exit=0
$ .tools/bin/ninja -j2 build/GEDE01/src/game/game_fn_801858E0.o
[1/1] MWCC build/GEDE01/src/game/game_fn_801858E0.o
FAILED: [code=2] build/GEDE01/src/game/game_fn_801858E0.o 
tools/mwcc_wrapper.py build/tools/sjiswrap.exe compilers/GC/1.3/mwcceppc.exe -nodefaults -proc gekko -align powerpc -enum int -fp hardware -Cpp_exceptions off -O4,p -inline auto -pragma "cats off" -pragma "warn_notinlined off" -maxerrors 1 -nosyspath -RTTI off -fp_contract on -str reuse -multibyte -i include -i build/GEDE01/include -DVERSION_GEDE01 -DNDEBUG=1 -lang=c -use_lmw_stmw on -MMD -c src/game/game_fn_801858E0.c -o build/GEDE01/src/game && "/usr/bin/python3" tools/transform_dep.py build/GEDE01/src/game/game_fn_801858E0.d build/GEDE01/src/game/game_fn_801858E0.d
### mwcceppc.exe Compiler:
#    File: src\game\game_fn_801858E0.c
# ------------------------------------
#      25: volatile u32 value = lbl_806509F4;
#   Error: ^^^^^^^^
#   expression syntax error
#   Too many errors printed, aborting program

User break, cancelled...
ninja: build stopped: subcommand failed.

exit=2
$ .tools/bin/ninja -j2 build/GEDE01/src/game/game_fn_801858E0.o
[1/1] MWCC build/GEDE01/src/game/game_fn_801858E0.o

exit=0
$ python3 configure.py

exit=0
$ .tools/bin/ninja -j2 build/GEDE01/src/game/game_fn_801858E0.o
[1/1] MWCC build/GEDE01/src/game/game_fn_801858E0.o

exit=0
$ build/tools/objdiff-cli diff -p . -u main/game/game_fn_801858E0 fn_801858E0 -o reports/GEDE01/variant-3cec4cb7-490c-4f17-8458-d1354bb92fc3-frontier.json --format json -c function_reloc_diffs=name_address
 INFO Writing to reports/GEDE01/variant-3cec4cb7-490c-4f17-8458-d1354bb92fc3-frontier.json

exit=0
$ .tools/bin/ninja -j2 build/GEDE01/src/game/game_fn_801858E0.o
[1/1] MWCC build/GEDE01/src/game/game_fn_801858E0.o

exit=0
$ build/tools/objdiff-cli diff -p . -u main/game/game_fn_801858E0 fn_801858E0 -o reports/GEDE01/variant-3cec4cb7-490c-4f17-8458-d1354bb92fc3-ordinary_loads.json --format json -c function_reloc_diffs=name_address
 INFO Writing to reports/GEDE01/variant-3cec4cb7-490c-4f17-8458-d1354bb92fc3-ordinary_loads.json

exit=0
$ .tools/bin/ninja -j2 build/GEDE01/src/game/game_fn_801858E0.o
[1/1] MWCC build/GEDE01/src/game/game_fn_801858E0.o

exit=0
$ build/tools/objdiff-cli diff -p . -u main/game/game_fn_801858E0 fn_801858E0 -o reports/GEDE01/variant-3cec4cb7-490c-4f17-8458-d1354bb92fc3-typed_copies.json --format json -c function_reloc_diffs=name_address
 INFO Writing to reports/GEDE01/variant-3cec4cb7-490c-4f17-8458-d1354bb92fc3-typed_copies.json

exit=0
$ .tools/bin/ninja -j2 build/GEDE01/src/game/game_fn_801858E0.o
[1/1] MWCC build/GEDE01/src/game/game_fn_801858E0.o

exit=0
$ build/tools/objdiff-cli diff -p . -u main/game/game_fn_801858E0 fn_801858E0 -o reports/GEDE01/variant-3cec4cb7-490c-4f17-8458-d1354bb92fc3-ordinary_aggregates.json --format json -c function_reloc_diffs=name_address
 INFO Writing to reports/GEDE01/variant-3cec4cb7-490c-4f17-8458-d1354bb92fc3-ordinary_aggregates.json

exit=0
$ .tools/bin/ninja -j2 build/GEDE01/src/game/game_fn_801858E0.o
[1/1] MWCC build/GEDE01/src/game/game_fn_801858E0.o

exit=0
$ build/tools/objdiff-cli diff -p . -u main/game/game_fn_801858E0 fn_801858E0 -o reports/GEDE01/variant-3cec4cb7-490c-4f17-8458-d1354bb92fc3-word1_aggregate.json --format json -c function_reloc_diffs=name_address
 INFO Writing to reports/GEDE01/variant-3cec4cb7-490c-4f17-8458-d1354bb92fc3-word1_aggregate.json

exit=0
$ .tools/bin/ninja -j2 build/GEDE01/src/game/game_fn_801858E0.o
[1/1] MWCC build/GEDE01/src/game/game_fn_801858E0.o

exit=0
$ build/tools/objdiff-cli diff -p . -u main/game/game_fn_801858E0 fn_801858E0 -o reports/GEDE01/variant-3cec4cb7-490c-4f17-8458-d1354bb92fc3-word1_store_order.json --format json -c function_reloc_diffs=name_address
 INFO Writing to reports/GEDE01/variant-3cec4cb7-490c-4f17-8458-d1354bb92fc3-word1_store_order.json

exit=0
$ .tools/bin/ninja -j2 build/GEDE01/src/game/game_fn_801858E0.o
[1/1] MWCC build/GEDE01/src/game/game_fn_801858E0.o

exit=0
$ python3 configure.py

exit=0
$ .tools/bin/ninja -j2 build/GEDE01/src/game/game_fn_801858E0.o
[1/1] MWCC build/GEDE01/src/game/game_fn_801858E0.o

exit=0
$ build/tools/objdiff-cli diff -p . -u main/game/game_fn_801858E0 fn_801858E0 -o reports/GEDE01/variant-3cec4cb7-490c-4f17-8458-d1354bb92fc3-frontier.json --format json -c function_reloc_diffs=name_address
 INFO Writing to reports/GEDE01/variant-3cec4cb7-490c-4f17-8458-d1354bb92fc3-frontier.json

exit=0
$ .tools/bin/ninja -j2 build/GEDE01/src/game/game_fn_801858E0.o
[1/1] MWCC build/GEDE01/src/game/game_fn_801858E0.o

exit=0
$ build/tools/objdiff-cli diff -p . -u main/game/game_fn_801858E0 fn_801858E0 -o reports/GEDE01/variant-3cec4cb7-490c-4f17-8458-d1354bb92fc3-ordinary_loads.json --format json -c function_reloc_diffs=name_address
 INFO Writing to reports/GEDE01/variant-3cec4cb7-490c-4f17-8458-d1354bb92fc3-ordinary_loads.json

exit=0
$ .tools/bin/ninja -j2 build/GEDE01/src/game/game_fn_801858E0.o
[1/1] MWCC build/GEDE01/src/game/game_fn_801858E0.o

exit=0
$ build/tools/objdiff-cli diff -p . -u main/game/game_fn_801858E0 fn_801858E0 -o reports/GEDE01/variant-3cec4cb7-490c-4f17-8458-d1354bb92fc3-typed_copies.json --format json -c function_reloc_diffs=name_address
 INFO Writing to reports/GEDE01/variant-3cec4cb7-490c-4f17-8458-d1354bb92fc3-typed_copies.json

exit=0
$ .tools/bin/ninja -j2 build/GEDE01/src/game/game_fn_801858E0.o
[1/1] MWCC build/GEDE01/src/game/game_fn_801858E0.o

exit=0
$ build/tools/objdiff-cli diff -p . -u main/game/game_fn_801858E0 fn_801858E0 -o reports/GEDE01/variant-3cec4cb7-490c-4f17-8458-d1354bb92fc3-ordinary_aggregates.json --format json -c function_reloc_diffs=name_address
 INFO Writing to reports/GEDE01/variant-3cec4cb7-490c-4f17-8458-d1354bb92fc3-ordinary_aggregates.json

exit=0
$ .tools/bin/ninja -j2 build/GEDE01/src/game/game_fn_801858E0.o
[1/1] MWCC build/GEDE01/src/game/game_fn_801858E0.o

exit=0
$ build/tools/objdiff-cli diff -p . -u main/game/game_fn_801858E0 fn_801858E0 -o reports/GEDE01/variant-3cec4cb7-490c-4f17-8458-d1354bb92fc3-word1_aggregate.json --format json -c function_reloc_diffs=name_address
 INFO Writing to reports/GEDE01/variant-3cec4cb7-490c-4f17-8458-d1354bb92fc3-word1_aggregate.json

exit=0
$ .tools/bin/ninja -j2 build/GEDE01/src/game/game_fn_801858E0.o
[1/1] MWCC build/GEDE01/src/game/game_fn_801858E0.o

exit=0
$ build/tools/objdiff-cli diff -p . -u main/game/game_fn_801858E0 fn_801858E0 -o reports/GEDE01/variant-3cec4cb7-490c-4f17-8458-d1354bb92fc3-word1_store_order.json --format json -c function_reloc_diffs=name_address
 INFO Writing to reports/GEDE01/variant-3cec4cb7-490c-4f17-8458-d1354bb92fc3-word1_store_order.json

exit=0
$ .tools/bin/ninja -j2 build/GEDE01/src/game/game_fn_801858E0.o
[1/1] MWCC build/GEDE01/src/game/game_fn_801858E0.o

exit=0
$ build/tools/objdiff-cli diff -p . -u main/game/game_fn_801858E0 fn_801858E0 -o reports/GEDE01/variant-3cec4cb7-490c-4f17-8458-d1354bb92fc3-const_local_aggregates.json --format json -c function_reloc_diffs=name_address
 INFO Writing to reports/GEDE01/variant-3cec4cb7-490c-4f17-8458-d1354bb92fc3-const_local_aggregates.json

exit=0
$ .tools/bin/ninja -j2 build/GEDE01/src/game/game_fn_801858E0.o
[1/1] MWCC build/GEDE01/src/game/game_fn_801858E0.o

exit=0
$ build/tools/objdiff-cli diff -p . -u main/game/game_fn_801858E0 fn_801858E0 -o reports/GEDE01/variant-3cec4cb7-490c-4f17-8458-d1354bb92fc3-register_local_aggregates.json --format json -c function_reloc_diffs=name_address
 INFO Writing to reports/GEDE01/variant-3cec4cb7-490c-4f17-8458-d1354bb92fc3-register_local_aggregates.json

exit=0
$ .tools/bin/ninja -j2 build/GEDE01/src/game/game_fn_801858E0.o
[1/1] MWCC build/GEDE01/src/game/game_fn_801858E0.o

exit=0
$ build/tools/objdiff-cli diff -p . -u main/game/game_fn_801858E0 fn_801858E0 -o reports/GEDE01/variant-3cec4cb7-490c-4f17-8458-d1354bb92fc3-cached_members.json --format json -c function_reloc_diffs=name_address
 INFO Writing to reports/GEDE01/variant-3cec4cb7-490c-4f17-8458-d1354bb92fc3-cached_members.json

exit=0
$ .tools/bin/ninja -j2 build/GEDE01/src/game/game_fn_801858E0.o
[1/1] MWCC build/GEDE01/src/game/game_fn_801858E0.o

exit=0
