$ build/binutils/powerpc-eabi-objdump -dr build/GEDE01/obj/game/game_fn_8002DAE0.o

build/GEDE01/obj/game/game_fn_8002DAE0.o:     file format elf32-powerpc


Disassembly of section .text:

00000000 <fn_8002DAE0>:
   0:	94 21 ff 90 	stwu    r1,-112(r1)
   4:	7c 08 02 a6 	mflr    r0
   8:	90 01 00 74 	stw     r0,116(r1)
   c:	be 21 00 34 	stmw    r17,52(r1)
  10:	7c b1 2b 78 	mr      r17,r5
  14:	7c 74 1b 78 	mr      r20,r3
  18:	7c 93 23 78 	mr      r19,r4
  1c:	7c de 33 78 	mr      r30,r6
  20:	7e 23 8b 78 	mr      r3,r17
  24:	48 00 00 01 	bl      24 <fn_8002DAE0+0x24>
			24: R_PPC_REL24	fn_80200C10
  28:	7c 72 1b 78 	mr      r18,r3
  2c:	7e 83 a3 78 	mr      r3,r20
  30:	48 00 00 01 	bl      30 <fn_8002DAE0+0x30>
			30: R_PPC_REL24	fn_80201B8C
  34:	83 83 00 24 	lwz     r28,36(r3)
  38:	7e 83 a3 78 	mr      r3,r20
  3c:	48 00 00 01 	bl      3c <fn_8002DAE0+0x3c>
			3c: R_PPC_REL24	fn_80201B54
  40:	2c 13 00 00 	cmpwi   r19,0
  44:	7c 7b 1b 78 	mr      r27,r3
  48:	40 82 06 c8 	bne     710 <fn_8002DAE0+0x710>
  4c:	2c 12 00 01 	cmpwi   r18,1
  50:	40 82 00 30 	bne     80 <fn_8002DAE0+0x80>
  54:	7e 83 a3 78 	mr      r3,r20
  58:	38 80 00 01 	li      r4,1
  5c:	48 00 00 01 	bl      5c <fn_8002DAE0+0x5c>
			5c: R_PPC_REL24	fn_802020B4
  60:	7e 83 a3 78 	mr      r3,r20
  64:	38 80 00 01 	li      r4,1
  68:	48 00 00 01 	bl      68 <fn_8002DAE0+0x68>
			68: R_PPC_REL24	fn_80201D2C
  6c:	7e 83 a3 78 	mr      r3,r20
  70:	38 80 00 01 	li      r4,1
  74:	48 00 00 01 	bl      74 <fn_8002DAE0+0x74>
			74: R_PPC_REL24	fn_80201D14
  78:	38 60 00 01 	li      r3,1
  7c:	48 00 06 d8 	b       754 <fn_8002DAE0+0x754>
  80:	2c 12 00 c4 	cmpwi   r18,196
  84:	40 82 00 3c 	bne     c0 <fn_8002DAE0+0xc0>
  88:	80 1c 00 c4 	lwz     r0,196(r28)
  8c:	28 00 00 00 	cmplwi  r0,0
  90:	41 82 00 14 	beq     a4 <fn_8002DAE0+0xa4>
  94:	7e 23 8b 78 	mr      r3,r17
  98:	48 00 00 01 	bl      98 <fn_8002DAE0+0x98>
			98: R_PPC_REL24	fn_80200C38
  9c:	80 9c 00 c4 	lwz     r4,196(r28)
  a0:	90 64 00 00 	stw     r3,0(r4)
  a4:	7f 64 db 78 	mr      r4,r27
  a8:	7f 65 db 78 	mr      r5,r27
  ac:	38 60 00 39 	li      r3,57
  b0:	38 c0 00 00 	li      r6,0
  b4:	48 00 00 01 	bl      b4 <fn_8002DAE0+0xb4>
			b4: R_PPC_REL24	fn_8020123C
  b8:	38 60 00 01 	li      r3,1
  bc:	48 00 06 98 	b       754 <fn_8002DAE0+0x754>
  c0:	2c 12 00 39 	cmpwi   r18,57
  c4:	40 82 00 64 	bne     128 <fn_8002DAE0+0x128>
  c8:	80 7c 00 b4 	lwz     r3,180(r28)
  cc:	48 00 00 01 	bl      cc <fn_8002DAE0+0xcc>
			cc: R_PPC_REL24	fn_80201814
  d0:	28 03 00 00 	cmplwi  r3,0
  d4:	41 82 00 14 	beq     e8 <fn_8002DAE0+0xe8>
  d8:	48 00 00 01 	bl      d8 <fn_8002DAE0+0xd8>
			d8: R_PPC_REL24	fn_80201B8C
  dc:	80 63 00 8c 	lwz     r3,140(r3)
  e0:	38 00 00 00 	li      r0,0
  e4:	90 03 00 24 	stw     r0,36(r3)
  e8:	7f 83 e3 78 	mr      r3,r28
  ec:	48 00 00 01 	bl      ec <fn_8002DAE0+0xec>
			ec: R_PPC_REL24	fn_801DABFC
  f0:	80 7c 00 b4 	lwz     r3,180(r28)
  f4:	38 80 00 00 	li      r4,0
  f8:	48 00 00 01 	bl      f8 <fn_8002DAE0+0xf8>
			f8: R_PPC_REL24	fn_801DACA4
  fc:	7e 84 a3 78 	mr      r4,r20
 100:	38 60 00 02 	li      r3,2
 104:	48 00 00 01 	bl      104 <fn_8002DAE0+0x104>
			104: R_PPC_REL24	fn_801E8328
 108:	7e 83 a3 78 	mr      r3,r20
 10c:	38 80 00 00 	li      r4,0
 110:	48 00 00 01 	bl      110 <fn_8002DAE0+0x110>
			110: R_PPC_REL24	fn_80201D34
 114:	7e 83 a3 78 	mr      r3,r20
 118:	38 80 00 01 	li      r4,1
 11c:	48 00 00 01 	bl      11c <fn_8002DAE0+0x11c>
			11c: R_PPC_REL24	fn_80201D1C
 120:	38 60 00 01 	li      r3,1
 124:	48 00 06 30 	b       754 <fn_8002DAE0+0x754>
 128:	2c 12 00 ed 	cmpwi   r18,237
 12c:	40 82 00 4c 	bne     178 <fn_8002DAE0+0x178>
 130:	7e 23 8b 78 	mr      r3,r17
 134:	48 00 00 01 	bl      134 <fn_8002DAE0+0x134>
			134: R_PPC_REL24	fn_80200C38
 138:	7c 73 1b 78 	mr      r19,r3
 13c:	7e 23 8b 78 	mr      r3,r17
 140:	48 00 00 01 	bl      140 <fn_8002DAE0+0x140>
			140: R_PPC_REL24	fn_80200C28
 144:	7c 72 1b 78 	mr      r18,r3
 148:	7e 23 8b 78 	mr      r3,r17
 14c:	48 00 00 01 	bl      14c <fn_8002DAE0+0x14c>
			14c: R_PPC_REL24	fn_80200C20
 150:	7c 64 1b 78 	mr      r4,r3
 154:	7e 45 93 78 	mr      r5,r18
 158:	7e 66 9b 78 	mr      r6,r19
 15c:	38 60 00 0b 	li      r3,11
 160:	48 00 00 01 	bl      160 <fn_8002DAE0+0x160>
			160: R_PPC_REL24	fn_8020123C
 164:	7e 23 8b 78 	mr      r3,r17
 168:	48 00 00 01 	bl      168 <fn_8002DAE0+0x168>
			168: R_PPC_REL24	fn_80200C38
 16c:	48 00 00 01 	bl      16c <fn_8002DAE0+0x16c>
			16c: R_PPC_REL24	fn_801A7228
 170:	38 60 00 01 	li      r3,1
 174:	48 00 05 e0 	b       754 <fn_8002DAE0+0x754>
 178:	2c 12 00 3a 	cmpwi   r18,58
 17c:	40 82 00 4c 	bne     1c8 <fn_8002DAE0+0x1c8>
 180:	7e 23 8b 78 	mr      r3,r17
 184:	48 00 00 01 	bl      184 <fn_8002DAE0+0x184>
			184: R_PPC_REL24	fn_80200C38
 188:	7c 73 1b 78 	mr      r19,r3
 18c:	7e 23 8b 78 	mr      r3,r17
 190:	48 00 00 01 	bl      190 <fn_8002DAE0+0x190>
			190: R_PPC_REL24	fn_80200C28
 194:	7c 72 1b 78 	mr      r18,r3
 198:	7e 23 8b 78 	mr      r3,r17
 19c:	48 00 00 01 	bl      19c <fn_8002DAE0+0x19c>
			19c: R_PPC_REL24	fn_80200C20
 1a0:	7c 64 1b 78 	mr      r4,r3
 1a4:	7e 45 93 78 	mr      r5,r18
 1a8:	7e 66 9b 78 	mr      r6,r19
 1ac:	38 60 00 27 	li      r3,39
 1b0:	48 00 00 01 	bl      1b0 <fn_8002DAE0+0x1b0>
			1b0: R_PPC_REL24	fn_8020123C
 1b4:	7e 23 8b 78 	mr      r3,r17
 1b8:	48 00 00 01 	bl      1b8 <fn_8002DAE0+0x1b8>
			1b8: R_PPC_REL24	fn_80200C38
 1bc:	48 00 00 01 	bl      1bc <fn_8002DAE0+0x1bc>
			1bc: R_PPC_REL24	fn_801A7228
 1c0:	38 60 00 01 	li      r3,1
 1c4:	48 00 05 90 	b       754 <fn_8002DAE0+0x754>
 1c8:	2c 12 00 0b 	cmpwi   r18,11
 1cc:	40 82 05 28 	bne     6f4 <fn_8002DAE0+0x6f4>
 1d0:	7e 23 8b 78 	mr      r3,r17
 1d4:	3b 00 00 01 	li      r24,1
 1d8:	3b e0 00 00 	li      r31,0
 1dc:	48 00 00 01 	bl      1dc <fn_8002DAE0+0x1dc>
			1dc: R_PPC_REL24	fn_80200C20
 1e0:	7c 60 1b 78 	mr      r0,r3
 1e4:	7e 23 8b 78 	mr      r3,r17
 1e8:	7c 17 03 78 	mr      r23,r0
 1ec:	48 00 00 01 	bl      1ec <fn_8002DAE0+0x1ec>
			1ec: R_PPC_REL24	fn_80200C38
 1f0:	38 00 00 00 	li      r0,0
 1f4:	7c 76 1b 78 	mr      r22,r3
 1f8:	b0 01 00 08 	sth     r0,8(r1)
 1fc:	90 01 00 0c 	stw     r0,12(r1)
 200:	48 00 00 01 	bl      200 <fn_8002DAE0+0x200>
			200: R_PPC_REL24	fn_801A7530
 204:	b0 61 00 0a 	sth     r3,10(r1)
 208:	7e c4 b3 78 	mr      r4,r22
 20c:	38 61 00 10 	addi    r3,r1,16
 210:	48 00 00 01 	bl      210 <fn_8002DAE0+0x210>
			210: R_PPC_REL24	fn_801A7744
 214:	7e c3 b3 78 	mr      r3,r22
 218:	48 00 00 01 	bl      218 <fn_8002DAE0+0x218>
			218: R_PPC_REL24	fn_801A7498
 21c:	7c 60 1b 78 	mr      r0,r3
 220:	7e c3 b3 78 	mr      r3,r22
 224:	7c 1a 03 78 	mr      r26,r0
 228:	48 00 00 01 	bl      228 <fn_8002DAE0+0x228>
			228: R_PPC_REL24	fn_801A7570
 22c:	7c 74 1b 78 	mr      r20,r3
 230:	7f 43 d3 78 	mr      r3,r26
 234:	48 00 00 01 	bl      234 <fn_8002DAE0+0x234>
			234: R_PPC_REL24	fn_80201814
 238:	7c 79 1b 79 	mr.     r25,r3
 23c:	41 82 00 10 	beq     24c <fn_8002DAE0+0x24c>
 240:	48 00 00 01 	bl      240 <fn_8002DAE0+0x240>
			240: R_PPC_REL24	fn_80201B8C
 244:	7c 7d 1b 78 	mr      r29,r3
 248:	48 00 00 08 	b       250 <fn_8002DAE0+0x250>
 24c:	3b a0 00 00 	li      r29,0
 250:	28 1d 00 00 	cmplwi  r29,0
 254:	41 82 00 10 	beq     264 <fn_8002DAE0+0x264>
 258:	88 1d 00 9f 	lbz     r0,159(r29)
 25c:	28 00 00 28 	cmplwi  r0,40
 260:	41 82 04 7c 	beq     6dc <fn_8002DAE0+0x6dc>
 264:	28 19 00 00 	cmplwi  r25,0
 268:	41 82 00 6c 	beq     2d4 <fn_8002DAE0+0x2d4>
 26c:	7e c3 b3 78 	mr      r3,r22
 270:	48 00 00 01 	bl      270 <fn_8002DAE0+0x270>
			270: R_PPC_REL24	fn_8004910C
 274:	7c 60 1b 78 	mr      r0,r3
 278:	7f 23 cb 78 	mr      r3,r25
 27c:	7c 13 03 78 	mr      r19,r0
 280:	48 00 00 01 	bl      280 <fn_8002DAE0+0x280>
			280: R_PPC_REL24	fn_80201B5C
 284:	28 13 00 00 	cmplwi  r19,0
 288:	7c 72 1b 78 	mr      r18,r3
 28c:	41 82 00 10 	beq     29c <fn_8002DAE0+0x29c>
 290:	7e 63 9b 78 	mr      r3,r19
 294:	48 00 00 01 	bl      294 <fn_8002DAE0+0x294>
			294: R_PPC_REL24	fn_80201B8C
 298:	48 00 00 08 	b       2a0 <fn_8002DAE0+0x2a0>
 29c:	38 60 00 00 	li      r3,0
 2a0:	20 92 00 18 	subfic  r4,r18,24
 2a4:	28 03 00 00 	cmplwi  r3,0
 2a8:	20 12 00 08 	subfic  r0,r18,8
 2ac:	7c 84 00 34 	cntlzw  r4,r4
 2b0:	7c 00 00 34 	cntlzw  r0,r0
 2b4:	54 92 d9 7e 	srwi    r18,r4,5
 2b8:	54 1f d9 7e 	srwi    r31,r0,5
 2bc:	41 82 00 1c 	beq     2d8 <fn_8002DAE0+0x2d8>
 2c0:	88 03 00 9f 	lbz     r0,159(r3)
 2c4:	28 00 00 12 	cmplwi  r0,18
 2c8:	40 82 00 10 	bne     2d8 <fn_8002DAE0+0x2d8>
 2cc:	3b 00 00 00 	li      r24,0
 2d0:	48 00 00 08 	b       2d8 <fn_8002DAE0+0x2d8>
 2d4:	3a 40 00 00 	li      r18,0
 2d8:	80 7c 00 b8 	lwz     r3,184(r28)
 2dc:	48 00 00 01 	bl      2dc <fn_8002DAE0+0x2dc>
			2dc: R_PPC_REL24	fn_801D38E8
 2e0:	7c 75 1b 78 	mr      r21,r3
 2e4:	38 81 00 0a 	addi    r4,r1,10
 2e8:	38 a1 00 08 	addi    r5,r1,8
 2ec:	38 c1 00 0c 	addi    r6,r1,12
 2f0:	48 00 00 01 	bl      2f0 <fn_8002DAE0+0x2f0>
			2f0: R_PPC_REL24	fn_8002D8C8
 2f4:	80 01 00 0c 	lwz     r0,12(r1)
 2f8:	2c 00 00 00 	cmpwi   r0,0
 2fc:	40 81 03 e0 	ble     6dc <fn_8002DAE0+0x6dc>
 300:	7e c3 b3 78 	mr      r3,r22
 304:	3a 20 00 00 	li      r17,0
 308:	48 00 00 01 	bl      308 <fn_8002DAE0+0x308>
			308: R_PPC_REL24	fn_801A74F8
 30c:	7c 73 1b 78 	mr      r19,r3
 310:	7e 60 07 35 	extsh.  r0,r19
 314:	40 82 00 24 	bne     338 <fn_8002DAE0+0x338>
 318:	80 7c 00 b4 	lwz     r3,180(r28)
 31c:	48 00 00 01 	bl      31c <fn_8002DAE0+0x31c>
			31c: R_PPC_REL24	fn_80201814
 320:	28 03 00 00 	cmplwi  r3,0
 324:	41 82 00 14 	beq     338 <fn_8002DAE0+0x338>
 328:	48 00 00 01 	bl      328 <fn_8002DAE0+0x328>
			328: R_PPC_REL24	fn_80201B5C
 32c:	2c 03 00 1c 	cmpwi   r3,28
 330:	40 82 00 08 	bne     338 <fn_8002DAE0+0x338>
 334:	3a 20 00 01 	li      r17,1
 338:	2c 11 00 00 	cmpwi   r17,0
 33c:	40 82 03 a0 	bne     6dc <fn_8002DAE0+0x6dc>
 340:	7e c3 b3 78 	mr      r3,r22
 344:	48 00 00 01 	bl      344 <fn_8002DAE0+0x344>
			344: R_PPC_REL24	fn_801A74C0
 348:	54 60 02 53 	rlwinm. r0,r3,0,9,9
 34c:	41 82 00 18 	beq     364 <fn_8002DAE0+0x364>
 350:	7f 43 d3 78 	mr      r3,r26
 354:	7e e5 bb 78 	mr      r5,r23
 358:	7f 86 e3 78 	mr      r6,r28
 35c:	38 81 00 10 	addi    r4,r1,16
 360:	48 00 00 01 	bl      360 <fn_8002DAE0+0x360>
			360: R_PPC_REL24	fn_801DA8CC
 364:	2c 15 00 04 	cmpwi   r21,4
 368:	40 82 01 8c 	bne     4f4 <fn_8002DAE0+0x4f4>
 36c:	2c 12 00 00 	cmpwi   r18,0
 370:	40 82 01 84 	bne     4f4 <fn_8002DAE0+0x4f4>
 374:	2c 1a 00 00 	cmpwi   r26,0
 378:	41 82 01 7c 	beq     4f4 <fn_8002DAE0+0x4f4>
 37c:	48 00 00 01 	bl      37c <fn_8002DAE0+0x37c>
			37c: R_PPC_REL24	fn_801A717C
 380:	7f 64 db 78 	mr      r4,r27
 384:	7c 72 1b 78 	mr      r18,r3
 388:	48 00 00 01 	bl      388 <fn_8002DAE0+0x388>
			388: R_PPC_REL24	fn_801A74A0
 38c:	7e 43 93 78 	mr      r3,r18
 390:	7f 44 d3 78 	mr      r4,r26
 394:	48 00 00 01 	bl      394 <fn_8002DAE0+0x394>
			394: R_PPC_REL24	fn_801A74A8
 398:	a0 81 00 08 	lhz     r4,8(r1)
 39c:	7e 43 93 78 	mr      r3,r18
 3a0:	48 00 00 01 	bl      3a0 <fn_8002DAE0+0x3a0>
			3a0: R_PPC_REL24	fn_801A7538
 3a4:	48 00 00 01 	bl      3a4 <fn_8002DAE0+0x3a4>
			3a4: R_PPC_REL24	fn_80201B44
 3a8:	7c 1a 18 00 	cmpw    r26,r3
 3ac:	40 82 00 18 	bne     3c4 <fn_8002DAE0+0x3c4>
 3b0:	48 00 00 01 	bl      3b0 <fn_8002DAE0+0x3b0>
			3b0: R_PPC_REL24	fn_80071DD8
 3b4:	2c 03 00 00 	cmpwi   r3,0
 3b8:	41 82 00 0c 	beq     3c4 <fn_8002DAE0+0x3c4>
 3bc:	38 80 00 01 	li      r4,1
 3c0:	48 00 00 08 	b       3c8 <fn_8002DAE0+0x3c8>
 3c4:	7e 64 9b 78 	mr      r4,r19
 3c8:	7e 43 93 78 	mr      r3,r18
 3cc:	48 00 00 01 	bl      3cc <fn_8002DAE0+0x3cc>
			3cc: R_PPC_REL24	fn_801A7518
 3d0:	7e 43 93 78 	mr      r3,r18
 3d4:	38 9c 00 9c 	addi    r4,r28,156
 3d8:	48 00 00 01 	bl      3d8 <fn_8002DAE0+0x3d8>
			3d8: R_PPC_REL24	fn_801A764C
 3dc:	a0 01 00 08 	lhz     r0,8(r1)
 3e0:	54 00 07 ff 	clrlwi. r0,r0,31
 3e4:	41 82 00 10 	beq     3f4 <fn_8002DAE0+0x3f4>
 3e8:	7e 43 93 78 	mr      r3,r18
 3ec:	38 80 00 0b 	li      r4,11
 3f0:	48 00 00 01 	bl      3f0 <fn_8002DAE0+0x3f0>
			3f0: R_PPC_REL24	fn_801A7470
 3f4:	7f 64 db 78 	mr      r4,r27
 3f8:	7f 45 d3 78 	mr      r5,r26
 3fc:	7e 46 93 78 	mr      r6,r18
 400:	38 60 00 dc 	li      r3,220
 404:	48 00 00 01 	bl      404 <fn_8002DAE0+0x404>
			404: R_PPC_REL24	fn_8020123C
 408:	38 00 ff ff 	li      r0,-1
 40c:	7c 80 00 39 	and.    r0,r4,r0
 410:	40 82 00 bc 	bne     4cc <fn_8002DAE0+0x4cc>
 414:	7f 64 db 78 	mr      r4,r27
 418:	7f 45 d3 78 	mr      r5,r26
 41c:	7e 46 93 78 	mr      r6,r18
 420:	38 60 00 27 	li      r3,39
 424:	48 00 00 01 	bl      424 <fn_8002DAE0+0x424>
			424: R_PPC_REL24	fn_8020123C
 428:	28 19 00 00 	cmplwi  r25,0
 42c:	41 82 00 a0 	beq     4cc <fn_8002DAE0+0x4cc>
 430:	7f 23 cb 78 	mr      r3,r25
 434:	48 00 00 01 	bl      434 <fn_8002DAE0+0x434>
			434: R_PPC_REL24	fn_80201B64
 438:	2c 03 00 08 	cmpwi   r3,8
 43c:	41 82 00 90 	beq     4cc <fn_8002DAE0+0x4cc>
 440:	7f 23 cb 78 	mr      r3,r25
 444:	48 00 00 01 	bl      444 <fn_8002DAE0+0x444>
			444: R_PPC_REL24	fn_80201B5C
 448:	2c 03 00 15 	cmpwi   r3,21
 44c:	41 82 00 80 	beq     4cc <fn_8002DAE0+0x4cc>
 450:	7f 23 cb 78 	mr      r3,r25
 454:	48 00 00 01 	bl      454 <fn_8002DAE0+0x454>
			454: R_PPC_REL24	fn_80201BC8
 458:	7c 75 1b 79 	mr.     r21,r3
 45c:	41 82 00 70 	beq     4cc <fn_8002DAE0+0x4cc>
 460:	38 60 00 04 	li      r3,4
 464:	48 00 00 01 	bl      464 <fn_8002DAE0+0x464>
			464: R_PPC_REL24	fn_8006749C
 468:	7c 74 1b 78 	mr      r20,r3
 46c:	80 7c 00 b8 	lwz     r3,184(r28)
 470:	48 00 00 01 	bl      470 <fn_8002DAE0+0x470>
			470: R_PPC_REL24	fn_801CEB2C
 474:	7c 60 07 34 	extsh   r0,r3
 478:	3c 60 43 30 	lis     r3,17200
 47c:	7c 04 0e 70 	srawi   r4,r0,1
 480:	62 80 00 02 	ori     r0,r20,2
 484:	38 84 00 01 	addi    r4,r4,1
 488:	90 61 00 20 	stw     r3,32(r1)
 48c:	54 83 06 3e 	clrlwi  r3,r4,24
 490:	c8 60 00 00 	lfd     f3,0(0)
			490: R_PPC_EMB_SDA21	lbl_8064E038
 494:	38 63 ff fe 	addi    r3,r3,-2
 498:	c0 80 00 00 	lfs     f4,0(0)
			498: R_PPC_EMB_SDA21	lbl_8064E0AC
 49c:	6c 63 80 00 	xoris   r3,r3,32768
 4a0:	c0 00 00 00 	lfs     f0,0(0)
			4a0: R_PPC_EMB_SDA21	lbl_8064E0B0
 4a4:	90 61 00 24 	stw     r3,36(r1)
 4a8:	7e a3 ab 78 	mr      r3,r21
 4ac:	c0 20 00 00 	lfs     f1,0(0)
			4ac: R_PPC_EMB_SDA21	lbl_8064E064
 4b0:	54 06 04 3e 	clrlwi  r6,r0,16
 4b4:	c8 41 00 20 	lfd     f2,32(r1)
 4b8:	38 80 00 00 	li      r4,0
 4bc:	38 a0 00 64 	li      r5,100
 4c0:	ec 42 18 28 	fsubs   f2,f2,f3
 4c4:	ec 44 00 bc 	fnmsubs f2,f4,f2,f0
 4c8:	48 00 00 01 	bl      4c8 <fn_8002DAE0+0x4c8>
			4c8: R_PPC_REL24	fn_80120AD0
 4cc:	7e 43 93 78 	mr      r3,r18
 4d0:	48 00 00 01 	bl      4d0 <fn_8002DAE0+0x4d0>
			4d0: R_PPC_REL24	fn_801A7228
 4d4:	28 1d 00 00 	cmplwi  r29,0
 4d8:	41 82 00 e4 	beq     5bc <fn_8002DAE0+0x5bc>
 4dc:	80 7d 00 8c 	lwz     r3,140(r29)
 4e0:	28 03 00 00 	cmplwi  r3,0
 4e4:	41 82 00 d8 	beq     5bc <fn_8002DAE0+0x5bc>
 4e8:	38 00 01 2c 	li      r0,300
 4ec:	b0 03 01 50 	sth     r0,336(r3)
 4f0:	48 00 00 cc 	b       5bc <fn_8002DAE0+0x5bc>
 4f4:	a0 01 00 08 	lhz     r0,8(r1)
 4f8:	54 00 07 ff 	clrlwi. r0,r0,31
 4fc:	41 82 00 c0 	beq     5bc <fn_8002DAE0+0x5bc>
 500:	2c 12 00 00 	cmpwi   r18,0
 504:	40 82 00 b8 	bne     5bc <fn_8002DAE0+0x5bc>
 508:	2c 1a 00 00 	cmpwi   r26,0
 50c:	41 82 00 b0 	beq     5bc <fn_8002DAE0+0x5bc>
 510:	7c 17 d0 00 	cmpw    r23,r26
 514:	41 82 00 a8 	beq     5bc <fn_8002DAE0+0x5bc>
 518:	2c 18 00 00 	cmpwi   r24,0
 51c:	41 82 00 a0 	beq     5bc <fn_8002DAE0+0x5bc>
 520:	56 80 06 b5 	rlwinm. r0,r20,0,26,26
 524:	40 82 00 98 	bne     5bc <fn_8002DAE0+0x5bc>
 528:	48 00 00 01 	bl      528 <fn_8002DAE0+0x528>
			528: R_PPC_REL24	fn_801A717C
 52c:	38 80 00 0b 	li      r4,11
 530:	7c 71 1b 78 	mr      r17,r3
 534:	48 00 00 01 	bl      534 <fn_8002DAE0+0x534>
			534: R_PPC_REL24	fn_801A7470
 538:	7e 23 8b 78 	mr      r3,r17
 53c:	38 80 00 00 	li      r4,0
 540:	48 00 00 01 	bl      540 <fn_8002DAE0+0x540>
			540: R_PPC_REL24	fn_801A74A0
 544:	7e 23 8b 78 	mr      r3,r17
 548:	7f 44 d3 78 	mr      r4,r26
 54c:	48 00 00 01 	bl      54c <fn_8002DAE0+0x54c>
			54c: R_PPC_REL24	fn_801A74A8
 550:	7f 64 db 78 	mr      r4,r27
 554:	7f 45 d3 78 	mr      r5,r26
 558:	7e 26 8b 78 	mr      r6,r17
 55c:	38 60 00 dc 	li      r3,220
 560:	48 00 00 01 	bl      560 <fn_8002DAE0+0x560>
			560: R_PPC_REL24	fn_8020123C
 564:	38 00 ff ff 	li      r0,-1
 568:	7c 80 00 39 	and.    r0,r4,r0
 56c:	40 82 00 18 	bne     584 <fn_8002DAE0+0x584>
 570:	7f 64 db 78 	mr      r4,r27
 574:	7f 45 d3 78 	mr      r5,r26
 578:	7e 26 8b 78 	mr      r6,r17
 57c:	38 60 00 35 	li      r3,53
 580:	48 00 00 01 	bl      580 <fn_8002DAE0+0x580>
			580: R_PPC_REL24	fn_8020123C
 584:	7e 23 8b 78 	mr      r3,r17
 588:	48 00 00 01 	bl      588 <fn_8002DAE0+0x588>
			588: R_PPC_REL24	fn_801A7228
 58c:	28 1d 00 00 	cmplwi  r29,0
 590:	41 82 00 2c 	beq     5bc <fn_8002DAE0+0x5bc>
 594:	80 7d 00 8c 	lwz     r3,140(r29)
 598:	28 03 00 00 	cmplwi  r3,0
 59c:	41 82 00 20 	beq     5bc <fn_8002DAE0+0x5bc>
 5a0:	38 00 01 2c 	li      r0,300
 5a4:	b0 03 01 50 	sth     r0,336(r3)
 5a8:	80 7d 00 0c 	lwz     r3,12(r29)
 5ac:	28 03 00 00 	cmplwi  r3,0
 5b0:	41 82 00 0c 	beq     5bc <fn_8002DAE0+0x5bc>
 5b4:	38 00 00 3c 	li      r0,60
 5b8:	b0 03 00 3e 	sth     r0,62(r3)
 5bc:	80 7c 00 bc 	lwz     r3,188(r28)
 5c0:	88 03 00 00 	lbz     r0,0(r3)
 5c4:	54 00 07 39 	rlwinm. r0,r0,0,28,28
 5c8:	40 82 01 14 	bne     6dc <fn_8002DAE0+0x6dc>
 5cc:	80 01 00 0c 	lwz     r0,12(r1)
 5d0:	a0 a1 00 08 	lhz     r5,8(r1)
 5d4:	7c 73 01 d6 	mullw   r3,r19,r0
 5d8:	54 a0 07 39 	rlwinm. r0,r5,0,28,28
 5dc:	7c 71 07 34 	extsh   r17,r3
 5e0:	41 82 00 20 	beq     600 <fn_8002DAE0+0x600>
 5e4:	3c 60 51 ec 	lis     r3,20972
 5e8:	38 03 85 1f 	addi    r0,r3,-31457
 5ec:	7c 00 88 96 	mulhw   r0,r0,r17
 5f0:	7c 00 2e 70 	srawi   r0,r0,5
 5f4:	54 03 0f fe 	srwi    r3,r0,31
 5f8:	7c 00 1a 14 	add     r0,r0,r3
 5fc:	7c 11 07 34 	extsh   r17,r0
 600:	a8 9c 00 00 	lha     r4,0(r28)
 604:	7e 20 07 34 	extsh   r0,r17
 608:	7c 00 20 00 	cmpw    r0,r4
 60c:	40 80 00 14 	bge     620 <fn_8002DAE0+0x620>
 610:	2c 1f 00 00 	cmpwi   r31,0
 614:	41 82 00 6c 	beq     680 <fn_8002DAE0+0x680>
 618:	54 a0 07 ff 	clrlwi. r0,r5,31
 61c:	41 82 00 64 	beq     680 <fn_8002DAE0+0x680>
 620:	38 00 00 00 	li      r0,0
 624:	28 19 00 00 	cmplwi  r25,0
 628:	b0 1c 00 00 	sth     r0,0(r28)
 62c:	41 82 00 3c 	beq     668 <fn_8002DAE0+0x668>
 630:	7f 23 cb 78 	mr      r3,r25
 634:	48 00 00 01 	bl      634 <fn_8002DAE0+0x634>
			634: R_PPC_REL24	fn_80201B64
 638:	2c 03 00 08 	cmpwi   r3,8
 63c:	41 82 00 2c 	beq     668 <fn_8002DAE0+0x668>
 640:	7f 23 cb 78 	mr      r3,r25
 644:	48 00 00 01 	bl      644 <fn_8002DAE0+0x644>
			644: R_PPC_REL24	fn_80201B5C
 648:	2c 03 00 15 	cmpwi   r3,21
 64c:	41 82 00 1c 	beq     668 <fn_8002DAE0+0x668>
 650:	7f 64 db 78 	mr      r4,r27
 654:	7f 65 db 78 	mr      r5,r27
 658:	38 c1 00 10 	addi    r6,r1,16
 65c:	38 60 00 c4 	li      r3,196
 660:	48 00 00 01 	bl      660 <fn_8002DAE0+0x660>
			660: R_PPC_REL24	fn_8020123C
 664:	48 00 00 78 	b       6dc <fn_8002DAE0+0x6dc>
 668:	7f 64 db 78 	mr      r4,r27
 66c:	7f 65 db 78 	mr      r5,r27
 670:	38 60 00 39 	li      r3,57
 674:	38 c0 00 00 	li      r6,0
 678:	48 00 00 01 	bl      678 <fn_8002DAE0+0x678>
			678: R_PPC_REL24	fn_8020123C
 67c:	48 00 00 60 	b       6dc <fn_8002DAE0+0x6dc>
 680:	80 7c 00 b8 	lwz     r3,184(r28)
 684:	48 00 00 01 	bl      684 <fn_8002DAE0+0x684>
			684: R_PPC_REL24	fn_801D9FE4
 688:	a8 1c 00 00 	lha     r0,0(r28)
 68c:	54 72 06 3e 	clrlwi  r18,r3,24
 690:	7c 11 00 50 	subf    r0,r17,r0
 694:	b0 1c 00 00 	sth     r0,0(r28)
 698:	80 7c 00 b8 	lwz     r3,184(r28)
 69c:	a8 9c 00 00 	lha     r4,0(r28)
 6a0:	48 00 00 01 	bl      6a0 <fn_8002DAE0+0x6a0>
			6a0: R_PPC_REL24	fn_801D9FE4
 6a4:	54 60 06 3e 	clrlwi  r0,r3,24
 6a8:	7c 00 90 00 	cmpw    r0,r18
 6ac:	41 81 00 18 	bgt     6c4 <fn_8002DAE0+0x6c4>
 6b0:	80 9c 00 c0 	lwz     r4,192(r28)
 6b4:	7c 00 90 50 	subf    r0,r0,r18
 6b8:	88 64 00 00 	lbz     r3,0(r4)
 6bc:	7c 03 02 14 	add     r0,r3,r0
 6c0:	98 04 00 00 	stb     r0,0(r4)
 6c4:	80 61 00 10 	lwz     r3,16(r1)
 6c8:	80 01 00 14 	lwz     r0,20(r1)
 6cc:	90 7c 00 c8 	stw     r3,200(r28)
 6d0:	90 1c 00 cc 	stw     r0,204(r28)
 6d4:	80 01 00 18 	lwz     r0,24(r1)
 6d8:	90 1c 00 d0 	stw     r0,208(r28)
 6dc:	28 1e 00 00 	cmplwi  r30,0
 6e0:	41 82 00 0c 	beq     6ec <fn_8002DAE0+0x6ec>
 6e4:	a0 01 00 0a 	lhz     r0,10(r1)
 6e8:	90 1e 00 00 	stw     r0,0(r30)
 6ec:	38 60 00 01 	li      r3,1
 6f0:	48 00 00 64 	b       754 <fn_8002DAE0+0x754>
 6f4:	2c 12 00 5c 	cmpwi   r18,92
 6f8:	40 82 00 58 	bne     750 <fn_8002DAE0+0x750>
 6fc:	80 7c 00 b4 	lwz     r3,180(r28)
 700:	38 80 00 00 	li      r4,0
 704:	48 00 00 01 	bl      704 <fn_8002DAE0+0x704>
			704: R_PPC_REL24	fn_801D16E4
 708:	38 60 00 01 	li      r3,1
 70c:	48 00 00 48 	b       754 <fn_8002DAE0+0x754>
 710:	2c 13 00 01 	cmpwi   r19,1
 714:	40 82 00 34 	bne     748 <fn_8002DAE0+0x748>
 718:	2c 12 00 01 	cmpwi   r18,1
 71c:	40 82 00 0c 	bne     728 <fn_8002DAE0+0x728>
 720:	38 60 00 01 	li      r3,1
 724:	48 00 00 30 	b       754 <fn_8002DAE0+0x754>
 728:	2c 12 00 03 	cmpwi   r18,3
 72c:	40 82 00 0c 	bne     738 <fn_8002DAE0+0x738>
 730:	38 60 00 01 	li      r3,1
 734:	48 00 00 20 	b       754 <fn_8002DAE0+0x754>
 738:	2c 12 00 02 	cmpwi   r18,2
 73c:	40 82 00 14 	bne     750 <fn_8002DAE0+0x750>
 740:	38 60 00 01 	li      r3,1
 744:	48 00 00 10 	b       754 <fn_8002DAE0+0x754>
 748:	38 60 00 00 	li      r3,0
 74c:	48 00 00 08 	b       754 <fn_8002DAE0+0x754>
 750:	38 60 00 00 	li      r3,0
 754:	ba 21 00 34 	lmw     r17,52(r1)
 758:	80 01 00 74 	lwz     r0,116(r1)
 75c:	7c 08 03 a6 	mtlr    r0
 760:	38 21 00 70 	addi    r1,r1,112
 764:	4e 80 00 20 	blr

EXIT_CODE=0
$ build/binutils/powerpc-eabi-objdump -dr build/GEDE01/src/game/game_fn_8002DAE0.o

build/GEDE01/src/game/game_fn_8002DAE0.o:     file format elf32-powerpc


Disassembly of section .text:

00000000 <fn_8002DAE0>:
   0:	94 21 ff 90 	stwu    r1,-112(r1)
   4:	7c 08 02 a6 	mflr    r0
   8:	90 01 00 74 	stw     r0,116(r1)
   c:	be 21 00 34 	stmw    r17,52(r1)
  10:	7c b1 2b 78 	mr      r17,r5
  14:	7c 74 1b 78 	mr      r20,r3
  18:	7c 93 23 78 	mr      r19,r4
  1c:	7c da 33 78 	mr      r26,r6
  20:	7e 23 8b 78 	mr      r3,r17
  24:	48 00 00 01 	bl      24 <fn_8002DAE0+0x24>
			24: R_PPC_REL24	fn_80200C10
  28:	7c 72 1b 78 	mr      r18,r3
  2c:	7e 83 a3 78 	mr      r3,r20
  30:	48 00 00 01 	bl      30 <fn_8002DAE0+0x30>
			30: R_PPC_REL24	fn_80201B8C
  34:	83 e3 00 24 	lwz     r31,36(r3)
  38:	7e 83 a3 78 	mr      r3,r20
  3c:	48 00 00 01 	bl      3c <fn_8002DAE0+0x3c>
			3c: R_PPC_REL24	fn_80201B54
  40:	2c 13 00 00 	cmpwi   r19,0
  44:	7c 7e 1b 78 	mr      r30,r3
  48:	40 82 06 c8 	bne     710 <fn_8002DAE0+0x710>
  4c:	2c 12 00 01 	cmpwi   r18,1
  50:	40 82 00 30 	bne     80 <fn_8002DAE0+0x80>
  54:	7e 83 a3 78 	mr      r3,r20
  58:	38 80 00 01 	li      r4,1
  5c:	48 00 00 01 	bl      5c <fn_8002DAE0+0x5c>
			5c: R_PPC_REL24	fn_802020B4
  60:	7e 83 a3 78 	mr      r3,r20
  64:	38 80 00 01 	li      r4,1
  68:	48 00 00 01 	bl      68 <fn_8002DAE0+0x68>
			68: R_PPC_REL24	fn_80201D2C
  6c:	7e 83 a3 78 	mr      r3,r20
  70:	38 80 00 01 	li      r4,1
  74:	48 00 00 01 	bl      74 <fn_8002DAE0+0x74>
			74: R_PPC_REL24	fn_80201D14
  78:	38 60 00 01 	li      r3,1
  7c:	48 00 06 d8 	b       754 <fn_8002DAE0+0x754>
  80:	2c 12 00 c4 	cmpwi   r18,196
  84:	40 82 00 3c 	bne     c0 <fn_8002DAE0+0xc0>
  88:	80 1f 00 c4 	lwz     r0,196(r31)
  8c:	28 00 00 00 	cmplwi  r0,0
  90:	41 82 00 14 	beq     a4 <fn_8002DAE0+0xa4>
  94:	7e 23 8b 78 	mr      r3,r17
  98:	48 00 00 01 	bl      98 <fn_8002DAE0+0x98>
			98: R_PPC_REL24	fn_80200C38
  9c:	80 9f 00 c4 	lwz     r4,196(r31)
  a0:	90 64 00 00 	stw     r3,0(r4)
  a4:	7f c4 f3 78 	mr      r4,r30
  a8:	7f c5 f3 78 	mr      r5,r30
  ac:	38 60 00 39 	li      r3,57
  b0:	38 c0 00 00 	li      r6,0
  b4:	48 00 00 01 	bl      b4 <fn_8002DAE0+0xb4>
			b4: R_PPC_REL24	fn_8020123C
  b8:	38 60 00 01 	li      r3,1
  bc:	48 00 06 98 	b       754 <fn_8002DAE0+0x754>
  c0:	2c 12 00 39 	cmpwi   r18,57
  c4:	40 82 00 64 	bne     128 <fn_8002DAE0+0x128>
  c8:	80 7f 00 b4 	lwz     r3,180(r31)
  cc:	48 00 00 01 	bl      cc <fn_8002DAE0+0xcc>
			cc: R_PPC_REL24	fn_80201814
  d0:	28 03 00 00 	cmplwi  r3,0
  d4:	41 82 00 14 	beq     e8 <fn_8002DAE0+0xe8>
  d8:	48 00 00 01 	bl      d8 <fn_8002DAE0+0xd8>
			d8: R_PPC_REL24	fn_80201B8C
  dc:	80 63 00 8c 	lwz     r3,140(r3)
  e0:	38 00 00 00 	li      r0,0
  e4:	90 03 00 24 	stw     r0,36(r3)
  e8:	7f e3 fb 78 	mr      r3,r31
  ec:	48 00 00 01 	bl      ec <fn_8002DAE0+0xec>
			ec: R_PPC_REL24	fn_801DABFC
  f0:	80 7f 00 b4 	lwz     r3,180(r31)
  f4:	38 80 00 00 	li      r4,0
  f8:	48 00 00 01 	bl      f8 <fn_8002DAE0+0xf8>
			f8: R_PPC_REL24	fn_801DACA4
  fc:	7e 84 a3 78 	mr      r4,r20
 100:	38 60 00 02 	li      r3,2
 104:	48 00 00 01 	bl      104 <fn_8002DAE0+0x104>
			104: R_PPC_REL24	fn_801E8328
 108:	7e 83 a3 78 	mr      r3,r20
 10c:	38 80 00 00 	li      r4,0
 110:	48 00 00 01 	bl      110 <fn_8002DAE0+0x110>
			110: R_PPC_REL24	fn_80201D34
 114:	7e 83 a3 78 	mr      r3,r20
 118:	38 80 00 01 	li      r4,1
 11c:	48 00 00 01 	bl      11c <fn_8002DAE0+0x11c>
			11c: R_PPC_REL24	fn_80201D1C
 120:	38 60 00 01 	li      r3,1
 124:	48 00 06 30 	b       754 <fn_8002DAE0+0x754>
 128:	2c 12 00 ed 	cmpwi   r18,237
 12c:	40 82 00 4c 	bne     178 <fn_8002DAE0+0x178>
 130:	7e 23 8b 78 	mr      r3,r17
 134:	48 00 00 01 	bl      134 <fn_8002DAE0+0x134>
			134: R_PPC_REL24	fn_80200C38
 138:	7c 73 1b 78 	mr      r19,r3
 13c:	7e 23 8b 78 	mr      r3,r17
 140:	48 00 00 01 	bl      140 <fn_8002DAE0+0x140>
			140: R_PPC_REL24	fn_80200C28
 144:	7c 72 1b 78 	mr      r18,r3
 148:	7e 23 8b 78 	mr      r3,r17
 14c:	48 00 00 01 	bl      14c <fn_8002DAE0+0x14c>
			14c: R_PPC_REL24	fn_80200C20
 150:	7c 64 1b 78 	mr      r4,r3
 154:	7e 45 93 78 	mr      r5,r18
 158:	7e 66 9b 78 	mr      r6,r19
 15c:	38 60 00 0b 	li      r3,11
 160:	48 00 00 01 	bl      160 <fn_8002DAE0+0x160>
			160: R_PPC_REL24	fn_8020123C
 164:	7e 23 8b 78 	mr      r3,r17
 168:	48 00 00 01 	bl      168 <fn_8002DAE0+0x168>
			168: R_PPC_REL24	fn_80200C38
 16c:	48 00 00 01 	bl      16c <fn_8002DAE0+0x16c>
			16c: R_PPC_REL24	fn_801A7228
 170:	38 60 00 01 	li      r3,1
 174:	48 00 05 e0 	b       754 <fn_8002DAE0+0x754>
 178:	2c 12 00 3a 	cmpwi   r18,58
 17c:	40 82 00 4c 	bne     1c8 <fn_8002DAE0+0x1c8>
 180:	7e 23 8b 78 	mr      r3,r17
 184:	48 00 00 01 	bl      184 <fn_8002DAE0+0x184>
			184: R_PPC_REL24	fn_80200C38
 188:	7c 73 1b 78 	mr      r19,r3
 18c:	7e 23 8b 78 	mr      r3,r17
 190:	48 00 00 01 	bl      190 <fn_8002DAE0+0x190>
			190: R_PPC_REL24	fn_80200C28
 194:	7c 72 1b 78 	mr      r18,r3
 198:	7e 23 8b 78 	mr      r3,r17
 19c:	48 00 00 01 	bl      19c <fn_8002DAE0+0x19c>
			19c: R_PPC_REL24	fn_80200C20
 1a0:	7c 64 1b 78 	mr      r4,r3
 1a4:	7e 45 93 78 	mr      r5,r18
 1a8:	7e 66 9b 78 	mr      r6,r19
 1ac:	38 60 00 27 	li      r3,39
 1b0:	48 00 00 01 	bl      1b0 <fn_8002DAE0+0x1b0>
			1b0: R_PPC_REL24	fn_8020123C
 1b4:	7e 23 8b 78 	mr      r3,r17
 1b8:	48 00 00 01 	bl      1b8 <fn_8002DAE0+0x1b8>
			1b8: R_PPC_REL24	fn_80200C38
 1bc:	48 00 00 01 	bl      1bc <fn_8002DAE0+0x1bc>
			1bc: R_PPC_REL24	fn_801A7228
 1c0:	38 60 00 01 	li      r3,1
 1c4:	48 00 05 90 	b       754 <fn_8002DAE0+0x754>
 1c8:	2c 12 00 0b 	cmpwi   r18,11
 1cc:	40 82 05 28 	bne     6f4 <fn_8002DAE0+0x6f4>
 1d0:	7e 23 8b 78 	mr      r3,r17
 1d4:	3a e0 00 01 	li      r23,1
 1d8:	3b a0 00 00 	li      r29,0
 1dc:	48 00 00 01 	bl      1dc <fn_8002DAE0+0x1dc>
			1dc: R_PPC_REL24	fn_80200C20
 1e0:	7c 60 1b 78 	mr      r0,r3
 1e4:	7e 23 8b 78 	mr      r3,r17
 1e8:	7c 16 03 78 	mr      r22,r0
 1ec:	48 00 00 01 	bl      1ec <fn_8002DAE0+0x1ec>
			1ec: R_PPC_REL24	fn_80200C38
 1f0:	38 00 00 00 	li      r0,0
 1f4:	7c 75 1b 78 	mr      r21,r3
 1f8:	b0 01 00 08 	sth     r0,8(r1)
 1fc:	90 01 00 0c 	stw     r0,12(r1)
 200:	48 00 00 01 	bl      200 <fn_8002DAE0+0x200>
			200: R_PPC_REL24	fn_801A7530
 204:	b0 61 00 0a 	sth     r3,10(r1)
 208:	7e a4 ab 78 	mr      r4,r21
 20c:	38 61 00 10 	addi    r3,r1,16
 210:	48 00 00 01 	bl      210 <fn_8002DAE0+0x210>
			210: R_PPC_REL24	fn_801A7744
 214:	7e a3 ab 78 	mr      r3,r21
 218:	48 00 00 01 	bl      218 <fn_8002DAE0+0x218>
			218: R_PPC_REL24	fn_801A7498
 21c:	7c 60 1b 78 	mr      r0,r3
 220:	7e a3 ab 78 	mr      r3,r21
 224:	7c 1c 03 78 	mr      r28,r0
 228:	48 00 00 01 	bl      228 <fn_8002DAE0+0x228>
			228: R_PPC_REL24	fn_801A7570
 22c:	7c 78 1b 78 	mr      r24,r3
 230:	7f 83 e3 78 	mr      r3,r28
 234:	48 00 00 01 	bl      234 <fn_8002DAE0+0x234>
			234: R_PPC_REL24	fn_80201814
 238:	7c 7b 1b 79 	mr.     r27,r3
 23c:	41 82 00 10 	beq     24c <fn_8002DAE0+0x24c>
 240:	48 00 00 01 	bl      240 <fn_8002DAE0+0x240>
			240: R_PPC_REL24	fn_80201B8C
 244:	7c 79 1b 78 	mr      r25,r3
 248:	48 00 00 08 	b       250 <fn_8002DAE0+0x250>
 24c:	3b 20 00 00 	li      r25,0
 250:	28 19 00 00 	cmplwi  r25,0
 254:	41 82 00 10 	beq     264 <fn_8002DAE0+0x264>
 258:	88 19 00 9f 	lbz     r0,159(r25)
 25c:	28 00 00 28 	cmplwi  r0,40
 260:	41 82 04 7c 	beq     6dc <fn_8002DAE0+0x6dc>
 264:	28 1b 00 00 	cmplwi  r27,0
 268:	41 82 00 6c 	beq     2d4 <fn_8002DAE0+0x2d4>
 26c:	7e a3 ab 78 	mr      r3,r21
 270:	48 00 00 01 	bl      270 <fn_8002DAE0+0x270>
			270: R_PPC_REL24	fn_8004910C
 274:	7c 60 1b 78 	mr      r0,r3
 278:	7f 63 db 78 	mr      r3,r27
 27c:	7c 13 03 78 	mr      r19,r0
 280:	48 00 00 01 	bl      280 <fn_8002DAE0+0x280>
			280: R_PPC_REL24	fn_80201B5C
 284:	28 13 00 00 	cmplwi  r19,0
 288:	7c 72 1b 78 	mr      r18,r3
 28c:	41 82 00 10 	beq     29c <fn_8002DAE0+0x29c>
 290:	7e 63 9b 78 	mr      r3,r19
 294:	48 00 00 01 	bl      294 <fn_8002DAE0+0x294>
			294: R_PPC_REL24	fn_80201B8C
 298:	48 00 00 08 	b       2a0 <fn_8002DAE0+0x2a0>
 29c:	38 60 00 00 	li      r3,0
 2a0:	20 92 00 18 	subfic  r4,r18,24
 2a4:	28 03 00 00 	cmplwi  r3,0
 2a8:	20 12 00 08 	subfic  r0,r18,8
 2ac:	7c 84 00 34 	cntlzw  r4,r4
 2b0:	7c 00 00 34 	cntlzw  r0,r0
 2b4:	54 92 d9 7e 	srwi    r18,r4,5
 2b8:	54 1d d9 7e 	srwi    r29,r0,5
 2bc:	41 82 00 1c 	beq     2d8 <fn_8002DAE0+0x2d8>
 2c0:	88 03 00 9f 	lbz     r0,159(r3)
 2c4:	28 00 00 12 	cmplwi  r0,18
 2c8:	40 82 00 10 	bne     2d8 <fn_8002DAE0+0x2d8>
 2cc:	3a e0 00 00 	li      r23,0
 2d0:	48 00 00 08 	b       2d8 <fn_8002DAE0+0x2d8>
 2d4:	3a 40 00 00 	li      r18,0
 2d8:	80 7f 00 b8 	lwz     r3,184(r31)
 2dc:	48 00 00 01 	bl      2dc <fn_8002DAE0+0x2dc>
			2dc: R_PPC_REL24	fn_801D38E8
 2e0:	7c 73 1b 78 	mr      r19,r3
 2e4:	38 81 00 0a 	addi    r4,r1,10
 2e8:	38 a1 00 08 	addi    r5,r1,8
 2ec:	38 c1 00 0c 	addi    r6,r1,12
 2f0:	48 00 00 01 	bl      2f0 <fn_8002DAE0+0x2f0>
			2f0: R_PPC_REL24	fn_8002D8C8
 2f4:	80 01 00 0c 	lwz     r0,12(r1)
 2f8:	2c 00 00 00 	cmpwi   r0,0
 2fc:	40 81 03 e0 	ble     6dc <fn_8002DAE0+0x6dc>
 300:	7e a3 ab 78 	mr      r3,r21
 304:	3a 20 00 00 	li      r17,0
 308:	48 00 00 01 	bl      308 <fn_8002DAE0+0x308>
			308: R_PPC_REL24	fn_801A74F8
 30c:	7c 74 1b 78 	mr      r20,r3
 310:	7e 80 07 35 	extsh.  r0,r20
 314:	40 82 00 24 	bne     338 <fn_8002DAE0+0x338>
 318:	80 7f 00 b4 	lwz     r3,180(r31)
 31c:	48 00 00 01 	bl      31c <fn_8002DAE0+0x31c>
			31c: R_PPC_REL24	fn_80201814
 320:	28 03 00 00 	cmplwi  r3,0
 324:	41 82 00 14 	beq     338 <fn_8002DAE0+0x338>
 328:	48 00 00 01 	bl      328 <fn_8002DAE0+0x328>
			328: R_PPC_REL24	fn_80201B5C
 32c:	2c 03 00 1c 	cmpwi   r3,28
 330:	40 82 00 08 	bne     338 <fn_8002DAE0+0x338>
 334:	3a 20 00 01 	li      r17,1
 338:	2c 11 00 00 	cmpwi   r17,0
 33c:	40 82 03 a0 	bne     6dc <fn_8002DAE0+0x6dc>
 340:	7e a3 ab 78 	mr      r3,r21
 344:	48 00 00 01 	bl      344 <fn_8002DAE0+0x344>
			344: R_PPC_REL24	fn_801A74C0
 348:	54 60 02 53 	rlwinm. r0,r3,0,9,9
 34c:	41 82 00 18 	beq     364 <fn_8002DAE0+0x364>
 350:	7f 83 e3 78 	mr      r3,r28
 354:	7e c5 b3 78 	mr      r5,r22
 358:	7f e6 fb 78 	mr      r6,r31
 35c:	38 81 00 10 	addi    r4,r1,16
 360:	48 00 00 01 	bl      360 <fn_8002DAE0+0x360>
			360: R_PPC_REL24	fn_801DA8CC
 364:	2c 13 00 04 	cmpwi   r19,4
 368:	40 82 01 8c 	bne     4f4 <fn_8002DAE0+0x4f4>
 36c:	2c 12 00 00 	cmpwi   r18,0
 370:	40 82 01 84 	bne     4f4 <fn_8002DAE0+0x4f4>
 374:	2c 1c 00 00 	cmpwi   r28,0
 378:	41 82 01 7c 	beq     4f4 <fn_8002DAE0+0x4f4>
 37c:	48 00 00 01 	bl      37c <fn_8002DAE0+0x37c>
			37c: R_PPC_REL24	fn_801A717C
 380:	7f c4 f3 78 	mr      r4,r30
 384:	7c 72 1b 78 	mr      r18,r3
 388:	48 00 00 01 	bl      388 <fn_8002DAE0+0x388>
			388: R_PPC_REL24	fn_801A74A0
 38c:	7e 43 93 78 	mr      r3,r18
 390:	7f 84 e3 78 	mr      r4,r28
 394:	48 00 00 01 	bl      394 <fn_8002DAE0+0x394>
			394: R_PPC_REL24	fn_801A74A8
 398:	a0 81 00 08 	lhz     r4,8(r1)
 39c:	7e 43 93 78 	mr      r3,r18
 3a0:	48 00 00 01 	bl      3a0 <fn_8002DAE0+0x3a0>
			3a0: R_PPC_REL24	fn_801A7538
 3a4:	48 00 00 01 	bl      3a4 <fn_8002DAE0+0x3a4>
			3a4: R_PPC_REL24	fn_80201B44
 3a8:	7c 1c 18 00 	cmpw    r28,r3
 3ac:	40 82 00 18 	bne     3c4 <fn_8002DAE0+0x3c4>
 3b0:	48 00 00 01 	bl      3b0 <fn_8002DAE0+0x3b0>
			3b0: R_PPC_REL24	fn_80071DD8
 3b4:	2c 03 00 00 	cmpwi   r3,0
 3b8:	41 82 00 0c 	beq     3c4 <fn_8002DAE0+0x3c4>
 3bc:	38 80 00 01 	li      r4,1
 3c0:	48 00 00 08 	b       3c8 <fn_8002DAE0+0x3c8>
 3c4:	7e 84 a3 78 	mr      r4,r20
 3c8:	7e 43 93 78 	mr      r3,r18
 3cc:	48 00 00 01 	bl      3cc <fn_8002DAE0+0x3cc>
			3cc: R_PPC_REL24	fn_801A7518
 3d0:	7e 43 93 78 	mr      r3,r18
 3d4:	38 9f 00 9c 	addi    r4,r31,156
 3d8:	48 00 00 01 	bl      3d8 <fn_8002DAE0+0x3d8>
			3d8: R_PPC_REL24	fn_801A764C
 3dc:	a0 01 00 08 	lhz     r0,8(r1)
 3e0:	54 00 07 ff 	clrlwi. r0,r0,31
 3e4:	41 82 00 10 	beq     3f4 <fn_8002DAE0+0x3f4>
 3e8:	7e 43 93 78 	mr      r3,r18
 3ec:	38 80 00 0b 	li      r4,11
 3f0:	48 00 00 01 	bl      3f0 <fn_8002DAE0+0x3f0>
			3f0: R_PPC_REL24	fn_801A7470
 3f4:	7f c4 f3 78 	mr      r4,r30
 3f8:	7f 85 e3 78 	mr      r5,r28
 3fc:	7e 46 93 78 	mr      r6,r18
 400:	38 60 00 dc 	li      r3,220
 404:	48 00 00 01 	bl      404 <fn_8002DAE0+0x404>
			404: R_PPC_REL24	fn_8020123C
 408:	38 00 ff ff 	li      r0,-1
 40c:	7c 80 00 39 	and.    r0,r4,r0
 410:	40 82 00 bc 	bne     4cc <fn_8002DAE0+0x4cc>
 414:	7f c4 f3 78 	mr      r4,r30
 418:	7f 85 e3 78 	mr      r5,r28
 41c:	7e 46 93 78 	mr      r6,r18
 420:	38 60 00 27 	li      r3,39
 424:	48 00 00 01 	bl      424 <fn_8002DAE0+0x424>
			424: R_PPC_REL24	fn_8020123C
 428:	28 1b 00 00 	cmplwi  r27,0
 42c:	41 82 00 a0 	beq     4cc <fn_8002DAE0+0x4cc>
 430:	7f 63 db 78 	mr      r3,r27
 434:	48 00 00 01 	bl      434 <fn_8002DAE0+0x434>
			434: R_PPC_REL24	fn_80201B64
 438:	2c 03 00 08 	cmpwi   r3,8
 43c:	41 82 00 90 	beq     4cc <fn_8002DAE0+0x4cc>
 440:	7f 63 db 78 	mr      r3,r27
 444:	48 00 00 01 	bl      444 <fn_8002DAE0+0x444>
			444: R_PPC_REL24	fn_80201B5C
 448:	2c 03 00 15 	cmpwi   r3,21
 44c:	41 82 00 80 	beq     4cc <fn_8002DAE0+0x4cc>
 450:	7f 63 db 78 	mr      r3,r27
 454:	48 00 00 01 	bl      454 <fn_8002DAE0+0x454>
			454: R_PPC_REL24	fn_80201BC8
 458:	7c 71 1b 79 	mr.     r17,r3
 45c:	41 82 00 70 	beq     4cc <fn_8002DAE0+0x4cc>
 460:	38 60 00 04 	li      r3,4
 464:	48 00 00 01 	bl      464 <fn_8002DAE0+0x464>
			464: R_PPC_REL24	fn_8006749C
 468:	7c 73 1b 78 	mr      r19,r3
 46c:	80 7f 00 b8 	lwz     r3,184(r31)
 470:	48 00 00 01 	bl      470 <fn_8002DAE0+0x470>
			470: R_PPC_REL24	fn_801CEB2C
 474:	7c 63 07 34 	extsh   r3,r3
 478:	3c 00 43 30 	lis     r0,17200
 47c:	7c 63 0e 70 	srawi   r3,r3,1
 480:	62 64 00 02 	ori     r4,r19,2
 484:	38 63 00 01 	addi    r3,r3,1
 488:	90 01 00 20 	stw     r0,32(r1)
 48c:	54 63 06 3e 	clrlwi  r3,r3,24
 490:	c8 60 00 00 	lfd     f3,0(0)
			490: R_PPC_EMB_SDA21	lbl_8064E038
 494:	38 03 ff fe 	addi    r0,r3,-2
 498:	c0 80 00 00 	lfs     f4,0(0)
			498: R_PPC_EMB_SDA21	lbl_8064E0AC
 49c:	6c 00 80 00 	xoris   r0,r0,32768
 4a0:	c0 00 00 00 	lfs     f0,0(0)
			4a0: R_PPC_EMB_SDA21	lbl_8064E0B0
 4a4:	90 01 00 24 	stw     r0,36(r1)
 4a8:	7e 23 8b 78 	mr      r3,r17
 4ac:	c0 20 00 00 	lfs     f1,0(0)
			4ac: R_PPC_EMB_SDA21	lbl_8064E064
 4b0:	54 86 04 3e 	clrlwi  r6,r4,16
 4b4:	c8 41 00 20 	lfd     f2,32(r1)
 4b8:	38 80 00 00 	li      r4,0
 4bc:	38 a0 00 64 	li      r5,100
 4c0:	ec 42 18 28 	fsubs   f2,f2,f3
 4c4:	ec 44 00 bc 	fnmsubs f2,f4,f2,f0
 4c8:	48 00 00 01 	bl      4c8 <fn_8002DAE0+0x4c8>
			4c8: R_PPC_REL24	fn_80120AD0
 4cc:	7e 43 93 78 	mr      r3,r18
 4d0:	48 00 00 01 	bl      4d0 <fn_8002DAE0+0x4d0>
			4d0: R_PPC_REL24	fn_801A7228
 4d4:	28 19 00 00 	cmplwi  r25,0
 4d8:	41 82 00 e4 	beq     5bc <fn_8002DAE0+0x5bc>
 4dc:	80 79 00 8c 	lwz     r3,140(r25)
 4e0:	28 03 00 00 	cmplwi  r3,0
 4e4:	41 82 00 d8 	beq     5bc <fn_8002DAE0+0x5bc>
 4e8:	38 00 01 2c 	li      r0,300
 4ec:	b0 03 01 50 	sth     r0,336(r3)
 4f0:	48 00 00 cc 	b       5bc <fn_8002DAE0+0x5bc>
 4f4:	a0 01 00 08 	lhz     r0,8(r1)
 4f8:	54 00 07 ff 	clrlwi. r0,r0,31
 4fc:	41 82 00 c0 	beq     5bc <fn_8002DAE0+0x5bc>
 500:	2c 12 00 00 	cmpwi   r18,0
 504:	40 82 00 b8 	bne     5bc <fn_8002DAE0+0x5bc>
 508:	2c 1c 00 00 	cmpwi   r28,0
 50c:	41 82 00 b0 	beq     5bc <fn_8002DAE0+0x5bc>
 510:	7c 16 e0 00 	cmpw    r22,r28
 514:	41 82 00 a8 	beq     5bc <fn_8002DAE0+0x5bc>
 518:	2c 17 00 00 	cmpwi   r23,0
 51c:	41 82 00 a0 	beq     5bc <fn_8002DAE0+0x5bc>
 520:	57 00 06 b5 	rlwinm. r0,r24,0,26,26
 524:	40 82 00 98 	bne     5bc <fn_8002DAE0+0x5bc>
 528:	48 00 00 01 	bl      528 <fn_8002DAE0+0x528>
			528: R_PPC_REL24	fn_801A717C
 52c:	38 80 00 0b 	li      r4,11
 530:	7c 71 1b 78 	mr      r17,r3
 534:	48 00 00 01 	bl      534 <fn_8002DAE0+0x534>
			534: R_PPC_REL24	fn_801A7470
 538:	7e 23 8b 78 	mr      r3,r17
 53c:	38 80 00 00 	li      r4,0
 540:	48 00 00 01 	bl      540 <fn_8002DAE0+0x540>
			540: R_PPC_REL24	fn_801A74A0
 544:	7e 23 8b 78 	mr      r3,r17
 548:	7f 84 e3 78 	mr      r4,r28
 54c:	48 00 00 01 	bl      54c <fn_8002DAE0+0x54c>
			54c: R_PPC_REL24	fn_801A74A8
 550:	7f c4 f3 78 	mr      r4,r30
 554:	7f 85 e3 78 	mr      r5,r28
 558:	7e 26 8b 78 	mr      r6,r17
 55c:	38 60 00 dc 	li      r3,220
 560:	48 00 00 01 	bl      560 <fn_8002DAE0+0x560>
			560: R_PPC_REL24	fn_8020123C
 564:	38 00 ff ff 	li      r0,-1
 568:	7c 80 00 39 	and.    r0,r4,r0
 56c:	40 82 00 18 	bne     584 <fn_8002DAE0+0x584>
 570:	7f c4 f3 78 	mr      r4,r30
 574:	7f 85 e3 78 	mr      r5,r28
 578:	7e 26 8b 78 	mr      r6,r17
 57c:	38 60 00 35 	li      r3,53
 580:	48 00 00 01 	bl      580 <fn_8002DAE0+0x580>
			580: R_PPC_REL24	fn_8020123C
 584:	7e 23 8b 78 	mr      r3,r17
 588:	48 00 00 01 	bl      588 <fn_8002DAE0+0x588>
			588: R_PPC_REL24	fn_801A7228
 58c:	28 19 00 00 	cmplwi  r25,0
 590:	41 82 00 2c 	beq     5bc <fn_8002DAE0+0x5bc>
 594:	80 79 00 8c 	lwz     r3,140(r25)
 598:	28 03 00 00 	cmplwi  r3,0
 59c:	41 82 00 20 	beq     5bc <fn_8002DAE0+0x5bc>
 5a0:	38 00 01 2c 	li      r0,300
 5a4:	b0 03 01 50 	sth     r0,336(r3)
 5a8:	80 79 00 0c 	lwz     r3,12(r25)
 5ac:	28 03 00 00 	cmplwi  r3,0
 5b0:	41 82 00 0c 	beq     5bc <fn_8002DAE0+0x5bc>
 5b4:	38 00 00 3c 	li      r0,60
 5b8:	b0 03 00 3e 	sth     r0,62(r3)
 5bc:	80 7f 00 bc 	lwz     r3,188(r31)
 5c0:	88 03 00 00 	lbz     r0,0(r3)
 5c4:	54 00 07 39 	rlwinm. r0,r0,0,28,28
 5c8:	40 82 01 14 	bne     6dc <fn_8002DAE0+0x6dc>
 5cc:	80 01 00 0c 	lwz     r0,12(r1)
 5d0:	a0 81 00 08 	lhz     r4,8(r1)
 5d4:	7c 74 01 d6 	mullw   r3,r20,r0
 5d8:	54 80 07 39 	rlwinm. r0,r4,0,28,28
 5dc:	7c 71 07 34 	extsh   r17,r3
 5e0:	41 82 00 20 	beq     600 <fn_8002DAE0+0x600>
 5e4:	3c 60 51 ec 	lis     r3,20972
 5e8:	38 03 85 1f 	addi    r0,r3,-31457
 5ec:	7c 00 88 96 	mulhw   r0,r0,r17
 5f0:	7c 00 2e 70 	srawi   r0,r0,5
 5f4:	54 03 0f fe 	srwi    r3,r0,31
 5f8:	7c 00 1a 14 	add     r0,r0,r3
 5fc:	7c 11 07 34 	extsh   r17,r0
 600:	a8 1f 00 00 	lha     r0,0(r31)
 604:	7e 23 07 34 	extsh   r3,r17
 608:	7c 03 00 00 	cmpw    r3,r0
 60c:	40 80 00 14 	bge     620 <fn_8002DAE0+0x620>
 610:	2c 1d 00 00 	cmpwi   r29,0
 614:	41 82 00 6c 	beq     680 <fn_8002DAE0+0x680>
 618:	54 80 07 ff 	clrlwi. r0,r4,31
 61c:	41 82 00 64 	beq     680 <fn_8002DAE0+0x680>
 620:	38 00 00 00 	li      r0,0
 624:	28 1b 00 00 	cmplwi  r27,0
 628:	b0 1f 00 00 	sth     r0,0(r31)
 62c:	41 82 00 3c 	beq     668 <fn_8002DAE0+0x668>
 630:	7f 63 db 78 	mr      r3,r27
 634:	48 00 00 01 	bl      634 <fn_8002DAE0+0x634>
			634: R_PPC_REL24	fn_80201B64
 638:	2c 03 00 08 	cmpwi   r3,8
 63c:	41 82 00 2c 	beq     668 <fn_8002DAE0+0x668>
 640:	7f 63 db 78 	mr      r3,r27
 644:	48 00 00 01 	bl      644 <fn_8002DAE0+0x644>
			644: R_PPC_REL24	fn_80201B5C
 648:	2c 03 00 15 	cmpwi   r3,21
 64c:	41 82 00 1c 	beq     668 <fn_8002DAE0+0x668>
 650:	7f c4 f3 78 	mr      r4,r30
 654:	7f c5 f3 78 	mr      r5,r30
 658:	38 c1 00 10 	addi    r6,r1,16
 65c:	38 60 00 c4 	li      r3,196
 660:	48 00 00 01 	bl      660 <fn_8002DAE0+0x660>
			660: R_PPC_REL24	fn_8020123C
 664:	48 00 00 78 	b       6dc <fn_8002DAE0+0x6dc>
 668:	7f c4 f3 78 	mr      r4,r30
 66c:	7f c5 f3 78 	mr      r5,r30
 670:	38 60 00 39 	li      r3,57
 674:	38 c0 00 00 	li      r6,0
 678:	48 00 00 01 	bl      678 <fn_8002DAE0+0x678>
			678: R_PPC_REL24	fn_8020123C
 67c:	48 00 00 60 	b       6dc <fn_8002DAE0+0x6dc>
 680:	80 7f 00 b8 	lwz     r3,184(r31)
 684:	48 00 00 01 	bl      684 <fn_8002DAE0+0x684>
			684: R_PPC_REL24	fn_801D9FE4
 688:	a8 1f 00 00 	lha     r0,0(r31)
 68c:	54 72 06 3e 	clrlwi  r18,r3,24
 690:	7c 11 00 50 	subf    r0,r17,r0
 694:	b0 1f 00 00 	sth     r0,0(r31)
 698:	80 7f 00 b8 	lwz     r3,184(r31)
 69c:	a8 9f 00 00 	lha     r4,0(r31)
 6a0:	48 00 00 01 	bl      6a0 <fn_8002DAE0+0x6a0>
			6a0: R_PPC_REL24	fn_801D9FE4
 6a4:	54 60 06 3e 	clrlwi  r0,r3,24
 6a8:	7c 00 90 00 	cmpw    r0,r18
 6ac:	41 81 00 18 	bgt     6c4 <fn_8002DAE0+0x6c4>
 6b0:	80 9f 00 c0 	lwz     r4,192(r31)
 6b4:	7c 00 90 50 	subf    r0,r0,r18
 6b8:	88 64 00 00 	lbz     r3,0(r4)
 6bc:	7c 03 02 14 	add     r0,r3,r0
 6c0:	98 04 00 00 	stb     r0,0(r4)
 6c4:	80 61 00 10 	lwz     r3,16(r1)
 6c8:	80 01 00 14 	lwz     r0,20(r1)
 6cc:	90 7f 00 c8 	stw     r3,200(r31)
 6d0:	90 1f 00 cc 	stw     r0,204(r31)
 6d4:	80 01 00 18 	lwz     r0,24(r1)
 6d8:	90 1f 00 d0 	stw     r0,208(r31)
 6dc:	28 1a 00 00 	cmplwi  r26,0
 6e0:	41 82 00 0c 	beq     6ec <fn_8002DAE0+0x6ec>
 6e4:	a0 01 00 0a 	lhz     r0,10(r1)
 6e8:	90 1a 00 00 	stw     r0,0(r26)
 6ec:	38 60 00 01 	li      r3,1
 6f0:	48 00 00 64 	b       754 <fn_8002DAE0+0x754>
 6f4:	2c 12 00 5c 	cmpwi   r18,92
 6f8:	40 82 00 58 	bne     750 <fn_8002DAE0+0x750>
 6fc:	80 7f 00 b4 	lwz     r3,180(r31)
 700:	38 80 00 00 	li      r4,0
 704:	48 00 00 01 	bl      704 <fn_8002DAE0+0x704>
			704: R_PPC_REL24	fn_801D16E4
 708:	38 60 00 01 	li      r3,1
 70c:	48 00 00 48 	b       754 <fn_8002DAE0+0x754>
 710:	2c 13 00 01 	cmpwi   r19,1
 714:	40 82 00 34 	bne     748 <fn_8002DAE0+0x748>
 718:	2c 12 00 01 	cmpwi   r18,1
 71c:	40 82 00 0c 	bne     728 <fn_8002DAE0+0x728>
 720:	38 60 00 01 	li      r3,1
 724:	48 00 00 30 	b       754 <fn_8002DAE0+0x754>
 728:	2c 12 00 03 	cmpwi   r18,3
 72c:	40 82 00 0c 	bne     738 <fn_8002DAE0+0x738>
 730:	38 60 00 01 	li      r3,1
 734:	48 00 00 20 	b       754 <fn_8002DAE0+0x754>
 738:	2c 12 00 02 	cmpwi   r18,2
 73c:	40 82 00 14 	bne     750 <fn_8002DAE0+0x750>
 740:	38 60 00 01 	li      r3,1
 744:	48 00 00 10 	b       754 <fn_8002DAE0+0x754>
 748:	38 60 00 00 	li      r3,0
 74c:	48 00 00 08 	b       754 <fn_8002DAE0+0x754>
 750:	38 60 00 00 	li      r3,0
 754:	ba 21 00 34 	lmw     r17,52(r1)
 758:	80 01 00 74 	lwz     r0,116(r1)
 75c:	7c 08 03 a6 	mtlr    r0
 760:	38 21 00 70 	addi    r1,r1,112
 764:	4e 80 00 20 	blr

EXIT_CODE=0
