$ build/binutils/powerpc-eabi-objdump -dr build/GEDE01/obj/dolphin/db/fn_80209B8C.o

build/GEDE01/obj/dolphin/db/fn_80209B8C.o:     file format elf32-powerpc


Disassembly of section .text:

00000000 <DBInit>:
   0:	3c 80 80 00 	lis     r4,-32768
   4:	38 04 00 40 	addi    r0,r4,64
   8:	3c 60 00 00 	lis     r3,0
			a: R_PPC_ADDR16_HA	__DBExceptionDestination
   c:	90 00 00 00 	stw     r0,0(0)
			c: R_PPC_EMB_SDA21	__DBInterface
  10:	38 63 00 00 	addi    r3,r3,0
			12: R_PPC_ADDR16_LO	__DBExceptionDestination
  14:	3c 03 80 00 	addis   r0,r3,-32768
  18:	90 04 00 48 	stw     r0,72(r4)
  1c:	38 00 00 01 	li      r0,1
  20:	90 00 00 00 	stw     r0,0(0)
			20: R_PPC_EMB_SDA21	DBVerbose
  24:	4e 80 00 20 	blr

exit_code=0
$ build/binutils/powerpc-eabi-objdump -dr build/GEDE01/src/dolphin/db/fn_80209B8C.o

build/GEDE01/src/dolphin/db/fn_80209B8C.o:     file format elf32-powerpc


Disassembly of section .text:

00000000 <DBInit>:
   0:	3c 80 80 00 	lis     r4,-32768
   4:	38 04 00 40 	addi    r0,r4,64
   8:	3c 60 00 00 	lis     r3,0
			a: R_PPC_ADDR16_HA	__DBExceptionDestination
   c:	90 00 00 00 	stw     r0,0(0)
			e: R_PPC_EMB_SDA21	__DBInterface
  10:	38 63 00 00 	addi    r3,r3,0
			12: R_PPC_ADDR16_LO	__DBExceptionDestination
  14:	3c 03 80 00 	addis   r0,r3,-32768
  18:	90 04 00 48 	stw     r0,72(r4)
  1c:	38 00 00 01 	li      r0,1
  20:	90 00 00 00 	stw     r0,0(0)
			22: R_PPC_EMB_SDA21	DBVerbose
  24:	4e 80 00 20 	blr

exit_code=0
