name | build exit | score | differing rows | object SHA-256
baseline | 0 | 97.49789 | 120 | b4f20975341fd1f93396159d66190808c1ba241b589fed43d6a7a33c4a69a100
register-is-type-8 | 0 | 97.49789 | 120 | b4f20975341fd1f93396159d66190808c1ba241b589fed43d6a7a33c4a69a100
register-target-state | 0 | 97.49789 | 120 | b4f20975341fd1f93396159d66190808c1ba241b589fed43d6a7a33c4a69a100
register-both | 0 | 97.49789 | 120 | b4f20975341fd1f93396159d66190808c1ba241b589fed43d6a7a33c4a69a100
mask-reassign-after-rank | 0 | 97.49789 | 120 | b4f20975341fd1f93396159d66190808c1ba241b589fed43d6a7a33c4a69a100
mask-reassign-before-rank | 2 | not measured | not measured | not produced
unsigned-is-type-8 | 0 | 97.38186 | 120 | ed4514117b00d10ce05132b1a23fbb2317675e35db40ec0c0bd231bc4cb439cc
unsigned-final-flags-test | 0 | 96.66456 | 123 | 201320c4af8264335c8091a1da560c89f4affd05447ada5854d4cba0cdef990f
reversed-delta-compare | 0 | 97.49789 | 120 | 09ad8bd267cc3184118b3f3e63f612d76b18a7fdf45fae2311dfbfa86fff0ffc
nested-guards-1 | 0 | 97.49789 | 120 | b4f20975341fd1f93396159d66190808c1ba241b589fed43d6a7a33c4a69a100
nested-guards-2 | 0 | 97.49789 | 120 | b4f20975341fd1f93396159d66190808c1ba241b589fed43d6a7a33c4a69a100
nested-guards-3 | 0 | 97.49789 | 120 | b4f20975341fd1f93396159d66190808c1ba241b589fed43d6a7a33c4a69a100
nested-guards-4 | 0 | 97.49789 | 120 | b4f20975341fd1f93396159d66190808c1ba241b589fed43d6a7a33c4a69a100
nested-guards-5 | 0 | 97.49789 | 120 | b4f20975341fd1f93396159d66190808c1ba241b589fed43d6a7a33c4a69a100
nested-guards-6 | 0 | 97.49789 | 120 | b4f20975341fd1f93396159d66190808c1ba241b589fed43d6a7a33c4a69a100
nested-guards-7 | 0 | 97.49789 | 120 | b4f20975341fd1f93396159d66190808c1ba241b589fed43d6a7a33c4a69a100
byte-is-type-8 | 0 | 97.223625 | 122 | 290b8000cc8d368c1e4ebb36244949130be655f0a3d75f171f829075bb0a2598
branch-is-type-8 | 1 | not measured | not measured | not produced
branch-set-is-type-8 | 1 | not measured | not measured | not produced
unsigned-mask | 0 | 97.49789 | 120 | b4f20975341fd1f93396159d66190808c1ba241b589fed43d6a7a33c4a69a100
mask-before-rank-fixed | 0 | 95.3692 | 125 | e6e063428d057820fe25d58830ca780d0ba43f46632e73fe38593002013e0d60
rank-int | 0 | 98.73418 | 113 | b6410c77eef54121791f9b90068a89542f71c804b64fc64c838209d9704a2417
rank-conversion-inline | 0 | 98.73418 | 113 | b6410c77eef54121791f9b90068a89542f71c804b64fc64c838209d9704a2417
level-int-masked | 0 | 97.49789 | 120 | b4f20975341fd1f93396159d66190808c1ba241b589fed43d6a7a33c4a69a100
float-before-mask | 0 | 97.49789 | 120 | b4f20975341fd1f93396159d66190808c1ba241b589fed43d6a7a33c4a69a100
early-init-is8-entry | 0 | 98.341774 | 112 | ecee3d8c0e750cf25f4bd17536a8cb86f67fd4398a3b9afea1c2a5a47122bc57
early-init-is8-before-state | 0 | 98.341774 | 112 | ef637975e3a1ca814f53940a6ce6669592194def965bd671bba91eb890966376
early-init-is8-before-object | 0 | 98.32068 | 114 | 26c4298be693fd27e380fd9135269052f5e422d0fae36fc58e957980ddc42597
early-init-is8-before-phase | 0 | 98.32068 | 114 | 4c447d8e836d99f04c7017a4ba1d1b04b2ab3c748d36bc2c2562d8daeab40d76
early-init-is8-can-chain | 0 | 97.93249 | 113 | 9d56d936feace75e96ee9a8b39359bedda8b80156437cecf3eb751d649cf0181
rank-int-level-int | 0 | 98.73418 | 113 | b6410c77eef54121791f9b90068a89542f71c804b64fc64c838209d9704a2417
rank-int-level-uint | 0 | 98.73418 | 113 | b6410c77eef54121791f9b90068a89542f71c804b64fc64c838209d9704a2417
rank-int-level-short | 0 | 98.73418 | 113 | b6410c77eef54121791f9b90068a89542f71c804b64fc64c838209d9704a2417
rank-int-level-ushort | 0 | 98.73418 | 113 | b6410c77eef54121791f9b90068a89542f71c804b64fc64c838209d9704a2417
rank-int-mask-int16 | 0 | 98.61814 | 113 | ff17e95edb57e43c6305ba269bb77c68622d1253abcb616f9821ed4c1b36960d
rank-int-mask-temporary | 0 | 98.73418 | 113 | b6410c77eef54121791f9b90068a89542f71c804b64fc64c838209d9704a2417
rank-int-reverse-delta | 0 | 98.73418 | 113 | 26207b67766cc435b8f0cd81886195fdd1ee633174d926fe8a051ed976f7737d
rank-int-reuse-rank | 1 | not measured | not measured | not produced
rank-int-delta-int | 0 | 98.11182 | 115 | 46bff5ab18066a903622461f14a6e9f6e0d11f2cab49ad53b5467a38a4f4d418
reuse-item-bits-mask | 1 | not measured | not measured | not produced
amount-int | 0 | 98.43882 | 121 | 9c7c974820ec4c17b325a11fdbb6231b46ac1dc15639c6662810160673b5d392
can-chain-uint | 0 | 98.61814 | 113 | a06f3bf232f519e1599b4eabb0521956e1fa8e2decc6ec43627a34d50f7c57ab
item-bits-uint | 0 | 98.73418 | 113 | b6410c77eef54121791f9b90068a89542f71c804b64fc64c838209d9704a2417
item-id-uint | 1 | not measured | not measured | not produced
object-id-uint | 0 | 98.73418 | 113 | b6410c77eef54121791f9b90068a89542f71c804b64fc64c838209d9704a2417
phase-id-uint | 0 | 98.48101 | 115 | 5b7f5b2797eb05b3decc78d35f9d2a2af85787b39460a060b56a2232cb51b653
event-id-uint | 0 | 97.46835 | 123 | cc1cd20a4b6b901b7711d7c92c1e02388a3703d9cfdb526edb4ef940412892a5
promoted-amount-cast-at-use | 0 | 98.417725 | 122 | aa3bdc16c1ef27313ee0ada25ee37876a75f6185c91b6aca46dbe881ce47cf6c
declare-then-init-rank | 0 | 98.73418 | 113 | b6410c77eef54121791f9b90068a89542f71c804b64fc64c838209d9704a2417
uint-mask-and-level | 0 | 98.73418 | 113 | b6410c77eef54121791f9b90068a89542f71c804b64fc64c838209d9704a2417
unsigned-is24 | 0 | 98.48101 | 115 | 8d57530a3c18d832cd778961d90f9ccd03e21c83effb5736ea45a604a05ba33b
amount-u16-signed-uses | 0 | 97.974686 | 124 | 8722addc717dfc7299a5c7ab1ba2558b3d54171c6dcd8407ff226657a9bac2ba
delta-u16-signed-uses | 1 | not measured | not measured | not produced
parameter-alias-removal-1-0 | 0 | 98.73418 | 113 | b6410c77eef54121791f9b90068a89542f71c804b64fc64c838209d9704a2417
parameter-alias-removal-0-1 | 0 | 98.73418 | 113 | b6410c77eef54121791f9b90068a89542f71c804b64fc64c838209d9704a2417
parameter-alias-removal-1-1 | 0 | 98.73418 | 113 | b6410c77eef54121791f9b90068a89542f71c804b64fc64c838209d9704a2417
swap-parameter-aliases | 0 | 98.73418 | 113 | b6410c77eef54121791f9b90068a89542f71c804b64fc64c838209d9704a2417
rank-explicit-sign-extension | 0 | 98.73418 | 113 | 51442c15972fda9029c3eddef9c7ad63e31629bab8901edad30bab4655574a99
equality-rhs-is8 | 0 | 98.73418 | 113 | b6410c77eef54121791f9b90068a89542f71c804b64fc64c838209d9704a2417
equality-rhs-is24 | 0 | 98.73418 | 113 | b6410c77eef54121791f9b90068a89542f71c804b64fc64c838209d9704a2417
bool-negation-is8 | 0 | 97.88818 | 121 | a2cd8bd76432b502e409cdef012de5dfa8f9f28d6fb8e3ae0ec8b9e45a53296d
bool-negation-is24 | 0 | 97.521095 | 121 | 0b62bd5b0fbaea3c356f410ec36a38f9a90ad6305c2319df225088eae81aa976
mode-unsigned-compare-signed | 1 | not measured | not measured | not produced
flags-explicit-nonzero | 0 | 98.73418 | 113 | b6410c77eef54121791f9b90068a89542f71c804b64fc64c838209d9704a2417
