target 524 bytes  base 520 bytes  match 98.01527
  0x0000  mflr r0                                              | mflr r0
  0x0004  lis r9, Si_802FCA20@ha [None+0 t6]                   | lis r9, Si_802FCA20@ha [None+0 t6]
  0x0008  stw r0, 0x4(r1)                                      | stw r0, 0x4(r1)
  0x000c  stwu r1, -0x48(r1)                                   | stwu r1, -0x48(r1)
  0x0010  stmw r25, 0x2c(r1)                                   | stmw r25, 0x2c(r1)
* 0x0014  addi r26, r3, 0x0                                    | addi r25, r3, 0x0
* 0x0018  addi r27, r4, 0x0                                    | addi r26, r4, 0x0
* 0x001c  addi r28, r5, 0x0                                    | addi r27, r5, 0x0
* 0x0020  addi r29, r6, 0x0                                    | addi r28, r6, 0x0
* 0x0024  addi r30, r7, 0x0                                    | addi r29, r7, 0x0
* 0x0028  addi r31, r8, 0x0                                    | addi r30, r8, 0x0
* 0x002c  addi r25, r9, Si_802FCA20@l [None+0 t4]              | addi r31, r9, Si_802FCA20@l [None+0 t4]
  0x0030  bl OSDisableInterrupts [None+0 t10]                  | bl OSDisableInterrupts [None+0 t10]
* 0x0034  lwz r0, 0x0(r25) [None+0 tNone]                      | lwz r0, 0x0(r31) [None+0 tNone]
  0x0038  cmpwi r0, -0x1                                       | cmpwi r0, -0x1
  0x003c  beq 0x4c                                             | beq 0x4c
  0x0040  bl OSRestoreInterrupts [None+0 t10]                  | bl OSRestoreInterrupts [None+0 t10]
  0x0044  li r3, 0x0                                           | li r3, 0x0
  0x0048  b 0x1f8                                              | b 0x1f4
  0x004c  lis r6, 0xcc00                                       | lis r6, 0xcc00
* 0x0050  slwi r0, r26, 3                                      | slwi r0, r25, 3
* 0x0054  lwz r7, 0x6438(r6)                                   | lwz r5, 0x6438(r6)
  0x0058  lis r4, 0xf00                                        | lis r4, 0xf00
  0x005c  sraw r0, r4, r0                                      | sraw r0, r4, r0
* 0x0060  and r7, r7, r0                                       | and r0, r5, r0
* 0x0064  stw r7, 0x6438(r6)                                   | stw r0, 0x6438(r6)
* 0x0068  addi r0, r28, 0x3                                    | addi r0, r27, 0x3
  0x006c  srwi r4, r0, 2                                       | srwi r4, r0, 2
* 0x0070  stw r26, 0x0(r25) [None+0 tNone]                     | stw r25, 0x0(r31) [None+0 tNone]
  0x0074  cmplwi r4, 0x0                                       | cmplwi r4, 0x0
  0x0078  li r5, 0x0                                           | li r5, 0x0
* 0x007c  stw r31, 0x10(r25) [None+0 tNone]                    | stw r30, 0x10(r31) [None+0 tNone]
* 0x0080  stw r30, 0x8(r25) [None+0 tNone]                     | stw r29, 0x8(r31) [None+0 tNone]
* 0x0084  stw r29, 0xc(r25) [None+0 tNone]                     | stw r28, 0xc(r31) [None+0 tNone]
  0x0088  ble 0x12c                                            | ble 0x12c
  0x008c  cmplwi r4, 0x8                                       | cmplwi r4, 0x8
  0x0090  subi r7, r4, 0x8                                     | subi r7, r4, 0x8
  0x0094  ble 0x1e0                                            | ble 0x1dc
  0x0098  addi r0, r7, 0x7                                     | addi r0, r7, 0x7
  0x009c  srwi r0, r0, 3                                       | srwi r0, r0, 3
  0x00a0  cmplwi r7, 0x0                                       | cmplwi r7, 0x0
  0x00a4  mtctr r0                                             | mtctr r0
* 0x00a8  addi r7, r27, 0x0                                    | addi r7, r26, 0x0
  0x00ac  addi r6, r6, 0x6400                                  | addi r6, r6, 0x6400
  0x00b0  ble 0x1e0                                            | ble 0x1dc
  0x00b4  lwz r0, 0x0(r7)                                      | lwz r0, 0x0(r7)
  0x00b8  addi r5, r5, 0x8                                     | addi r5, r5, 0x8
  0x00bc  stw r0, 0x80(r6)                                     | stw r0, 0x80(r6)
  0x00c0  lwz r0, 0x4(r7)                                      | lwz r0, 0x4(r7)
  0x00c4  stw r0, 0x84(r6)                                     | stw r0, 0x84(r6)
  0x00c8  lwz r0, 0x8(r7)                                      | lwz r0, 0x8(r7)
  0x00cc  stw r0, 0x88(r6)                                     | stw r0, 0x88(r6)
  0x00d0  lwz r0, 0xc(r7)                                      | lwz r0, 0xc(r7)
  0x00d4  stw r0, 0x8c(r6)                                     | stw r0, 0x8c(r6)
  0x00d8  lwz r0, 0x10(r7)                                     | lwz r0, 0x10(r7)
  0x00dc  stw r0, 0x90(r6)                                     | stw r0, 0x90(r6)
  0x00e0  lwz r0, 0x14(r7)                                     | lwz r0, 0x14(r7)
  0x00e4  stw r0, 0x94(r6)                                     | stw r0, 0x94(r6)
  0x00e8  lwz r0, 0x18(r7)                                     | lwz r0, 0x18(r7)
  0x00ec  stw r0, 0x98(r6)                                     | stw r0, 0x98(r6)
  0x00f0  lwz r0, 0x1c(r7)                                     | lwz r0, 0x1c(r7)
  0x00f4  addi r7, r7, 0x20                                    | addi r7, r7, 0x20
  0x00f8  stw r0, 0x9c(r6)                                     | stw r0, 0x9c(r6)
  0x00fc  addi r6, r6, 0x20                                    | addi r6, r6, 0x20
  0x0100  bdnz 0xb4                                            | bdnz 0xb4
  0x0104  b 0x1e0                                              | b 0x1dc
  0x0108  subf r0, r5, r4                                      | subf r0, r5, r4
  0x010c  cmplw r5, r4                                         | cmplw r5, r4
  0x0110  mtctr r0                                             | mtctr r0
  0x0114  bge 0x12c                                            | bge 0x12c
  0x0118  lwz r0, 0x0(r6)                                      | lwz r0, 0x0(r6)
  0x011c  addi r6, r6, 0x4                                     | addi r6, r6, 0x4
  0x0120  stw r0, 0x80(r7)                                     | stw r0, 0x80(r7)
  0x0124  addi r7, r7, 0x4                                     | addi r7, r7, 0x4
  0x0128  bdnz 0x118                                           | bdnz 0x118
  0x012c  lis r4, 0xcc00                                       | lis r4, 0xcc00
  0x0130  addi r6, r4, 0x6400                                  | addi r6, r4, 0x6400
  0x0134  lwzu r0, 0x34(r6)                                    | lwzu r0, 0x34(r6)
  0x0138  li r4, 0x1                                           | li r4, 0x1
  0x013c  stw r0, 0x24(r1)                                     | stw r0, 0x24(r1)
* 0x0140  cmplwi r31, 0x0                                      | cmplwi r30, 0x0
  0x0144  lbz r0, 0x24(r1)                                     | lbz r0, 0x24(r1)
  0x0148  rlwimi r0, r4, 7, 24, 24                             | rlwimi r0, r4, 7, 24, 24
  0x014c  stb r0, 0x24(r1)                                     | stb r0, 0x24(r1)
* 0x0150  beq 0x158                                            | bne 0x158
* 0x0154  b 0x15c                                              | 
  0x0158  li r4, 0x0                                           | li r4, 0x0
  0x015c  lbz r0, 0x24(r1)                                     | lbz r0, 0x24(r1)
  0x0160  rlwimi r0, r4, 6, 25, 25                             | rlwimi r0, r4, 6, 25, 25
* 0x0164  cmplwi r28, 0x80                                     | cmplwi r27, 0x80
  0x0168  stb r0, 0x24(r1)                                     | stb r0, 0x24(r1)
  0x016c  bne 0x178                                            | bne 0x174
  0x0170  li r0, 0x0                                           | li r0, 0x0
  0x0174  b 0x17c                                              | b 0x178
* 0x0178  mr r0, r28                                           | mr r0, r27
  0x017c  clrlwi r4, r0, 24                                    | clrlwi r4, r0, 24
  0x0180  lbz r0, 0x25(r1)                                     | lbz r0, 0x25(r1)
  0x0184  rlwimi r0, r4, 0, 25, 31                             | rlwimi r0, r4, 0, 25, 31
* 0x0188  cmplwi r30, 0x80                                     | cmplwi r29, 0x80
  0x018c  stb r0, 0x25(r1)                                     | stb r0, 0x25(r1)
  0x0190  bne 0x19c                                            | bne 0x198
  0x0194  li r0, 0x0                                           | li r0, 0x0
  0x0198  b 0x1a0                                              | b 0x19c
* 0x019c  mr r0, r30                                           | mr r0, r29
  0x01a0  clrlwi r4, r0, 24                                    | clrlwi r4, r0, 24
  0x01a4  lbz r0, 0x26(r1)                                     | lbz r0, 0x26(r1)
  0x01a8  rlwimi r0, r4, 0, 25, 31                             | rlwimi r0, r4, 0, 25, 31
  0x01ac  stb r0, 0x26(r1)                                     | stb r0, 0x26(r1)
  0x01b0  li r4, 0x1                                           | li r4, 0x1
  0x01b4  lbz r0, 0x27(r1)                                     | lbz r0, 0x27(r1)
* 0x01b8  rlwimi r0, r26, 1, 29, 30                            | rlwimi r0, r25, 1, 29, 30
  0x01bc  stb r0, 0x27(r1)                                     | stb r0, 0x27(r1)
  0x01c0  lbz r0, 0x27(r1)                                     | lbz r0, 0x27(r1)
  0x01c4  rlwimi r0, r4, 0, 31, 31                             | rlwimi r0, r4, 0, 31, 31
  0x01c8  stb r0, 0x27(r1)                                     | stb r0, 0x27(r1)
  0x01cc  lwz r0, 0x24(r1)                                     | lwz r0, 0x24(r1)
  0x01d0  stw r0, 0x0(r6)                                      | stw r0, 0x0(r6)
  0x01d4  bl OSRestoreInterrupts [None+0 t10]                  | bl OSRestoreInterrupts [None+0 t10]
  0x01d8  li r3, 0x1                                           | li r3, 0x1
  0x01dc  b 0x1f8                                              | b 0x1f4
  0x01e0  lis r6, 0xcc00                                       | lis r6, 0xcc00
  0x01e4  slwi r0, r5, 2                                       | slwi r0, r5, 2
  0x01e8  addi r7, r6, 0x6400                                  | addi r7, r6, 0x6400
* 0x01ec  add r6, r27, r0                                      | add r6, r26, r0
  0x01f0  add r7, r7, r0                                       | add r7, r7, r0
  0x01f4  b 0x108                                              | b 0x108
  0x01f8  lmw r25, 0x2c(r1)                                    | lmw r25, 0x2c(r1)
  0x01fc  lwz r0, 0x4c(r1)                                     | lwz r0, 0x4c(r1)
  0x0200  addi r1, r1, 0x48                                    | addi r1, r1, 0x48
  0x0204  mtlr r0                                              | mtlr r0
  0x0208  blr                                                  | blr
