 INFO Writing to /home/rabbit/src/darkfoundry-new/.darkfoundry/worktrees/81136289-d9d6-4a74-8320-2e4da3c1fe24/eternal-darkness-decomp/build/GEDE01/fndiff_fn_802071F8.json
target 268 bytes  base 268 bytes  match 100.0
  0x0000  mflr r0                                              | mflr r0
  0x0004  stw r0, 0x4(r1)                                      | stw r0, 0x4(r1)
  0x0008  stwu r1, -0x40(r1)                                   | stwu r1, -0x40(r1)
  0x000c  stmw r27, 0x2c(r1)                                   | stmw r27, 0x2c(r1)
  0x0010  addi r27, r3, 0x0                                    | addi r27, r3, 0x0
  0x0014  lis r3, Ecb_80640AA8@ha [None+0 t6]                  | lis r3, Ecb_80640AA8@ha [None+0 t6]
  0x0018  addi r0, r3, Ecb_80640AA8@l [None+0 t4]              | addi r0, r3, Ecb_80640AA8@l [None+0 t4]
  0x001c  slwi r5, r27, 6                                      | slwi r5, r27, 6
  0x0020  addi r28, r4, 0x0                                    | addi r28, r4, 0x0
  0x0024  addi r3, r27, 0x0                                    | addi r3, r27, 0x0
  0x0028  add r30, r0, r5 [None+0 tNone]                       | add r30, r0, r5 [None+0 tNone]
  0x002c  bl __EXIProbe_80206F50 [None+0 t10]                  | bl __EXIProbe_80206F50 [None+0 t10]
  0x0030  cmpwi r3, 0x0                                        | cmpwi r3, 0x0
  0x0034  beq 0x54                                             | beq 0x54
  0x0038  lwz r0, 0x20(r30) [None+0 tNone]                     | lwz r0, 0x20(r30) [None+0 tNone]
  0x003c  cmpwi r0, 0x0                                        | cmpwi r0, 0x0
  0x0040  bne 0x54                                             | bne 0x54
  0x0044  addi r3, r27, 0x0                                    | addi r3, r27, 0x0
  0x0048  addi r5, r1, 0x1c                                    | addi r5, r1, 0x1c
  0x004c  li r4, 0x0                                           | li r4, 0x0
  0x0050  bl fn_80207CC8 [None+0 t10]                          | bl fn_80207CC8 [None+0 t10]
  0x0054  bl OSDisableInterrupts [None+0 t10]                  | bl OSDisableInterrupts [None+0 t10]
  0x0058  lwz r0, 0x20(r30) [None+0 tNone]                     | lwz r0, 0x20(r30) [None+0 tNone]
  0x005c  addi r29, r3, 0x0                                    | addi r29, r3, 0x0
  0x0060  cmpwi r0, 0x0                                        | cmpwi r0, 0x0
  0x0064  bne 0x78                                             | bne 0x78
  0x0068  mr r3, r29                                           | mr r3, r29
  0x006c  bl OSRestoreInterrupts [None+0 t10]                  | bl OSRestoreInterrupts [None+0 t10]
  0x0070  li r3, 0x0                                           | li r3, 0x0
  0x0074  b 0xf8                                               | b 0xf8
  0x0078  bl OSDisableInterrupts [None+0 t10]                  | bl OSDisableInterrupts [None+0 t10]
  0x007c  lwz r0, 0xc(r30) [None+0 tNone]                      | lwz r0, 0xc(r30) [None+0 tNone]
  0x0080  addi r31, r3, 0x0                                    | addi r31, r3, 0x0
  0x0084  rlwinm. r0, r0, 0, 28, 28                            | rlwinm. r0, r0, 0, 28, 28
  0x0088  bne 0x9c                                             | bne 0x9c
  0x008c  mr r3, r27                                           | mr r3, r27
  0x0090  bl __EXIProbe_80206F50 [None+0 t10]                  | bl __EXIProbe_80206F50 [None+0 t10]
  0x0094  cmpwi r3, 0x0                                        | cmpwi r3, 0x0
  0x0098  bne 0xac                                             | bne 0xac
  0x009c  mr r3, r31                                           | mr r3, r31
  0x00a0  bl OSRestoreInterrupts [None+0 t10]                  | bl OSRestoreInterrupts [None+0 t10]
  0x00a4  li r31, 0x0                                          | li r31, 0x0
  0x00a8  b 0xec                                               | b 0xec
  0x00ac  addi r3, r27, 0x0                                    | addi r3, r27, 0x0
  0x00b0  li r4, 0x1                                           | li r4, 0x1
  0x00b4  li r5, 0x0                                           | li r5, 0x0
  0x00b8  li r6, 0x0                                           | li r6, 0x0
  0x00bc  bl fn_80206E8C [None+0 t10]                          | bl fn_80206E8C [None+0 t10]
  0x00c0  mulli r0, r27, 0x3                                   | mulli r0, r27, 0x3
  0x00c4  stw r28, 0x8(r30) [None+0 tNone]                     | stw r28, 0x8(r30) [None+0 tNone]
  0x00c8  lis r3, 0x10                                         | lis r3, 0x10
  0x00cc  srw r3, r3, r0                                       | srw r3, r3, r0
  0x00d0  bl __OSUnmaskInterrupts [None+0 t10]                 | bl __OSUnmaskInterrupts [None+0 t10]
  0x00d4  lwz r0, 0xc(r30) [None+0 tNone]                      | lwz r0, 0xc(r30) [None+0 tNone]
  0x00d8  addi r3, r31, 0x0                                    | addi r3, r31, 0x0
  0x00dc  ori r0, r0, 0x8                                      | ori r0, r0, 0x8
  0x00e0  stw r0, 0xc(r30) [None+0 tNone]                      | stw r0, 0xc(r30) [None+0 tNone]
  0x00e4  bl OSRestoreInterrupts [None+0 t10]                  | bl OSRestoreInterrupts [None+0 t10]
  0x00e8  li r31, 0x1                                          | li r31, 0x1
  0x00ec  mr r3, r29                                           | mr r3, r29
  0x00f0  bl OSRestoreInterrupts [None+0 t10]                  | bl OSRestoreInterrupts [None+0 t10]
  0x00f4  mr r3, r31                                           | mr r3, r31
  0x00f8  lmw r27, 0x2c(r1)                                    | lmw r27, 0x2c(r1)
  0x00fc  lwz r0, 0x44(r1)                                     | lwz r0, 0x44(r1)
  0x0100  addi r1, r1, 0x40                                    | addi r1, r1, 0x40
  0x0104  mtlr r0                                              | mtlr r0
  0x0108  blr                                                  | blr
