target 836 bytes  base 832 bytes  match 80.42105
  0x0000  mflr r0                                              | mflr r0
  0x0004  lis r5, 0xcc00                                       | lis r5, 0xcc00
  0x0008  stw r0, 0x4(r1)                                      | stw r0, 0x4(r1)
* 0x000c  lis r7, Packet_80640B68@ha [None+0 t6]               | 
* 0x0010  lis r6, Si_802FCA20@ha [None+0 t6]                   | 
  0x0014  stwu r1, -0x48(r1)                                   | stwu r1, -0x48(r1)
  0x0018  stmw r21, 0x1c(r1)                                   | stmw r21, 0x1c(r1)
* 0x001c  addi r30, r3, 0x0                                    | addi r21, r3, 0x0
* 0x0020  addi r31, r4, 0x0                                    | addi r22, r4, 0x0
* 0x0024                                                       | lwz r29, 0x6434(r5)
* 0x0028                                                       | lis r5, Packet_80640B68@ha [None+0 t6]
* 0x002c  addi r28, r7, Packet_80640B68@l [None+0 t4]          | addi r6, r5, Packet_80640B68@l [None+0 t4]
* 0x0030  addi r29, r6, Si_802FCA20@l [None+0 t4]              | 
* 0x0034  lwz r24, 0x6434(r5)                                  | 
* 0x0038  clrrwi r5, r24, 30                                   | clrrwi r5, r29, 30
  0x003c  addis r0, r5, 0x4000                                 | addis r0, r5, 0x4000
  0x0040  cmplwi r0, 0x0                                       | cmplwi r0, 0x0
* 0x0044                                                       | lis r5, Si_802FCA20@ha [None+0 t6]
* 0x0048                                                       | addi r23, r6, 0x0 [None+0 tNone]
* 0x004c                                                       | addi r31, r5, Si_802FCA20@l [None+0 t4]
  0x0050  bne 0x1c0                                            | bne 0x1cc
* 0x0054  lwz r23, 0x0(r29) [None+0 tNone]                     | lwz r28, 0x0(r31) [None+0 tNone]
  0x0058  bl fn_80208310 [None+0 t10]                          | bl fn_80208310 [None+0 t10]
* 0x005c  lwz r21, 0x10(r29) [None+0 tNone]                    | lwz r26, 0x10(r31) [None+0 tNone]
* 0x0060  li r27, 0x0                                          | li r0, 0x0
* 0x0064  addi r22, r3, 0x0                                    | addi r27, r3, 0x0
* 0x0068  stw r27, 0x10(r29) [None+0 tNone]                    | stw r0, 0x10(r31) [None+0 tNone]
* 0x006c  addi r26, r23, 0x0                                   | addi r24, r28, 0x0
* 0x0070  addi r26, r26, 0x1                                   | li r25, 0x0
* 0x0074                                                       | addi r0, r24, 0x1
* 0x0078  srawi r0, r26, 2                                     | srawi r24, r0, 2
* 0x007c  addze r0, r0                                         | addze r24, r24
* 0x0080  slwi r0, r0, 2                                       | slwi r24, r24, 2
* 0x0084  subfc r0, r0, r26                                    | subfc r24, r24, r0
* 0x0088  mr r26, r0                                           | 
* 0x008c  slwi r0, r0, 5                                       | slwi r0, r24, 5
* 0x0090  add r25, r28, r0 [None+0 tNone]                      | add r30, r23, r0 [None+0 tNone]
* 0x0094  lwz r0, 0x0(r25) [None+0 tNone]                      | lwz r0, 0x0(r30) [None+0 tNone]
  0x0098  cmpwi r0, -0x1                                       | cmpwi r0, -0x1
  0x009c  beq 0xf0                                             | beq 0xf4
  0x00a0  bl __OSGetSystemTime [None+0 t10]                    | bl __OSGetSystemTime [None+0 t10]
* 0x00a4  lwz r0, 0x18(r25) [None+0 tNone]                     | lwz r0, 0x18(r30) [None+0 tNone]
  0x00a8  xoris r5, r3, 0x8000                                 | xoris r5, r3, 0x8000
* 0x00ac  lwz r6, 0x1c(r25) [None+0 tNone]                     | lwz r6, 0x1c(r30) [None+0 tNone]
  0x00b0  xoris r3, r0, 0x8000                                 | xoris r3, r0, 0x8000
  0x00b4  subfc r0, r6, r4                                     | subfc r0, r6, r4
  0x00b8  subfe r3, r3, r5                                     | subfe r3, r3, r5
  0x00bc  subfe r3, r5, r5                                     | subfe r3, r5, r5
  0x00c0  neg. r3, r3                                          | neg. r3, r3
  0x00c4  bne 0xf0                                             | bne 0xf4
* 0x00c8  lwz r3, 0x0(r25) [None+0 tNone]                      | lwz r3, 0x0(r30) [None+0 tNone]
* 0x00cc  lwz r4, 0x4(r25) [None+0 tNone]                      | lwz r4, 0x4(r30) [None+0 tNone]
* 0x00d0  lwz r5, 0x8(r25) [None+0 tNone]                      | lwz r5, 0x8(r30) [None+0 tNone]
* 0x00d4  lwz r6, 0xc(r25) [None+0 tNone]                      | lwz r6, 0xc(r30) [None+0 tNone]
* 0x00d8  lwz r7, 0x10(r25) [None+0 tNone]                     | lwz r7, 0x10(r30) [None+0 tNone]
* 0x00dc  lwz r8, 0x14(r25) [None+0 tNone]                     | lwz r8, 0x14(r30) [None+0 tNone]
  0x00e0  bl fn_80208C4C [None+0 t10]                          | bl fn_80208C4C [None+0 t10]
  0x00e4  cmpwi r3, 0x0                                        | cmpwi r3, 0x0
  0x00e8  beq 0xfc                                             | beq 0x100
* 0x00ec  mulli r0, r26, 0x28                                  | mulli r3, r24, 0x28
* 0x00f0                                                       | addi r3, r3, 0x80
* 0x00f4  add r3, r28, r0 [None+0 tNone]                       | add r3, r23, r3 [None+0 tNone]
* 0x00f8  addi r3, r3, 0x80 [None+0 tNone]                     | 
  0x00fc  bl fn_8020A93C [None+0 t10]                          | bl fn_8020A93C [None+0 t10]
  0x0100  li r0, -0x1                                          | li r0, -0x1
* 0x0104  stw r0, 0x0(r25) [None+0 tNone]                      | stw r0, 0x0(r30) [None+0 tNone]
  0x0108  b 0xfc                                               | b 0x100
* 0x010c  addi r27, r27, 0x1                                   | addi r25, r25, 0x1
* 0x0110  cmpwi r27, 0x4                                       | cmpwi r25, 0x4
* 0x0114  blt 0x5c                                             | blt 0x64
* 0x0118  cmplwi r21, 0x0                                      | cmplwi r26, 0x0
  0x011c  beq 0x11c                                            | beq 0x120
* 0x0120  addi r12, r21, 0x0                                   | addi r12, r26, 0x0
  0x0124  mtlr r12                                             | mtlr r12
* 0x0128  addi r3, r23, 0x0                                    | addi r3, r28, 0x0
* 0x012c  addi r4, r22, 0x0                                    | addi r4, r27, 0x0
* 0x0130  addi r5, r31, 0x0                                    | addi r5, r22, 0x0
  0x0134  blrl                                                 | blrl
  0x0138  lis r3, 0xcc00                                       | lis r3, 0xcc00
* 0x013c  addi r4, r3, 0x6400                                  | addi r5, r3, 0x6400
* 0x0140                                                       | slwi r0, r28, 3
* 0x0144  lwz r5, 0x6438(r3)                                   | lwz r4, 0x6438(r3)
* 0x0148  slwi r0, r23, 3                                      | 
  0x014c  lis r3, 0xf00                                        | lis r3, 0xf00
  0x0150  sraw r0, r3, r0                                      | sraw r0, r3, r0
* 0x0154  and r5, r5, r0                                       | and r0, r4, r0
* 0x0158  slwi r0, r23, 2                                      | 
* 0x015c  stw r5, 0x38(r4)                                     | stw r0, 0x38(r5)
* 0x0160  add r6, r29, r0 [None+0 tNone]                       | 
* 0x0164  lwzu r0, 0x14(r6) [None+0 tNone]                     | 
* 0x0168  cmplwi r0, 0x80                                      | 
* 0x016c  bne 0x1c0                                            | 
* 0x0170  slwi r0, r23, 5                                      | slwi r0, r28, 5
* 0x0174                                                       | li r4, 0x1
* 0x0178  lwzx r0, r28, r0 [None+0 tNone]                      | lwzx r0, r23, r0 [None+0 tNone]
* 0x017c  li r3, 0x1                                           | 
  0x0180  cmpwi r0, -0x1                                       | cmpwi r0, -0x1
  0x0184  bne 0x174                                            | bne 0x164
* 0x0188  lwz r0, 0x0(r29) [None+0 tNone]                      | lwz r0, 0x0(r31) [None+0 tNone]
* 0x018c  cmpw r0, r23                                         | cmpw r0, r28
  0x0190  beq 0x174                                            | beq 0x164
* 0x0194  li r3, 0x0                                           | li r4, 0x0
* 0x0198                                                       | slwi r5, r28, 2
* 0x019c                                                       | add r3, r31, r5 [None+0 tNone]
* 0x01a0                                                       | lwz r0, 0x14(r3) [None+0 tNone]
* 0x01a4                                                       | cmplwi r0, 0x80
* 0x01a8                                                       | bne 0x1cc
* 0x01ac  cmpwi r3, 0x0                                        | cmpwi r4, 0x0
  0x01b0  bne 0x1c0                                            | bne 0x1cc
  0x01b4  lis r3, 0x8000                                       | lis r3, 0x8000
  0x01b8  lwz r0, 0xf8(r3)                                     | lwz r0, 0xf8(r3)
* 0x01bc  lis r3, 0x431c                                       | addi r6, r5, 0x14
* 0x01c0  lis r4, GetTypeCallback_802093FC@ha [None+0 t6]      | lis r3, 0x431c
  0x01c4  srwi r0, r0, 2                                       | srwi r0, r0, 2
  0x01c8  subi r3, r3, 0x217d                                  | subi r3, r3, 0x217d
  0x01cc  mulhwu r0, r3, r0                                    | mulhwu r0, r3, r0
  0x01d0  srwi r0, r0, 15                                      | srwi r0, r0, 15
  0x01d4  mulli r0, r0, 0x41                                   | mulli r0, r0, 0x41
* 0x01d8                                                       | lis r4, GetTypeCallback_802093FC@ha [None+0 t6]
  0x01dc  addi r8, r4, GetTypeCallback_802093FC@l [None+0 t4]  | addi r8, r4, GetTypeCallback_802093FC@l [None+0 t4]
  0x01e0  srwi r10, r0, 3                                      | srwi r10, r0, 3
* 0x01e4  addi r3, r23, 0x0                                    | addi r3, r28, 0x0
* 0x01e8                                                       | add r6, r31, r6 [None+0 tNone]
  0x01ec  li r4, lbl_8064D8D0@sda21 [None+0 t109]              | li r4, lbl_8064D8D0@sda21 [None+0 t109]
  0x01f0  li r5, 0x1                                           | li r5, 0x1
  0x01f4  li r7, 0x3                                           | li r7, 0x3
  0x01f8  li r9, 0x0                                           | li r9, 0x0
  0x01fc  bl SITransfer [None+0 t10]                           | bl SITransfer [None+0 t10]
* 0x0200  rlwinm r3, r24, 0, 3, 4                              | rlwinm r3, r29, 0, 3, 4
  0x0204  subis r0, r3, 0x1800                                 | subis r0, r3, 0x1800
  0x0208  cmplwi r0, 0x0                                       | cmplwi r0, 0x0
  0x020c  bne 0x330                                            | bne 0x32c
  0x0210  bl fn_802181F4 [None+0 t10]                          | bl fn_802181F4 [None+0 t10]
* 0x0214  lwz r0, 0x4(r29) [None+0 tNone]                      | lwz r25, 0x4(r31) [None+0 tNone]
* 0x0218  addi r23, r28, 0x1e0 [None+0 tNone]                  | 
* 0x021c  addi r24, r29, 0x4 [None+0 tNone]                    | addi r24, r23, 0x0 [None+0 tNone]
* 0x0220  addi r22, r23, 0x0 [None+0 tNone]                    | addi r27, r3, 0x1
* 0x0224  addi r21, r3, 0x1                                    | 
* 0x0228  extrwi r26, r0, 10, 6                                | extrwi r28, r25, 10, 6
* 0x022c  li r25, 0x0                                          | li r26, 0x0
* 0x0230  mr r3, r25                                           | mr r3, r26
  0x0234  bl fn_8020906C [None+0 t10]                          | bl fn_8020906C [None+0 t10]
  0x0238  cmpwi r3, 0x0                                        | cmpwi r3, 0x0
  0x023c  beq 0x204                                            | beq 0x208
* 0x0240  stw r21, 0x0(r22) [None+0 tNone]                     | stw r27, 0x1e0(r24) [None+0 tNone]
* 0x0244  addi r25, r25, 0x1                                   | addi r26, r26, 0x1
* 0x0248  cmpwi r25, 0x4                                       | cmpwi r26, 0x4
* 0x024c  addi r22, r22, 0x4 [None+0 tNone]                    | addi r24, r24, 0x4 [None+0 tNone]
  0x0250  blt 0x1f0                                            | blt 0x1f4
* 0x0254  lwz r5, 0x0(r24) [None+0 tNone]                      | 
  0x0258  lis r3, 0x8000                                       | lis r3, 0x8000
  0x025c  li r0, 0x18                                          | li r0, 0x18
  0x0260  srw r0, r3, r0                                       | srw r0, r3, r0
* 0x0264  and. r0, r5, r0                                      | and. r0, r25, r0
* 0x0268  srwi r6, r26, 1                                      | srwi r5, r28, 1
  0x026c  beq 0x250                                            | beq 0x250
* 0x0270  lwz r0, 0x0(r23) [None+0 tNone]                      | lwz r0, 0x1e0(r23) [None+0 tNone]
  0x0274  cmplwi r0, 0x0                                       | cmplwi r0, 0x0
  0x0278  beq 0x330                                            | beq 0x32c
* 0x027c  lwz r0, 0x0(r23) [None+0 tNone]                      | lwz r0, 0x1e0(r23) [None+0 tNone]
* 0x0280  add r0, r6, r0                                       | add r0, r0, r5
* 0x0284  cmplw r0, r21                                        | cmplw r0, r27
  0x0288  bge 0x250                                            | bge 0x250
  0x028c  b 0x330                                              | b 0x32c
  0x0290  li r0, 0x19                                          | li r0, 0x19
  0x0294  srw r0, r3, r0                                       | srw r0, r3, r0
* 0x0298  and. r0, r5, r0                                      | and. r0, r25, r0
* 0x029c  addi r4, r23, 0x4 [None+0 tNone]                     | addi r4, r23, 0x4 [None+0 tNone]
  0x02a0  beq 0x284                                            | beq 0x284
* 0x02a4  lwz r0, 0x0(r4) [None+0 tNone]                       | lwz r0, 0x1e0(r4) [None+0 tNone]
  0x02a8  cmplwi r0, 0x0                                       | cmplwi r0, 0x0
  0x02ac  beq 0x330                                            | beq 0x32c
* 0x02b0  lwz r0, 0x0(r4) [None+0 tNone]                       | lwz r0, 0x1e0(r4) [None+0 tNone]
* 0x02b4  add r0, r6, r0                                       | add r0, r0, r5
* 0x02b8  cmplw r0, r21                                        | cmplw r0, r27
  0x02bc  bge 0x284                                            | bge 0x284
  0x02c0  b 0x330                                              | b 0x32c
  0x02c4  li r0, 0x1a                                          | li r0, 0x1a
  0x02c8  srw r0, r3, r0                                       | srw r0, r3, r0
* 0x02cc  and. r0, r5, r0                                      | and. r0, r25, r0
* 0x02d0  addi r4, r4, 0x4 [None+0 tNone]                      | addi r4, r4, 0x4 [None+0 tNone]
  0x02d4  beq 0x2b8                                            | beq 0x2b8
* 0x02d8  lwz r0, 0x0(r4) [None+0 tNone]                       | lwz r0, 0x1e0(r4) [None+0 tNone]
  0x02dc  cmplwi r0, 0x0                                       | cmplwi r0, 0x0
  0x02e0  beq 0x330                                            | beq 0x32c
* 0x02e4  lwz r0, 0x0(r4) [None+0 tNone]                       | lwz r0, 0x1e0(r4) [None+0 tNone]
* 0x02e8  add r0, r6, r0                                       | add r0, r0, r5
* 0x02ec  cmplw r0, r21                                        | cmplw r0, r27
  0x02f0  bge 0x2b8                                            | bge 0x2b8
  0x02f4  b 0x330                                              | b 0x32c
  0x02f8  li r0, 0x1b                                          | li r0, 0x1b
  0x02fc  srw r0, r3, r0                                       | srw r0, r3, r0
* 0x0300  and. r0, r5, r0                                      | and. r0, r25, r0
* 0x0304  addi r4, r4, 0x4 [None+0 tNone]                      | addi r4, r4, 0x4 [None+0 tNone]
  0x0308  beq 0x2ec                                            | beq 0x2ec
* 0x030c  lwz r0, 0x0(r4) [None+0 tNone]                       | lwz r0, 0x1e0(r4) [None+0 tNone]
  0x0310  cmplwi r0, 0x0                                       | cmplwi r0, 0x0
  0x0314  beq 0x330                                            | beq 0x32c
* 0x0318  lwz r0, 0x0(r4) [None+0 tNone]                       | lwz r0, 0x1e0(r4) [None+0 tNone]
* 0x031c  add r0, r6, r0                                       | add r0, r0, r5
* 0x0320  cmplw r0, r21                                        | cmplw r0, r27
  0x0324  bge 0x2ec                                            | bge 0x2ec
  0x0328  b 0x330                                              | b 0x32c
* 0x032c  li r22, 0x0                                          | li r24, 0x0
* 0x0330  stw r22, 0x0(r23) [None+0 tNone]                     | stw r24, 0x1e0(r23) [None+0 tNone]
* 0x0334  addi r21, r28, 0x1a0 [None+0 tNone]                  | 
* 0x0338  stw r22, 0x1e4(r28) [None+0 tNone]                   | stw r24, 0x1e4(r23) [None+0 tNone]
* 0x033c  stw r22, 0x1e8(r28) [None+0 tNone]                   | stw r24, 0x1e8(r23) [None+0 tNone]
* 0x0340  stw r22, 0x1ec(r28) [None+0 tNone]                   | stw r24, 0x1ec(r23) [None+0 tNone]
* 0x0344  lwz r12, 0x0(r21) [None+0 tNone]                     | lwz r12, 0x1a0(r23) [None+0 tNone]
  0x0348  cmplwi r12, 0x0                                      | cmplwi r12, 0x0
  0x034c  beq 0x320                                            | beq 0x31c
  0x0350  mtlr r12                                             | mtlr r12
* 0x0354  addi r3, r30, 0x0                                    | addi r3, r21, 0x0
* 0x0358  addi r4, r31, 0x0                                    | addi r4, r22, 0x0
  0x035c  blrl                                                 | blrl
* 0x0360  addi r22, r22, 0x1                                   | addi r24, r24, 0x1
* 0x0364  cmpwi r22, 0x4                                       | cmpwi r24, 0x4
* 0x0368  addi r21, r21, 0x4 [None+0 tNone]                    | addi r23, r23, 0x4 [None+0 tNone]
  0x036c  blt 0x304                                            | blt 0x300
  0x0370  lmw r21, 0x1c(r1)                                    | lmw r21, 0x1c(r1)
  0x0374  lwz r0, 0x4c(r1)                                     | lwz r0, 0x4c(r1)
  0x0378  addi r1, r1, 0x48                                    | addi r1, r1, 0x48
  0x037c  mtlr r0                                              | mtlr r0
  0x0380  blr                                                  | blr
