 INFO Writing to /home/rabbit/src/darkfoundry-new/.darkfoundry/worktrees/81136289-d9d6-4a74-8320-2e4da3c1fe24/eternal-darkness-decomp/build/GEDE01/fndiff_fn_8020906C.json
target 212 bytes  base 212 bytes  match 100.0
  0x0000  mflr r0                                              | mflr r0
  0x0004  lis r4, Packet_80640B68@ha [None+0 t6]               | lis r4, Packet_80640B68@ha [None+0 t6]
  0x0008  stw r0, 0x4(r1)                                      | stw r0, 0x4(r1)
  0x000c  stwu r1, -0x28(r1)                                   | stwu r1, -0x28(r1)
  0x0010  stw r31, 0x24(r1)                                    | stw r31, 0x24(r1)
  0x0014  addi r31, r4, Packet_80640B68@l [None+0 t4]          | addi r31, r4, Packet_80640B68@l [None+0 t4]
  0x0018  stw r30, 0x20(r1)                                    | stw r30, 0x20(r1)
  0x001c  addi r30, r3, 0x0                                    | addi r30, r3, 0x0
  0x0020  stw r29, 0x1c(r1)                                    | stw r29, 0x1c(r1)
  0x0024  bl OSDisableInterrupts [None+0 t10]                  | bl OSDisableInterrupts [None+0 t10]
  0x0028  lis r4, 0xcc00                                       | lis r4, 0xcc00
  0x002c  subfic r0, r30, 0x3                                  | subfic r0, r30, 0x3
  0x0030  lwz r29, 0x6438(r4)                                  | lwz r29, 0x6438(r4)
  0x0034  slwi r0, r0, 3                                       | slwi r0, r0, 3
  0x0038  srw r29, r29, r0                                     | srw r29, r29, r0
  0x003c  rlwinm. r0, r29, 0, 28, 28                           | rlwinm. r0, r29, 0, 28, 28
  0x0040  beq 0x68                                             | beq 0x68
  0x0044  lis r4, Type_802FCA34@ha [None+0 t6]                 | lis r4, Type_802FCA34@ha [None+0 t6]
  0x0048  slwi r5, r30, 2                                      | slwi r5, r30, 2
  0x004c  addi r0, r4, Type_802FCA34@l [None+0 t4]             | addi r0, r4, Type_802FCA34@l [None+0 t4]
  0x0050  add r4, r0, r5 [None+0 tNone]                        | add r4, r0, r5 [None+0 tNone]
  0x0054  lwz r0, 0x0(r4) [None+0 tNone]                       | lwz r0, 0x0(r4) [None+0 tNone]
  0x0058  rlwinm. r0, r0, 0, 24, 24                            | rlwinm. r0, r0, 0, 24, 24
  0x005c  bne 0x68                                             | bne 0x68
  0x0060  li r0, 0x8                                           | li r0, 0x8
  0x0064  stw r0, 0x0(r4) [None+0 tNone]                       | stw r0, 0x0(r4) [None+0 tNone]
  0x0068  bl OSRestoreInterrupts [None+0 t10]                  | bl OSRestoreInterrupts [None+0 t10]
  0x006c  rlwinm. r0, r29, 0, 26, 26                           | rlwinm. r0, r29, 0, 26, 26
  0x0070  beq 0xb4                                             | beq 0xb4
  0x0074  mulli r4, r30, 0xc                                   | mulli r4, r30, 0xc
  0x0078  lis r3, 0xcc00                                       | lis r3, 0xcc00
  0x007c  addi r0, r3, 0x6400                                  | addi r0, r3, 0x6400
  0x0080  add r3, r0, r4                                       | add r3, r0, r4
  0x0084  slwi r4, r30, 3                                      | slwi r4, r30, 3
  0x0088  lwz r0, 0x4(r3)                                      | lwz r0, 0x4(r3)
  0x008c  add r6, r31, r4 [None+0 tNone]                       | add r6, r31, r4 [None+0 tNone]
  0x0090  stw r0, 0x1c0(r6) [None+0 tNone]                     | stw r0, 0x1c0(r6) [None+0 tNone]
  0x0094  slwi r0, r30, 2                                      | slwi r0, r30, 2
  0x0098  add r4, r31, r0 [None+0 tNone]                       | add r4, r31, r0 [None+0 tNone]
  0x009c  lwz r5, 0x8(r3)                                      | lwz r5, 0x8(r3)
  0x00a0  li r0, 0x1                                           | li r0, 0x1
  0x00a4  li r3, 0x1                                           | li r3, 0x1
  0x00a8  stw r5, 0x1c4(r6) [None+0 tNone]                     | stw r5, 0x1c4(r6) [None+0 tNone]
  0x00ac  stw r0, 0x1b0(r4) [None+0 tNone]                     | stw r0, 0x1b0(r4) [None+0 tNone]
  0x00b0  b 0xb8                                               | b 0xb8
  0x00b4  li r3, 0x0                                           | li r3, 0x0
  0x00b8  lwz r0, 0x2c(r1)                                     | lwz r0, 0x2c(r1)
  0x00bc  lwz r31, 0x24(r1)                                    | lwz r31, 0x24(r1)
  0x00c0  lwz r30, 0x20(r1)                                    | lwz r30, 0x20(r1)
  0x00c4  lwz r29, 0x1c(r1)                                    | lwz r29, 0x1c(r1)
  0x00c8  addi r1, r1, 0x28                                    | addi r1, r1, 0x28
  0x00cc  mtlr r0                                              | mtlr r0
  0x00d0  blr                                                  | blr
