 INFO Writing to /home/rabbit/src/darkfoundry-new/.darkfoundry/worktrees/81136289-d9d6-4a74-8320-2e4da3c1fe24/eternal-darkness-decomp/build/GEDE01/fndiff_EXIInit.json
target 276 bytes  base 276 bytes  match 100.0
  0x0000  mflr r0                                              | mflr r0
  0x0004  lis r3, 0x80                                         | lis r3, 0x80
  0x0008  stw r0, 0x4(r1)                                      | stw r0, 0x4(r1)
  0x000c  addi r3, r3, -0x8000                                 | addi r3, r3, -0x8000
  0x0010  stwu r1, -0x18(r1)                                   | stwu r1, -0x18(r1)
  0x0014  stw r31, 0x14(r1)                                    | stw r31, 0x14(r1)
  0x0018  stw r30, 0x10(r1)                                    | stw r30, 0x10(r1)
  0x001c  stw r29, 0xc(r1)                                     | stw r29, 0xc(r1)
  0x0020  stw r28, 0x8(r1)                                     | stw r28, 0x8(r1)
  0x0024  bl __OSMaskInterrupts [None+0 t10]                   | bl __OSMaskInterrupts [None+0 t10]
  0x0028  lis r5, 0xcc00                                       | lis r5, 0xcc00
  0x002c  li r31, 0x0                                          | li r31, 0x0
  0x0030  stw r31, 0x6800(r5)                                  | stw r31, 0x6800(r5)
  0x0034  li r0, 0x2000                                        | li r0, 0x2000
  0x0038  lis r3, EXIIntrruptHandler_802075FC@ha [None+0 t6]   | lis r3, EXIIntrruptHandler_802075FC@ha [None+0 t6]
  0x003c  stw r31, 0x6814(r5)                                  | stw r31, 0x6814(r5)
  0x0040  addi r28, r3, EXIIntrruptHandler_802075FC@l [None+0 t4] | addi r28, r3, EXIIntrruptHandler_802075FC@l [None+0 t4]
  0x0044  addi r4, r28, 0x0 [None+0 tNone]                     | addi r4, r28, 0x0 [None+0 tNone]
  0x0048  stw r31, 0x6828(r5)                                  | stw r31, 0x6828(r5)
  0x004c  li r3, 0x9                                           | li r3, 0x9
  0x0050  stw r0, 0x6800(r5)                                   | stw r0, 0x6800(r5)
  0x0054  bl __OSSetInterruptHandler [None+0 t10]              | bl __OSSetInterruptHandler [None+0 t10]
  0x0058  lis r3, TCIntrruptHandler_802076C4@ha [None+0 t6]    | lis r3, TCIntrruptHandler_802076C4@ha [None+0 t6]
  0x005c  addi r29, r3, TCIntrruptHandler_802076C4@l [None+0 t4] | addi r29, r3, TCIntrruptHandler_802076C4@l [None+0 t4]
  0x0060  addi r4, r29, 0x0 [None+0 tNone]                     | addi r4, r29, 0x0 [None+0 tNone]
  0x0064  li r3, 0xa                                           | li r3, 0xa
  0x0068  bl __OSSetInterruptHandler [None+0 t10]              | bl __OSSetInterruptHandler [None+0 t10]
  0x006c  lis r3, EXTIntrruptHandler_802078DC@ha [None+0 t6]   | lis r3, EXTIntrruptHandler_802078DC@ha [None+0 t6]
  0x0070  addi r30, r3, EXTIntrruptHandler_802078DC@l [None+0 t4] | addi r30, r3, EXTIntrruptHandler_802078DC@l [None+0 t4]
  0x0074  addi r4, r30, 0x0 [None+0 tNone]                     | addi r4, r30, 0x0 [None+0 tNone]
  0x0078  li r3, 0xb                                           | li r3, 0xb
  0x007c  bl __OSSetInterruptHandler [None+0 t10]              | bl __OSSetInterruptHandler [None+0 t10]
  0x0080  addi r4, r28, 0x0 [None+0 tNone]                     | addi r4, r28, 0x0 [None+0 tNone]
  0x0084  li r3, 0xc                                           | li r3, 0xc
  0x0088  bl __OSSetInterruptHandler [None+0 t10]              | bl __OSSetInterruptHandler [None+0 t10]
  0x008c  addi r4, r29, 0x0 [None+0 tNone]                     | addi r4, r29, 0x0 [None+0 tNone]
  0x0090  li r3, 0xd                                           | li r3, 0xd
  0x0094  bl __OSSetInterruptHandler [None+0 t10]              | bl __OSSetInterruptHandler [None+0 t10]
  0x0098  addi r4, r30, 0x0 [None+0 tNone]                     | addi r4, r30, 0x0 [None+0 tNone]
  0x009c  li r3, 0xe                                           | li r3, 0xe
  0x00a0  bl __OSSetInterruptHandler [None+0 t10]              | bl __OSSetInterruptHandler [None+0 t10]
  0x00a4  addi r4, r28, 0x0 [None+0 tNone]                     | addi r4, r28, 0x0 [None+0 tNone]
  0x00a8  li r3, 0xf                                           | li r3, 0xf
  0x00ac  bl __OSSetInterruptHandler [None+0 t10]              | bl __OSSetInterruptHandler [None+0 t10]
  0x00b0  addi r4, r29, 0x0 [None+0 tNone]                     | addi r4, r29, 0x0 [None+0 tNone]
  0x00b4  li r3, 0x10                                          | li r3, 0x10
  0x00b8  bl __OSSetInterruptHandler [None+0 t10]              | bl __OSSetInterruptHandler [None+0 t10]
  0x00bc  bl OSGetConsoleType [None+0 t10]                     | bl OSGetConsoleType [None+0 t10]
  0x00c0  rlwinm. r0, r3, 0, 3, 3                              | rlwinm. r0, r3, 0, 3, 3
  0x00c4  beq 0xf4                                             | beq 0xf4
  0x00c8  lis r5, 0x8000                                       | lis r5, 0x8000
  0x00cc  stw r31, 0x30c4(r5)                                  | stw r31, 0x30c4(r5)
  0x00d0  lis r3, Ecb_80640AA8@ha [None+0 t6]                  | lis r3, Ecb_80640AA8@ha [None+0 t6]
  0x00d4  addi r4, r3, Ecb_80640AA8@l [None+0 t4]              | addi r4, r3, Ecb_80640AA8@l [None+0 t4]
  0x00d8  stw r31, 0x30c0(r5)                                  | stw r31, 0x30c0(r5)
  0x00dc  li r3, 0x0                                           | li r3, 0x0
  0x00e0  stw r31, 0x60(r4) [None+0 tNone]                     | stw r31, 0x60(r4) [None+0 tNone]
  0x00e4  stw r31, 0x20(r4) [None+0 tNone]                     | stw r31, 0x20(r4) [None+0 tNone]
  0x00e8  bl __EXIProbe_80206F50 [None+0 t10]                  | bl __EXIProbe_80206F50 [None+0 t10]
  0x00ec  li r3, 0x1                                           | li r3, 0x1
  0x00f0  bl __EXIProbe_80206F50 [None+0 t10]                  | bl __EXIProbe_80206F50 [None+0 t10]
  0x00f4  lwz r0, 0x1c(r1)                                     | lwz r0, 0x1c(r1)
  0x00f8  lwz r31, 0x14(r1)                                    | lwz r31, 0x14(r1)
  0x00fc  lwz r30, 0x10(r1)                                    | lwz r30, 0x10(r1)
  0x0100  lwz r29, 0xc(r1)                                     | lwz r29, 0xc(r1)
  0x0104  lwz r28, 0x8(r1)                                     | lwz r28, 0x8(r1)
  0x0108  addi r1, r1, 0x18                                    | addi r1, r1, 0x18
  0x010c  mtlr r0                                              | mtlr r0
  0x0110  blr                                                  | blr
