 INFO Writing to /home/rabbit/src/darkfoundry-new/.darkfoundry/worktrees/81136289-d9d6-4a74-8320-2e4da3c1fe24/eternal-darkness-decomp/build/GEDE01/fndiff_fn_80207144.json
target 180 bytes  base 180 bytes  match 100.0
  0x0000  mflr r0                                              | mflr r0
  0x0004  stw r0, 0x4(r1)                                      | stw r0, 0x4(r1)
  0x0008  stwu r1, -0x18(r1)                                   | stwu r1, -0x18(r1)
  0x000c  stw r31, 0x14(r1)                                    | stw r31, 0x14(r1)
  0x0010  stw r30, 0x10(r1)                                    | stw r30, 0x10(r1)
  0x0014  addi r30, r3, 0x0                                    | addi r30, r3, 0x0
  0x0018  lis r3, Ecb_80640AA8@ha [None+0 t6]                  | lis r3, Ecb_80640AA8@ha [None+0 t6]
  0x001c  addi r0, r3, Ecb_80640AA8@l [None+0 t4]              | addi r0, r3, Ecb_80640AA8@l [None+0 t4]
  0x0020  slwi r4, r30, 6                                      | slwi r4, r30, 6
  0x0024  addi r3, r30, 0x0                                    | addi r3, r30, 0x0
  0x0028  add r31, r0, r4 [None+0 tNone]                       | add r31, r0, r4 [None+0 tNone]
  0x002c  bl __EXIProbe_80206F50 [None+0 t10]                  | bl __EXIProbe_80206F50 [None+0 t10]
  0x0030  cmpwi r3, 0x0                                        | cmpwi r3, 0x0
  0x0034  beq 0x68                                             | beq 0x68
  0x0038  lwz r0, 0x20(r31) [None+0 tNone]                     | lwz r0, 0x20(r31) [None+0 tNone]
  0x003c  cmpwi r0, 0x0                                        | cmpwi r0, 0x0
  0x0040  bne 0x68                                             | bne 0x68
  0x0044  addi r3, r30, 0x0                                    | addi r3, r30, 0x0
  0x0048  addi r5, r1, 0xc                                     | addi r5, r1, 0xc
  0x004c  li r4, 0x0                                           | li r4, 0x0
  0x0050  bl fn_80207CC8 [None+0 t10]                          | bl fn_80207CC8 [None+0 t10]
  0x0054  cmpwi r3, 0x0                                        | cmpwi r3, 0x0
  0x0058  beq 0x64                                             | beq 0x64
  0x005c  li r3, 0x1                                           | li r3, 0x1
  0x0060  b 0x68                                               | b 0x68
  0x0064  li r3, 0x0                                           | li r3, 0x0
  0x0068  cmpwi r3, 0x0                                        | cmpwi r3, 0x0
  0x006c  beq 0x78                                             | beq 0x78
  0x0070  li r3, 0x1                                           | li r3, 0x1
  0x0074  b 0x9c                                               | b 0x9c
  0x0078  lis r3, 0x8000                                       | lis r3, 0x8000
  0x007c  slwi r0, r30, 2                                      | slwi r0, r30, 2
  0x0080  addi r3, r3, 0x30c0                                  | addi r3, r3, 0x30c0
  0x0084  lwzx r0, r3, r0                                      | lwzx r0, r3, r0
  0x0088  cmpwi r0, 0x0                                        | cmpwi r0, 0x0
  0x008c  beq 0x98                                             | beq 0x98
  0x0090  li r3, 0x0                                           | li r3, 0x0
  0x0094  b 0x9c                                               | b 0x9c
  0x0098  li r3, -0x1                                          | li r3, -0x1
  0x009c  lwz r0, 0x1c(r1)                                     | lwz r0, 0x1c(r1)
  0x00a0  lwz r31, 0x14(r1)                                    | lwz r31, 0x14(r1)
  0x00a4  lwz r30, 0x10(r1)                                    | lwz r30, 0x10(r1)
  0x00a8  addi r1, r1, 0x18                                    | addi r1, r1, 0x18
  0x00ac  mtlr r0                                              | mtlr r0
  0x00b0  blr                                                  | blr
