 INFO Writing to /home/rabbit/src/darkfoundry-new/.darkfoundry/worktrees/81136289-d9d6-4a74-8320-2e4da3c1fe24/eternal-darkness-decomp/build/GEDE01/fndiff_EXIDeselect.json
target 272 bytes  base 272 bytes  match 100.0
  0x0000  mflr r0                                              | mflr r0
  0x0004  stw r0, 0x4(r1)                                      | stw r0, 0x4(r1)
  0x0008  stwu r1, -0x20(r1)                                   | stwu r1, -0x20(r1)
  0x000c  stw r31, 0x1c(r1)                                    | stw r31, 0x1c(r1)
  0x0010  addi r31, r3, 0x0                                    | addi r31, r3, 0x0
  0x0014  lis r3, Ecb_80640AA8@ha [None+0 t6]                  | lis r3, Ecb_80640AA8@ha [None+0 t6]
  0x0018  stw r30, 0x18(r1)                                    | stw r30, 0x18(r1)
  0x001c  slwi r4, r31, 6                                      | slwi r4, r31, 6
  0x0020  addi r0, r3, Ecb_80640AA8@l [None+0 t4]              | addi r0, r3, Ecb_80640AA8@l [None+0 t4]
  0x0024  stw r29, 0x14(r1)                                    | stw r29, 0x14(r1)
  0x0028  add r30, r0, r4 [None+0 tNone]                       | add r30, r0, r4 [None+0 tNone]
  0x002c  stw r28, 0x10(r1)                                    | stw r28, 0x10(r1)
  0x0030  bl OSDisableInterrupts [None+0 t10]                  | bl OSDisableInterrupts [None+0 t10]
  0x0034  lwz r0, 0xc(r30) [None+0 tNone]                      | lwz r0, 0xc(r30) [None+0 tNone]
  0x0038  addi r28, r3, 0x0                                    | addi r28, r3, 0x0
  0x003c  rlwinm. r0, r0, 0, 29, 29                            | rlwinm. r0, r0, 0, 29, 29
  0x0040  bne 0x54                                             | bne 0x54
  0x0044  mr r3, r28                                           | mr r3, r28
  0x0048  bl OSRestoreInterrupts [None+0 t10]                  | bl OSRestoreInterrupts [None+0 t10]
  0x004c  li r3, 0x0                                           | li r3, 0x0
  0x0050  b 0xf0                                               | b 0xf0
  0x0054  lwz r4, 0xc(r30) [None+0 tNone]                      | lwz r4, 0xc(r30) [None+0 tNone]
  0x0058  lis r3, 0xcc00                                       | lis r3, 0xcc00
  0x005c  mulli r0, r31, 0x14                                  | mulli r0, r31, 0x14
  0x0060  rlwinm r4, r4, 0, 30, 28                             | rlwinm r4, r4, 0, 30, 28
  0x0064  addi r3, r3, 0x6800                                  | addi r3, r3, 0x6800
  0x0068  stw r4, 0xc(r30) [None+0 tNone]                      | stw r4, 0xc(r30) [None+0 tNone]
  0x006c  add r3, r3, r0                                       | add r3, r3, r0
  0x0070  lwz r29, 0x0(r3)                                     | lwz r29, 0x0(r3)
  0x0074  andi. r0, r29, 0x405                                 | andi. r0, r29, 0x405
  0x0078  stw r0, 0x0(r3)                                      | stw r0, 0x0(r3)
  0x007c  lwz r0, 0xc(r30) [None+0 tNone]                      | lwz r0, 0xc(r30) [None+0 tNone]
  0x0080  rlwinm. r0, r0, 0, 28, 28                            | rlwinm. r0, r0, 0, 28, 28
  0x0084  beq 0xb4                                             | beq 0xb4
  0x0088  cmpwi r31, 0x1                                       | cmpwi r31, 0x1
  0x008c  beq 0xac                                             | beq 0xac
  0x0090  bge 0xb4                                             | bge 0xb4
  0x0094  cmpwi r31, 0x0                                       | cmpwi r31, 0x0
  0x0098  bge 0xa0                                             | bge 0xa0
  0x009c  b 0xb4                                               | b 0xb4
  0x00a0  lis r3, 0x10                                         | lis r3, 0x10
  0x00a4  bl __OSUnmaskInterrupts [None+0 t10]                 | bl __OSUnmaskInterrupts [None+0 t10]
  0x00a8  b 0xb4                                               | b 0xb4
  0x00ac  lis r3, 0x2                                          | lis r3, 0x2
  0x00b0  bl __OSUnmaskInterrupts [None+0 t10]                 | bl __OSUnmaskInterrupts [None+0 t10]
  0x00b4  mr r3, r28                                           | mr r3, r28
  0x00b8  bl OSRestoreInterrupts [None+0 t10]                  | bl OSRestoreInterrupts [None+0 t10]
  0x00bc  cmpwi r31, 0x2                                       | cmpwi r31, 0x2
  0x00c0  beq 0xec                                             | beq 0xec
  0x00c4  rlwinm. r0, r29, 0, 24, 24                           | rlwinm. r0, r29, 0, 24, 24
  0x00c8  beq 0xec                                             | beq 0xec
  0x00cc  mr r3, r31                                           | mr r3, r31
  0x00d0  bl __EXIProbe_80206F50 [None+0 t10]                  | bl __EXIProbe_80206F50 [None+0 t10]
  0x00d4  cmpwi r3, 0x0                                        | cmpwi r3, 0x0
  0x00d8  beq 0xe4                                             | beq 0xe4
  0x00dc  li r3, 0x1                                           | li r3, 0x1
  0x00e0  b 0xf0                                               | b 0xf0
  0x00e4  li r3, 0x0                                           | li r3, 0x0
  0x00e8  b 0xf0                                               | b 0xf0
  0x00ec  li r3, 0x1                                           | li r3, 0x1
  0x00f0  lwz r0, 0x24(r1)                                     | lwz r0, 0x24(r1)
  0x00f4  lwz r31, 0x1c(r1)                                    | lwz r31, 0x1c(r1)
  0x00f8  lwz r30, 0x18(r1)                                    | lwz r30, 0x18(r1)
  0x00fc  lwz r29, 0x14(r1)                                    | lwz r29, 0x14(r1)
  0x0100  lwz r28, 0x10(r1)                                    | lwz r28, 0x10(r1)
  0x0104  addi r1, r1, 0x20                                    | addi r1, r1, 0x20
  0x0108  mtlr r0                                              | mtlr r0
  0x010c  blr                                                  | blr
