 INFO Writing to /home/rabbit/src/darkfoundry-new/.darkfoundry/worktrees/81136289-d9d6-4a74-8320-2e4da3c1fe24/eternal-darkness-decomp/build/GEDE01/fndiff_fn_80207304.json
target 188 bytes  base 188 bytes  match 100.0
  0x0000  mflr r0                                              | mflr r0
  0x0004  stw r0, 0x4(r1)                                      | stw r0, 0x4(r1)
  0x0008  stwu r1, -0x20(r1)                                   | stwu r1, -0x20(r1)
  0x000c  stw r31, 0x1c(r1)                                    | stw r31, 0x1c(r1)
  0x0010  stw r30, 0x18(r1)                                    | stw r30, 0x18(r1)
  0x0014  stw r29, 0x14(r1)                                    | stw r29, 0x14(r1)
  0x0018  addi r29, r3, 0x0                                    | addi r29, r3, 0x0
  0x001c  lis r3, Ecb_80640AA8@ha [None+0 t6]                  | lis r3, Ecb_80640AA8@ha [None+0 t6]
  0x0020  slwi r4, r29, 6                                      | slwi r4, r29, 6
  0x0024  addi r0, r3, Ecb_80640AA8@l [None+0 t4]              | addi r0, r3, Ecb_80640AA8@l [None+0 t4]
  0x0028  add r31, r0, r4 [None+0 tNone]                       | add r31, r0, r4 [None+0 tNone]
  0x002c  bl OSDisableInterrupts [None+0 t10]                  | bl OSDisableInterrupts [None+0 t10]
  0x0030  lwz r0, 0xc(r31) [None+0 tNone]                      | lwz r0, 0xc(r31) [None+0 tNone]
  0x0034  addi r30, r3, 0x0                                    | addi r30, r3, 0x0
  0x0038  rlwinm. r0, r0, 0, 28, 28                            | rlwinm. r0, r0, 0, 28, 28
  0x003c  bne 0x50                                             | bne 0x50
  0x0040  mr r3, r30                                           | mr r3, r30
  0x0044  bl OSRestoreInterrupts [None+0 t10]                  | bl OSRestoreInterrupts [None+0 t10]
  0x0048  li r3, 0x1                                           | li r3, 0x1
  0x004c  b 0xa0                                               | b 0xa0
  0x0050  lwz r0, 0xc(r31) [None+0 tNone]                      | lwz r0, 0xc(r31) [None+0 tNone]
  0x0054  rlwinm. r0, r0, 0, 27, 27                            | rlwinm. r0, r0, 0, 27, 27
  0x0058  beq 0x78                                             | beq 0x78
  0x005c  lwz r0, 0x18(r31) [None+0 tNone]                     | lwz r0, 0x18(r31) [None+0 tNone]
  0x0060  cmplwi r0, 0x0                                       | cmplwi r0, 0x0
  0x0064  bne 0x78                                             | bne 0x78
  0x0068  mr r3, r30                                           | mr r3, r30
  0x006c  bl OSRestoreInterrupts [None+0 t10]                  | bl OSRestoreInterrupts [None+0 t10]
  0x0070  li r3, 0x0                                           | li r3, 0x0
  0x0074  b 0xa0                                               | b 0xa0
  0x0078  lwz r3, 0xc(r31) [None+0 tNone]                      | lwz r3, 0xc(r31) [None+0 tNone]
  0x007c  mulli r0, r29, 0x3                                   | mulli r0, r29, 0x3
  0x0080  rlwinm r4, r3, 0, 29, 27                             | rlwinm r4, r3, 0, 29, 27
  0x0084  lis r3, 0x70                                         | lis r3, 0x70
  0x0088  stw r4, 0xc(r31) [None+0 tNone]                      | stw r4, 0xc(r31) [None+0 tNone]
  0x008c  srw r3, r3, r0                                       | srw r3, r3, r0
  0x0090  bl __OSMaskInterrupts [None+0 t10]                   | bl __OSMaskInterrupts [None+0 t10]
  0x0094  mr r3, r30                                           | mr r3, r30
  0x0098  bl OSRestoreInterrupts [None+0 t10]                  | bl OSRestoreInterrupts [None+0 t10]
  0x009c  li r3, 0x1                                           | li r3, 0x1
  0x00a0  lwz r0, 0x24(r1)                                     | lwz r0, 0x24(r1)
  0x00a4  lwz r31, 0x1c(r1)                                    | lwz r31, 0x1c(r1)
  0x00a8  lwz r30, 0x18(r1)                                    | lwz r30, 0x18(r1)
  0x00ac  lwz r29, 0x14(r1)                                    | lwz r29, 0x14(r1)
  0x00b0  addi r1, r1, 0x20                                    | addi r1, r1, 0x20
  0x00b4  mtlr r0                                              | mtlr r0
  0x00b8  blr                                                  | blr
