 INFO Writing to /home/rabbit/src/darkfoundry-new/.darkfoundry/worktrees/81136289-d9d6-4a74-8320-2e4da3c1fe24/eternal-darkness-decomp/build/GEDE01/fndiff_fn_80209858.json
target 316 bytes  base 316 bytes  match 100.0
  0x0000  mflr r0                                              | mflr r0
  0x0004  stw r0, 0x4(r1)                                      | stw r0, 0x4(r1)
  0x0008  stwu r1, -0x20(r1)                                   | stwu r1, -0x20(r1)
  0x000c  stw r31, 0x1c(r1)                                    | stw r31, 0x1c(r1)
  0x0010  addi r31, r4, 0x0                                    | addi r31, r4, 0x0
  0x0014  stw r30, 0x18(r1)                                    | stw r30, 0x18(r1)
  0x0018  stw r29, 0x14(r1)                                    | stw r29, 0x14(r1)
  0x001c  stw r28, 0x10(r1)                                    | stw r28, 0x10(r1)
  0x0020  addi r28, r3, 0x0                                    | addi r28, r3, 0x0
  0x0024  bl OSDisableInterrupts [None+0 t10]                  | bl OSDisableInterrupts [None+0 t10]
  0x0028  addi r30, r3, 0x0                                    | addi r30, r3, 0x0
  0x002c  addi r3, r28, 0x0                                    | addi r3, r28, 0x0
  0x0030  bl SIGetType [None+0 t10]                            | bl SIGetType [None+0 t10]
  0x0034  lis r4, Type_802FCA34@ha [None+0 t6]                 | lis r4, Type_802FCA34@ha [None+0 t6]
  0x0038  slwi r5, r28, 2                                      | slwi r5, r28, 2
  0x003c  addi r0, r4, Type_802FCA34@l [None+0 t4]             | addi r0, r4, Type_802FCA34@l [None+0 t4]
  0x0040  add r4, r0, r5 [None+0 tNone]                        | add r4, r0, r5 [None+0 tNone]
  0x0044  lwz r0, 0x0(r4) [None+0 tNone]                       | lwz r0, 0x0(r4) [None+0 tNone]
  0x0048  addi r29, r3, 0x0                                    | addi r29, r3, 0x0
  0x004c  rlwinm. r0, r0, 0, 24, 24                            | rlwinm. r0, r0, 0, 24, 24
  0x0050  beq 0xfc                                             | beq 0xfc
  0x0054  lis r3, lbl_80640CC8@ha [None+0 t6]                  | lis r3, lbl_80640CC8@ha [None+0 t6]
  0x0058  slwi r4, r28, 4                                      | slwi r4, r28, 4
  0x005c  addi r0, r3, lbl_80640CC8@l [None+0 t4]              | addi r0, r3, lbl_80640CC8@l [None+0 t4]
  0x0060  add r4, r0, r4 [None+0 tNone]                        | add r4, r0, r4 [None+0 tNone]
  0x0064  lwz r0, 0x0(r4) [None+0 tNone]                       | lwz r0, 0x0(r4) [None+0 tNone]
  0x0068  li r5, 0x0                                           | li r5, 0x0
  0x006c  cmplw r0, r31                                        | cmplw r0, r31
  0x0070  beq 0x110                                            | beq 0x110
  0x0074  cmplwi r0, 0x0                                       | cmplwi r0, 0x0
  0x0078  bne 0x88                                             | bne 0x88
  0x007c  slwi r0, r5, 2                                       | slwi r0, r5, 2
  0x0080  stwx r31, r4, r0 [None+0 tNone]                      | stwx r31, r4, r0 [None+0 tNone]
  0x0084  b 0x110                                              | b 0x110
  0x0088  addi r3, r4, 0x4 [None+0 tNone]                      | addi r3, r4, 0x4 [None+0 tNone]
  0x008c  lwz r0, 0x4(r4) [None+0 tNone]                       | lwz r0, 0x4(r4) [None+0 tNone]
  0x0090  li r5, 0x1                                           | li r5, 0x1
  0x0094  cmplw r0, r31                                        | cmplw r0, r31
  0x0098  beq 0x110                                            | beq 0x110
  0x009c  cmplwi r0, 0x0                                       | cmplwi r0, 0x0
  0x00a0  bne 0xb0                                             | bne 0xb0
  0x00a4  slwi r0, r5, 2                                       | slwi r0, r5, 2
  0x00a8  stwx r31, r4, r0 [None+0 tNone]                      | stwx r31, r4, r0 [None+0 tNone]
  0x00ac  b 0x110                                              | b 0x110
  0x00b0  lwzu r0, 0x4(r3) [None+0 tNone]                      | lwzu r0, 0x4(r3) [None+0 tNone]
  0x00b4  li r5, 0x2                                           | li r5, 0x2
  0x00b8  cmplw r0, r31                                        | cmplw r0, r31
  0x00bc  beq 0x110                                            | beq 0x110
  0x00c0  cmplwi r0, 0x0                                       | cmplwi r0, 0x0
  0x00c4  bne 0xd4                                             | bne 0xd4
  0x00c8  slwi r0, r5, 2                                       | slwi r0, r5, 2
  0x00cc  stwx r31, r4, r0 [None+0 tNone]                      | stwx r31, r4, r0 [None+0 tNone]
  0x00d0  b 0x110                                              | b 0x110
  0x00d4  lwz r0, 0x4(r3)                                      | lwz r0, 0x4(r3)
  0x00d8  li r5, 0x3                                           | li r5, 0x3
  0x00dc  cmplw r0, r31                                        | cmplw r0, r31
  0x00e0  beq 0x110                                            | beq 0x110
  0x00e4  cmplwi r0, 0x0                                       | cmplwi r0, 0x0
  0x00e8  bne 0x110                                            | bne 0x110
  0x00ec  slwi r0, r5, 2                                       | slwi r0, r5, 2
  0x00f0  stwx r31, r4, r0 [None+0 tNone]                      | stwx r31, r4, r0 [None+0 tNone]
  0x00f4  b 0x110                                              | b 0x110
  0x00f8  b 0x110                                              | b 0x110
  0x00fc  addi r12, r31, 0x0                                   | addi r12, r31, 0x0
  0x0100  mtlr r12                                             | mtlr r12
  0x0104  addi r3, r28, 0x0                                    | addi r3, r28, 0x0
  0x0108  addi r4, r29, 0x0                                    | addi r4, r29, 0x0
  0x010c  blrl                                                 | blrl
  0x0110  mr r3, r30                                           | mr r3, r30
  0x0114  bl OSRestoreInterrupts [None+0 t10]                  | bl OSRestoreInterrupts [None+0 t10]
  0x0118  mr r3, r29                                           | mr r3, r29
  0x011c  lwz r0, 0x24(r1)                                     | lwz r0, 0x24(r1)
  0x0120  lwz r31, 0x1c(r1)                                    | lwz r31, 0x1c(r1)
  0x0124  lwz r30, 0x18(r1)                                    | lwz r30, 0x18(r1)
  0x0128  lwz r29, 0x14(r1)                                    | lwz r29, 0x14(r1)
  0x012c  lwz r28, 0x10(r1)                                    | lwz r28, 0x10(r1)
  0x0130  addi r1, r1, 0x20                                    | addi r1, r1, 0x20
  0x0134  mtlr r0                                              | mtlr r0
  0x0138  blr                                                  | blr
