 INFO Writing to /home/rabbit/src/darkfoundry-new/.darkfoundry/worktrees/81136289-d9d6-4a74-8320-2e4da3c1fe24/eternal-darkness-decomp/build/GEDE01/fndiff_fn_802089E8.json
target 204 bytes  base 204 bytes  match 100.0
  0x0000  mflr r0                                              | mflr r0
  0x0004  stw r0, 0x4(r1)                                      | stw r0, 0x4(r1)
  0x0008  stwu r1, -0x18(r1)                                   | stwu r1, -0x18(r1)
  0x000c  stw r31, 0x14(r1)                                    | stw r31, 0x14(r1)
  0x0010  stw r30, 0x10(r1)                                    | stw r30, 0x10(r1)
  0x0014  mr r30, r3                                           | mr r30, r3
  0x0018  bl OSDisableInterrupts [None+0 t10]                  | bl OSDisableInterrupts [None+0 t10]
  0x001c  lis r4, lbl_80640D08@ha [None+0 t6]                  | lis r4, lbl_80640D08@ha [None+0 t6]
  0x0020  li r0, 0x4                                           | li r0, 0x4
  0x0024  addi r4, r4, lbl_80640D08@l [None+0 t4]              | addi r4, r4, lbl_80640D08@l [None+0 t4]
  0x0028  mtctr r0                                             | mtctr r0
  0x002c  addi r31, r3, 0x0                                    | addi r31, r3, 0x0
  0x0030  addi r3, r4, 0x0 [None+0 tNone]                      | addi r3, r4, 0x0 [None+0 tNone]
  0x0034  lwz r0, 0x0(r3) [None+0 tNone]                       | lwz r0, 0x0(r3) [None+0 tNone]
  0x0038  cmplw r0, r30                                        | cmplw r0, r30
  0x003c  bne 0x50                                             | bne 0x50
  0x0040  mr r3, r31                                           | mr r3, r31
  0x0044  bl OSRestoreInterrupts [None+0 t10]                  | bl OSRestoreInterrupts [None+0 t10]
  0x0048  li r3, 0x1                                           | li r3, 0x1
  0x004c  b 0xb4                                               | b 0xb4
  0x0050  addi r3, r3, 0x4 [None+0 tNone]                      | addi r3, r3, 0x4 [None+0 tNone]
  0x0054  bdnz 0x34                                            | bdnz 0x34
  0x0058  li r0, 0x4                                           | li r0, 0x4
  0x005c  mtctr r0                                             | mtctr r0
  0x0060  li r5, 0x0                                           | li r5, 0x0
  0x0064  lwz r0, 0x0(r4) [None+0 tNone]                       | lwz r0, 0x0(r4) [None+0 tNone]
  0x0068  cmplwi r0, 0x0                                       | cmplwi r0, 0x0
  0x006c  bne 0x9c                                             | bne 0x9c
  0x0070  lis r3, lbl_80640D08@ha [None+0 t6]                  | lis r3, lbl_80640D08@ha [None+0 t6]
  0x0074  slwi r4, r5, 2                                       | slwi r4, r5, 2
  0x0078  addi r0, r3, lbl_80640D08@l [None+0 t4]              | addi r0, r3, lbl_80640D08@l [None+0 t4]
  0x007c  add r3, r0, r4 [None+0 tNone]                        | add r3, r0, r4 [None+0 tNone]
  0x0080  stw r30, 0x0(r3) [None+0 tNone]                      | stw r30, 0x0(r3) [None+0 tNone]
  0x0084  li r3, 0x1                                           | li r3, 0x1
  0x0088  bl fn_80208950 [None+0 t10]                          | bl fn_80208950 [None+0 t10]
  0x008c  mr r3, r31                                           | mr r3, r31
  0x0090  bl OSRestoreInterrupts [None+0 t10]                  | bl OSRestoreInterrupts [None+0 t10]
  0x0094  li r3, 0x1                                           | li r3, 0x1
  0x0098  b 0xb4                                               | b 0xb4
  0x009c  addi r4, r4, 0x4 [None+0 tNone]                      | addi r4, r4, 0x4 [None+0 tNone]
  0x00a0  addi r5, r5, 0x1                                     | addi r5, r5, 0x1
  0x00a4  bdnz 0x64                                            | bdnz 0x64
  0x00a8  mr r3, r31                                           | mr r3, r31
  0x00ac  bl OSRestoreInterrupts [None+0 t10]                  | bl OSRestoreInterrupts [None+0 t10]
  0x00b0  li r3, 0x0                                           | li r3, 0x0
  0x00b4  lwz r0, 0x1c(r1)                                     | lwz r0, 0x1c(r1)
  0x00b8  lwz r31, 0x14(r1)                                    | lwz r31, 0x14(r1)
  0x00bc  lwz r30, 0x10(r1)                                    | lwz r30, 0x10(r1)
  0x00c0  addi r1, r1, 0x18                                    | addi r1, r1, 0x18
  0x00c4  mtlr r0                                              | mtlr r0
  0x00c8  blr                                                  | blr
