Script started on 2026-09-29 18:37:21-04:00 [COMMAND="python3 tools/fndiff.py game/game_fn_80207CC8.c fn_80207CC8" <not executed on terminal>]
 INFO Writing to /home/rabbit/src/darkfoundry-new/.darkfoundry/worktrees/81136289-d9d6-4a74-8320-2e4da3c1fe24/eternal-darkness-decomp/build/GEDE01/fndiff_fn_80207CC8.json
target 892 bytes  base 892 bytes  match 100.0
  0x0000  mflr r0                                              | mflr r0
  0x0004  stw r0, 0x4(r1)                                      | stw r0, 0x4(r1)
  0x0008  stwu r1, -0x40(r1)                                   | stwu r1, -0x40(r1)
  0x000c  stmw r24, 0x20(r1)                                   | stmw r24, 0x20(r1)
  0x0010  addi r26, r3, 0x0                                    | addi r26, r3, 0x0
  0x0014  lis r3, Ecb_80640AA8@ha [None+0 t6]                  | lis r3, Ecb_80640AA8@ha [None+0 t6]
  0x0018  cmpwi r26, 0x2                                       | cmpwi r26, 0x2
  0x001c  slwi r6, r26, 6                                      | slwi r6, r26, 6
  0x0020  addi r0, r3, Ecb_80640AA8@l [None+0 t4]              | addi r0, r3, Ecb_80640AA8@l [None+0 t4]
  0x0024  add r31, r0, r6 [None+0 tNone]                       | add r31, r0, r6 [None+0 tNone]
  0x0028  addi r27, r4, 0x0                                    | addi r27, r4, 0x0
  0x002c  addi r28, r5, 0x0                                    | addi r28, r5, 0x0
  0x0030  bge 0x110                                            | bge 0x110
  0x0034  cmplwi r27, 0x0                                      | cmplwi r27, 0x0
  0x0038  bne 0x110                                            | bne 0x110
  0x003c  mr r3, r26                                           | mr r3, r26
  0x0040  bl __EXIProbe_80206F50 [None+0 t10]                  | bl __EXIProbe_80206F50 [None+0 t10]
  0x0044  cmpwi r3, 0x0                                        | cmpwi r3, 0x0
  0x0048  bne 0x54                                             | bne 0x54
  0x004c  li r3, 0x0                                           | li r3, 0x0
  0x0050  b 0x368                                              | b 0x368
  0x0054  lis r3, 0x8000                                       | lis r3, 0x8000
  0x0058  lwz r4, 0x20(r31) [None+0 tNone]                     | lwz r4, 0x20(r31) [None+0 tNone]
  0x005c  slwi r0, r26, 2                                      | slwi r0, r26, 2
  0x0060  addi r30, r3, 0x30c0                                 | addi r30, r3, 0x30c0
  0x0064  add r30, r30, r0                                     | add r30, r30, r0
  0x0068  lwz r0, 0x0(r30)                                     | lwz r0, 0x0(r30)
  0x006c  cmpw r4, r0                                          | cmpw r4, r0
  0x0070  bne 0x84                                             | bne 0x84
  0x0074  lwz r0, 0x1c(r31) [None+0 tNone]                     | lwz r0, 0x1c(r31) [None+0 tNone]
  0x0078  stw r0, 0x0(r28)                                     | stw r0, 0x0(r28)
  0x007c  lwz r3, 0x20(r31) [None+0 tNone]                     | lwz r3, 0x20(r31) [None+0 tNone]
  0x0080  b 0x368                                              | b 0x368
  0x0084  bl OSDisableInterrupts [None+0 t10]                  | bl OSDisableInterrupts [None+0 t10]
  0x0088  lwz r0, 0xc(r31) [None+0 tNone]                      | lwz r0, 0xc(r31) [None+0 tNone]
  0x008c  addi r29, r3, 0x0                                    | addi r29, r3, 0x0
  0x0090  rlwinm. r0, r0, 0, 28, 28                            | rlwinm. r0, r0, 0, 28, 28
  0x0094  bne 0xa8                                             | bne 0xa8
  0x0098  mr r3, r26                                           | mr r3, r26
  0x009c  bl __EXIProbe_80206F50 [None+0 t10]                  | bl __EXIProbe_80206F50 [None+0 t10]
  0x00a0  cmpwi r3, 0x0                                        | cmpwi r3, 0x0
  0x00a4  bne 0xb8                                             | bne 0xb8
  0x00a8  mr r3, r29                                           | mr r3, r29
  0x00ac  bl OSRestoreInterrupts [None+0 t10]                  | bl OSRestoreInterrupts [None+0 t10]
  0x00b0  li r0, 0x0                                           | li r0, 0x0
  0x00b4  b 0xfc                                               | b 0xfc
  0x00b8  addi r3, r26, 0x0                                    | addi r3, r26, 0x0
  0x00bc  li r4, 0x1                                           | li r4, 0x1
  0x00c0  li r5, 0x0                                           | li r5, 0x0
  0x00c4  li r6, 0x0                                           | li r6, 0x0
  0x00c8  bl fn_80206E8C [None+0 t10]                          | bl fn_80206E8C [None+0 t10]
  0x00cc  mulli r0, r26, 0x3                                   | mulli r0, r26, 0x3
  0x00d0  li r4, 0x0                                           | li r4, 0x0
  0x00d4  lis r3, 0x10                                         | lis r3, 0x10
  0x00d8  stw r4, 0x8(r31) [None+0 tNone]                      | stw r4, 0x8(r31) [None+0 tNone]
  0x00dc  srw r3, r3, r0                                       | srw r3, r3, r0
  0x00e0  bl __OSUnmaskInterrupts [None+0 t10]                 | bl __OSUnmaskInterrupts [None+0 t10]
  0x00e4  lwz r0, 0xc(r31) [None+0 tNone]                      | lwz r0, 0xc(r31) [None+0 tNone]
  0x00e8  addi r3, r29, 0x0                                    | addi r3, r29, 0x0
  0x00ec  ori r0, r0, 0x8                                      | ori r0, r0, 0x8
  0x00f0  stw r0, 0xc(r31) [None+0 tNone]                      | stw r0, 0xc(r31) [None+0 tNone]
  0x00f4  bl OSRestoreInterrupts [None+0 t10]                  | bl OSRestoreInterrupts [None+0 t10]
  0x00f8  li r0, 0x1                                           | li r0, 0x1
  0x00fc  cmpwi r0, 0x0                                        | cmpwi r0, 0x0
  0x0100  bne 0x10c                                            | bne 0x10c
  0x0104  li r3, 0x0                                           | li r3, 0x0
  0x0108  b 0x368                                              | b 0x368
  0x010c  lwz r29, 0x0(r30)                                    | lwz r29, 0x0(r30)
  0x0110  cmpwi r26, 0x2                                       | cmpwi r26, 0x2
  0x0114  li r0, 0x0                                           | li r0, 0x0
  0x0118  bge 0x128                                            | bge 0x128
  0x011c  cmplwi r27, 0x0                                      | cmplwi r27, 0x0
  0x0120  bne 0x128                                            | bne 0x128
  0x0124  li r0, 0x1                                           | li r0, 0x1
  0x0128  cmpwi r0, 0x0                                        | cmpwi r0, 0x0
  0x012c  beq 0x13c                                            | beq 0x13c
  0x0130  lis r3, fn_80207CA0@ha [None+0 t6]                   | lis r3, fn_80207CA0@ha [None+0 t6]
  0x0134  addi r5, r3, fn_80207CA0@l [None+0 t4]               | addi r5, r3, fn_80207CA0@l [None+0 t4]
  0x0138  b 0x140                                              | b 0x140
  0x013c  li r5, 0x0                                           | li r5, 0x0
  0x0140  addi r3, r26, 0x0                                    | addi r3, r26, 0x0
  0x0144  addi r4, r27, 0x0                                    | addi r4, r27, 0x0
  0x0148  bl EXILock [None+0 t10]                              | bl EXILock [None+0 t10]
  0x014c  cntlzw r0, r3                                        | cntlzw r0, r3
  0x0150  srwi r0, r0, 5                                       | srwi r0, r0, 5
  0x0154  mr. r30, r0                                          | mr. r30, r0
  0x0158  bne 0x28c                                            | bne 0x28c
  0x015c  addi r3, r26, 0x0                                    | addi r3, r26, 0x0
  0x0160  addi r4, r27, 0x0                                    | addi r4, r27, 0x0
  0x0164  li r5, 0x0                                           | li r5, 0x0
  0x0168  bl EXISelect [None+0 t10]                            | bl EXISelect [None+0 t10]
  0x016c  cntlzw r0, r3                                        | cntlzw r0, r3
  0x0170  srwi r0, r0, 5                                       | srwi r0, r0, 5
  0x0174  mr. r30, r0                                          | mr. r30, r0
  0x0178  bne 0x208                                            | bne 0x208
  0x017c  li r0, 0x0                                           | li r0, 0x0
  0x0180  stw r0, 0x1c(r1)                                     | stw r0, 0x1c(r1)
  0x0184  addi r3, r26, 0x0                                    | addi r3, r26, 0x0
  0x0188  addi r4, r1, 0x1c                                    | addi r4, r1, 0x1c
  0x018c  li r5, 0x2                                           | li r5, 0x2
  0x0190  li r6, 0x1                                           | li r6, 0x1
  0x0194  li r7, 0x0                                           | li r7, 0x0
  0x0198  bl EXIImm [None+0 t10]                               | bl EXIImm [None+0 t10]
  0x019c  cntlzw r0, r3                                        | cntlzw r0, r3
  0x01a0  srwi r0, r0, 5                                       | srwi r0, r0, 5
  0x01a4  addi r3, r26, 0x0                                    | addi r3, r26, 0x0
  0x01a8  or r30, r30, r0                                      | or r30, r30, r0
  0x01ac  bl EXISync [None+0 t10]                              | bl EXISync [None+0 t10]
  0x01b0  cntlzw r0, r3                                        | cntlzw r0, r3
  0x01b4  srwi r0, r0, 5                                       | srwi r0, r0, 5
  0x01b8  addi r3, r26, 0x0                                    | addi r3, r26, 0x0
  0x01bc  addi r4, r28, 0x0                                    | addi r4, r28, 0x0
  0x01c0  or r30, r30, r0                                      | or r30, r30, r0
  0x01c4  li r5, 0x4                                           | li r5, 0x4
  0x01c8  li r6, 0x0                                           | li r6, 0x0
  0x01cc  li r7, 0x0                                           | li r7, 0x0
  0x01d0  bl EXIImm [None+0 t10]                               | bl EXIImm [None+0 t10]
  0x01d4  cntlzw r0, r3                                        | cntlzw r0, r3
  0x01d8  srwi r0, r0, 5                                       | srwi r0, r0, 5
  0x01dc  addi r3, r26, 0x0                                    | addi r3, r26, 0x0
  0x01e0  or r30, r30, r0                                      | or r30, r30, r0
  0x01e4  bl EXISync [None+0 t10]                              | bl EXISync [None+0 t10]
  0x01e8  cntlzw r0, r3                                        | cntlzw r0, r3
  0x01ec  srwi r0, r0, 5                                       | srwi r0, r0, 5
  0x01f0  addi r3, r26, 0x0                                    | addi r3, r26, 0x0
  0x01f4  or r30, r30, r0                                      | or r30, r30, r0
  0x01f8  bl EXIDeselect [None+0 t10]                          | bl EXIDeselect [None+0 t10]
  0x01fc  cntlzw r0, r3                                        | cntlzw r0, r3
  0x0200  srwi r0, r0, 5                                       | srwi r0, r0, 5
  0x0204  or r30, r30, r0                                      | or r30, r30, r0
  0x0208  bl OSDisableInterrupts [None+0 t10]                  | bl OSDisableInterrupts [None+0 t10]
  0x020c  lwz r0, 0xc(r31) [None+0 tNone]                      | lwz r0, 0xc(r31) [None+0 tNone]
  0x0210  addi r24, r3, 0x0                                    | addi r24, r3, 0x0
  0x0214  rlwinm. r0, r0, 0, 27, 27                            | rlwinm. r0, r0, 0, 27, 27
  0x0218  bne 0x228                                            | bne 0x228
  0x021c  mr r3, r24                                           | mr r3, r24
  0x0220  bl OSRestoreInterrupts [None+0 t10]                  | bl OSRestoreInterrupts [None+0 t10]
  0x0224  b 0x28c                                              | b 0x28c
  0x0228  lwz r0, 0xc(r31) [None+0 tNone]                      | lwz r0, 0xc(r31) [None+0 tNone]
  0x022c  addi r3, r26, 0x0                                    | addi r3, r26, 0x0
  0x0230  addi r4, r31, 0x0 [None+0 tNone]                     | addi r4, r31, 0x0 [None+0 tNone]
  0x0234  rlwinm r0, r0, 0, 28, 26                             | rlwinm r0, r0, 0, 28, 26
  0x0238  stw r0, 0xc(r31) [None+0 tNone]                      | stw r0, 0xc(r31) [None+0 tNone]
  0x023c  bl fn_80206778 [None+0 t10]                          | bl fn_80206778 [None+0 t10]
  0x0240  lwz r3, 0x24(r31) [None+0 tNone]                     | lwz r3, 0x24(r31) [None+0 tNone]
  0x0244  cmpwi r3, 0x0                                        | cmpwi r3, 0x0
  0x0248  ble 0x284                                            | ble 0x284
  0x024c  subic. r0, r3, 0x1                                   | subic. r0, r3, 0x1
  0x0250  lwz r25, 0x2c(r31) [None+0 tNone]                    | lwz r25, 0x2c(r31) [None+0 tNone]
  0x0254  stw r0, 0x24(r31) [None+0 tNone]                     | stw r0, 0x24(r31) [None+0 tNone]
  0x0258  ble 0x270                                            | ble 0x270
  0x025c  lwz r0, 0x24(r31) [None+0 tNone]                     | lwz r0, 0x24(r31) [None+0 tNone]
  0x0260  addi r3, r31, 0x28 [None+0 tNone]                    | addi r3, r31, 0x28 [None+0 tNone]
  0x0264  addi r4, r31, 0x30 [None+0 tNone]                    | addi r4, r31, 0x30 [None+0 tNone]
  0x0268  slwi r5, r0, 3                                       | slwi r5, r0, 3
  0x026c  bl fn_800F9990 [None+0 t10]                          | bl fn_800F9990 [None+0 t10]
  0x0270  addi r12, r25, 0x0                                   | addi r12, r25, 0x0
  0x0274  mtlr r12                                             | mtlr r12
  0x0278  addi r3, r26, 0x0                                    | addi r3, r26, 0x0
  0x027c  li r4, 0x0                                           | li r4, 0x0
  0x0280  blrl                                                 | blrl
  0x0284  mr r3, r24                                           | mr r3, r24
  0x0288  bl OSRestoreInterrupts [None+0 t10]                  | bl OSRestoreInterrupts [None+0 t10]
  0x028c  cmpwi r26, 0x2                                       | cmpwi r26, 0x2
  0x0290  bge 0x354                                            | bge 0x354
  0x0294  cmplwi r27, 0x0                                      | cmplwi r27, 0x0
  0x0298  bne 0x354                                            | bne 0x354
  0x029c  bl OSDisableInterrupts [None+0 t10]                  | bl OSDisableInterrupts [None+0 t10]
  0x02a0  lwz r0, 0xc(r31) [None+0 tNone]                      | lwz r0, 0xc(r31) [None+0 tNone]
  0x02a4  addi r24, r3, 0x0                                    | addi r24, r3, 0x0
  0x02a8  rlwinm. r0, r0, 0, 28, 28                            | rlwinm. r0, r0, 0, 28, 28
  0x02ac  bne 0x2bc                                            | bne 0x2bc
  0x02b0  mr r3, r24                                           | mr r3, r24
  0x02b4  bl OSRestoreInterrupts [None+0 t10]                  | bl OSRestoreInterrupts [None+0 t10]
  0x02b8  b 0x304                                              | b 0x304
  0x02bc  lwz r0, 0xc(r31) [None+0 tNone]                      | lwz r0, 0xc(r31) [None+0 tNone]
  0x02c0  rlwinm. r0, r0, 0, 27, 27                            | rlwinm. r0, r0, 0, 27, 27
  0x02c4  beq 0x2e0                                            | beq 0x2e0
  0x02c8  lwz r0, 0x18(r31) [None+0 tNone]                     | lwz r0, 0x18(r31) [None+0 tNone]
  0x02cc  cmplwi r0, 0x0                                       | cmplwi r0, 0x0
  0x02d0  bne 0x2e0                                            | bne 0x2e0
  0x02d4  mr r3, r24                                           | mr r3, r24
  0x02d8  bl OSRestoreInterrupts [None+0 t10]                  | bl OSRestoreInterrupts [None+0 t10]
  0x02dc  b 0x304                                              | b 0x304
  0x02e0  lwz r3, 0xc(r31) [None+0 tNone]                      | lwz r3, 0xc(r31) [None+0 tNone]
  0x02e4  mulli r0, r26, 0x3                                   | mulli r0, r26, 0x3
  0x02e8  rlwinm r4, r3, 0, 29, 27                             | rlwinm r4, r3, 0, 29, 27
  0x02ec  lis r3, 0x70                                         | lis r3, 0x70
  0x02f0  stw r4, 0xc(r31) [None+0 tNone]                      | stw r4, 0xc(r31) [None+0 tNone]
  0x02f4  srw r3, r3, r0                                       | srw r3, r3, r0
  0x02f8  bl __OSMaskInterrupts [None+0 t10]                   | bl __OSMaskInterrupts [None+0 t10]
  0x02fc  mr r3, r24                                           | mr r3, r24
  0x0300  bl OSRestoreInterrupts [None+0 t10]                  | bl OSRestoreInterrupts [None+0 t10]
  0x0304  bl OSDisableInterrupts [None+0 t10]                  | bl OSDisableInterrupts [None+0 t10]
  0x0308  lis r4, 0x8000                                       | lis r4, 0x8000
  0x030c  slwi r0, r26, 2                                      | slwi r0, r26, 2
  0x0310  addi r4, r4, 0x30c0                                  | addi r4, r4, 0x30c0
  0x0314  lwzx r0, r4, r0                                      | lwzx r0, r4, r0
  0x0318  subf r4, r29, r0                                     | subf r4, r29, r0
  0x031c  subic r0, r4, 0x1                                    | subic r0, r4, 0x1
  0x0320  subfe r0, r0, r4                                     | subfe r0, r0, r4
  0x0324  or. r30, r30, r0                                     | or. r30, r30, r0
  0x0328  bne 0x338                                            | bne 0x338
  0x032c  lwz r0, 0x0(r28)                                     | lwz r0, 0x0(r28)
  0x0330  stw r0, 0x1c(r31) [None+0 tNone]                     | stw r0, 0x1c(r31) [None+0 tNone]
  0x0334  stw r29, 0x20(r31) [None+0 tNone]                    | stw r29, 0x20(r31) [None+0 tNone]
  0x0338  bl OSRestoreInterrupts [None+0 t10]                  | bl OSRestoreInterrupts [None+0 t10]
  0x033c  cmpwi r30, 0x0                                       | cmpwi r30, 0x0
  0x0340  beq 0x34c                                            | beq 0x34c
  0x0344  li r3, 0x0                                           | li r3, 0x0
  0x0348  b 0x368                                              | b 0x368
  0x034c  lwz r3, 0x20(r31) [None+0 tNone]                     | lwz r3, 0x20(r31) [None+0 tNone]
  0x0350  b 0x368                                              | b 0x368
  0x0354  cmpwi r30, 0x0                                       | cmpwi r30, 0x0
  0x0358  beq 0x364                                            | beq 0x364
  0x035c  li r3, 0x0                                           | li r3, 0x0
  0x0360  b 0x368                                              | b 0x368
  0x0364  li r3, 0x1                                           | li r3, 0x1
  0x0368  lmw r24, 0x20(r1)                                    | lmw r24, 0x20(r1)
  0x036c  lwz r0, 0x44(r1)                                     | lwz r0, 0x44(r1)
  0x0370  addi r1, r1, 0x40                                    | addi r1, r1, 0x40
  0x0374  mtlr r0                                              | mtlr r0
  0x0378  blr                                                  | blr

Script done on 2026-09-29 18:37:21-04:00 [COMMAND_EXIT_CODE="0"]
