 INFO Writing to /home/rabbit/src/darkfoundry-new/.darkfoundry/worktrees/81136289-d9d6-4a74-8320-2e4da3c1fe24/eternal-darkness-decomp/build/GEDE01/fndiff_SISetXY.json
target 108 bytes  base 108 bytes  match 100.0
  0x0000  mflr r0                                              | mflr r0
  0x0004  stw r0, 0x4(r1)                                      | stw r0, 0x4(r1)
  0x0008  slwi r0, r4, 8                                       | slwi r0, r4, 8
  0x000c  stwu r1, -0x18(r1)                                   | stwu r1, -0x18(r1)
  0x0010  stw r31, 0x14(r1)                                    | stw r31, 0x14(r1)
  0x0014  slwi r31, r3, 16                                     | slwi r31, r3, 16
  0x0018  or r31, r31, r0                                      | or r31, r31, r0
  0x001c  bl OSDisableInterrupts [None+0 t10]                  | bl OSDisableInterrupts [None+0 t10]
  0x0020  lis r4, Si_802FCA20@ha [None+0 t6]                   | lis r4, Si_802FCA20@ha [None+0 t6]
  0x0024  addi r4, r4, Si_802FCA20@l [None+0 t4]               | addi r4, r4, Si_802FCA20@l [None+0 t4]
  0x0028  lwz r0, 0x4(r4) [None+0 tNone]                       | lwz r0, 0x4(r4) [None+0 tNone]
  0x002c  addi r5, r4, 0x4 [None+0 tNone]                      | addi r5, r4, 0x4 [None+0 tNone]
  0x0030  lis r4, 0xcc00                                       | lis r4, 0xcc00
  0x0034  rlwinm r0, r0, 0, 24, 5                              | rlwinm r0, r0, 0, 24, 5
  0x0038  stw r0, 0x0(r5) [None+0 tNone]                       | stw r0, 0x0(r5) [None+0 tNone]
  0x003c  lwz r0, 0x0(r5) [None+0 tNone]                       | lwz r0, 0x0(r5) [None+0 tNone]
  0x0040  or r0, r0, r31                                       | or r0, r0, r31
  0x0044  stw r0, 0x0(r5) [None+0 tNone]                       | stw r0, 0x0(r5) [None+0 tNone]
  0x0048  lwz r31, 0x0(r5) [None+0 tNone]                      | lwz r31, 0x0(r5) [None+0 tNone]
  0x004c  stw r31, 0x6430(r4)                                  | stw r31, 0x6430(r4)
  0x0050  bl OSRestoreInterrupts [None+0 t10]                  | bl OSRestoreInterrupts [None+0 t10]
  0x0054  mr r3, r31                                           | mr r3, r31
  0x0058  lwz r0, 0x1c(r1)                                     | lwz r0, 0x1c(r1)
  0x005c  lwz r31, 0x14(r1)                                    | lwz r31, 0x14(r1)
  0x0060  addi r1, r1, 0x18                                    | addi r1, r1, 0x18
  0x0064  mtlr r0                                              | mtlr r0
  0x0068  blr                                                  | blr
