Script started on 2026-09-29 17:27:07-04:00 [COMMAND="python3 tools/fndiff.py game/game_fn_802078DC.c EXTIntrruptHandler_802078DC" <not executed on terminal>]
 INFO Writing to /home/rabbit/src/darkfoundry-new/.darkfoundry/worktrees/81136289-d9d6-4a74-8320-2e4da3c1fe24/eternal-darkness-decomp/build/GEDE01/fndiff_EXTIntrruptHandler_802078DC.json
target 200 bytes  base 200 bytes  match 100.0
  0x0000  mflr r0                                              | mflr r0
  0x0004  extsh r5, r3                                         | extsh r5, r3
  0x0008  stw r0, 0x4(r1)                                      | stw r0, 0x4(r1)
  0x000c  lis r3, 0x5555                                       | lis r3, 0x5555
  0x0010  subi r0, r5, 0xb                                     | subi r0, r5, 0xb
  0x0014  addi r3, r3, 0x5556                                  | addi r3, r3, 0x5556
  0x0018  stwu r1, -0x2f0(r1)                                  | stwu r1, -0x2f0(r1)
  0x001c  mulhw r3, r3, r0                                     | mulhw r3, r3, r0
  0x0020  stmw r27, 0x2dc(r1)                                  | stmw r27, 0x2dc(r1)
  0x0024  srwi r0, r3, 31                                      | srwi r0, r3, 31
  0x0028  add r30, r3, r0                                      | add r30, r3, r0
  0x002c  mulli r0, r30, 0x3                                   | mulli r0, r30, 0x3
  0x0030  lis r3, 0x70                                         | lis r3, 0x70
  0x0034  addi r27, r4, 0x0                                    | addi r27, r4, 0x0
  0x0038  srw r3, r3, r0                                       | srw r3, r3, r0
  0x003c  bl __OSMaskInterrupts [None+0 t10]                   | bl __OSMaskInterrupts [None+0 t10]
  0x0040  mulli r0, r30, 0x14                                  | mulli r0, r30, 0x14
  0x0044  lis r4, 0xcc00                                       | lis r4, 0xcc00
  0x0048  lis r3, Ecb_80640AA8@ha [None+0 t6]                  | lis r3, Ecb_80640AA8@ha [None+0 t6]
  0x004c  addi r4, r4, 0x6800                                  | addi r4, r4, 0x6800
  0x0050  li r31, 0x0                                          | li r31, 0x0
  0x0054  stwx r31, r4, r0                                     | stwx r31, r4, r0
  0x0058  slwi r4, r30, 6                                      | slwi r4, r30, 6
  0x005c  addi r0, r3, Ecb_80640AA8@l [None+0 t4]              | addi r0, r3, Ecb_80640AA8@l [None+0 t4]
  0x0060  add r29, r0, r4 [None+0 tNone]                       | add r29, r0, r4 [None+0 tNone]
  0x0064  lwz r28, 0x8(r29) [None+0 tNone]                     | lwz r28, 0x8(r29) [None+0 tNone]
  0x0068  lwz r0, 0xc(r29) [None+0 tNone]                      | lwz r0, 0xc(r29) [None+0 tNone]
  0x006c  cmplwi r28, 0x0                                      | cmplwi r28, 0x0
  0x0070  rlwinm r0, r0, 0, 29, 27                             | rlwinm r0, r0, 0, 29, 27
  0x0074  stw r0, 0xc(r29) [None+0 tNone]                      | stw r0, 0xc(r29) [None+0 tNone]
  0x0078  beq 0xb4                                             | beq 0xb4
  0x007c  addi r3, r1, 0x10                                    | addi r3, r1, 0x10
  0x0080  bl OSClearContext [None+0 t10]                       | bl OSClearContext [None+0 t10]
  0x0084  addi r3, r1, 0x10                                    | addi r3, r1, 0x10
  0x0088  bl OSSetCurrentContext [None+0 t10]                  | bl OSSetCurrentContext [None+0 t10]
  0x008c  mr r12, r28                                          | mr r12, r28
  0x0090  stw r31, 0x8(r29) [None+0 tNone]                     | stw r31, 0x8(r29) [None+0 tNone]
  0x0094  mtlr r12                                             | mtlr r12
  0x0098  addi r3, r30, 0x0                                    | addi r3, r30, 0x0
  0x009c  addi r4, r27, 0x0                                    | addi r4, r27, 0x0
  0x00a0  blrl                                                 | blrl
  0x00a4  addi r3, r1, 0x10                                    | addi r3, r1, 0x10
  0x00a8  bl OSClearContext [None+0 t10]                       | bl OSClearContext [None+0 t10]
  0x00ac  mr r3, r27                                           | mr r3, r27
  0x00b0  bl OSSetCurrentContext [None+0 t10]                  | bl OSSetCurrentContext [None+0 t10]
  0x00b4  lmw r27, 0x2dc(r1)                                   | lmw r27, 0x2dc(r1)
  0x00b8  lwz r0, 0x2f4(r1)                                    | lwz r0, 0x2f4(r1)
  0x00bc  addi r1, r1, 0x2f0                                   | addi r1, r1, 0x2f0
  0x00c0  mtlr r0                                              | mtlr r0
  0x00c4  blr                                                  | blr

Script done on 2026-09-29 17:27:07-04:00 [COMMAND_EXIT_CODE="0"]
