target 764 bytes  base 764 bytes  match 98.05235
  0x0000  mflr r0                                              | mflr r0
  0x0004  lis r3, 0xcc00                                       | lis r3, 0xcc00
  0x0008  stw r0, 0x4(r1)                                      | stw r0, 0x4(r1)
  0x000c  stwu r1, -0x20(r1)                                   | stwu r1, -0x20(r1)
  0x0010  stw r31, 0x1c(r1)                                    | stw r31, 0x1c(r1)
  0x0014  stw r30, 0x18(r1)                                    | stw r30, 0x18(r1)
  0x0018  addi r30, r3, 0x6400                                 | addi r30, r3, 0x6400
  0x001c  stw r29, 0x14(r1)                                    | stw r29, 0x14(r1)
* 0x0020  addi r29, r30, 0x34                                  | addi r29, r3, 0x6400
  0x0024  stw r28, 0x10(r1)                                    | stw r28, 0x10(r1)
  0x0028  lwz r0, 0x6434(r3)                                   | lwz r0, 0x6434(r3)
* 0x002c                                                       | lis r3, Si_802FCA20@ha [None+0 t6]
* 0x0030  lwz r28, 0x6438(r3)                                  | lwz r28, 0x38(r30)
* 0x0034  lis r3, Si_802FCA20@ha [None+0 t6]                   | addi r31, r3, Si_802FCA20@l [None+0 t4]
  0x0038  oris r0, r0, 0x8000                                  | oris r0, r0, 0x8000
  0x003c  clrrwi r0, r0, 1                                     | clrrwi r0, r0, 1
* 0x0040  stw r0, 0x34(r30)                                    | stwu r0, 0x34(r29)
* 0x0044  addi r31, r3, Si_802FCA20@l [None+0 t4]              | 
  0x0048  lwz r0, 0x0(r31) [None+0 tNone]                      | lwz r0, 0x0(r31) [None+0 tNone]
  0x004c  cmpwi r0, -0x1                                       | cmpwi r0, -0x1
  0x0050  beq 0x2c0                                            | beq 0x2c0
  0x0054  bl __OSGetSystemTime [None+0 t10]                    | bl __OSGetSystemTime [None+0 t10]
  0x0058  lwz r6, 0x0(r31) [None+0 tNone]                      | lwz r6, 0x0(r31) [None+0 tNone]
  0x005c  lis r5, lbl_80640CA8@ha [None+0 t6]                  | lis r5, lbl_80640CA8@ha [None+0 t6]
  0x0060  addi r0, r5, lbl_80640CA8@l [None+0 t4]              | addi r0, r5, lbl_80640CA8@l [None+0 t4]
  0x0064  slwi r5, r6, 3                                       | slwi r5, r6, 3
  0x0068  add r5, r0, r5 [None+0 tNone]                        | add r5, r0, r5 [None+0 tNone]
  0x006c  stw r4, 0x4(r5) [None+0 tNone]                       | stw r4, 0x4(r5) [None+0 tNone]
* 0x0070  addi r6, r31, 0x8 [None+0 tNone]                     | addi r7, r31, 0x8 [None+0 tNone]
  0x0074  li r4, 0x0                                           | li r4, 0x0
  0x0078  stw r3, 0x0(r5) [None+0 tNone]                       | stw r3, 0x0(r5) [None+0 tNone]
  0x007c  lwz r0, 0x8(r31) [None+0 tNone]                      | lwz r0, 0x8(r31) [None+0 tNone]
  0x0080  lwz r5, 0xc(r31) [None+0 tNone]                      | lwz r5, 0xc(r31) [None+0 tNone]
* 0x0084  srwi r7, r0, 2                                       | srwi r6, r0, 2
* 0x0088  cmplwi r7, 0x0                                       | cmplwi r6, 0x0
  0x008c  ble 0x128                                            | ble 0x128
* 0x0090  cmplwi r7, 0x8                                       | cmplwi r6, 0x8
* 0x0094  subi r3, r7, 0x8                                     | subi r3, r6, 0x8
  0x0098  ble 0x2c8                                            | ble 0x2c8
  0x009c  addi r0, r3, 0x7                                     | addi r0, r3, 0x7
  0x00a0  srwi r0, r0, 3                                       | srwi r0, r0, 3
  0x00a4  cmplwi r3, 0x0                                       | cmplwi r3, 0x0
  0x00a8  mtctr r0                                             | mtctr r0
  0x00ac  ble 0x2c8                                            | ble 0x2c8
  0x00b0  lwz r0, 0x80(r30)                                    | lwz r0, 0x80(r30)
  0x00b4  addi r4, r4, 0x8                                     | addi r4, r4, 0x8
  0x00b8  stw r0, 0x0(r5)                                      | stw r0, 0x0(r5)
  0x00bc  lwz r0, 0x84(r30)                                    | lwz r0, 0x84(r30)
  0x00c0  stw r0, 0x4(r5)                                      | stw r0, 0x4(r5)
  0x00c4  lwz r0, 0x88(r30)                                    | lwz r0, 0x88(r30)
  0x00c8  stw r0, 0x8(r5)                                      | stw r0, 0x8(r5)
  0x00cc  lwz r0, 0x8c(r30)                                    | lwz r0, 0x8c(r30)
  0x00d0  stw r0, 0xc(r5)                                      | stw r0, 0xc(r5)
  0x00d4  lwz r0, 0x90(r30)                                    | lwz r0, 0x90(r30)
  0x00d8  stw r0, 0x10(r5)                                     | stw r0, 0x10(r5)
  0x00dc  lwz r0, 0x94(r30)                                    | lwz r0, 0x94(r30)
  0x00e0  stw r0, 0x14(r5)                                     | stw r0, 0x14(r5)
  0x00e4  lwz r0, 0x98(r30)                                    | lwz r0, 0x98(r30)
  0x00e8  stw r0, 0x18(r5)                                     | stw r0, 0x18(r5)
  0x00ec  lwz r0, 0x9c(r30)                                    | lwz r0, 0x9c(r30)
  0x00f0  addi r30, r30, 0x20                                  | addi r30, r30, 0x20
  0x00f4  stw r0, 0x1c(r5)                                     | stw r0, 0x1c(r5)
  0x00f8  addi r5, r5, 0x20                                    | addi r5, r5, 0x20
  0x00fc  bdnz 0xac                                            | bdnz 0xac
  0x0100  b 0x2c8                                              | b 0x2c8
* 0x0104  subf r0, r4, r7                                      | subf r0, r4, r6
* 0x0108  cmplw r4, r7                                         | cmplw r4, r6
  0x010c  mtctr r0                                             | mtctr r0
  0x0110  bge 0x128                                            | bge 0x128
  0x0114  lwz r0, 0x80(r3)                                     | lwz r0, 0x80(r3)
  0x0118  addi r3, r3, 0x4                                     | addi r3, r3, 0x4
  0x011c  addi r4, r4, 0x1                                     | addi r4, r4, 0x1
  0x0120  stw r0, 0x0(r5)                                      | stw r0, 0x0(r5)
  0x0124  addi r5, r5, 0x4                                     | addi r5, r5, 0x4
  0x0128  bdnz 0x110                                           | bdnz 0x110
* 0x012c  lwz r0, 0x0(r6) [None+0 tNone]                       | lwz r0, 0x0(r7) [None+0 tNone]
  0x0130  clrlwi. r3, r0, 30                                   | clrlwi. r3, r0, 30
  0x0134  beq 0x240                                            | beq 0x240
  0x0138  lis r6, 0xcc00                                       | lis r6, 0xcc00
  0x013c  addi r6, r6, 0x6400                                  | addi r6, r6, 0x6400
  0x0140  slwi r0, r4, 2                                       | slwi r0, r4, 2
  0x0144  add r4, r6, r0                                       | add r4, r6, r0
  0x0148  lwz r6, 0x80(r4)                                     | lwz r6, 0x80(r4)
  0x014c  li r4, 0x0                                           | li r4, 0x0
  0x0150  ble 0x240                                            | ble 0x240
  0x0154  cmplwi r3, 0x8                                       | cmplwi r3, 0x8
  0x0158  subi r7, r3, 0x8                                     | subi r7, r3, 0x8
  0x015c  ble 0x214                                            | ble 0x214
  0x0160  addi r0, r7, 0x7                                     | addi r0, r7, 0x7
  0x0164  srwi r0, r0, 3                                       | srwi r0, r0, 3
  0x0168  cmplwi r7, 0x0                                       | cmplwi r7, 0x0
  0x016c  mtctr r0                                             | mtctr r0
  0x0170  ble 0x214                                            | ble 0x214
  0x0174  subfic r0, r4, 0x3                                   | subfic r0, r4, 0x3
  0x0178  slwi r7, r0, 3                                       | slwi r7, r0, 3
  0x017c  addi r0, r4, 0x1                                     | addi r0, r4, 0x1
  0x0180  srw r7, r6, r7                                       | srw r7, r6, r7
  0x0184  subfic r0, r0, 0x3                                   | subfic r0, r0, 0x3
  0x0188  stb r7, 0x0(r5)                                      | stb r7, 0x0(r5)
  0x018c  slwi r0, r0, 3                                       | slwi r0, r0, 3
  0x0190  addi r7, r4, 0x2                                     | addi r7, r4, 0x2
  0x0194  srw r0, r6, r0                                       | srw r0, r6, r0
  0x0198  subfic r7, r7, 0x3                                   | subfic r7, r7, 0x3
  0x019c  stb r0, 0x1(r5)                                      | stb r0, 0x1(r5)
  0x01a0  slwi r7, r7, 3                                       | slwi r7, r7, 3
  0x01a4  srw r12, r6, r7                                      | srw r12, r6, r7
  0x01a8  neg r7, r4                                           | neg r7, r4
  0x01ac  stb r12, 0x2(r5)                                     | stb r12, 0x2(r5)
  0x01b0  slwi r8, r7, 3                                       | slwi r8, r7, 3
  0x01b4  addi r7, r4, 0x4                                     | addi r7, r4, 0x4
  0x01b8  srw r11, r6, r8                                      | srw r11, r6, r8
  0x01bc  subfic r7, r7, 0x3                                   | subfic r7, r7, 0x3
  0x01c0  stb r11, 0x3(r5)                                     | stb r11, 0x3(r5)
  0x01c4  slwi r8, r7, 3                                       | slwi r8, r7, 3
  0x01c8  addi r7, r4, 0x5                                     | addi r7, r4, 0x5
  0x01cc  srw r10, r6, r8                                      | srw r10, r6, r8
  0x01d0  subfic r7, r7, 0x3                                   | subfic r7, r7, 0x3
  0x01d4  stb r10, 0x4(r5)                                     | stb r10, 0x4(r5)
  0x01d8  slwi r8, r7, 3                                       | slwi r8, r7, 3
  0x01dc  srw r9, r6, r8                                       | srw r9, r6, r8
  0x01e0  addi r7, r4, 0x6                                     | addi r7, r4, 0x6
  0x01e4  stb r9, 0x5(r5)                                      | stb r9, 0x5(r5)
  0x01e8  subfic r8, r7, 0x3                                   | subfic r8, r7, 0x3
  0x01ec  addi r7, r4, 0x7                                     | addi r7, r4, 0x7
  0x01f0  slwi r8, r8, 3                                       | slwi r8, r8, 3
  0x01f4  srw r8, r6, r8                                       | srw r8, r6, r8
  0x01f8  subfic r7, r7, 0x3                                   | subfic r7, r7, 0x3
  0x01fc  stb r8, 0x6(r5)                                      | stb r8, 0x6(r5)
  0x0200  slwi r7, r7, 3                                       | slwi r7, r7, 3
  0x0204  srw r7, r6, r7                                       | srw r7, r6, r7
  0x0208  stb r7, 0x7(r5)                                      | stb r7, 0x7(r5)
  0x020c  addi r5, r5, 0x8                                     | addi r5, r5, 0x8
  0x0210  addi r4, r4, 0x8                                     | addi r4, r4, 0x8
  0x0214  bdnz 0x170                                           | bdnz 0x170
  0x0218  subf r0, r4, r3                                      | subf r0, r4, r3
  0x021c  cmplw r4, r3                                         | cmplw r4, r3
  0x0220  mtctr r0                                             | mtctr r0
  0x0224  bge 0x240                                            | bge 0x240
  0x0228  subfic r0, r4, 0x3                                   | subfic r0, r4, 0x3
  0x022c  slwi r0, r0, 3                                       | slwi r0, r0, 3
  0x0230  srw r0, r6, r0                                       | srw r0, r6, r0
  0x0234  stb r0, 0x0(r5)                                      | stb r0, 0x0(r5)
  0x0238  addi r5, r5, 0x1                                     | addi r5, r5, 0x1
  0x023c  addi r4, r4, 0x1                                     | addi r4, r4, 0x1
  0x0240  bdnz 0x224                                           | bdnz 0x224
  0x0244  lwz r0, 0x0(r29)                                     | lwz r0, 0x0(r29)
  0x0248  rlwinm. r0, r0, 0, 2, 2                              | rlwinm. r0, r0, 0, 2, 2
  0x024c  beq 0x294                                            | beq 0x294
  0x0250  lwz r3, 0x0(r31) [None+0 tNone]                      | lwz r3, 0x0(r31) [None+0 tNone]
  0x0254  subfic r0, r3, 0x3                                   | subfic r0, r3, 0x3
  0x0258  slwi r0, r0, 3                                       | slwi r0, r0, 3
  0x025c  srw r28, r28, r0                                     | srw r28, r28, r0
  0x0260  clrlwi r28, r28, 28                                  | clrlwi r28, r28, 28
  0x0264  rlwinm. r0, r28, 0, 28, 28                           | rlwinm. r0, r28, 0, 28, 28
  0x0268  beq 0x284                                            | beq 0x284
  0x026c  slwi r0, r3, 2                                       | slwi r0, r3, 2
  0x0270  add r3, r31, r0 [None+0 tNone]                       | add r3, r31, r0 [None+0 tNone]
  0x0274  lwzu r0, 0x14(r3) [None+0 tNone]                     | lwzu r0, 0x14(r3) [None+0 tNone]
  0x0278  rlwinm. r0, r0, 0, 24, 24                            | rlwinm. r0, r0, 0, 24, 24
  0x027c  bne 0x284                                            | bne 0x284
  0x0280  li r0, 0x8                                           | li r0, 0x8
  0x0284  stw r0, 0x0(r3)                                      | stw r0, 0x0(r3)
  0x0288  cmplwi r28, 0x0                                      | cmplwi r28, 0x0
  0x028c  bne 0x2b8                                            | bne 0x2b8
  0x0290  li r28, 0x4                                          | li r28, 0x4
  0x0294  b 0x2b8                                              | b 0x2b8
  0x0298  bl __OSGetSystemTime [None+0 t10]                    | bl __OSGetSystemTime [None+0 t10]
  0x029c  lwz r6, 0x0(r31) [None+0 tNone]                      | lwz r6, 0x0(r31) [None+0 tNone]
  0x02a0  lis r5, TypeTime_80640C88@ha [None+0 t6]             | lis r5, TypeTime_80640C88@ha [None+0 t6]
  0x02a4  addi r0, r5, TypeTime_80640C88@l [None+0 t4]         | addi r0, r5, TypeTime_80640C88@l [None+0 t4]
  0x02a8  slwi r5, r6, 3                                       | slwi r5, r6, 3
  0x02ac  add r5, r0, r5 [None+0 tNone]                        | add r5, r0, r5 [None+0 tNone]
  0x02b0  stw r4, 0x4(r5) [None+0 tNone]                       | stw r4, 0x4(r5) [None+0 tNone]
  0x02b4  li r28, 0x0                                          | li r28, 0x0
  0x02b8  stw r3, 0x0(r5) [None+0 tNone]                       | stw r3, 0x0(r5) [None+0 tNone]
  0x02bc  li r0, -0x1                                          | li r0, -0x1
  0x02c0  stw r0, 0x0(r31) [None+0 tNone]                      | stw r0, 0x0(r31) [None+0 tNone]
  0x02c4  mr r3, r28                                           | mr r3, r28
  0x02c8  b 0x2dc                                              | b 0x2dc
  0x02cc  lis r3, 0xcc00                                       | lis r3, 0xcc00
  0x02d0  slwi r0, r4, 2                                       | slwi r0, r4, 2
  0x02d4  addi r3, r3, 0x6400                                  | addi r3, r3, 0x6400
  0x02d8  add r3, r3, r0                                       | add r3, r3, r0
  0x02dc  b 0x100                                              | b 0x100
  0x02e0  lwz r0, 0x24(r1)                                     | lwz r0, 0x24(r1)
  0x02e4  lwz r31, 0x1c(r1)                                    | lwz r31, 0x1c(r1)
  0x02e8  lwz r30, 0x18(r1)                                    | lwz r30, 0x18(r1)
  0x02ec  lwz r29, 0x14(r1)                                    | lwz r29, 0x14(r1)
  0x02f0  lwz r28, 0x10(r1)                                    | lwz r28, 0x10(r1)
  0x02f4  addi r1, r1, 0x20                                    | addi r1, r1, 0x20
  0x02f8  mtlr r0                                              | mtlr r0
  0x02fc  blr                                                  | blr
