 INFO Writing to /home/rabbit/src/darkfoundry-new/.darkfoundry/worktrees/81136289-d9d6-4a74-8320-2e4da3c1fe24/eternal-darkness-decomp/build/GEDE01/fndiff_EXIIntrruptHandler_802075FC.json
target 200 bytes  base 200 bytes  match 99.36
  0x0000  mflr r0                                              | mflr r0
  0x0004  extsh r5, r3                                         | extsh r5, r3
  0x0008  stw r0, 0x4(r1)                                      | stw r0, 0x4(r1)
  0x000c  lis r3, 0x5555                                       | lis r3, 0x5555
  0x0010  subi r0, r5, 0x9                                     | subi r0, r5, 0x9
  0x0014  addi r3, r3, 0x5556                                  | addi r3, r3, 0x5556
* 0x0018  stwu r1, -0x2f8(r1)                                  | stwu r1, -0x2f0(r1)
  0x001c  mulhw r3, r3, r0                                     | mulhw r3, r3, r0
* 0x0020  stw r31, 0x2f4(r1)                                   | stw r31, 0x2ec(r1)
* 0x0024  stw r30, 0x2f0(r1)                                   | stw r30, 0x2e8(r1)
  0x0028  srwi r0, r3, 31                                      | srwi r0, r3, 31
* 0x002c  stw r29, 0x2ec(r1)                                   | stw r29, 0x2e4(r1)
  0x0030  add r31, r3, r0                                      | add r31, r3, r0
  0x0034  lis r3, 0xcc00                                       | lis r3, 0xcc00
  0x0038  addi r7, r3, 0x6800                                  | addi r7, r3, 0x6800
  0x003c  mulli r0, r31, 0x14                                  | mulli r0, r31, 0x14
  0x0040  add r7, r7, r0                                       | add r7, r7, r0
* 0x0044  lwz r6, 0x0(r7)                                      | lwz r0, 0x0(r7)
  0x0048  lis r3, Ecb_80640AA8@ha [None+0 t6]                  | lis r3, Ecb_80640AA8@ha [None+0 t6]
  0x004c  slwi r5, r31, 6                                      | slwi r5, r31, 6
* 0x0050  andi. r6, r6, 0x7f5                                  | andi. r6, r0, 0x7f5
  0x0054  addi r0, r3, Ecb_80640AA8@l [None+0 t4]              | addi r0, r3, Ecb_80640AA8@l [None+0 t4]
  0x0058  add r3, r0, r5 [None+0 tNone]                        | add r3, r0, r5 [None+0 tNone]
* 0x005c  ori r6, r6, 0x2                                      | ori r0, r6, 0x2
* 0x0060  stw r6, 0x0(r7)                                      | stw r0, 0x0(r7)
  0x0064  mr r29, r4                                           | mr r29, r4
  0x0068  lwz r0, 0x0(r3) [None+0 tNone]                       | lwz r0, 0x0(r3) [None+0 tNone]
  0x006c  cmplwi r0, 0x0                                       | cmplwi r0, 0x0
  0x0070  mr r30, r0                                           | mr r30, r0
  0x0074  beq 0xac                                             | beq 0xac
* 0x0078  addi r3, r1, 0x18                                    | addi r3, r1, 0x10
  0x007c  bl OSClearContext [None+0 t10]                       | bl OSClearContext [None+0 t10]
* 0x0080  addi r3, r1, 0x18                                    | addi r3, r1, 0x10
  0x0084  bl OSSetCurrentContext [None+0 t10]                  | bl OSSetCurrentContext [None+0 t10]
  0x0088  addi r12, r30, 0x0                                   | addi r12, r30, 0x0
  0x008c  mtlr r12                                             | mtlr r12
  0x0090  addi r3, r31, 0x0                                    | addi r3, r31, 0x0
  0x0094  addi r4, r29, 0x0                                    | addi r4, r29, 0x0
  0x0098  blrl                                                 | blrl
* 0x009c  addi r3, r1, 0x18                                    | addi r3, r1, 0x10
  0x00a0  bl OSClearContext [None+0 t10]                       | bl OSClearContext [None+0 t10]
  0x00a4  mr r3, r29                                           | mr r3, r29
  0x00a8  bl OSSetCurrentContext [None+0 t10]                  | bl OSSetCurrentContext [None+0 t10]
* 0x00ac  lwz r0, 0x2fc(r1)                                    | lwz r0, 0x2f4(r1)
* 0x00b0  lwz r31, 0x2f4(r1)                                   | lwz r31, 0x2ec(r1)
* 0x00b4  lwz r30, 0x2f0(r1)                                   | lwz r30, 0x2e8(r1)
* 0x00b8  lwz r29, 0x2ec(r1)                                   | lwz r29, 0x2e4(r1)
* 0x00bc  addi r1, r1, 0x2f8                                   | addi r1, r1, 0x2f0
  0x00c0  mtlr r0                                              | mtlr r0
  0x00c4  blr                                                  | blr
