 INFO Writing to /home/rabbit/src/darkfoundry-new/.darkfoundry/worktrees/81136289-d9d6-4a74-8320-2e4da3c1fe24/eternal-darkness-decomp/build/GEDE01/fndiff_EXIUnlock.json
target 220 bytes  base 220 bytes  match 100.0
  0x0000  mflr r0                                              | mflr r0
  0x0004  stw r0, 0x4(r1)                                      | stw r0, 0x4(r1)
  0x0008  stwu r1, -0x20(r1)                                   | stwu r1, -0x20(r1)
  0x000c  stw r31, 0x1c(r1)                                    | stw r31, 0x1c(r1)
  0x0010  stw r30, 0x18(r1)                                    | stw r30, 0x18(r1)
  0x0014  stw r29, 0x14(r1)                                    | stw r29, 0x14(r1)
  0x0018  stw r28, 0x10(r1)                                    | stw r28, 0x10(r1)
  0x001c  addi r28, r3, 0x0                                    | addi r28, r3, 0x0
  0x0020  lis r3, Ecb_80640AA8@ha [None+0 t6]                  | lis r3, Ecb_80640AA8@ha [None+0 t6]
  0x0024  slwi r4, r28, 6                                      | slwi r4, r28, 6
  0x0028  addi r0, r3, Ecb_80640AA8@l [None+0 t4]              | addi r0, r3, Ecb_80640AA8@l [None+0 t4]
  0x002c  add r31, r0, r4 [None+0 tNone]                       | add r31, r0, r4 [None+0 tNone]
  0x0030  bl OSDisableInterrupts [None+0 t10]                  | bl OSDisableInterrupts [None+0 t10]
  0x0034  lwz r0, 0xc(r31) [None+0 tNone]                      | lwz r0, 0xc(r31) [None+0 tNone]
  0x0038  addi r30, r3, 0x0                                    | addi r30, r3, 0x0
  0x003c  rlwinm. r0, r0, 0, 27, 27                            | rlwinm. r0, r0, 0, 27, 27
  0x0040  bne 0x54                                             | bne 0x54
  0x0044  mr r3, r30                                           | mr r3, r30
  0x0048  bl OSRestoreInterrupts [None+0 t10]                  | bl OSRestoreInterrupts [None+0 t10]
  0x004c  li r3, 0x0                                           | li r3, 0x0
  0x0050  b 0xbc                                               | b 0xbc
  0x0054  lwz r0, 0xc(r31) [None+0 tNone]                      | lwz r0, 0xc(r31) [None+0 tNone]
  0x0058  addi r3, r28, 0x0                                    | addi r3, r28, 0x0
  0x005c  addi r4, r31, 0x0 [None+0 tNone]                     | addi r4, r31, 0x0 [None+0 tNone]
  0x0060  rlwinm r0, r0, 0, 28, 26                             | rlwinm r0, r0, 0, 28, 26
  0x0064  stw r0, 0xc(r31) [None+0 tNone]                      | stw r0, 0xc(r31) [None+0 tNone]
  0x0068  bl fn_80206778 [None+0 t10]                          | bl fn_80206778 [None+0 t10]
  0x006c  lwz r3, 0x24(r31) [None+0 tNone]                     | lwz r3, 0x24(r31) [None+0 tNone]
  0x0070  cmpwi r3, 0x0                                        | cmpwi r3, 0x0
  0x0074  ble 0xb0                                             | ble 0xb0
  0x0078  subic. r0, r3, 0x1                                   | subic. r0, r3, 0x1
  0x007c  lwz r29, 0x2c(r31) [None+0 tNone]                    | lwz r29, 0x2c(r31) [None+0 tNone]
  0x0080  stw r0, 0x24(r31) [None+0 tNone]                     | stw r0, 0x24(r31) [None+0 tNone]
  0x0084  ble 0x9c                                             | ble 0x9c
  0x0088  lwz r0, 0x24(r31) [None+0 tNone]                     | lwz r0, 0x24(r31) [None+0 tNone]
  0x008c  addi r3, r31, 0x28 [None+0 tNone]                    | addi r3, r31, 0x28 [None+0 tNone]
  0x0090  addi r4, r31, 0x30 [None+0 tNone]                    | addi r4, r31, 0x30 [None+0 tNone]
  0x0094  slwi r5, r0, 3                                       | slwi r5, r0, 3
  0x0098  bl fn_800F9990 [None+0 t10]                          | bl fn_800F9990 [None+0 t10]
  0x009c  addi r12, r29, 0x0                                   | addi r12, r29, 0x0
  0x00a0  mtlr r12                                             | mtlr r12
  0x00a4  addi r3, r28, 0x0                                    | addi r3, r28, 0x0
  0x00a8  li r4, 0x0                                           | li r4, 0x0
  0x00ac  blrl                                                 | blrl
  0x00b0  mr r3, r30                                           | mr r3, r30
  0x00b4  bl OSRestoreInterrupts [None+0 t10]                  | bl OSRestoreInterrupts [None+0 t10]
  0x00b8  li r3, 0x1                                           | li r3, 0x1
  0x00bc  lwz r0, 0x24(r1)                                     | lwz r0, 0x24(r1)
  0x00c0  lwz r31, 0x1c(r1)                                    | lwz r31, 0x1c(r1)
  0x00c4  lwz r30, 0x18(r1)                                    | lwz r30, 0x18(r1)
  0x00c8  lwz r29, 0x14(r1)                                    | lwz r29, 0x14(r1)
  0x00cc  lwz r28, 0x10(r1)                                    | lwz r28, 0x10(r1)
  0x00d0  addi r1, r1, 0x20                                    | addi r1, r1, 0x20
  0x00d4  mtlr r0                                              | mtlr r0
  0x00d8  blr                                                  | blr
