 INFO Writing to /home/rabbit/src/darkfoundry-new/.darkfoundry/worktrees/81136289-d9d6-4a74-8320-2e4da3c1fe24/eternal-darkness-decomp/build/GEDE01/fndiff_fn_80208AB4.json
target 244 bytes  base 244 bytes  match 100.0
  0x0000  mflr r0                                              | mflr r0
  0x0004  stw r0, 0x4(r1)                                      | stw r0, 0x4(r1)
  0x0008  stwu r1, -0x18(r1)                                   | stwu r1, -0x18(r1)
  0x000c  stw r31, 0x14(r1)                                    | stw r31, 0x14(r1)
  0x0010  stw r30, 0x10(r1)                                    | stw r30, 0x10(r1)
  0x0014  mr r30, r3                                           | mr r30, r3
  0x0018  bl OSDisableInterrupts [None+0 t10]                  | bl OSDisableInterrupts [None+0 t10]
  0x001c  lis r4, lbl_80640D08@ha [None+0 t6]                  | lis r4, lbl_80640D08@ha [None+0 t6]
  0x0020  li r0, 0x4                                           | li r0, 0x4
  0x0024  addi r5, r4, lbl_80640D08@l [None+0 t4]              | addi r5, r4, lbl_80640D08@l [None+0 t4]
  0x0028  mtctr r0                                             | mtctr r0
  0x002c  addi r31, r3, 0x0                                    | addi r31, r3, 0x0
  0x0030  addi r3, r5, 0x0 [None+0 tNone]                      | addi r3, r5, 0x0 [None+0 tNone]
  0x0034  li r4, 0x0                                           | li r4, 0x0
  0x0038  lwz r0, 0x0(r3) [None+0 tNone]                       | lwz r0, 0x0(r3) [None+0 tNone]
  0x003c  cmplw r0, r30                                        | cmplw r0, r30
  0x0040  bne 0xc4                                             | bne 0xc4
  0x0044  lis r3, lbl_80640D08@ha [None+0 t6]                  | lis r3, lbl_80640D08@ha [None+0 t6]
  0x0048  slwi r4, r4, 2                                       | slwi r4, r4, 2
  0x004c  addi r0, r3, lbl_80640D08@l [None+0 t4]              | addi r0, r3, lbl_80640D08@l [None+0 t4]
  0x0050  add r3, r0, r4 [None+0 tNone]                        | add r3, r0, r4 [None+0 tNone]
  0x0054  li r0, 0x0                                           | li r0, 0x0
  0x0058  stw r0, 0x0(r3) [None+0 tNone]                       | stw r0, 0x0(r3) [None+0 tNone]
  0x005c  li r4, 0x0                                           | li r4, 0x0
  0x0060  lwz r0, 0x0(r5) [None+0 tNone]                       | lwz r0, 0x0(r5) [None+0 tNone]
  0x0064  cmplwi r0, 0x0                                       | cmplwi r0, 0x0
  0x0068  bne 0xa4                                             | bne 0xa4
  0x006c  addi r3, r5, 0x4 [None+0 tNone]                      | addi r3, r5, 0x4 [None+0 tNone]
  0x0070  lwz r0, 0x4(r5) [None+0 tNone]                       | lwz r0, 0x4(r5) [None+0 tNone]
  0x0074  li r4, 0x1                                           | li r4, 0x1
  0x0078  cmplwi r0, 0x0                                       | cmplwi r0, 0x0
  0x007c  bne 0xa4                                             | bne 0xa4
  0x0080  lwzu r0, 0x4(r3) [None+0 tNone]                      | lwzu r0, 0x4(r3) [None+0 tNone]
  0x0084  li r4, 0x2                                           | li r4, 0x2
  0x0088  cmplwi r0, 0x0                                       | cmplwi r0, 0x0
  0x008c  bne 0xa4                                             | bne 0xa4
  0x0090  lwz r0, 0x4(r3)                                      | lwz r0, 0x4(r3)
  0x0094  li r4, 0x3                                           | li r4, 0x3
  0x0098  cmplwi r0, 0x0                                       | cmplwi r0, 0x0
  0x009c  bne 0xa4                                             | bne 0xa4
  0x00a0  li r4, 0x4                                           | li r4, 0x4
  0x00a4  cmpwi r4, 0x4                                        | cmpwi r4, 0x4
  0x00a8  bne 0xb4                                             | bne 0xb4
  0x00ac  li r3, 0x0                                           | li r3, 0x0
  0x00b0  bl fn_80208950 [None+0 t10]                          | bl fn_80208950 [None+0 t10]
  0x00b4  mr r3, r31                                           | mr r3, r31
  0x00b8  bl OSRestoreInterrupts [None+0 t10]                  | bl OSRestoreInterrupts [None+0 t10]
  0x00bc  li r3, 0x1                                           | li r3, 0x1
  0x00c0  b 0xdc                                               | b 0xdc
  0x00c4  addi r3, r3, 0x4 [None+0 tNone]                      | addi r3, r3, 0x4 [None+0 tNone]
  0x00c8  addi r4, r4, 0x1                                     | addi r4, r4, 0x1
  0x00cc  bdnz 0x38                                            | bdnz 0x38
  0x00d0  mr r3, r31                                           | mr r3, r31
  0x00d4  bl OSRestoreInterrupts [None+0 t10]                  | bl OSRestoreInterrupts [None+0 t10]
  0x00d8  li r3, 0x0                                           | li r3, 0x0
  0x00dc  lwz r0, 0x1c(r1)                                     | lwz r0, 0x1c(r1)
  0x00e0  lwz r31, 0x14(r1)                                    | lwz r31, 0x14(r1)
  0x00e4  lwz r30, 0x10(r1)                                    | lwz r30, 0x10(r1)
  0x00e8  addi r1, r1, 0x18                                    | addi r1, r1, 0x18
  0x00ec  mtlr r0                                              | mtlr r0
  0x00f0  blr                                                  | blr
