Script started on 2026-09-29 17:22:22-04:00 [COMMAND="python3 tools/fndiff.py game/game_fn_802076C4.c TCIntrruptHandler_802076C4" <not executed on terminal>]
 INFO Writing to /home/rabbit/src/darkfoundry-new/.darkfoundry/worktrees/50c29326-0acb-40d9-995f-1837de479183/eternal-darkness-decomp/build/GEDE01/fndiff_TCIntrruptHandler_802076C4.json
target 536 bytes  base 532 bytes  match 93.76119
  0x0000  mflr r0                                              | mflr r0
  0x0004  extsh r6, r3                                         | extsh r6, r3
  0x0008  stw r0, 0x4(r1)                                      | stw r0, 0x4(r1)
  0x000c  lis r3, 0x5555                                       | lis r3, 0x5555
  0x0010  subi r0, r6, 0xa                                     | subi r0, r6, 0xa
  0x0014  stwu r1, -0x2f8(r1)                                  | stwu r1, -0x2f8(r1)
  0x0018  addi r3, r3, 0x5556                                  | addi r3, r3, 0x5556
  0x001c  mulhw r3, r3, r0                                     | mulhw r3, r3, r0
  0x0020  stw r31, 0x2f4(r1)                                   | stw r31, 0x2f4(r1)
  0x0024  stw r30, 0x2f0(r1)                                   | stw r30, 0x2f0(r1)
  0x0028  stw r29, 0x2ec(r1)                                   | stw r29, 0x2ec(r1)
  0x002c  srwi r0, r3, 31                                      | srwi r0, r3, 31
  0x0030  add r30, r3, r0                                      | add r30, r3, r0
  0x0034  lis r3, Ecb_80640AA8@ha [None+0 t6]                  | lis r3, Ecb_80640AA8@ha [None+0 t6]
  0x0038  stw r28, 0x2e8(r1)                                   | stw r28, 0x2e8(r1)
  0x003c  lis r0, 0x8000                                       | lis r0, 0x8000
  0x0040  slwi r5, r30, 6                                      | slwi r5, r30, 6
  0x0044  addi r3, r3, Ecb_80640AA8@l [None+0 t4]              | addi r3, r3, Ecb_80640AA8@l [None+0 t4]
  0x0048  add r31, r3, r5 [None+0 tNone]                       | add r31, r3, r5 [None+0 tNone]
  0x004c  addi r28, r4, 0x0                                    | addi r28, r4, 0x0
  0x0050  srw r3, r0, r6                                       | srw r3, r0, r6
  0x0054  bl __OSMaskInterrupts [None+0 t10]                   | bl __OSMaskInterrupts [None+0 t10]
* 0x0058  mulli r6, r30, 0x14                                  | mulli r3, r30, 0x14
* 0x005c  lis r3, 0xcc00                                       | subis r3, r3, 0x3400
* 0x0060  addi r4, r3, 0x6800                                  | 
* 0x0064  add r4, r4, r6                                       | 
* 0x0068  lwz r0, 0x0(r4)                                      | lwz r0, 0x6800(r3)
  0x006c  andi. r0, r0, 0x7f5                                  | andi. r0, r0, 0x7f5
  0x0070  ori r0, r0, 0x8                                      | ori r0, r0, 0x8
* 0x0074  stw r0, 0x0(r4)                                      | stw r0, 0x6800(r3)
  0x0078  lwz r0, 0x4(r31) [None+0 tNone]                      | lwz r0, 0x4(r31) [None+0 tNone]
  0x007c  cmplwi r0, 0x0                                       | cmplwi r0, 0x0
  0x0080  mr r29, r0                                           | mr r29, r0
  0x0084  beq 0x1f8                                            | beq 0x1f4
* 0x0088  li r5, 0x0                                           | li r0, 0x0
* 0x008c  stw r5, 0x4(r31) [None+0 tNone]                      | stw r0, 0x4(r31) [None+0 tNone]
  0x0090  lwz r0, 0xc(r31) [None+0 tNone]                      | lwz r0, 0xc(r31) [None+0 tNone]
  0x0094  clrlwi. r0, r0, 30                                   | clrlwi. r0, r0, 30
  0x0098  beq 0x1c4                                            | beq 0x1c0
  0x009c  lwz r0, 0xc(r31) [None+0 tNone]                      | lwz r0, 0xc(r31) [None+0 tNone]
  0x00a0  rlwinm. r0, r0, 0, 30, 30                            | rlwinm. r0, r0, 0, 30, 30
  0x00a4  beq 0x1b8                                            | beq 0x1b4
* 0x00a8  lwz r4, 0x10(r31) [None+0 tNone]                     | lwz r0, 0x10(r31) [None+0 tNone]
* 0x00ac  cmpwi r4, 0x0                                        | cmplwi r0, 0x0
  0x00b0  beq 0x1b8                                            | beq 0x1b4
* 0x00b4  addi r0, r3, 0x6800                                  | 
* 0x00b8  lwz r7, 0x14(r31) [None+0 tNone]                     | lwz r4, 0x14(r31) [None+0 tNone]
* 0x00bc  add r3, r0, r6                                       | mr r6, r0
* 0x00c0  lwz r6, 0x10(r3)                                     | lwz r7, 0x6810(r3)
* 0x00c4                                                       | li r5, 0x0
* 0x00c8                                                       | cmpwi r4, 0x0
  0x00cc  ble 0x1b8                                            | ble 0x1b4
  0x00d0  cmpwi r4, 0x8                                        | cmpwi r4, 0x8
  0x00d4  subi r3, r4, 0x8                                     | subi r3, r4, 0x8
  0x00d8  ble 0x18c                                            | ble 0x188
  0x00dc  addi r0, r3, 0x7                                     | addi r0, r3, 0x7
  0x00e0  srwi r0, r0, 3                                       | srwi r0, r0, 3
  0x00e4  cmpwi r3, 0x0                                        | cmpwi r3, 0x0
  0x00e8  mtctr r0                                             | mtctr r0
  0x00ec  ble 0x18c                                            | ble 0x188
  0x00f0  subfic r0, r5, 0x3                                   | subfic r0, r5, 0x3
  0x00f4  slwi r3, r0, 3                                       | slwi r3, r0, 3
  0x00f8  addi r0, r5, 0x1                                     | addi r0, r5, 0x1
* 0x00fc  srw r8, r6, r3                                       | srw r8, r7, r3
  0x0100  subfic r0, r0, 0x3                                   | subfic r0, r0, 0x3
* 0x0104  stb r8, 0x0(r7)                                      | stb r8, 0x0(r6)
  0x0108  slwi r3, r0, 3                                       | slwi r3, r0, 3
  0x010c  addi r0, r5, 0x2                                     | addi r0, r5, 0x2
* 0x0110  srw r3, r6, r3                                       | srw r3, r7, r3
  0x0114  subfic r0, r0, 0x3                                   | subfic r0, r0, 0x3
* 0x0118  stb r3, 0x1(r7)                                      | stb r3, 0x1(r6)
  0x011c  slwi r0, r0, 3                                       | slwi r0, r0, 3
* 0x0120  srw r0, r6, r0                                       | srw r0, r7, r0
  0x0124  neg r8, r5                                           | neg r8, r5
* 0x0128  stb r0, 0x2(r7)                                      | stb r0, 0x2(r6)
  0x012c  slwi r9, r8, 3                                       | slwi r9, r8, 3
  0x0130  addi r8, r5, 0x4                                     | addi r8, r5, 0x4
* 0x0134  srw r12, r6, r9                                      | srw r12, r7, r9
  0x0138  subfic r8, r8, 0x3                                   | subfic r8, r8, 0x3
* 0x013c  stb r12, 0x3(r7)                                     | stb r12, 0x3(r6)
  0x0140  slwi r9, r8, 3                                       | slwi r9, r8, 3
  0x0144  addi r8, r5, 0x5                                     | addi r8, r5, 0x5
* 0x0148  srw r11, r6, r9                                      | srw r11, r7, r9
  0x014c  subfic r8, r8, 0x3                                   | subfic r8, r8, 0x3
* 0x0150  stb r11, 0x4(r7)                                     | stb r11, 0x4(r6)
  0x0154  slwi r9, r8, 3                                       | slwi r9, r8, 3
* 0x0158  srw r10, r6, r9                                      | srw r10, r7, r9
  0x015c  addi r8, r5, 0x6                                     | addi r8, r5, 0x6
* 0x0160  stb r10, 0x5(r7)                                     | stb r10, 0x5(r6)
  0x0164  subfic r9, r8, 0x3                                   | subfic r9, r8, 0x3
  0x0168  addi r8, r5, 0x7                                     | addi r8, r5, 0x7
  0x016c  slwi r9, r9, 3                                       | slwi r9, r9, 3
* 0x0170  srw r9, r6, r9                                       | srw r9, r7, r9
  0x0174  subfic r8, r8, 0x3                                   | subfic r8, r8, 0x3
* 0x0178  stb r9, 0x6(r7)                                      | stb r9, 0x6(r6)
  0x017c  slwi r8, r8, 3                                       | slwi r8, r8, 3
* 0x0180  srw r8, r6, r8                                       | srw r8, r7, r8
* 0x0184  stb r8, 0x7(r7)                                      | stb r8, 0x7(r6)
* 0x0188  addi r7, r7, 0x8                                     | addi r6, r6, 0x8
  0x018c  addi r5, r5, 0x8                                     | addi r5, r5, 0x8
  0x0190  bdnz 0xe8                                            | bdnz 0xe4
  0x0194  subf r0, r5, r4                                      | subf r0, r5, r4
  0x0198  cmpw r5, r4                                          | cmpw r5, r4
  0x019c  mtctr r0                                             | mtctr r0
  0x01a0  bge 0x1b8                                            | bge 0x1b4
  0x01a4  subfic r0, r5, 0x3                                   | subfic r0, r5, 0x3
  0x01a8  slwi r0, r0, 3                                       | slwi r0, r0, 3
* 0x01ac  srw r0, r6, r0                                       | srw r0, r7, r0
* 0x01b0  stb r0, 0x0(r7)                                      | stb r0, 0x0(r6)
* 0x01b4  addi r7, r7, 0x1                                     | addi r6, r6, 0x1
  0x01b8  addi r5, r5, 0x1                                     | addi r5, r5, 0x1
  0x01bc  bdnz 0x19c                                           | bdnz 0x198
  0x01c0  lwz r0, 0xc(r31) [None+0 tNone]                      | lwz r0, 0xc(r31) [None+0 tNone]
  0x01c4  clrrwi r0, r0, 2                                     | clrrwi r0, r0, 2
  0x01c8  stw r0, 0xc(r31) [None+0 tNone]                      | stw r0, 0xc(r31) [None+0 tNone]
* 0x01cc  addi r3, r1, 0x20                                    | addi r3, r1, 0x18
  0x01d0  bl OSClearContext [None+0 t10]                       | bl OSClearContext [None+0 t10]
* 0x01d4  addi r3, r1, 0x20                                    | addi r3, r1, 0x18
  0x01d8  bl OSSetCurrentContext [None+0 t10]                  | bl OSSetCurrentContext [None+0 t10]
  0x01dc  addi r12, r29, 0x0                                   | addi r12, r29, 0x0
  0x01e0  mtlr r12                                             | mtlr r12
  0x01e4  addi r3, r30, 0x0                                    | addi r3, r30, 0x0
  0x01e8  addi r4, r28, 0x0                                    | addi r4, r28, 0x0
  0x01ec  blrl                                                 | blrl
* 0x01f0  addi r3, r1, 0x20                                    | addi r3, r1, 0x18
  0x01f4  bl OSClearContext [None+0 t10]                       | bl OSClearContext [None+0 t10]
  0x01f8  mr r3, r28                                           | mr r3, r28
  0x01fc  bl OSSetCurrentContext [None+0 t10]                  | bl OSSetCurrentContext [None+0 t10]
  0x0200  lwz r0, 0x2fc(r1)                                    | lwz r0, 0x2fc(r1)
  0x0204  lwz r31, 0x2f4(r1)                                   | lwz r31, 0x2f4(r1)
  0x0208  lwz r30, 0x2f0(r1)                                   | lwz r30, 0x2f0(r1)
  0x020c  lwz r29, 0x2ec(r1)                                   | lwz r29, 0x2ec(r1)
  0x0210  lwz r28, 0x2e8(r1)                                   | lwz r28, 0x2e8(r1)
  0x0214  addi r1, r1, 0x2f8                                   | addi r1, r1, 0x2f8
  0x0218  mtlr r0                                              | mtlr r0
  0x021c  blr                                                  | blr

Script done on 2026-09-29 17:22:23-04:00 [COMMAND_EXIT_CODE="0"]
