 INFO Writing to /home/rabbit/src/darkfoundry-new/.darkfoundry/worktrees/81136289-d9d6-4a74-8320-2e4da3c1fe24/eternal-darkness-decomp/build/GEDE01/fndiff_fn_80209140.json
target 196 bytes  base 196 bytes  match 95.71429
  0x0000  mflr r0                                              | mflr r0
* 0x0004  lis r5, Packet_80640B68@ha [None+0 t6]               | 
  0x0008  stw r0, 0x4(r1)                                      | stw r0, 0x4(r1)
* 0x000c  stwu r1, -0x28(r1)                                   | stwu r1, -0x30(r1)
* 0x0010  stmw r27, 0x14(r1)                                   | stmw r27, 0x1c(r1)
  0x0014  addi r29, r3, 0x0                                    | addi r29, r3, 0x0
* 0x0018                                                       | lis r3, Packet_80640B68@ha [None+0 t6]
  0x001c  addi r30, r4, 0x0                                    | addi r30, r4, 0x0
* 0x0020  addi r28, r5, Packet_80640B68@l [None+0 t4]          | addi r28, r3, Packet_80640B68@l [None+0 t4]
  0x0024  bl OSDisableInterrupts [None+0 t10]                  | bl OSDisableInterrupts [None+0 t10]
  0x0028  addi r31, r3, 0x0                                    | addi r31, r3, 0x0
  0x002c  addi r3, r29, 0x0                                    | addi r3, r29, 0x0
  0x0030  bl fn_80208E58 [None+0 t10]                          | bl fn_80208E58 [None+0 t10]
  0x0034  rlwinm. r0, r3, 0, 26, 26                            | rlwinm. r0, r3, 0, 26, 26
  0x0038  beq 0x70                                             | beq 0x70
  0x003c  mulli r4, r29, 0xc                                   | mulli r4, r29, 0xc
  0x0040  lis r3, 0xcc00                                       | lis r3, 0xcc00
  0x0044  addi r0, r3, 0x6400                                  | addi r0, r3, 0x6400
  0x0048  add r4, r0, r4                                       | add r4, r0, r4
  0x004c  slwi r3, r29, 3                                      | slwi r3, r29, 3
  0x0050  lwz r0, 0x4(r4)                                      | lwz r0, 0x4(r4)
  0x0054  add r5, r28, r3 [None+0 tNone]                       | add r5, r28, r3 [None+0 tNone]
  0x0058  stw r0, 0x1c0(r5) [None+0 tNone]                     | stw r0, 0x1c0(r5) [None+0 tNone]
  0x005c  slwi r0, r29, 2                                      | slwi r0, r29, 2
  0x0060  add r3, r28, r0 [None+0 tNone]                       | add r3, r28, r0 [None+0 tNone]
  0x0064  lwz r4, 0x8(r4)                                      | lwz r4, 0x8(r4)
  0x0068  li r0, 0x1                                           | li r0, 0x1
  0x006c  stw r4, 0x1c4(r5) [None+0 tNone]                     | stw r4, 0x1c4(r5) [None+0 tNone]
  0x0070  stw r0, 0x1b0(r3) [None+0 tNone]                     | stw r0, 0x1b0(r3) [None+0 tNone]
  0x0074  slwi r0, r29, 2                                      | slwi r0, r29, 2
  0x0078  add r3, r28, r0 [None+0 tNone]                       | add r3, r28, r0 [None+0 tNone]
  0x007c  lwz r27, 0x1b0(r3) [None+0 tNone]                    | lwz r27, 0x1b0(r3) [None+0 tNone]
  0x0080  li r0, 0x0                                           | li r0, 0x0
  0x0084  cmpwi r27, 0x0                                       | cmpwi r27, 0x0
  0x0088  stw r0, 0x1b0(r3) [None+0 tNone]                     | stw r0, 0x1b0(r3) [None+0 tNone]
  0x008c  beq 0xa4                                             | beq 0xa4
  0x0090  slwi r0, r29, 3                                      | slwi r0, r29, 3
  0x0094  add r3, r28, r0 [None+0 tNone]                       | add r3, r28, r0 [None+0 tNone]
  0x0098  lwz r0, 0x1c0(r3) [None+0 tNone]                     | lwz r0, 0x1c0(r3) [None+0 tNone]
  0x009c  stw r0, 0x0(r30)                                     | stw r0, 0x0(r30)
  0x00a0  lwz r0, 0x1c4(r3) [None+0 tNone]                     | lwz r0, 0x1c4(r3) [None+0 tNone]
  0x00a4  stw r0, 0x4(r30)                                     | stw r0, 0x4(r30)
  0x00a8  mr r3, r31                                           | mr r3, r31
  0x00ac  bl OSRestoreInterrupts [None+0 t10]                  | bl OSRestoreInterrupts [None+0 t10]
  0x00b0  mr r3, r27                                           | mr r3, r27
* 0x00b4  lmw r27, 0x14(r1)                                    | lmw r27, 0x1c(r1)
* 0x00b8  lwz r0, 0x2c(r1)                                     | lwz r0, 0x34(r1)
* 0x00bc  addi r1, r1, 0x28                                    | addi r1, r1, 0x30
  0x00c0  mtlr r0                                              | mtlr r0
  0x00c4  blr                                                  | blr
