 INFO Writing to /home/rabbit/src/darkfoundry-new/.darkfoundry/worktrees/81136289-d9d6-4a74-8320-2e4da3c1fe24/eternal-darkness-decomp/build/GEDE01/fndiff_DBPrintf.json
target 80 bytes  base 80 bytes  match 100.0
  0x0000  stwu r1, -0x70(r1)                                   | stwu r1, -0x70(r1)
  0x0004  bne cr1, 0x28                                        | bne cr1, 0x28
  0x0008  stfd f1, 0x28(r1)                                    | stfd f1, 0x28(r1)
  0x000c  stfd f2, 0x30(r1)                                    | stfd f2, 0x30(r1)
  0x0010  stfd f3, 0x38(r1)                                    | stfd f3, 0x38(r1)
  0x0014  stfd f4, 0x40(r1)                                    | stfd f4, 0x40(r1)
  0x0018  stfd f5, 0x48(r1)                                    | stfd f5, 0x48(r1)
  0x001c  stfd f6, 0x50(r1)                                    | stfd f6, 0x50(r1)
  0x0020  stfd f7, 0x58(r1)                                    | stfd f7, 0x58(r1)
  0x0024  stfd f8, 0x60(r1)                                    | stfd f8, 0x60(r1)
  0x0028  stw r3, 0x8(r1)                                      | stw r3, 0x8(r1)
  0x002c  stw r4, 0xc(r1)                                      | stw r4, 0xc(r1)
  0x0030  stw r5, 0x10(r1)                                     | stw r5, 0x10(r1)
  0x0034  stw r6, 0x14(r1)                                     | stw r6, 0x14(r1)
  0x0038  stw r7, 0x18(r1)                                     | stw r7, 0x18(r1)
  0x003c  stw r8, 0x1c(r1)                                     | stw r8, 0x1c(r1)
  0x0040  stw r9, 0x20(r1)                                     | stw r9, 0x20(r1)
  0x0044  stw r10, 0x24(r1)                                    | stw r10, 0x24(r1)
  0x0048  addi r1, r1, 0x70                                    | addi r1, r1, 0x70
  0x004c  blr                                                  | blr
