 INFO Writing to /home/rabbit/src/darkfoundry-new/.darkfoundry/worktrees/81136289-d9d6-4a74-8320-2e4da3c1fe24/eternal-darkness-decomp/build/GEDE01/fndiff_GetTypeCallback_802093FC.json
target 664 bytes  base 680 bytes  match 93.289154
  0x0000  mflr r0                                              | mflr r0
  0x0004  stw r0, 0x4(r1)                                      | stw r0, 0x4(r1)
  0x0008  stwu r1, -0x30(r1)                                   | stwu r1, -0x30(r1)
  0x000c  stmw r26, 0x18(r1)                                   | stmw r26, 0x18(r1)
  0x0010  addi r27, r3, 0x0                                    | addi r27, r3, 0x0
  0x0014  lis r3, Type_802FCA34@ha [None+0 t6]                 | lis r3, Type_802FCA34@ha [None+0 t6]
  0x0018  addi r0, r3, Type_802FCA34@l [None+0 t4]             | addi r0, r3, Type_802FCA34@l [None+0 t4]
  0x001c  slwi r29, r27, 2                                     | slwi r29, r27, 2
  0x0020  add r30, r0, r29 [None+0 tNone]                      | add r30, r0, r29 [None+0 tNone]
  0x0024  lis r3, Packet_80640B68@ha [None+0 t6]               | lis r3, Packet_80640B68@ha [None+0 t6]
  0x0028  addi r26, r4, 0x0                                    | addi r26, r4, 0x0
  0x002c  addi r31, r3, Packet_80640B68@l [None+0 t4]          | addi r31, r3, Packet_80640B68@l [None+0 t4]
  0x0030  lwz r0, 0x0(r30) [None+0 tNone]                      | lwz r0, 0x0(r30) [None+0 tNone]
  0x0034  rlwinm r0, r0, 0, 25, 23                             | rlwinm r0, r0, 0, 25, 23
  0x0038  stw r0, 0x0(r30) [None+0 tNone]                      | stw r0, 0x0(r30) [None+0 tNone]
  0x003c  lwz r0, 0x0(r30) [None+0 tNone]                      | lwz r0, 0x0(r30) [None+0 tNone]
  0x0040  or r0, r0, r26                                       | or r0, r0, r26
  0x0044  stw r0, 0x0(r30) [None+0 tNone]                      | stw r0, 0x0(r30) [None+0 tNone]
  0x0048  bl __OSGetSystemTime [None+0 t10]                    | bl __OSGetSystemTime [None+0 t10]
  0x004c  slwi r0, r27, 3                                      | slwi r0, r27, 3
  0x0050  add r5, r31, r0 [None+0 tNone]                       | add r5, r31, r0 [None+0 tNone]
  0x0054  stw r4, 0x124(r5) [None+0 tNone]                     | stw r4, 0x124(r5) [None+0 tNone]
  0x0058  lis r4, 0x8000                                       | lis r4, 0x8000
  0x005c  clrlwi. r0, r26, 28                                  | clrlwi. r0, r26, 28
  0x0060  stw r3, 0x120(r5) [None+0 tNone]                     | stw r3, 0x120(r5) [None+0 tNone]
  0x0064  srw r4, r4, r27                                      | srw r4, r4, r27
  0x0068  lwz r3, lbl_8064D8D8@sda21 [None+0 t109]             | lwz r3, lbl_8064D8D8@sda21 [None+0 t109]
  0x006c  lwz r28, 0x0(r30) [None+0 tNone]                     | lwz r28, 0x0(r30) [None+0 tNone]
  0x0070  andc r0, r3, r4                                      | andc r0, r3, r4
  0x0074  stw r0, lbl_8064D8D8@sda21 [None+0 t109]             | stw r0, lbl_8064D8D8@sda21 [None+0 t109]
  0x0078  and r26, r3, r4                                      | and r26, r3, r4
  0x007c  bne 0xa0                                             | bne 0xa0
  0x0080  rlwinm r3, r28, 0, 3, 4                              | rlwinm r3, r28, 0, 3, 4
  0x0084  subis r0, r3, 0x800                                  | subis r0, r3, 0x800
  0x0088  cmplwi r0, 0x0                                       | cmplwi r0, 0x0
  0x008c  bne 0xa0                                             | bne 0xa0
  0x0090  clrrwi. r0, r28, 31                                  | clrrwi. r0, r28, 31
  0x0094  beq 0xa0                                             | beq 0xa0
  0x0098  rlwinm. r0, r28, 0, 5, 5                             | rlwinm. r0, r28, 0, 5, 5
  0x009c  beq 0xf8                                             | beq 0xf4
  0x00a0  addi r3, r27, 0x0                                    | addi r3, r27, 0x0
  0x00a4  li r4, 0x0                                           | li r4, 0x0
  0x00a8  bl fn_8020EEA8 [None+0 t10]                          | bl fn_8020EEA8 [None+0 t10]
  0x00ac  slwi r0, r27, 4                                      | slwi r0, r27, 4
  0x00b0  lwz r30, 0x0(r30) [None+0 tNone]                     | lwz r30, 0x0(r30) [None+0 tNone]
* 0x00b4  add r31, r31, r0 [None+0 tNone]                      | 
  0x00b8  li r29, 0x0                                          | li r29, 0x0
  0x00bc  addi r28, r29, 0x0                                   | addi r28, r29, 0x0
* 0x00c0  addi r31, r31, 0x160 [None+0 tNone]                  | add r31, r31, r0 [None+0 tNone]
* 0x00c4  lwz r12, 0x0(r31) [None+0 tNone]                     | lwz r12, 0x160(r31) [None+0 tNone]
  0x00c8  cmplwi r12, 0x0                                      | cmplwi r12, 0x0
  0x00cc  beq 0xe4                                             | beq 0xe0
* 0x00d0  stw r28, 0x0(r31) [None+0 tNone]                     | stw r28, 0x160(r31) [None+0 tNone]
  0x00d4  mtlr r12                                             | mtlr r12
  0x00d8  addi r3, r27, 0x0                                    | addi r3, r27, 0x0
  0x00dc  addi r4, r30, 0x0                                    | addi r4, r30, 0x0
  0x00e0  blrl                                                 | blrl
  0x00e4  addi r29, r29, 0x1                                   | addi r29, r29, 0x1
  0x00e8  cmpwi r29, 0x4                                       | cmpwi r29, 0x4
* 0x00ec  addi r31, r31, 0x4 [None+0 tNone]                    | addi r31, r31, 0x4 [None+0 tNone]
  0x00f0  blt 0xc4                                             | blt 0xc0
  0x00f4  b 0x284                                              | b 0x294
  0x00f8  mr r3, r27                                           | mr r3, r27
  0x00fc  bl fn_8020EE24 [None+0 t10]                          | bl fn_8020EE24 [None+0 t10]
  0x0100  cmpwi r26, 0x0                                       | cmpwi r26, 0x0
  0x0104  clrlslwi r26, r3, 16, 8                              | clrlslwi r26, r3, 16, 8
  0x0108  beq 0x15c                                            | beq 0x160
  0x010c  rlwinm. r0, r26, 0, 11, 11                           | rlwinm. r0, r26, 0, 11, 11
  0x0110  beq 0x15c                                            | beq 0x160
  0x0114  lis r3, 0xd0                                         | lis r3, 0xd0
  0x0118  subi r0, r3, 0x100                                   | subi r0, r3, 0x100
  0x011c  and r0, r26, r0                                      | and r0, r26, r0
  0x0120  oris r0, r0, 0x4e10                                  | oris r0, r0, 0x4e10
  0x0124  add r4, r31, r29 [None+0 tNone]                      | add r4, r31, r29 [None+0 tNone]
* 0x0128  stwu r0, 0x1f0(r4) [None+0 tNone]                    | stw r0, 0x1f0(r4) [None+0 tNone]
  0x012c  li r0, 0x80                                          | li r0, 0x80
  0x0130  lis r3, GetTypeCallback_802093FC@ha [None+0 t6]      | lis r3, GetTypeCallback_802093FC@ha [None+0 t6]
* 0x0134                                                       | addi r4, r29, 0x1f0
  0x0138  stw r0, 0x0(r30) [None+0 tNone]                      | stw r0, 0x0(r30) [None+0 tNone]
  0x013c  addi r8, r3, GetTypeCallback_802093FC@l [None+0 t4]  | addi r8, r3, GetTypeCallback_802093FC@l [None+0 t4]
  0x0140  addi r3, r27, 0x0                                    | addi r3, r27, 0x0
  0x0144  addi r6, r30, 0x0 [None+0 tNone]                     | addi r6, r30, 0x0 [None+0 tNone]
* 0x0148                                                       | add r4, r31, r4 [None+0 tNone]
  0x014c  li r5, 0x3                                           | li r5, 0x3
  0x0150  li r7, 0x3                                           | li r7, 0x3
  0x0154  li r10, 0x0                                          | li r10, 0x0
  0x0158  li r9, 0x0                                           | li r9, 0x0
  0x015c  bl SITransfer [None+0 t10]                           | bl SITransfer [None+0 t10]
  0x0160  b 0x284                                              | b 0x294
  0x0164  rlwinm. r0, r28, 0, 11, 11                           | rlwinm. r0, r28, 0, 11, 11
  0x0168  beq 0x1d0                                            | beq 0x1dc
  0x016c  lis r3, 0xd0                                         | lis r3, 0xd0
  0x0170  subi r3, r3, 0x100                                   | subi r3, r3, 0x100
  0x0174  and r0, r26, r3                                      | and r0, r26, r3
  0x0178  and r3, r28, r3                                      | and r3, r28, r3
  0x017c  cmplw r0, r3                                         | cmplw r0, r3
  0x0180  beq 0x23c                                            | beq 0x250
  0x0184  rlwinm. r0, r26, 0, 11, 11                           | rlwinm. r0, r26, 0, 11, 11
  0x0188  bne 0x194                                            | bne 0x198
  0x018c  oris r26, r3, 0x10                                   | oris r26, r3, 0x10
  0x0190  addi r3, r27, 0x0                                    | addi r3, r27, 0x0
  0x0194  extrwi r4, r26, 16, 8                                | extrwi r4, r26, 16, 8
  0x0198  bl fn_8020EEA8 [None+0 t10]                          | bl fn_8020EEA8 [None+0 t10]
  0x019c  oris r0, r26, 0x4e00                                 | oris r0, r26, 0x4e00
  0x01a0  add r4, r31, r29 [None+0 tNone]                      | add r4, r31, r29 [None+0 tNone]
* 0x01a4  stwu r0, 0x1f0(r4) [None+0 tNone]                    | stw r0, 0x1f0(r4) [None+0 tNone]
  0x01a8  li r0, 0x80                                          | li r0, 0x80
  0x01ac  lis r3, GetTypeCallback_802093FC@ha [None+0 t6]      | lis r3, GetTypeCallback_802093FC@ha [None+0 t6]
* 0x01b0                                                       | addi r4, r29, 0x1f0
  0x01b4  stw r0, 0x0(r30) [None+0 tNone]                      | stw r0, 0x0(r30) [None+0 tNone]
  0x01b8  addi r8, r3, GetTypeCallback_802093FC@l [None+0 t4]  | addi r8, r3, GetTypeCallback_802093FC@l [None+0 t4]
  0x01bc  addi r3, r27, 0x0                                    | addi r3, r27, 0x0
  0x01c0  addi r6, r30, 0x0 [None+0 tNone]                     | addi r6, r30, 0x0 [None+0 tNone]
* 0x01c4                                                       | add r4, r31, r4 [None+0 tNone]
  0x01c8  li r5, 0x3                                           | li r5, 0x3
  0x01cc  li r7, 0x3                                           | li r7, 0x3
  0x01d0  li r10, 0x0                                          | li r10, 0x0
  0x01d4  li r9, 0x0                                           | li r9, 0x0
  0x01d8  bl SITransfer [None+0 t10]                           | bl SITransfer [None+0 t10]
  0x01dc  b 0x284                                              | b 0x294
  0x01e0  rlwinm. r0, r28, 0, 1, 1                             | rlwinm. r0, r28, 0, 1, 1
  0x01e4  beq 0x230                                            | beq 0x244
  0x01e8  lis r3, 0xd0                                         | lis r3, 0xd0
  0x01ec  subi r0, r3, 0x100                                   | subi r0, r3, 0x100
  0x01f0  and r28, r28, r0                                     | and r28, r28, r0
  0x01f4  oris r28, r28, 0x10                                  | oris r28, r28, 0x10
  0x01f8  addi r3, r27, 0x0                                    | addi r3, r27, 0x0
  0x01fc  extrwi r4, r28, 16, 8                                | extrwi r4, r28, 16, 8
  0x0200  bl fn_8020EEA8 [None+0 t10]                          | bl fn_8020EEA8 [None+0 t10]
  0x0204  oris r0, r28, 0x4e00                                 | oris r0, r28, 0x4e00
  0x0208  add r4, r31, r29 [None+0 tNone]                      | add r4, r31, r29 [None+0 tNone]
* 0x020c  stwu r0, 0x1f0(r4) [None+0 tNone]                    | stw r0, 0x1f0(r4) [None+0 tNone]
  0x0210  li r0, 0x80                                          | li r0, 0x80
  0x0214  lis r3, GetTypeCallback_802093FC@ha [None+0 t6]      | lis r3, GetTypeCallback_802093FC@ha [None+0 t6]
* 0x0218                                                       | addi r4, r29, 0x1f0
  0x021c  stw r0, 0x0(r30) [None+0 tNone]                      | stw r0, 0x0(r30) [None+0 tNone]
  0x0220  addi r8, r3, GetTypeCallback_802093FC@l [None+0 t4]  | addi r8, r3, GetTypeCallback_802093FC@l [None+0 t4]
  0x0224  addi r3, r27, 0x0                                    | addi r3, r27, 0x0
  0x0228  addi r6, r30, 0x0 [None+0 tNone]                     | addi r6, r30, 0x0 [None+0 tNone]
* 0x022c                                                       | add r4, r31, r4 [None+0 tNone]
  0x0230  li r5, 0x3                                           | li r5, 0x3
  0x0234  li r7, 0x3                                           | li r7, 0x3
  0x0238  li r10, 0x0                                          | li r10, 0x0
  0x023c  li r9, 0x0                                           | li r9, 0x0
  0x0240  bl SITransfer [None+0 t10]                           | bl SITransfer [None+0 t10]
  0x0244  b 0x284                                              | b 0x294
  0x0248  addi r3, r27, 0x0                                    | addi r3, r27, 0x0
  0x024c  li r4, 0x0                                           | li r4, 0x0
  0x0250  bl fn_8020EEA8 [None+0 t10]                          | bl fn_8020EEA8 [None+0 t10]
  0x0254  slwi r0, r27, 4                                      | slwi r0, r27, 4
  0x0258  lwz r30, 0x0(r30) [None+0 tNone]                     | lwz r30, 0x0(r30) [None+0 tNone]
* 0x025c  add r31, r31, r0 [None+0 tNone]                      | 
  0x0260  li r29, 0x0                                          | li r29, 0x0
  0x0264  addi r28, r29, 0x0                                   | addi r28, r29, 0x0
* 0x0268  addi r31, r31, 0x160 [None+0 tNone]                  | add r31, r31, r0 [None+0 tNone]
* 0x026c  lwz r12, 0x0(r31) [None+0 tNone]                     | lwz r12, 0x160(r31) [None+0 tNone]
  0x0270  cmplwi r12, 0x0                                      | cmplwi r12, 0x0
  0x0274  beq 0x274                                            | beq 0x284
* 0x0278  stw r28, 0x0(r31) [None+0 tNone]                     | stw r28, 0x160(r31) [None+0 tNone]
  0x027c  mtlr r12                                             | mtlr r12
  0x0280  addi r3, r27, 0x0                                    | addi r3, r27, 0x0
  0x0284  addi r4, r30, 0x0                                    | addi r4, r30, 0x0
  0x0288  blrl                                                 | blrl
  0x028c  addi r29, r29, 0x1                                   | addi r29, r29, 0x1
  0x0290  cmpwi r29, 0x4                                       | cmpwi r29, 0x4
* 0x0294  addi r31, r31, 0x4 [None+0 tNone]                    | addi r31, r31, 0x4 [None+0 tNone]
  0x0298  blt 0x254                                            | blt 0x264
  0x029c  lmw r26, 0x18(r1)                                    | lmw r26, 0x18(r1)
  0x02a0  lwz r0, 0x34(r1)                                     | lwz r0, 0x34(r1)
  0x02a4  addi r1, r1, 0x30                                    | addi r1, r1, 0x30
  0x02a8  mtlr r0                                              | mtlr r0
  0x02ac  blr                                                  | blr
