
Relocation section '.rela.text' at offset 0x300 contains 10 entries:
 Offset     Info    Type                Sym. Value  Symbol's Name + Addend
00000044  0000070a R_PPC_REL24            00000000   fn_8016057C + 0
00000060  0000080a R_PPC_REL24            00000000   fn_80169740 + 0
00000074  0000090a R_PPC_REL24            00000000   fn_80160628 + 0
0000007a  00000506 R_PPC_ADDR16_HA        00000000   @40 + 0
00000082  00000504 R_PPC_ADDR16_LO        00000000   @40 + 0
000000ac  00000a0a R_PPC_REL24            00000000   fn_80168AE8 + 0
00000108  00000b0a R_PPC_REL24            00000000   fn_80160B18 + 0
00000128  00000b0a R_PPC_REL24            00000000   fn_80160B18 + 0
0000017c  0000066d R_PPC_EMB_SDA21        00000000   @42 + 0
00000254  00000c0a R_PPC_REL24            00000000   fn_80168F84 + 0

Relocation section '.rela.data' at offset 0x378 contains 13 entries:
 Offset     Info    Type                Sym. Value  Symbol's Name + Addend
00000000  00000d01 R_PPC_ADDR32           00000000   fn_801697AC + cc
00000004  00000d01 R_PPC_ADDR32           00000000   fn_801697AC + d8
00000008  00000d01 R_PPC_ADDR32           00000000   fn_801697AC + e8
0000000c  00000d01 R_PPC_ADDR32           00000000   fn_801697AC + 114
00000010  00000d01 R_PPC_ADDR32           00000000   fn_801697AC + 138
00000014  00000d01 R_PPC_ADDR32           00000000   fn_801697AC + 154
00000018  00000d01 R_PPC_ADDR32           00000000   fn_801697AC + 160
0000001c  00000d01 R_PPC_ADDR32           00000000   fn_801697AC + 19c
00000020  00000d01 R_PPC_ADDR32           00000000   fn_801697AC + 1b8
00000024  00000d01 R_PPC_ADDR32           00000000   fn_801697AC + 1d8
00000028  00000d01 R_PPC_ADDR32           00000000   fn_801697AC + 1fc
0000002c  00000d01 R_PPC_ADDR32           00000000   fn_801697AC + 220
00000030  00000d01 R_PPC_ADDR32           00000000   fn_801697AC + 244
