
build/GEDE01/src/game/game_fn_801697AC.o:     file format elf32-powerpc


Disassembly of section .text:

00000000 <fn_801697AC>:
   0:	94 21 ff c0 	stwu    r1,-64(r1)
   4:	7c 08 02 a6 	mflr    r0
   8:	90 01 00 44 	stw     r0,68(r1)
   c:	38 01 00 08 	addi    r0,r1,8
  10:	be e1 00 1c 	stmw    r23,28(r1)
  14:	7c 99 23 78 	mr      r25,r4
  18:	7c 78 1b 78 	mr      r24,r3
  1c:	7c ba 2b 78 	mr      r26,r5
  20:	83 c4 00 00 	lwz     r30,0(r4)
  24:	80 9e 00 18 	lwz     r4,24(r30)
  28:	90 81 00 08 	stw     r4,8(r1)
  2c:	83 9e 00 08 	lwz     r28,8(r30)
  30:	83 63 00 68 	lwz     r27,104(r3)
  34:	80 85 ff f8 	lwz     r4,-8(r5)
  38:	90 04 00 04 	stw     r0,4(r4)
  3c:	a8 9e 00 24 	lha     r4,36(r30)
  40:	38 84 00 08 	addi    r4,r4,8
  44:	48 00 00 01 	bl      44 <fn_801697AC+0x44>
			44: R_PPC_REL24	fn_8016057C
  48:	a8 1e 00 22 	lha     r0,34(r30)
  4c:	2c 00 00 00 	cmpwi   r0,0
  50:	41 82 00 18 	beq     68 <fn_801697AC+0x68>
  54:	a8 be 00 20 	lha     r5,32(r30)
  58:	7f 03 c3 78 	mr      r3,r24
  5c:	7f 44 d3 78 	mr      r4,r26
  60:	48 00 00 01 	bl      60 <fn_801697AC+0x60>
			60: R_PPC_REL24	fn_80169740
  64:	48 00 00 14 	b       78 <fn_801697AC+0x78>
  68:	a8 be 00 20 	lha     r5,32(r30)
  6c:	7f 03 c3 78 	mr      r3,r24
  70:	7f 44 d3 78 	mr      r4,r26
  74:	48 00 00 01 	bl      74 <fn_801697AC+0x74>
			74: R_PPC_REL24	fn_80160628
  78:	3c 60 00 00 	lis     r3,0
			7a: R_PPC_ADDR16_HA	@40
  7c:	83 b8 00 00 	lwz     r29,0(r24)
  80:	3b e3 00 00 	addi    r31,r3,0
			82: R_PPC_ADDR16_LO	@40
  84:	80 61 00 08 	lwz     r3,8(r1)
  88:	28 1b 00 00 	cmplwi  r27,0
  8c:	38 03 00 04 	addi    r0,r3,4
  90:	90 01 00 08 	stw     r0,8(r1)
  94:	82 e3 00 00 	lwz     r23,0(r3)
  98:	41 82 00 18 	beq     b0 <fn_801697AC+0xb0>
  9c:	7f 03 c3 78 	mr      r3,r24
  a0:	7f 44 d3 78 	mr      r4,r26
  a4:	7f a5 eb 78 	mr      r5,r29
  a8:	7f 66 db 78 	mr      r6,r27
  ac:	48 00 00 01 	bl      ac <fn_801697AC+0xac>
			ac: R_PPC_REL24	fn_80168AE8
  b0:	56 e0 06 be 	clrlwi  r0,r23,26
  b4:	28 00 00 0c 	cmplwi  r0,12
  b8:	41 81 01 b8 	bgt     270 <fn_801697AC+0x270>
  bc:	54 00 10 3a 	slwi    r0,r0,2
  c0:	7c 1f 00 2e 	lwzx    r0,r31,r0
  c4:	7c 09 03 a6 	mtctr   r0
  c8:	4e 80 04 20 	bctr
  cc:	93 b8 00 00 	stw     r29,0(r24)
  d0:	7f a3 eb 78 	mr      r3,r29
  d4:	48 00 01 a4 	b       278 <fn_801697AC+0x278>
  d8:	56 e0 f0 b6 	rlwinm  r0,r23,30,2,27
  dc:	93 b8 00 00 	stw     r29,0(r24)
  e0:	7c 7a 02 14 	add     r3,r26,r0
  e4:	48 00 01 94 	b       278 <fn_801697AC+0x278>
  e8:	56 e5 d5 fe 	rlwinm  r5,r23,26,23,31
  ec:	2c 05 00 ff 	cmpwi   r5,255
  f0:	40 82 00 08 	bne     f8 <fn_801697AC+0xf8>
  f4:	38 a0 ff ff 	li      r5,-1
  f8:	56 e0 aa f6 	rlwinm  r0,r23,21,11,27
  fc:	93 b8 00 00 	stw     r29,0(r24)
 100:	7f 03 c3 78 	mr      r3,r24
 104:	7c 9a 02 14 	add     r4,r26,r0
 108:	48 00 00 01 	bl      108 <fn_801697AC+0x108>
			108: R_PPC_REL24	fn_80160B18
 10c:	83 b8 00 00 	lwz     r29,0(r24)
 110:	4b ff ff 74 	b       84 <fn_801697AC+0x84>
 114:	56 e0 aa f6 	rlwinm  r0,r23,21,11,27
 118:	93 b8 00 00 	stw     r29,0(r24)
 11c:	7f 03 c3 78 	mr      r3,r24
 120:	38 a0 ff ff 	li      r5,-1
 124:	7c 9a 02 14 	add     r4,r26,r0
 128:	48 00 00 01 	bl      128 <fn_801697AC+0x128>
			128: R_PPC_REL24	fn_80160B18
 12c:	56 e0 f4 f6 	rlwinm  r0,r23,30,19,27
 130:	7c 7a 02 14 	add     r3,r26,r0
 134:	48 00 01 44 	b       278 <fn_801697AC+0x278>
 138:	56 e3 d1 be 	srwi    r3,r23,6
 13c:	38 00 00 01 	li      r0,1
 140:	34 63 ff ff 	addic.  r3,r3,-1
 144:	90 1d 00 00 	stw     r0,0(r29)
 148:	3b bd 00 10 	addi    r29,r29,16
 14c:	41 81 ff f4 	bgt     140 <fn_801697AC+0x140>
 150:	4b ff ff 34 	b       84 <fn_801697AC+0x84>
 154:	56 e0 f0 b6 	rlwinm  r0,r23,30,2,27
 158:	7f a0 e8 50 	subf    r29,r0,r29
 15c:	4b ff ff 28 	b       84 <fn_801697AC+0x84>
 160:	56 e3 d1 be 	srwi    r3,r23,6
 164:	3c 00 43 30 	lis     r0,17200
 168:	3c 63 fe 00 	addis   r3,r3,-512
 16c:	38 80 00 02 	li      r4,2
 170:	38 63 00 01 	addi    r3,r3,1
 174:	90 01 00 10 	stw     r0,16(r1)
 178:	6c 60 80 00 	xoris   r0,r3,32768
 17c:	c8 20 00 00 	lfd     f1,0(0)
			17c: R_PPC_EMB_SDA21	@42
 180:	90 01 00 14 	stw     r0,20(r1)
 184:	c8 01 00 10 	lfd     f0,16(r1)
 188:	90 9d 00 00 	stw     r4,0(r29)
 18c:	fc 00 08 28 	fsub    f0,f0,f1
 190:	d8 1d 00 08 	stfd    f0,8(r29)
 194:	3b bd 00 10 	addi    r29,r29,16
 198:	4b ff fe ec 	b       84 <fn_801697AC+0x84>
 19c:	38 60 00 03 	li      r3,3
 1a0:	56 e0 e1 3a 	rlwinm  r0,r23,28,4,29
 1a4:	90 7d 00 00 	stw     r3,0(r29)
 1a8:	7c 1c 00 2e 	lwzx    r0,r28,r0
 1ac:	90 1d 00 08 	stw     r0,8(r29)
 1b0:	3b bd 00 10 	addi    r29,r29,16
 1b4:	4b ff fe d0 	b       84 <fn_801697AC+0x84>
 1b8:	38 60 00 02 	li      r3,2
 1bc:	56 e0 e8 f8 	rlwinm  r0,r23,29,3,28
 1c0:	90 7d 00 00 	stw     r3,0(r29)
 1c4:	80 7e 00 00 	lwz     r3,0(r30)
 1c8:	7c 03 04 ae 	lfdx    f0,r3,r0
 1cc:	d8 1d 00 08 	stfd    f0,8(r29)
 1d0:	3b bd 00 10 	addi    r29,r29,16
 1d4:	4b ff fe b0 	b       84 <fn_801697AC+0x84>
 1d8:	38 60 00 02 	li      r3,2
 1dc:	56 e0 e8 f8 	rlwinm  r0,r23,29,3,28
 1e0:	90 7d 00 00 	stw     r3,0(r29)
 1e4:	80 7e 00 00 	lwz     r3,0(r30)
 1e8:	7c 03 04 ae 	lfdx    f0,r3,r0
 1ec:	fc 00 00 50 	fneg    f0,f0
 1f0:	d8 1d 00 08 	stfd    f0,8(r29)
 1f4:	3b bd 00 10 	addi    r29,r29,16
 1f8:	4b ff fe 8c 	b       84 <fn_801697AC+0x84>
 1fc:	56 e3 f0 b6 	rlwinm  r3,r23,30,2,27
 200:	38 03 00 10 	addi    r0,r3,16
 204:	7c 79 02 14 	add     r3,r25,r0
 208:	c8 23 00 00 	lfd     f1,0(r3)
 20c:	c8 03 00 08 	lfd     f0,8(r3)
 210:	d8 3d 00 00 	stfd    f1,0(r29)
 214:	d8 1d 00 08 	stfd    f0,8(r29)
 218:	3b bd 00 10 	addi    r29,r29,16
 21c:	4b ff fe 68 	b       84 <fn_801697AC+0x84>
 220:	56 e0 f0 b6 	rlwinm  r0,r23,30,2,27
 224:	7f a4 eb 78 	mr      r4,r29
 228:	7c 7a 02 14 	add     r3,r26,r0
 22c:	3b bd 00 10 	addi    r29,r29,16
 230:	c8 23 00 00 	lfd     f1,0(r3)
 234:	c8 03 00 08 	lfd     f0,8(r3)
 238:	d8 24 00 00 	stfd    f1,0(r4)
 23c:	d8 04 00 08 	stfd    f0,8(r4)
 240:	4b ff fe 44 	b       84 <fn_801697AC+0x84>
 244:	93 b8 00 00 	stw     r29,0(r24)
 248:	56 e0 e1 3a 	rlwinm  r0,r23,28,4,29
 24c:	7f 03 c3 78 	mr      r3,r24
 250:	7c 9c 00 2e 	lwzx    r4,r28,r0
 254:	48 00 00 01 	bl      254 <fn_801697AC+0x254>
			254: R_PPC_REL24	fn_80168F84
 258:	c8 23 00 00 	lfd     f1,0(r3)
 25c:	c8 03 00 08 	lfd     f0,8(r3)
 260:	d8 3d 00 00 	stfd    f1,0(r29)
 264:	d8 1d 00 08 	stfd    f0,8(r29)
 268:	3b bd 00 10 	addi    r29,r29,16
 26c:	4b ff fe 18 	b       84 <fn_801697AC+0x84>
 270:	93 b8 00 00 	stw     r29,0(r24)
 274:	7f a3 eb 78 	mr      r3,r29
 278:	ba e1 00 1c 	lmw     r23,28(r1)
 27c:	80 01 00 44 	lwz     r0,68(r1)
 280:	7c 08 03 a6 	mtlr    r0
 284:	38 21 00 40 	addi    r1,r1,64
 288:	4e 80 00 20 	blr
