Script started on 2026-10-02 14:55:22-04:00 [COMMAND="python3 tools/fndiff.py game/game_fn_8002DAE0.c fn_8002DAE0" <not executed on terminal>]
 INFO Writing to /home/rabbit/src/darkfoundry-new/.darkfoundry/durable/assignments/ca866444-b1a0-4d77-91f9-8bd888971083/eternal-darkness-decomp/build/GEDE01/fndiff_fn_8002DAE0.json
target 1896 bytes  base 1896 bytes  match 97.49789
  0x0000  stwu r1, -0x70(r1)                                   | stwu r1, -0x70(r1)
  0x0004  mflr r0                                              | mflr r0
  0x0008  stw r0, 0x74(r1)                                     | stw r0, 0x74(r1)
  0x000c  stmw r17, 0x34(r1)                                   | stmw r17, 0x34(r1)
  0x0010  mr r17, r5                                           | mr r17, r5
  0x0014  mr r20, r3                                           | mr r20, r3
  0x0018  mr r19, r4                                           | mr r19, r4
* 0x001c  mr r30, r6                                           | mr r31, r6
  0x0020  mr r3, r17                                           | mr r3, r17
  0x0024  bl fn_80200C10 [None+0 t10]                          | bl fn_80200C10 [None+0 t10]
  0x0028  mr r18, r3                                           | mr r18, r3
  0x002c  mr r3, r20                                           | mr r3, r20
  0x0030  bl fn_80201B8C [None+0 t10]                          | bl fn_80201B8C [None+0 t10]
* 0x0034  lwz r28, 0x24(r3)                                    | lwz r30, 0x24(r3)
  0x0038  mr r3, r20                                           | mr r3, r20
  0x003c  bl fn_80201B54 [None+0 t10]                          | bl fn_80201B54 [None+0 t10]
  0x0040  cmpwi r19, 0x0                                       | cmpwi r19, 0x0
* 0x0044  mr r27, r3                                           | mr r29, r3
  0x0048  bne 0x710                                            | bne 0x710
  0x004c  cmpwi r18, 0x1                                       | cmpwi r18, 0x1
  0x0050  bne 0x80                                             | bne 0x80
  0x0054  mr r3, r20                                           | mr r3, r20
  0x0058  li r4, 0x1                                           | li r4, 0x1
  0x005c  bl fn_802020B4 [None+0 t10]                          | bl fn_802020B4 [None+0 t10]
  0x0060  mr r3, r20                                           | mr r3, r20
  0x0064  li r4, 0x1                                           | li r4, 0x1
  0x0068  bl fn_80201D2C [None+0 t10]                          | bl fn_80201D2C [None+0 t10]
  0x006c  mr r3, r20                                           | mr r3, r20
  0x0070  li r4, 0x1                                           | li r4, 0x1
  0x0074  bl fn_80201D14 [None+0 t10]                          | bl fn_80201D14 [None+0 t10]
  0x0078  li r3, 0x1                                           | li r3, 0x1
  0x007c  b 0x754                                              | b 0x754
  0x0080  cmpwi r18, 0xc4                                      | cmpwi r18, 0xc4
  0x0084  bne 0xc0                                             | bne 0xc0
* 0x0088  lwz r0, 0xc4(r28)                                    | lwz r0, 0xc4(r30)
  0x008c  cmplwi r0, 0x0                                       | cmplwi r0, 0x0
  0x0090  beq 0xa4                                             | beq 0xa4
  0x0094  mr r3, r17                                           | mr r3, r17
  0x0098  bl fn_80200C38 [None+0 t10]                          | bl fn_80200C38 [None+0 t10]
* 0x009c  lwz r4, 0xc4(r28)                                    | lwz r4, 0xc4(r30)
  0x00a0  stw r3, 0x0(r4)                                      | stw r3, 0x0(r4)
* 0x00a4  mr r4, r27                                           | mr r4, r29
* 0x00a8  mr r5, r27                                           | mr r5, r29
  0x00ac  li r3, 0x39                                          | li r3, 0x39
  0x00b0  li r6, 0x0                                           | li r6, 0x0
  0x00b4  bl fn_8020123C [None+0 t10]                          | bl fn_8020123C [None+0 t10]
  0x00b8  li r3, 0x1                                           | li r3, 0x1
  0x00bc  b 0x754                                              | b 0x754
  0x00c0  cmpwi r18, 0x39                                      | cmpwi r18, 0x39
  0x00c4  bne 0x128                                            | bne 0x128
* 0x00c8  lwz r3, 0xb4(r28)                                    | lwz r3, 0xb4(r30)
  0x00cc  bl fn_80201814 [None+0 t10]                          | bl fn_80201814 [None+0 t10]
  0x00d0  cmplwi r3, 0x0                                       | cmplwi r3, 0x0
  0x00d4  beq 0xe8                                             | beq 0xe8
  0x00d8  bl fn_80201B8C [None+0 t10]                          | bl fn_80201B8C [None+0 t10]
  0x00dc  lwz r3, 0x8c(r3)                                     | lwz r3, 0x8c(r3)
  0x00e0  li r0, 0x0                                           | li r0, 0x0
  0x00e4  stw r0, 0x24(r3)                                     | stw r0, 0x24(r3)
* 0x00e8  mr r3, r28                                           | mr r3, r30
  0x00ec  bl fn_801DABFC [None+0 t10]                          | bl fn_801DABFC [None+0 t10]
* 0x00f0  lwz r3, 0xb4(r28)                                    | lwz r3, 0xb4(r30)
  0x00f4  li r4, 0x0                                           | li r4, 0x0
  0x00f8  bl fn_801DACA4 [None+0 t10]                          | bl fn_801DACA4 [None+0 t10]
  0x00fc  mr r4, r20                                           | mr r4, r20
  0x0100  li r3, 0x2                                           | li r3, 0x2
  0x0104  bl fn_801E8328 [None+0 t10]                          | bl fn_801E8328 [None+0 t10]
  0x0108  mr r3, r20                                           | mr r3, r20
  0x010c  li r4, 0x0                                           | li r4, 0x0
  0x0110  bl fn_80201D34 [None+0 t10]                          | bl fn_80201D34 [None+0 t10]
  0x0114  mr r3, r20                                           | mr r3, r20
  0x0118  li r4, 0x1                                           | li r4, 0x1
  0x011c  bl fn_80201D1C [None+0 t10]                          | bl fn_80201D1C [None+0 t10]
  0x0120  li r3, 0x1                                           | li r3, 0x1
  0x0124  b 0x754                                              | b 0x754
  0x0128  cmpwi r18, 0xed                                      | cmpwi r18, 0xed
  0x012c  bne 0x178                                            | bne 0x178
  0x0130  mr r3, r17                                           | mr r3, r17
  0x0134  bl fn_80200C38 [None+0 t10]                          | bl fn_80200C38 [None+0 t10]
  0x0138  mr r19, r3                                           | mr r19, r3
  0x013c  mr r3, r17                                           | mr r3, r17
  0x0140  bl fn_80200C28 [None+0 t10]                          | bl fn_80200C28 [None+0 t10]
  0x0144  mr r18, r3                                           | mr r18, r3
  0x0148  mr r3, r17                                           | mr r3, r17
  0x014c  bl fn_80200C20 [None+0 t10]                          | bl fn_80200C20 [None+0 t10]
  0x0150  mr r4, r3                                            | mr r4, r3
  0x0154  mr r5, r18                                           | mr r5, r18
  0x0158  mr r6, r19                                           | mr r6, r19
  0x015c  li r3, 0xb                                           | li r3, 0xb
  0x0160  bl fn_8020123C [None+0 t10]                          | bl fn_8020123C [None+0 t10]
  0x0164  mr r3, r17                                           | mr r3, r17
  0x0168  bl fn_80200C38 [None+0 t10]                          | bl fn_80200C38 [None+0 t10]
  0x016c  bl fn_801A7228 [None+0 t10]                          | bl fn_801A7228 [None+0 t10]
  0x0170  li r3, 0x1                                           | li r3, 0x1
  0x0174  b 0x754                                              | b 0x754
  0x0178  cmpwi r18, 0x3a                                      | cmpwi r18, 0x3a
  0x017c  bne 0x1c8                                            | bne 0x1c8
  0x0180  mr r3, r17                                           | mr r3, r17
  0x0184  bl fn_80200C38 [None+0 t10]                          | bl fn_80200C38 [None+0 t10]
  0x0188  mr r19, r3                                           | mr r19, r3
  0x018c  mr r3, r17                                           | mr r3, r17
  0x0190  bl fn_80200C28 [None+0 t10]                          | bl fn_80200C28 [None+0 t10]
  0x0194  mr r18, r3                                           | mr r18, r3
  0x0198  mr r3, r17                                           | mr r3, r17
  0x019c  bl fn_80200C20 [None+0 t10]                          | bl fn_80200C20 [None+0 t10]
  0x01a0  mr r4, r3                                            | mr r4, r3
  0x01a4  mr r5, r18                                           | mr r5, r18
  0x01a8  mr r6, r19                                           | mr r6, r19
  0x01ac  li r3, 0x27                                          | li r3, 0x27
  0x01b0  bl fn_8020123C [None+0 t10]                          | bl fn_8020123C [None+0 t10]
  0x01b4  mr r3, r17                                           | mr r3, r17
  0x01b8  bl fn_80200C38 [None+0 t10]                          | bl fn_80200C38 [None+0 t10]
  0x01bc  bl fn_801A7228 [None+0 t10]                          | bl fn_801A7228 [None+0 t10]
  0x01c0  li r3, 0x1                                           | li r3, 0x1
  0x01c4  b 0x754                                              | b 0x754
  0x01c8  cmpwi r18, 0xb                                       | cmpwi r18, 0xb
  0x01cc  bne 0x6f4                                            | bne 0x6f4
  0x01d0  mr r3, r17                                           | mr r3, r17
* 0x01d4  li r24, 0x1                                          | li r23, 0x1
* 0x01d8  li r31, 0x0                                          | li r28, 0x0
  0x01dc  bl fn_80200C20 [None+0 t10]                          | bl fn_80200C20 [None+0 t10]
  0x01e0  mr r0, r3                                            | mr r0, r3
  0x01e4  mr r3, r17                                           | mr r3, r17
* 0x01e8  mr r23, r0                                           | mr r22, r0
  0x01ec  bl fn_80200C38 [None+0 t10]                          | bl fn_80200C38 [None+0 t10]
  0x01f0  li r0, 0x0                                           | li r0, 0x0
* 0x01f4  mr r22, r3                                           | mr r21, r3
  0x01f8  sth r0, 0x8(r1)                                      | sth r0, 0x8(r1)
  0x01fc  stw r0, 0xc(r1)                                      | stw r0, 0xc(r1)
  0x0200  bl fn_801A7530 [None+0 t10]                          | bl fn_801A7530 [None+0 t10]
  0x0204  sth r3, 0xa(r1)                                      | sth r3, 0xa(r1)
* 0x0208  mr r4, r22                                           | mr r4, r21
  0x020c  addi r3, r1, 0x10                                    | addi r3, r1, 0x10
  0x0210  bl fn_801A7744 [None+0 t10]                          | bl fn_801A7744 [None+0 t10]
* 0x0214  mr r3, r22                                           | mr r3, r21
  0x0218  bl fn_801A7498 [None+0 t10]                          | bl fn_801A7498 [None+0 t10]
  0x021c  mr r0, r3                                            | mr r0, r3
* 0x0220  mr r3, r22                                           | mr r3, r21
* 0x0224  mr r26, r0                                           | mr r27, r0
  0x0228  bl fn_801A7570 [None+0 t10]                          | bl fn_801A7570 [None+0 t10]
* 0x022c  mr r20, r3                                           | mr r24, r3
* 0x0230  mr r3, r26                                           | mr r3, r27
  0x0234  bl fn_80201814 [None+0 t10]                          | bl fn_80201814 [None+0 t10]
* 0x0238  mr. r25, r3                                          | mr. r26, r3
  0x023c  beq 0x24c                                            | beq 0x24c
  0x0240  bl fn_80201B8C [None+0 t10]                          | bl fn_80201B8C [None+0 t10]
* 0x0244  mr r29, r3                                           | mr r25, r3
  0x0248  b 0x250                                              | b 0x250
* 0x024c  li r29, 0x0                                          | li r25, 0x0
* 0x0250  cmplwi r29, 0x0                                      | cmplwi r25, 0x0
  0x0254  beq 0x264                                            | beq 0x264
* 0x0258  lbz r0, 0x9f(r29)                                    | lbz r0, 0x9f(r25)
  0x025c  cmplwi r0, 0x28                                      | cmplwi r0, 0x28
  0x0260  beq 0x6dc                                            | beq 0x6dc
* 0x0264  cmplwi r25, 0x0                                      | cmplwi r26, 0x0
  0x0268  beq 0x2d4                                            | beq 0x2d4
* 0x026c  mr r3, r22                                           | mr r3, r21
  0x0270  bl fn_8004910C [None+0 t10]                          | bl fn_8004910C [None+0 t10]
  0x0274  mr r0, r3                                            | mr r0, r3
* 0x0278  mr r3, r25                                           | mr r3, r26
  0x027c  mr r19, r0                                           | mr r19, r0
  0x0280  bl fn_80201B5C [None+0 t10]                          | bl fn_80201B5C [None+0 t10]
  0x0284  cmplwi r19, 0x0                                      | cmplwi r19, 0x0
  0x0288  mr r18, r3                                           | mr r18, r3
  0x028c  beq 0x29c                                            | beq 0x29c
  0x0290  mr r3, r19                                           | mr r3, r19
  0x0294  bl fn_80201B8C [None+0 t10]                          | bl fn_80201B8C [None+0 t10]
  0x0298  b 0x2a0                                              | b 0x2a0
  0x029c  li r3, 0x0                                           | li r3, 0x0
  0x02a0  subfic r4, r18, 0x18                                 | subfic r4, r18, 0x18
  0x02a4  cmplwi r3, 0x0                                       | cmplwi r3, 0x0
  0x02a8  subfic r0, r18, 0x8                                  | subfic r0, r18, 0x8
  0x02ac  cntlzw r4, r4                                        | cntlzw r4, r4
  0x02b0  cntlzw r0, r0                                        | cntlzw r0, r0
  0x02b4  srwi r18, r4, 5                                      | srwi r18, r4, 5
* 0x02b8  srwi r31, r0, 5                                      | srwi r28, r0, 5
  0x02bc  beq 0x2d8                                            | beq 0x2d8
  0x02c0  lbz r0, 0x9f(r3)                                     | lbz r0, 0x9f(r3)
  0x02c4  cmplwi r0, 0x12                                      | cmplwi r0, 0x12
  0x02c8  bne 0x2d8                                            | bne 0x2d8
* 0x02cc  li r24, 0x0                                          | li r23, 0x0
  0x02d0  b 0x2d8                                              | b 0x2d8
  0x02d4  li r18, 0x0                                          | li r18, 0x0
* 0x02d8  lwz r3, 0xb8(r28)                                    | lwz r3, 0xb8(r30)
  0x02dc  bl fn_801D38E8 [None+0 t10]                          | bl fn_801D38E8 [None+0 t10]
* 0x02e0  mr r21, r3                                           | mr r19, r3
  0x02e4  addi r4, r1, 0xa                                     | addi r4, r1, 0xa
  0x02e8  addi r5, r1, 0x8                                     | addi r5, r1, 0x8
  0x02ec  addi r6, r1, 0xc                                     | addi r6, r1, 0xc
  0x02f0  bl fn_8002D8C8 [None+0 t10]                          | bl fn_8002D8C8 [None+0 t10]
  0x02f4  lwz r0, 0xc(r1)                                      | lwz r0, 0xc(r1)
  0x02f8  cmpwi r0, 0x0                                        | cmpwi r0, 0x0
  0x02fc  ble 0x6dc                                            | ble 0x6dc
* 0x0300  mr r3, r22                                           | mr r3, r21
  0x0304  li r17, 0x0                                          | li r17, 0x0
  0x0308  bl fn_801A74F8 [None+0 t10]                          | bl fn_801A74F8 [None+0 t10]
* 0x030c  mr r19, r3                                           | mr r20, r3
* 0x0310  extsh. r0, r19                                       | extsh. r0, r20
  0x0314  bne 0x338                                            | bne 0x338
* 0x0318  lwz r3, 0xb4(r28)                                    | lwz r3, 0xb4(r30)
  0x031c  bl fn_80201814 [None+0 t10]                          | bl fn_80201814 [None+0 t10]
  0x0320  cmplwi r3, 0x0                                       | cmplwi r3, 0x0
  0x0324  beq 0x338                                            | beq 0x338
  0x0328  bl fn_80201B5C [None+0 t10]                          | bl fn_80201B5C [None+0 t10]
  0x032c  cmpwi r3, 0x1c                                       | cmpwi r3, 0x1c
  0x0330  bne 0x338                                            | bne 0x338
  0x0334  li r17, 0x1                                          | li r17, 0x1
  0x0338  cmpwi r17, 0x0                                       | cmpwi r17, 0x0
  0x033c  bne 0x6dc                                            | bne 0x6dc
* 0x0340  mr r3, r22                                           | mr r3, r21
  0x0344  bl fn_801A74C0 [None+0 t10]                          | bl fn_801A74C0 [None+0 t10]
  0x0348  rlwinm. r0, r3, 0, 9, 9                              | rlwinm. r0, r3, 0, 9, 9
  0x034c  beq 0x364                                            | beq 0x364
* 0x0350  mr r3, r26                                           | mr r3, r27
* 0x0354  mr r5, r23                                           | mr r5, r22
* 0x0358  mr r6, r28                                           | mr r6, r30
  0x035c  addi r4, r1, 0x10                                    | addi r4, r1, 0x10
  0x0360  bl fn_801DA8CC [None+0 t10]                          | bl fn_801DA8CC [None+0 t10]
* 0x0364  cmpwi r21, 0x4                                       | cmpwi r19, 0x4
  0x0368  bne 0x4f4                                            | bne 0x4f4
  0x036c  cmpwi r18, 0x0                                       | cmpwi r18, 0x0
  0x0370  bne 0x4f4                                            | bne 0x4f4
* 0x0374  cmpwi r26, 0x0                                       | cmpwi r27, 0x0
  0x0378  beq 0x4f4                                            | beq 0x4f4
  0x037c  bl fn_801A717C [None+0 t10]                          | bl fn_801A717C [None+0 t10]
* 0x0380  mr r4, r27                                           | mr r4, r29
  0x0384  mr r18, r3                                           | mr r18, r3
  0x0388  bl fn_801A74A0 [None+0 t10]                          | bl fn_801A74A0 [None+0 t10]
  0x038c  mr r3, r18                                           | mr r3, r18
* 0x0390  mr r4, r26                                           | mr r4, r27
  0x0394  bl fn_801A74A8 [None+0 t10]                          | bl fn_801A74A8 [None+0 t10]
  0x0398  lhz r4, 0x8(r1)                                      | lhz r4, 0x8(r1)
  0x039c  mr r3, r18                                           | mr r3, r18
  0x03a0  bl fn_801A7538 [None+0 t10]                          | bl fn_801A7538 [None+0 t10]
  0x03a4  bl fn_80201B44 [None+0 t10]                          | bl fn_80201B44 [None+0 t10]
* 0x03a8  cmpw r26, r3                                         | cmpw r27, r3
  0x03ac  bne 0x3c4                                            | bne 0x3c4
  0x03b0  bl fn_80071DD8 [None+0 t10]                          | bl fn_80071DD8 [None+0 t10]
  0x03b4  cmpwi r3, 0x0                                        | cmpwi r3, 0x0
  0x03b8  beq 0x3c4                                            | beq 0x3c4
  0x03bc  li r4, 0x1                                           | li r4, 0x1
  0x03c0  b 0x3c8                                              | b 0x3c8
* 0x03c4  mr r4, r19                                           | mr r4, r20
  0x03c8  mr r3, r18                                           | mr r3, r18
  0x03cc  bl fn_801A7518 [None+0 t10]                          | bl fn_801A7518 [None+0 t10]
  0x03d0  mr r3, r18                                           | mr r3, r18
* 0x03d4  addi r4, r28, 0x9c                                   | addi r4, r30, 0x9c
  0x03d8  bl fn_801A764C [None+0 t10]                          | bl fn_801A764C [None+0 t10]
  0x03dc  lhz r0, 0x8(r1)                                      | lhz r0, 0x8(r1)
  0x03e0  clrlwi. r0, r0, 31                                   | clrlwi. r0, r0, 31
  0x03e4  beq 0x3f4                                            | beq 0x3f4
  0x03e8  mr r3, r18                                           | mr r3, r18
  0x03ec  li r4, 0xb                                           | li r4, 0xb
  0x03f0  bl fn_801A7470 [None+0 t10]                          | bl fn_801A7470 [None+0 t10]
* 0x03f4  mr r4, r27                                           | mr r4, r29
* 0x03f8  mr r5, r26                                           | mr r5, r27
  0x03fc  mr r6, r18                                           | mr r6, r18
  0x0400  li r3, 0xdc                                          | li r3, 0xdc
  0x0404  bl fn_8020123C [None+0 t10]                          | bl fn_8020123C [None+0 t10]
  0x0408  li r0, -0x1                                          | li r0, -0x1
  0x040c  and. r0, r4, r0                                      | and. r0, r4, r0
  0x0410  bne 0x4cc                                            | bne 0x4cc
* 0x0414  mr r4, r27                                           | mr r4, r29
* 0x0418  mr r5, r26                                           | mr r5, r27
  0x041c  mr r6, r18                                           | mr r6, r18
  0x0420  li r3, 0x27                                          | li r3, 0x27
  0x0424  bl fn_8020123C [None+0 t10]                          | bl fn_8020123C [None+0 t10]
* 0x0428  cmplwi r25, 0x0                                      | cmplwi r26, 0x0
  0x042c  beq 0x4cc                                            | beq 0x4cc
* 0x0430  mr r3, r25                                           | mr r3, r26
  0x0434  bl fn_80201B64 [None+0 t10]                          | bl fn_80201B64 [None+0 t10]
  0x0438  cmpwi r3, 0x8                                        | cmpwi r3, 0x8
  0x043c  beq 0x4cc                                            | beq 0x4cc
* 0x0440  mr r3, r25                                           | mr r3, r26
  0x0444  bl fn_80201B5C [None+0 t10]                          | bl fn_80201B5C [None+0 t10]
  0x0448  cmpwi r3, 0x15                                       | cmpwi r3, 0x15
  0x044c  beq 0x4cc                                            | beq 0x4cc
* 0x0450  mr r3, r25                                           | mr r3, r26
  0x0454  bl fn_80201BC8 [None+0 t10]                          | bl fn_80201BC8 [None+0 t10]
* 0x0458  mr. r21, r3                                          | mr. r19, r3
  0x045c  beq 0x4cc                                            | beq 0x4cc
  0x0460  li r3, 0x4                                           | li r3, 0x4
  0x0464  bl fn_8006749C [None+0 t10]                          | bl fn_8006749C [None+0 t10]
* 0x0468  mr r20, r3                                           | mr r21, r3
* 0x046c  lwz r3, 0xb8(r28)                                    | lwz r3, 0xb8(r30)
  0x0470  bl fn_801CEB2C [None+0 t10]                          | bl fn_801CEB2C [None+0 t10]
* 0x0474  extsh r0, r3                                         | extsh r3, r3
* 0x0478  lis r3, 0x4330                                       | lis r0, 0x4330
* 0x047c  srawi r4, r0, 1                                      | srawi r3, r3, 1
* 0x0480                                                       | stw r0, 0x20(r1)
* 0x0484                                                       | addi r0, r3, 0x1
* 0x0488  ori r0, r20, 0x2                                     | ori r4, r21, 0x2
* 0x048c  addi r4, r4, 0x1                                     | 
* 0x0490  stw r3, 0x20(r1)                                     | 
* 0x0494  clrlwi r3, r4, 24                                    | clrlwi r3, r0, 24
  0x0498  lfd f3, lbl_8064E038@sda21 [None+0 t109]             | lfd f3, lbl_8064E038@sda21 [None+0 t109]
* 0x049c  subi r3, r3, 0x2                                     | subi r0, r3, 0x2
* 0x04a0  lfs f4, lbl_8064E0AC@sda21 [None+0 t109]             | clrlwi r6, r4, 16
* 0x04a4  xoris r3, r3, 0x8000                                 | xoris r0, r0, 0x8000
* 0x04a8  lfs f0, lbl_8064E0B0@sda21 [None+0 t109]             | lfs f4, lbl_8064E0AC@sda21 [None+0 t109]
* 0x04ac  stw r3, 0x24(r1)                                     | stw r0, 0x24(r1)
* 0x04b0  mr r3, r21                                           | mr r3, r19
* 0x04b4  lfs f1, lbl_8064E064@sda21 [None+0 t109]             | lfs f0, lbl_8064E0B0@sda21 [None+0 t109]
* 0x04b8  clrlwi r6, r0, 16                                    | li r4, 0x0
  0x04bc  lfd f2, 0x20(r1)                                     | lfd f2, 0x20(r1)
* 0x04c0  li r4, 0x0                                           | li r5, 0x64
* 0x04c4  li r5, 0x64                                          | lfs f1, lbl_8064E064@sda21 [None+0 t109]
  0x04c8  fsubs f2, f2, f3                                     | fsubs f2, f2, f3
  0x04cc  fnmsubs f2, f4, f2, f0                               | fnmsubs f2, f4, f2, f0
  0x04d0  bl fn_80120AD0 [None+0 t10]                          | bl fn_80120AD0 [None+0 t10]
  0x04d4  mr r3, r18                                           | mr r3, r18
  0x04d8  bl fn_801A7228 [None+0 t10]                          | bl fn_801A7228 [None+0 t10]
* 0x04dc  cmplwi r29, 0x0                                      | cmplwi r25, 0x0
  0x04e0  beq 0x5bc                                            | beq 0x5bc
* 0x04e4  lwz r3, 0x8c(r29)                                    | lwz r3, 0x8c(r25)
  0x04e8  cmplwi r3, 0x0                                       | cmplwi r3, 0x0
  0x04ec  beq 0x5bc                                            | beq 0x5bc
  0x04f0  li r0, 0x12c                                         | li r0, 0x12c
  0x04f4  sth r0, 0x150(r3)                                    | sth r0, 0x150(r3)
  0x04f8  b 0x5bc                                              | b 0x5bc
  0x04fc  lhz r0, 0x8(r1)                                      | lhz r0, 0x8(r1)
  0x0500  clrlwi. r0, r0, 31                                   | clrlwi. r0, r0, 31
  0x0504  beq 0x5bc                                            | beq 0x5bc
  0x0508  cmpwi r18, 0x0                                       | cmpwi r18, 0x0
  0x050c  bne 0x5bc                                            | bne 0x5bc
* 0x0510  cmpwi r26, 0x0                                       | cmpwi r27, 0x0
  0x0514  beq 0x5bc                                            | beq 0x5bc
* 0x0518  cmpw r23, r26                                        | cmpw r22, r27
  0x051c  beq 0x5bc                                            | beq 0x5bc
* 0x0520  cmpwi r24, 0x0                                       | cmpwi r23, 0x0
  0x0524  beq 0x5bc                                            | beq 0x5bc
* 0x0528  rlwinm. r0, r20, 0, 26, 26                           | rlwinm. r0, r24, 0, 26, 26
  0x052c  bne 0x5bc                                            | bne 0x5bc
  0x0530  bl fn_801A717C [None+0 t10]                          | bl fn_801A717C [None+0 t10]
  0x0534  li r4, 0xb                                           | li r4, 0xb
  0x0538  mr r17, r3                                           | mr r17, r3
  0x053c  bl fn_801A7470 [None+0 t10]                          | bl fn_801A7470 [None+0 t10]
  0x0540  mr r3, r17                                           | mr r3, r17
  0x0544  li r4, 0x0                                           | li r4, 0x0
  0x0548  bl fn_801A74A0 [None+0 t10]                          | bl fn_801A74A0 [None+0 t10]
  0x054c  mr r3, r17                                           | mr r3, r17
* 0x0550  mr r4, r26                                           | mr r4, r27
  0x0554  bl fn_801A74A8 [None+0 t10]                          | bl fn_801A74A8 [None+0 t10]
* 0x0558  mr r4, r27                                           | mr r4, r29
* 0x055c  mr r5, r26                                           | mr r5, r27
  0x0560  mr r6, r17                                           | mr r6, r17
  0x0564  li r3, 0xdc                                          | li r3, 0xdc
  0x0568  bl fn_8020123C [None+0 t10]                          | bl fn_8020123C [None+0 t10]
  0x056c  li r0, -0x1                                          | li r0, -0x1
  0x0570  and. r0, r4, r0                                      | and. r0, r4, r0
  0x0574  bne 0x584                                            | bne 0x584
* 0x0578  mr r4, r27                                           | mr r4, r29
* 0x057c  mr r5, r26                                           | mr r5, r27
  0x0580  mr r6, r17                                           | mr r6, r17
  0x0584  li r3, 0x35                                          | li r3, 0x35
  0x0588  bl fn_8020123C [None+0 t10]                          | bl fn_8020123C [None+0 t10]
  0x058c  mr r3, r17                                           | mr r3, r17
  0x0590  bl fn_801A7228 [None+0 t10]                          | bl fn_801A7228 [None+0 t10]
* 0x0594  cmplwi r29, 0x0                                      | cmplwi r25, 0x0
  0x0598  beq 0x5bc                                            | beq 0x5bc
* 0x059c  lwz r3, 0x8c(r29)                                    | lwz r3, 0x8c(r25)
  0x05a0  cmplwi r3, 0x0                                       | cmplwi r3, 0x0
  0x05a4  beq 0x5bc                                            | beq 0x5bc
  0x05a8  li r0, 0x12c                                         | li r0, 0x12c
  0x05ac  sth r0, 0x150(r3)                                    | sth r0, 0x150(r3)
* 0x05b0  lwz r3, 0xc(r29)                                     | lwz r3, 0xc(r25)
  0x05b4  cmplwi r3, 0x0                                       | cmplwi r3, 0x0
  0x05b8  beq 0x5bc                                            | beq 0x5bc
  0x05bc  li r0, 0x3c                                          | li r0, 0x3c
  0x05c0  sth r0, 0x3e(r3)                                     | sth r0, 0x3e(r3)
* 0x05c4  lwz r3, 0xbc(r28)                                    | lwz r3, 0xbc(r30)
  0x05c8  lbz r0, 0x0(r3)                                      | lbz r0, 0x0(r3)
  0x05cc  rlwinm. r0, r0, 0, 28, 28                            | rlwinm. r0, r0, 0, 28, 28
  0x05d0  bne 0x6dc                                            | bne 0x6dc
  0x05d4  lwz r0, 0xc(r1)                                      | lwz r0, 0xc(r1)
* 0x05d8  lhz r5, 0x8(r1)                                      | lhz r4, 0x8(r1)
* 0x05dc  mullw r3, r19, r0                                    | mullw r3, r20, r0
* 0x05e0  rlwinm. r0, r5, 0, 28, 28                            | rlwinm. r0, r4, 0, 28, 28
  0x05e4  extsh r17, r3                                        | extsh r17, r3
  0x05e8  beq 0x600                                            | beq 0x600
  0x05ec  lis r3, 0x51ec                                       | lis r3, 0x51ec
  0x05f0  subi r0, r3, 0x7ae1                                  | subi r0, r3, 0x7ae1
  0x05f4  mulhw r0, r0, r17                                    | mulhw r0, r0, r17
  0x05f8  srawi r0, r0, 5                                      | srawi r0, r0, 5
  0x05fc  srwi r3, r0, 31                                      | srwi r3, r0, 31
  0x0600  add r0, r0, r3                                       | add r0, r0, r3
  0x0604  extsh r17, r0                                        | extsh r17, r0
* 0x0608  lha r4, 0x0(r28)                                     | lha r0, 0x0(r30)
* 0x060c  extsh r0, r17                                        | extsh r3, r17
* 0x0610  cmpw r0, r4                                          | cmpw r3, r0
  0x0614  bge 0x620                                            | bge 0x620
* 0x0618  cmpwi r31, 0x0                                       | cmpwi r28, 0x0
  0x061c  beq 0x680                                            | beq 0x680
* 0x0620  clrlwi. r0, r5, 31                                   | clrlwi. r0, r4, 31
  0x0624  beq 0x680                                            | beq 0x680
  0x0628  li r0, 0x0                                           | li r0, 0x0
* 0x062c  cmplwi r25, 0x0                                      | cmplwi r26, 0x0
* 0x0630  sth r0, 0x0(r28)                                     | sth r0, 0x0(r30)
  0x0634  beq 0x668                                            | beq 0x668
* 0x0638  mr r3, r25                                           | mr r3, r26
  0x063c  bl fn_80201B64 [None+0 t10]                          | bl fn_80201B64 [None+0 t10]
  0x0640  cmpwi r3, 0x8                                        | cmpwi r3, 0x8
  0x0644  beq 0x668                                            | beq 0x668
* 0x0648  mr r3, r25                                           | mr r3, r26
  0x064c  bl fn_80201B5C [None+0 t10]                          | bl fn_80201B5C [None+0 t10]
  0x0650  cmpwi r3, 0x15                                       | cmpwi r3, 0x15
  0x0654  beq 0x668                                            | beq 0x668
* 0x0658  mr r4, r27                                           | mr r4, r29
* 0x065c  mr r5, r27                                           | mr r5, r29
  0x0660  addi r6, r1, 0x10                                    | addi r6, r1, 0x10
  0x0664  li r3, 0xc4                                          | li r3, 0xc4
  0x0668  bl fn_8020123C [None+0 t10]                          | bl fn_8020123C [None+0 t10]
  0x066c  b 0x6dc                                              | b 0x6dc
* 0x0670  mr r4, r27                                           | mr r4, r29
* 0x0674  mr r5, r27                                           | mr r5, r29
  0x0678  li r3, 0x39                                          | li r3, 0x39
  0x067c  li r6, 0x0                                           | li r6, 0x0
  0x0680  bl fn_8020123C [None+0 t10]                          | bl fn_8020123C [None+0 t10]
  0x0684  b 0x6dc                                              | b 0x6dc
* 0x0688  lwz r3, 0xb8(r28)                                    | lwz r3, 0xb8(r30)
  0x068c  bl fn_801D9FE4 [None+0 t10]                          | bl fn_801D9FE4 [None+0 t10]
* 0x0690  lha r0, 0x0(r28)                                     | lha r0, 0x0(r30)
  0x0694  clrlwi r18, r3, 24                                   | clrlwi r18, r3, 24
  0x0698  subf r0, r17, r0                                     | subf r0, r17, r0
* 0x069c  sth r0, 0x0(r28)                                     | sth r0, 0x0(r30)
* 0x06a0  lwz r3, 0xb8(r28)                                    | lwz r3, 0xb8(r30)
* 0x06a4  lha r4, 0x0(r28)                                     | lha r4, 0x0(r30)
  0x06a8  bl fn_801D9FE4 [None+0 t10]                          | bl fn_801D9FE4 [None+0 t10]
  0x06ac  clrlwi r0, r3, 24                                    | clrlwi r0, r3, 24
  0x06b0  cmpw r0, r18                                         | cmpw r0, r18
  0x06b4  bgt 0x6c4                                            | bgt 0x6c4
* 0x06b8  lwz r4, 0xc0(r28)                                    | lwz r4, 0xc0(r30)
  0x06bc  subf r0, r0, r18                                     | subf r0, r0, r18
  0x06c0  lbz r3, 0x0(r4)                                      | lbz r3, 0x0(r4)
  0x06c4  add r0, r3, r0                                       | add r0, r3, r0
  0x06c8  stb r0, 0x0(r4)                                      | stb r0, 0x0(r4)
  0x06cc  lwz r3, 0x10(r1)                                     | lwz r3, 0x10(r1)
  0x06d0  lwz r0, 0x14(r1)                                     | lwz r0, 0x14(r1)
* 0x06d4  stw r3, 0xc8(r28)                                    | stw r3, 0xc8(r30)
* 0x06d8  stw r0, 0xcc(r28)                                    | stw r0, 0xcc(r30)
  0x06dc  lwz r0, 0x18(r1)                                     | lwz r0, 0x18(r1)
* 0x06e0  stw r0, 0xd0(r28)                                    | stw r0, 0xd0(r30)
* 0x06e4  cmplwi r30, 0x0                                      | cmplwi r31, 0x0
  0x06e8  beq 0x6ec                                            | beq 0x6ec
  0x06ec  lhz r0, 0xa(r1)                                      | lhz r0, 0xa(r1)
* 0x06f0  stw r0, 0x0(r30)                                     | stw r0, 0x0(r31)
  0x06f4  li r3, 0x1                                           | li r3, 0x1
  0x06f8  b 0x754                                              | b 0x754
  0x06fc  cmpwi r18, 0x5c                                      | cmpwi r18, 0x5c
  0x0700  bne 0x750                                            | bne 0x750
* 0x0704  lwz r3, 0xb4(r28)                                    | lwz r3, 0xb4(r30)
  0x0708  li r4, 0x0                                           | li r4, 0x0
  0x070c  bl fn_801D16E4 [None+0 t10]                          | bl fn_801D16E4 [None+0 t10]
  0x0710  li r3, 0x1                                           | li r3, 0x1
  0x0714  b 0x754                                              | b 0x754
  0x0718  cmpwi r19, 0x1                                       | cmpwi r19, 0x1
  0x071c  bne 0x748                                            | bne 0x748
  0x0720  cmpwi r18, 0x1                                       | cmpwi r18, 0x1
  0x0724  bne 0x728                                            | bne 0x728
  0x0728  li r3, 0x1                                           | li r3, 0x1
  0x072c  b 0x754                                              | b 0x754
  0x0730  cmpwi r18, 0x3                                       | cmpwi r18, 0x3
  0x0734  bne 0x738                                            | bne 0x738
  0x0738  li r3, 0x1                                           | li r3, 0x1
  0x073c  b 0x754                                              | b 0x754
  0x0740  cmpwi r18, 0x2                                       | cmpwi r18, 0x2
  0x0744  bne 0x750                                            | bne 0x750
  0x0748  li r3, 0x1                                           | li r3, 0x1
  0x074c  b 0x754                                              | b 0x754
  0x0750  li r3, 0x0                                           | li r3, 0x0
  0x0754  b 0x754                                              | b 0x754
  0x0758  li r3, 0x0                                           | li r3, 0x0
  0x075c  lmw r17, 0x34(r1)                                    | lmw r17, 0x34(r1)
  0x0760  lwz r0, 0x74(r1)                                     | lwz r0, 0x74(r1)
  0x0764  mtlr r0                                              | mtlr r0
  0x0768  addi r1, r1, 0x70                                    | addi r1, r1, 0x70
  0x076c  blr                                                  | blr

Script done on 2026-10-02 14:55:22-04:00 [COMMAND_EXIT_CODE="0"]
