target 628 bytes  base 628 bytes  match 99.87261
  0x0000  stwu r1, -0x30(r1)                                   | stwu r1, -0x30(r1)
  0x0004  mflr r0                                              | mflr r0
  0x0008  clrlwi r9, r8, 24                                    | clrlwi r9, r8, 24
  0x000c  li r8, 0x1                                           | li r8, 0x1
  0x0010  stw r0, 0x34(r1)                                     | stw r0, 0x34(r1)
  0x0014  subi r0, r9, 0x1                                     | subi r0, r9, 0x1
  0x0018  stmw r23, 0xc(r1)                                    | stmw r23, 0xc(r1)
  0x001c  mr r23, r3                                           | mr r23, r3
  0x0020  slw r3, r8, r9                                       | slw r3, r8, r9
  0x0024  mr r24, r4                                           | mr r24, r4
  0x0028  mr r25, r6                                           | mr r25, r6
  0x002c  mr r26, r7                                           | mr r26, r7
  0x0030  mr r27, r23                                          | mr r27, r23
* 0x0034  subi r31, r3, 0x1                                    | subi r29, r3, 0x1
  0x0038  slw r30, r8, r0                                      | slw r30, r8, r0
* 0x003c  clrlwi r29, r5, 24                                   | clrlwi r31, r5, 24
  0x0040  li r28, 0x0                                          | li r28, 0x0
  0x0044  b 0x23c                                              | b 0x23c
  0x0048  bl fn_800FBFB0 [None+0 t10]                          | bl fn_800FBFB0 [None+0 t10]
* 0x004c  and r0, r31, r3                                      | and r0, r29, r3
  0x0050  cmpwi r25, 0x0                                       | cmpwi r25, 0x0
  0x0054  subf r0, r0, r30                                     | subf r0, r0, r30
  0x0058  li r3, 0x0                                           | li r3, 0x0
  0x005c  extsb r0, r0                                         | extsb r0, r0
  0x0060  ble 0x238                                            | ble 0x238
  0x0064  cmpwi r25, 0x8                                       | cmpwi r25, 0x8
  0x0068  subi r5, r25, 0x8                                    | subi r5, r25, 0x8
  0x006c  ble 0x1f0                                            | ble 0x1f0
  0x0070  addi r4, r5, 0x7                                     | addi r4, r5, 0x7
  0x0074  srwi r4, r4, 3                                       | srwi r4, r4, 3
  0x0078  mtctr r4                                             | mtctr r4
  0x007c  cmpwi r5, 0x0                                        | cmpwi r5, 0x0
  0x0080  ble 0x1f0                                            | ble 0x1f0
  0x0084  lbz r4, 0x0(r24)                                     | lbz r4, 0x0(r24)
  0x0088  addi r3, r3, 0x8                                     | addi r3, r3, 0x8
  0x008c  add r4, r4, r0                                       | add r4, r4, r0
  0x0090  stb r4, 0x0(r27)                                     | stb r4, 0x0(r27)
  0x0094  lbz r4, 0x1(r24)                                     | lbz r4, 0x1(r24)
  0x0098  add r4, r4, r0                                       | add r4, r4, r0
  0x009c  stb r4, 0x1(r27)                                     | stb r4, 0x1(r27)
  0x00a0  lbz r4, 0x2(r24)                                     | lbz r4, 0x2(r24)
  0x00a4  add r4, r4, r0                                       | add r4, r4, r0
  0x00a8  stb r4, 0x2(r27)                                     | stb r4, 0x2(r27)
  0x00ac  lbz r4, 0x3(r24)                                     | lbz r4, 0x3(r24)
  0x00b0  stb r4, 0x3(r27)                                     | stb r4, 0x3(r27)
  0x00b4  lbz r4, 0x0(r24)                                     | lbz r4, 0x0(r24)
  0x00b8  add r4, r4, r0                                       | add r4, r4, r0
  0x00bc  stb r4, 0x4(r27)                                     | stb r4, 0x4(r27)
  0x00c0  lbz r4, 0x1(r24)                                     | lbz r4, 0x1(r24)
  0x00c4  add r4, r4, r0                                       | add r4, r4, r0
  0x00c8  stb r4, 0x5(r27)                                     | stb r4, 0x5(r27)
  0x00cc  lbz r4, 0x2(r24)                                     | lbz r4, 0x2(r24)
  0x00d0  add r4, r4, r0                                       | add r4, r4, r0
  0x00d4  stb r4, 0x6(r27)                                     | stb r4, 0x6(r27)
  0x00d8  lbz r4, 0x3(r24)                                     | lbz r4, 0x3(r24)
  0x00dc  stb r4, 0x7(r27)                                     | stb r4, 0x7(r27)
  0x00e0  lbz r4, 0x0(r24)                                     | lbz r4, 0x0(r24)
  0x00e4  add r4, r4, r0                                       | add r4, r4, r0
  0x00e8  stb r4, 0x8(r27)                                     | stb r4, 0x8(r27)
  0x00ec  lbz r4, 0x1(r24)                                     | lbz r4, 0x1(r24)
  0x00f0  add r4, r4, r0                                       | add r4, r4, r0
  0x00f4  stb r4, 0x9(r27)                                     | stb r4, 0x9(r27)
  0x00f8  lbz r4, 0x2(r24)                                     | lbz r4, 0x2(r24)
  0x00fc  add r4, r4, r0                                       | add r4, r4, r0
  0x0100  stb r4, 0xa(r27)                                     | stb r4, 0xa(r27)
  0x0104  lbz r4, 0x3(r24)                                     | lbz r4, 0x3(r24)
  0x0108  stb r4, 0xb(r27)                                     | stb r4, 0xb(r27)
  0x010c  lbz r4, 0x0(r24)                                     | lbz r4, 0x0(r24)
  0x0110  add r4, r4, r0                                       | add r4, r4, r0
  0x0114  stb r4, 0xc(r27)                                     | stb r4, 0xc(r27)
  0x0118  lbz r4, 0x1(r24)                                     | lbz r4, 0x1(r24)
  0x011c  add r4, r4, r0                                       | add r4, r4, r0
  0x0120  stb r4, 0xd(r27)                                     | stb r4, 0xd(r27)
  0x0124  lbz r4, 0x2(r24)                                     | lbz r4, 0x2(r24)
  0x0128  add r4, r4, r0                                       | add r4, r4, r0
  0x012c  stb r4, 0xe(r27)                                     | stb r4, 0xe(r27)
  0x0130  lbz r4, 0x3(r24)                                     | lbz r4, 0x3(r24)
  0x0134  stb r4, 0xf(r27)                                     | stb r4, 0xf(r27)
  0x0138  lbz r4, 0x0(r24)                                     | lbz r4, 0x0(r24)
  0x013c  add r4, r4, r0                                       | add r4, r4, r0
  0x0140  stb r4, 0x10(r27)                                    | stb r4, 0x10(r27)
  0x0144  lbz r4, 0x1(r24)                                     | lbz r4, 0x1(r24)
  0x0148  add r4, r4, r0                                       | add r4, r4, r0
  0x014c  stb r4, 0x11(r27)                                    | stb r4, 0x11(r27)
  0x0150  lbz r4, 0x2(r24)                                     | lbz r4, 0x2(r24)
  0x0154  add r4, r4, r0                                       | add r4, r4, r0
  0x0158  stb r4, 0x12(r27)                                    | stb r4, 0x12(r27)
  0x015c  lbz r4, 0x3(r24)                                     | lbz r4, 0x3(r24)
  0x0160  stb r4, 0x13(r27)                                    | stb r4, 0x13(r27)
  0x0164  lbz r4, 0x0(r24)                                     | lbz r4, 0x0(r24)
  0x0168  add r4, r4, r0                                       | add r4, r4, r0
  0x016c  stb r4, 0x14(r27)                                    | stb r4, 0x14(r27)
  0x0170  lbz r4, 0x1(r24)                                     | lbz r4, 0x1(r24)
  0x0174  add r4, r4, r0                                       | add r4, r4, r0
  0x0178  stb r4, 0x15(r27)                                    | stb r4, 0x15(r27)
  0x017c  lbz r4, 0x2(r24)                                     | lbz r4, 0x2(r24)
  0x0180  add r4, r4, r0                                       | add r4, r4, r0
  0x0184  stb r4, 0x16(r27)                                    | stb r4, 0x16(r27)
  0x0188  lbz r4, 0x3(r24)                                     | lbz r4, 0x3(r24)
  0x018c  stb r4, 0x17(r27)                                    | stb r4, 0x17(r27)
  0x0190  lbz r4, 0x0(r24)                                     | lbz r4, 0x0(r24)
  0x0194  add r4, r4, r0                                       | add r4, r4, r0
  0x0198  stb r4, 0x18(r27)                                    | stb r4, 0x18(r27)
  0x019c  lbz r4, 0x1(r24)                                     | lbz r4, 0x1(r24)
  0x01a0  add r4, r4, r0                                       | add r4, r4, r0
  0x01a4  stb r4, 0x19(r27)                                    | stb r4, 0x19(r27)
  0x01a8  lbz r4, 0x2(r24)                                     | lbz r4, 0x2(r24)
  0x01ac  add r4, r4, r0                                       | add r4, r4, r0
  0x01b0  stb r4, 0x1a(r27)                                    | stb r4, 0x1a(r27)
  0x01b4  lbz r4, 0x3(r24)                                     | lbz r4, 0x3(r24)
  0x01b8  stb r4, 0x1b(r27)                                    | stb r4, 0x1b(r27)
  0x01bc  lbz r4, 0x0(r24)                                     | lbz r4, 0x0(r24)
  0x01c0  add r4, r4, r0                                       | add r4, r4, r0
  0x01c4  stb r4, 0x1c(r27)                                    | stb r4, 0x1c(r27)
  0x01c8  lbz r4, 0x1(r24)                                     | lbz r4, 0x1(r24)
  0x01cc  add r4, r4, r0                                       | add r4, r4, r0
  0x01d0  stb r4, 0x1d(r27)                                    | stb r4, 0x1d(r27)
  0x01d4  lbz r4, 0x2(r24)                                     | lbz r4, 0x2(r24)
  0x01d8  add r4, r4, r0                                       | add r4, r4, r0
  0x01dc  stb r4, 0x1e(r27)                                    | stb r4, 0x1e(r27)
  0x01e0  lbz r4, 0x3(r24)                                     | lbz r4, 0x3(r24)
  0x01e4  stb r4, 0x1f(r27)                                    | stb r4, 0x1f(r27)
  0x01e8  addi r27, r27, 0x20                                  | addi r27, r27, 0x20
  0x01ec  bdnz 0x84                                            | bdnz 0x84
  0x01f0  subf r4, r3, r25                                     | subf r4, r3, r25
  0x01f4  mtctr r4                                             | mtctr r4
  0x01f8  cmpw r3, r25                                         | cmpw r3, r25
  0x01fc  bge 0x238                                            | bge 0x238
  0x0200  lbz r4, 0x0(r24)                                     | lbz r4, 0x0(r24)
  0x0204  addi r3, r3, 0x1                                     | addi r3, r3, 0x1
  0x0208  add r4, r4, r0                                       | add r4, r4, r0
  0x020c  stb r4, 0x0(r27)                                     | stb r4, 0x0(r27)
  0x0210  lbz r4, 0x1(r24)                                     | lbz r4, 0x1(r24)
  0x0214  add r4, r4, r0                                       | add r4, r4, r0
  0x0218  stb r4, 0x1(r27)                                     | stb r4, 0x1(r27)
  0x021c  lbz r4, 0x2(r24)                                     | lbz r4, 0x2(r24)
  0x0220  add r4, r4, r0                                       | add r4, r4, r0
  0x0224  stb r4, 0x2(r27)                                     | stb r4, 0x2(r27)
  0x0228  lbz r4, 0x3(r24)                                     | lbz r4, 0x3(r24)
  0x022c  stb r4, 0x3(r27)                                     | stb r4, 0x3(r27)
  0x0230  addi r27, r27, 0x4                                   | addi r27, r27, 0x4
  0x0234  bdnz 0x200                                           | bdnz 0x200
  0x0238  addi r28, r28, 0x1                                   | addi r28, r28, 0x1
* 0x023c  cmpw r28, r29                                        | cmpw r28, r31
  0x0240  blt 0x48                                             | blt 0x48
  0x0244  lis r3, lbl_80607120@ha [None+0 t6]                  | lis r3, lbl_80607120@ha [None+0 t6]
  0x0248  clrlslwi r0, r26, 16, 2                              | clrlslwi r0, r26, 16, 2
  0x024c  addi r3, r3, lbl_80607120@l [None+0 t4]              | addi r3, r3, lbl_80607120@l [None+0 t4]
  0x0250  mr r4, r23                                           | mr r4, r23
  0x0254  lhz r5, 0xc(r3) [None+0 tNone]                       | lhz r5, 0xc(r3) [None+0 tNone]
  0x0258  add r3, r23, r0                                      | add r3, r23, r0
  0x025c  bl memcpy [None+0 t10]                               | bl memcpy [None+0 t10]
  0x0260  lmw r23, 0xc(r1)                                     | lmw r23, 0xc(r1)
  0x0264  lwz r0, 0x34(r1)                                     | lwz r0, 0x34(r1)
  0x0268  mtlr r0                                              | mtlr r0
  0x026c  addi r1, r1, 0x30                                    | addi r1, r1, 0x30
  0x0270  blr                                                  | blr
