Script started on 2026-09-29 17:51:03-04:00 [COMMAND="python3 tools/fndiff.py game/game_fn_80207AB8.c EXILock" <not executed on terminal>]
 INFO Writing to /home/rabbit/src/darkfoundry-new/.darkfoundry/worktrees/81136289-d9d6-4a74-8320-2e4da3c1fe24/eternal-darkness-decomp/build/GEDE01/fndiff_EXILock.json
target 244 bytes  base 244 bytes  match 100.0
  0x0000  mflr r0                                              | mflr r0
  0x0004  stw r0, 0x4(r1)                                      | stw r0, 0x4(r1)
  0x0008  stwu r1, -0x30(r1)                                   | stwu r1, -0x30(r1)
  0x000c  stmw r27, 0x1c(r1)                                   | stmw r27, 0x1c(r1)
  0x0010  addi r27, r3, 0x0                                    | addi r27, r3, 0x0
  0x0014  lis r3, Ecb_80640AA8@ha [None+0 t6]                  | lis r3, Ecb_80640AA8@ha [None+0 t6]
  0x0018  slwi r6, r27, 6                                      | slwi r6, r27, 6
  0x001c  addi r0, r3, Ecb_80640AA8@l [None+0 t4]              | addi r0, r3, Ecb_80640AA8@l [None+0 t4]
  0x0020  add r31, r0, r6 [None+0 tNone]                       | add r31, r0, r6 [None+0 tNone]
  0x0024  addi r28, r4, 0x0                                    | addi r28, r4, 0x0
  0x0028  addi r29, r5, 0x0                                    | addi r29, r5, 0x0
  0x002c  bl OSDisableInterrupts [None+0 t10]                  | bl OSDisableInterrupts [None+0 t10]
  0x0030  lwz r0, 0xc(r31) [None+0 tNone]                      | lwz r0, 0xc(r31) [None+0 tNone]
  0x0034  addi r30, r3, 0x0                                    | addi r30, r3, 0x0
  0x0038  rlwinm. r0, r0, 0, 27, 27                            | rlwinm. r0, r0, 0, 27, 27
  0x003c  beq 0xb8                                             | beq 0xb8
  0x0040  cmplwi r29, 0x0                                      | cmplwi r29, 0x0
  0x0044  beq 0xa8                                             | beq 0xa8
  0x0048  lwz r4, 0x24(r31) [None+0 tNone]                     | lwz r4, 0x24(r31) [None+0 tNone]
  0x004c  addi r3, r31, 0x0 [None+0 tNone]                     | addi r3, r31, 0x0 [None+0 tNone]
  0x0050  cmpwi r4, 0x0                                        | cmpwi r4, 0x0
  0x0054  mtctr r4                                             | mtctr r4
  0x0058  ble 0x80                                             | ble 0x80
  0x005c  lwz r0, 0x28(r3) [None+0 tNone]                      | lwz r0, 0x28(r3) [None+0 tNone]
  0x0060  cmplw r0, r28                                        | cmplw r0, r28
  0x0064  bne 0x78                                             | bne 0x78
  0x0068  mr r3, r30                                           | mr r3, r30
  0x006c  bl OSRestoreInterrupts [None+0 t10]                  | bl OSRestoreInterrupts [None+0 t10]
  0x0070  li r3, 0x0                                           | li r3, 0x0
  0x0074  b 0xe0                                               | b 0xe0
  0x0078  addi r3, r3, 0x8 [None+0 tNone]                      | addi r3, r3, 0x8 [None+0 tNone]
  0x007c  bdnz 0x5c                                            | bdnz 0x5c
  0x0080  slwi r0, r4, 3                                       | slwi r0, r4, 3
  0x0084  add r3, r31, r0 [None+0 tNone]                       | add r3, r31, r0 [None+0 tNone]
  0x0088  stw r29, 0x2c(r3) [None+0 tNone]                     | stw r29, 0x2c(r3) [None+0 tNone]
  0x008c  lwz r0, 0x24(r31) [None+0 tNone]                     | lwz r0, 0x24(r31) [None+0 tNone]
  0x0090  slwi r0, r0, 3                                       | slwi r0, r0, 3
  0x0094  add r3, r31, r0 [None+0 tNone]                       | add r3, r31, r0 [None+0 tNone]
  0x0098  stw r28, 0x28(r3) [None+0 tNone]                     | stw r28, 0x28(r3) [None+0 tNone]
  0x009c  lwz r3, 0x24(r31) [None+0 tNone]                     | lwz r3, 0x24(r31) [None+0 tNone]
  0x00a0  addi r0, r3, 0x1                                     | addi r0, r3, 0x1
  0x00a4  stw r0, 0x24(r31) [None+0 tNone]                     | stw r0, 0x24(r31) [None+0 tNone]
  0x00a8  mr r3, r30                                           | mr r3, r30
  0x00ac  bl OSRestoreInterrupts [None+0 t10]                  | bl OSRestoreInterrupts [None+0 t10]
  0x00b0  li r3, 0x0                                           | li r3, 0x0
  0x00b4  b 0xe0                                               | b 0xe0
  0x00b8  lwz r0, 0xc(r31) [None+0 tNone]                      | lwz r0, 0xc(r31) [None+0 tNone]
  0x00bc  addi r3, r27, 0x0                                    | addi r3, r27, 0x0
  0x00c0  addi r4, r31, 0x0 [None+0 tNone]                     | addi r4, r31, 0x0 [None+0 tNone]
  0x00c4  ori r0, r0, 0x10                                     | ori r0, r0, 0x10
  0x00c8  stw r0, 0xc(r31) [None+0 tNone]                      | stw r0, 0xc(r31) [None+0 tNone]
  0x00cc  stw r28, 0x18(r31) [None+0 tNone]                    | stw r28, 0x18(r31) [None+0 tNone]
  0x00d0  bl fn_80206778 [None+0 t10]                          | bl fn_80206778 [None+0 t10]
  0x00d4  mr r3, r30                                           | mr r3, r30
  0x00d8  bl OSRestoreInterrupts [None+0 t10]                  | bl OSRestoreInterrupts [None+0 t10]
  0x00dc  li r3, 0x1                                           | li r3, 0x1
  0x00e0  lmw r27, 0x1c(r1)                                    | lmw r27, 0x1c(r1)
  0x00e4  lwz r0, 0x34(r1)                                     | lwz r0, 0x34(r1)
  0x00e8  addi r1, r1, 0x30                                    | addi r1, r1, 0x30
  0x00ec  mtlr r0                                              | mtlr r0
  0x00f0  blr                                                  | blr

Script done on 2026-09-29 17:51:03-04:00 [COMMAND_EXIT_CODE="0"]
