Script started on 2026-10-03 13:15:38-04:00 [COMMAND="python3 tools/fndiff.py game/game_fn_8012EDB0.c fn_8012EDB0" <not executed on terminal>]
 INFO Writing to /home/rabbit/src/darkfoundry-new/.darkfoundry/durable/assignments/c1d566aa-701b-4e97-9695-27c44d75848a/eternal-darkness-decomp/build/GEDE01/fndiff_fn_8012EDB0.json
target 488 bytes  base 496 bytes  match 96.516396
  0x0000  stwu r1, -0x120(r1)                                  | stwu r1, -0x120(r1)
  0x0004  mflr r0                                              | mflr r0
  0x0008  stw r0, 0x124(r1)                                    | stw r0, 0x124(r1)
  0x000c  stfd f31, 0x110(r1)                                  | stfd f31, 0x110(r1)
  0x0010  psq_st f31, 0x118(r1), 0, qr0                        | psq_st f31, 0x118(r1), 0, qr0
  0x0014  stfd f30, 0x100(r1)                                  | stfd f30, 0x100(r1)
  0x0018  psq_st f30, 0x108(r1), 0, qr0                        | psq_st f30, 0x108(r1), 0, qr0
* 0x001c  stmw r27, 0xec(r1)                                   | addi r11, r1, 0x100
* 0x0020                                                       | bl _savegpr_27 [None+0 t10]
  0x0024  fmr f30, f1                                          | fmr f30, f1
  0x0028  mr r30, r3                                           | mr r30, r3
  0x002c  fmr f31, f2                                          | fmr f31, f2
  0x0030  mr r31, r4                                           | mr r31, r4
  0x0034  mr r28, r5                                           | mr r28, r5
  0x0038  bl fn_80125ECC [None+0 t10]                          | bl fn_80125ECC [None+0 t10]
  0x003c  lwz r3, 0x240(r30)                                   | lwz r3, 0x240(r30)
  0x0040  slwi r0, r31, 2                                      | slwi r0, r31, 2
  0x0044  lwzx r3, r3, r0                                      | lwzx r3, r3, r0
  0x0048  cmplwi r3, 0x0                                       | cmplwi r3, 0x0
  0x004c  beq 0x1c0                                            | beq 0x1c4
  0x0050  lwz r4, 0x4(r3)                                      | lwz r4, 0x4(r3)
  0x0054  li r6, 0x0                                           | li r6, 0x0
  0x0058  lwz r5, 0x160(r30)                                   | lwz r5, 0x160(r30)
  0x005c  mr r3, r30                                           | mr r3, r30
  0x0060  lhz r0, 0xe(r4)                                      | lhz r0, 0xe(r4)
  0x0064  mr r4, r31                                           | mr r4, r31
  0x0068  mulli r0, r0, 0x4c                                   | mulli r0, r0, 0x4c
  0x006c  add r5, r5, r0                                       | add r5, r5, r0
  0x0070  stw r6, 0x48(r5)                                     | stw r6, 0x48(r5)
  0x0074  bl fn_8012FDA0 [None+0 t10]                          | bl fn_8012FDA0 [None+0 t10]
* 0x0078  lfs f1, lbl_806501D8@sda21 [None+0 t109]             | lfs f0, lbl_806501D8@sda21 [None+0 t109]
  0x007c  li r0, -0x1                                          | li r0, -0x1
* 0x0080  lfs f0, lbl_806501DC@sda21 [None+0 t109]             | lfs f1, lbl_806501DC@sda21 [None+0 t109]
* 0x0084  mr r5, r3                                            | clrlwi r5, r3, 16
  0x0088  stw r31, 0xc0(r1)                                    | stw r31, 0xc0(r1)
  0x008c  mr r3, r30                                           | mr r3, r30
  0x0090  addi r27, r1, 0xd4                                   | addi r27, r1, 0xd4
  0x0094  addi r4, r1, 0x90                                    | addi r4, r1, 0x90
  0x0098  stw r0, 0xc4(r1)                                     | stw r0, 0xc4(r1)
  0x009c  li r6, 0x9                                           | li r6, 0x9
* 0x00a0  stfs f1, 0xc8(r1)                                    | stfs f0, 0xc8(r1)
* 0x00a4  stfs f1, 0xcc(r1)                                    | stfs f0, 0xcc(r1)
* 0x00a8  stfs f1, 0xd0(r1)                                    | stfs f0, 0xd0(r1)
* 0x00ac  stfs f0, 0xd4(r1)                                    | stfs f1, 0xd4(r1)
* 0x00b0  stfs f1, 0xd8(r1)                                    | stfs f0, 0xd8(r1)
* 0x00b4  stfs f1, 0xdc(r1)                                    | stfs f0, 0xdc(r1)
* 0x00b8  stfs f0, 0xe0(r1)                                    | stfs f1, 0xe0(r1)
  0x00bc  bl fn_8011F3B4 [None+0 t10]                          | bl fn_8011F3B4 [None+0 t10]
  0x00c0  addi r3, r1, 0xc0                                    | addi r3, r1, 0xc0
  0x00c4  addi r4, r1, 0x90                                    | addi r4, r1, 0x90
  0x00c8  li r5, 0x9                                           | li r5, 0x9
  0x00cc  bl fn_8011F304 [None+0 t10]                          | bl fn_8011F304 [None+0 t10]
  0x00d0  mr r3, r28                                           | mr r3, r28
  0x00d4  mr r4, r28                                           | mr r4, r28
  0x00d8  bl fn_80211AAC [None+0 t10]                          | bl fn_80211AAC [None+0 t10]
  0x00dc  mr r3, r27                                           | mr r3, r27
  0x00e0  mr r4, r28                                           | mr r4, r28
  0x00e4  addi r5, r1, 0x44                                    | addi r5, r1, 0x44
  0x00e8  bl fn_80211B64 [None+0 t10]                          | bl fn_80211B64 [None+0 t10]
  0x00ec  addi r3, r1, 0x44                                    | addi r3, r1, 0x44
  0x00f0  bl fn_80211B08 [None+0 t10]                          | bl fn_80211B08 [None+0 t10]
  0x00f4  lfd f0, lbl_80650208@sda21 [None+0 t109]             | lfd f0, lbl_80650208@sda21 [None+0 t109]
  0x00f8  fcmpo cr0, f1, f0                                    | fcmpo cr0, f1, f0
  0x00fc  ble 0x1c0                                            | ble 0x1c4
  0x0100  addi r3, r1, 0x90                                    | addi r3, r1, 0x90
  0x0104  addi r4, r1, 0x60                                    | addi r4, r1, 0x60
  0x0108  bl fn_802110A8 [None+0 t10]                          | bl fn_802110A8 [None+0 t10]
  0x010c  addi r3, r1, 0x60                                    | addi r3, r1, 0x60
  0x0110  addi r4, r1, 0x44                                    | addi r4, r1, 0x44
  0x0114  addi r5, r1, 0x38                                    | addi r5, r1, 0x38
  0x0118  bl fn_8017AD00 [None+0 t10]                          | bl fn_8017AD00 [None+0 t10]
  0x011c  fmr f1, f30                                          | fmr f1, f30
  0x0120  addi r3, r1, 0x38                                    | addi r3, r1, 0x38
  0x0124  addi r4, r1, 0x28                                    | addi r4, r1, 0x28
  0x0128  bl fn_8017A244 [None+0 t10]                          | bl fn_8017A244 [None+0 t10]
  0x012c  mr r3, r30                                           | mr r3, r30
  0x0130  mr r4, r31                                           | mr r4, r31
  0x0134  addi r5, r1, 0x50                                    | addi r5, r1, 0x50
  0x0138  bl fn_8012CEA4 [None+0 t10]                          | bl fn_8012CEA4 [None+0 t10]
  0x013c  fmr f1, f31                                          | fmr f1, f31
  0x0140  addi r3, r1, 0x50                                    | addi r3, r1, 0x50
  0x0144  addi r4, r1, 0x28                                    | addi r4, r1, 0x28
  0x0148  bl fn_8017A5A8 [None+0 t10]                          | bl fn_8017A5A8 [None+0 t10]
  0x014c  lwz r27, 0x28(r1)                                    | lwz r27, 0x28(r1)
  0x0150  mr r3, r30                                           | mr r3, r30
  0x0154  lwz r28, 0x2c(r1)                                    | lwz r28, 0x2c(r1)
  0x0158  mr r4, r31                                           | mr r4, r31
  0x015c  lwz r29, 0x30(r1)                                    | lwz r29, 0x30(r1)
  0x0160  addi r5, r1, 0x18                                    | addi r5, r1, 0x18
  0x0164  lwz r12, 0x34(r1)                                    | lwz r12, 0x34(r1)
  0x0168  addi r6, r1, 0x8                                     | addi r6, r1, 0x8
  0x016c  lwz r11, 0x50(r1)                                    | lwz r11, 0x50(r1)
  0x0170  li r7, 0x0                                           | li r7, 0x0
  0x0174  lwz r10, 0x54(r1)                                    | lwz r10, 0x54(r1)
  0x0178  li r8, 0x0                                           | li r8, 0x0
  0x017c  lwz r9, 0x58(r1)                                     | lwz r9, 0x58(r1)
  0x0180  lwz r0, 0x5c(r1)                                     | lwz r0, 0x5c(r1)
  0x0184  stw r27, 0x8(r1)                                     | stw r27, 0x8(r1)
  0x0188  stw r28, 0xc(r1)                                     | stw r28, 0xc(r1)
  0x018c  stw r29, 0x10(r1)                                    | stw r29, 0x10(r1)
  0x0190  stw r12, 0x14(r1)                                    | stw r12, 0x14(r1)
  0x0194  stw r11, 0x18(r1)                                    | stw r11, 0x18(r1)
  0x0198  stw r10, 0x1c(r1)                                    | stw r10, 0x1c(r1)
  0x019c  stw r9, 0x20(r1)                                     | stw r9, 0x20(r1)
  0x01a0  stw r0, 0x24(r1)                                     | stw r0, 0x24(r1)
  0x01a4  bl fn_8012CF08 [None+0 t10]                          | bl fn_8012CF08 [None+0 t10]
  0x01a8  mr r3, r30                                           | mr r3, r30
  0x01ac  mr r4, r31                                           | mr r4, r31
  0x01b0  li r5, 0x3                                           | li r5, 0x3
  0x01b4  li r6, 0x0                                           | li r6, 0x0
  0x01b8  li r7, 0x0                                           | li r7, 0x0
  0x01bc  li r8, 0x84                                          | li r8, 0x84
  0x01c0  bl fn_8012F58C [None+0 t10]                          | bl fn_8012F58C [None+0 t10]
  0x01c4  li r3, 0x0                                           | li r3, 0x0
  0x01c8  psq_l f31, 0x118(r1), 0, qr0                         | psq_l f31, 0x118(r1), 0, qr0
  0x01cc  lfd f31, 0x110(r1)                                   | lfd f31, 0x110(r1)
  0x01d0  psq_l f30, 0x108(r1), 0, qr0                         | psq_l f30, 0x108(r1), 0, qr0
* 0x01d4                                                       | addi r11, r1, 0x100
  0x01d8  lfd f30, 0x100(r1)                                   | lfd f30, 0x100(r1)
* 0x01dc  lmw r27, 0xec(r1)                                    | bl _restgpr_27 [None+0 t10]
  0x01e0  lwz r0, 0x124(r1)                                    | lwz r0, 0x124(r1)
  0x01e4  mtlr r0                                              | mtlr r0
  0x01e8  addi r1, r1, 0x120                                   | addi r1, r1, 0x120
  0x01ec  blr                                                  | blr

Script done on 2026-10-03 13:15:38-04:00 [COMMAND_EXIT_CODE="0"]
