
PROBE signed short channel
[1/1] MWCC build/GEDE01/src/game/game_fn_80208BA8.o
 INFO Writing to /home/rabbit/src/darkfoundry-new/.darkfoundry/worktrees/50c29326-0acb-40d9-995f-1837de479183/eternal-darkness-decomp/build/GEDE01/fndiff_SIInit.json
target 164 bytes  base 164 bytes  match 98.78049
  0x0000  mflr r0                                              | mflr r0
  0x0004  lis r3, Packet_80640B68@ha [None+0 t6]               | lis r3, Packet_80640B68@ha [None+0 t6]
  0x0008  stw r0, 0x4(r1)                                      | stw r0, 0x4(r1)
* 0x000c  addi r6, r3, Packet_80640B68@l [None+0 t4]           | addi r5, r3, Packet_80640B68@l [None+0 t4]
  0x0010  lis r3, Si_802FCA20@ha [None+0 t6]                   | lis r3, Si_802FCA20@ha [None+0 t6]
  0x0014  stwu r1, -0x8(r1)                                    | stwu r1, -0x8(r1)
* 0x0018  li r5, -0x1                                          | li r6, -0x1
  0x001c  addi r4, r3, Si_802FCA20@l [None+0 t4]               | addi r4, r3, Si_802FCA20@l [None+0 t4]
* 0x0020  stw r5, 0x60(r6) [None+0 tNone]                      | stw r6, 0x60(r5) [None+0 tNone]
  0x0024  li r0, 0x0                                           | li r0, 0x0
  0x0028  li r3, 0x0                                           | li r3, 0x0
* 0x002c  stw r5, 0x40(r6) [None+0 tNone]                      | stw r6, 0x40(r5) [None+0 tNone]
* 0x0030  stw r5, 0x20(r6) [None+0 tNone]                      | stw r6, 0x20(r5) [None+0 tNone]
* 0x0034  stw r5, 0x0(r6) [None+0 tNone]                       | stw r6, 0x0(r5) [None+0 tNone]
  0x0038  stw r0, 0x4(r4) [None+0 tNone]                       | stw r0, 0x4(r4) [None+0 tNone]
  0x003c  bl SISetSamplingRate [None+0 t10]                    | bl SISetSamplingRate [None+0 t10]
  0x0040  lis r3, 0xcc00                                       | lis r3, 0xcc00
  0x0044  addi r4, r3, 0x6400                                  | addi r4, r3, 0x6400
  0x0048  lwzu r0, 0x34(r4)                                    | lwzu r0, 0x34(r4)
  0x004c  clrlwi. r0, r0, 31                                   | clrlwi. r0, r0, 31
  0x0050  bne 0x44                                             | bne 0x44
  0x0054  lis r0, 0x8000                                       | lis r0, 0x8000
  0x0058  lis r3, SIInterruptHandler_8020860C@ha [None+0 t6]   | lis r3, SIInterruptHandler_8020860C@ha [None+0 t6]
  0x005c  stw r0, 0x0(r4)                                      | stw r0, 0x0(r4)
  0x0060  addi r4, r3, SIInterruptHandler_8020860C@l [None+0 t4] | addi r4, r3, SIInterruptHandler_8020860C@l [None+0 t4]
  0x0064  li r3, 0x14                                          | li r3, 0x14
  0x0068  bl __OSSetInterruptHandler [None+0 t10]              | bl __OSSetInterruptHandler [None+0 t10]
  0x006c  li r3, 0x800                                         | li r3, 0x800
  0x0070  bl __OSUnmaskInterrupts [None+0 t10]                 | bl __OSUnmaskInterrupts [None+0 t10]
  0x0074  li r3, 0x0                                           | li r3, 0x0
  0x0078  bl SIGetType [None+0 t10]                            | bl SIGetType [None+0 t10]
  0x007c  li r3, 0x1                                           | li r3, 0x1
  0x0080  bl SIGetType [None+0 t10]                            | bl SIGetType [None+0 t10]
  0x0084  li r3, 0x2                                           | li r3, 0x2
  0x0088  bl SIGetType [None+0 t10]                            | bl SIGetType [None+0 t10]
  0x008c  li r3, 0x3                                           | li r3, 0x3
  0x0090  bl SIGetType [None+0 t10]                            | bl SIGetType [None+0 t10]
  0x0094  lwz r0, 0xc(r1)                                      | lwz r0, 0xc(r1)
  0x0098  addi r1, r1, 0x8                                     | addi r1, r1, 0x8
  0x009c  mtlr r0                                              | mtlr r0
  0x00a0  blr                                                  | blr

PROBE signed char channel
[1/1] MWCC build/GEDE01/src/game/game_fn_80208BA8.o
 INFO Writing to /home/rabbit/src/darkfoundry-new/.darkfoundry/worktrees/50c29326-0acb-40d9-995f-1837de479183/eternal-darkness-decomp/build/GEDE01/fndiff_SIInit.json
target 164 bytes  base 164 bytes  match 98.78049
  0x0000  mflr r0                                              | mflr r0
  0x0004  lis r3, Packet_80640B68@ha [None+0 t6]               | lis r3, Packet_80640B68@ha [None+0 t6]
  0x0008  stw r0, 0x4(r1)                                      | stw r0, 0x4(r1)
* 0x000c  addi r6, r3, Packet_80640B68@l [None+0 t4]           | addi r5, r3, Packet_80640B68@l [None+0 t4]
  0x0010  lis r3, Si_802FCA20@ha [None+0 t6]                   | lis r3, Si_802FCA20@ha [None+0 t6]
  0x0014  stwu r1, -0x8(r1)                                    | stwu r1, -0x8(r1)
* 0x0018  li r5, -0x1                                          | li r6, -0x1
  0x001c  addi r4, r3, Si_802FCA20@l [None+0 t4]               | addi r4, r3, Si_802FCA20@l [None+0 t4]
* 0x0020  stw r5, 0x60(r6) [None+0 tNone]                      | stw r6, 0x60(r5) [None+0 tNone]
  0x0024  li r0, 0x0                                           | li r0, 0x0
  0x0028  li r3, 0x0                                           | li r3, 0x0
* 0x002c  stw r5, 0x40(r6) [None+0 tNone]                      | stw r6, 0x40(r5) [None+0 tNone]
* 0x0030  stw r5, 0x20(r6) [None+0 tNone]                      | stw r6, 0x20(r5) [None+0 tNone]
* 0x0034  stw r5, 0x0(r6) [None+0 tNone]                       | stw r6, 0x0(r5) [None+0 tNone]
  0x0038  stw r0, 0x4(r4) [None+0 tNone]                       | stw r0, 0x4(r4) [None+0 tNone]
  0x003c  bl SISetSamplingRate [None+0 t10]                    | bl SISetSamplingRate [None+0 t10]
  0x0040  lis r3, 0xcc00                                       | lis r3, 0xcc00
  0x0044  addi r4, r3, 0x6400                                  | addi r4, r3, 0x6400
  0x0048  lwzu r0, 0x34(r4)                                    | lwzu r0, 0x34(r4)
  0x004c  clrlwi. r0, r0, 31                                   | clrlwi. r0, r0, 31
  0x0050  bne 0x44                                             | bne 0x44
  0x0054  lis r0, 0x8000                                       | lis r0, 0x8000
  0x0058  lis r3, SIInterruptHandler_8020860C@ha [None+0 t6]   | lis r3, SIInterruptHandler_8020860C@ha [None+0 t6]
  0x005c  stw r0, 0x0(r4)                                      | stw r0, 0x0(r4)
  0x0060  addi r4, r3, SIInterruptHandler_8020860C@l [None+0 t4] | addi r4, r3, SIInterruptHandler_8020860C@l [None+0 t4]
  0x0064  li r3, 0x14                                          | li r3, 0x14
  0x0068  bl __OSSetInterruptHandler [None+0 t10]              | bl __OSSetInterruptHandler [None+0 t10]
  0x006c  li r3, 0x800                                         | li r3, 0x800
  0x0070  bl __OSUnmaskInterrupts [None+0 t10]                 | bl __OSUnmaskInterrupts [None+0 t10]
  0x0074  li r3, 0x0                                           | li r3, 0x0
  0x0078  bl SIGetType [None+0 t10]                            | bl SIGetType [None+0 t10]
  0x007c  li r3, 0x1                                           | li r3, 0x1
  0x0080  bl SIGetType [None+0 t10]                            | bl SIGetType [None+0 t10]
  0x0084  li r3, 0x2                                           | li r3, 0x2
  0x0088  bl SIGetType [None+0 t10]                            | bl SIGetType [None+0 t10]
  0x008c  li r3, 0x3                                           | li r3, 0x3
  0x0090  bl SIGetType [None+0 t10]                            | bl SIGetType [None+0 t10]
  0x0094  lwz r0, 0xc(r1)                                      | lwz r0, 0xc(r1)
  0x0098  addi r1, r1, 0x8                                     | addi r1, r1, 0x8
  0x009c  mtlr r0                                              | mtlr r0
  0x00a0  blr                                                  | blr

PROBE unsigned channel complement
[1/1] MWCC build/GEDE01/src/game/game_fn_80208BA8.o
 INFO Writing to /home/rabbit/src/darkfoundry-new/.darkfoundry/worktrees/50c29326-0acb-40d9-995f-1837de479183/eternal-darkness-decomp/build/GEDE01/fndiff_SIInit.json
target 164 bytes  base 164 bytes  match 98.78049
  0x0000  mflr r0                                              | mflr r0
  0x0004  lis r3, Packet_80640B68@ha [None+0 t6]               | lis r3, Packet_80640B68@ha [None+0 t6]
  0x0008  stw r0, 0x4(r1)                                      | stw r0, 0x4(r1)
* 0x000c  addi r6, r3, Packet_80640B68@l [None+0 t4]           | addi r5, r3, Packet_80640B68@l [None+0 t4]
  0x0010  lis r3, Si_802FCA20@ha [None+0 t6]                   | lis r3, Si_802FCA20@ha [None+0 t6]
  0x0014  stwu r1, -0x8(r1)                                    | stwu r1, -0x8(r1)
* 0x0018  li r5, -0x1                                          | li r6, -0x1
  0x001c  addi r4, r3, Si_802FCA20@l [None+0 t4]               | addi r4, r3, Si_802FCA20@l [None+0 t4]
* 0x0020  stw r5, 0x60(r6) [None+0 tNone]                      | stw r6, 0x60(r5) [None+0 tNone]
  0x0024  li r0, 0x0                                           | li r0, 0x0
  0x0028  li r3, 0x0                                           | li r3, 0x0
* 0x002c  stw r5, 0x40(r6) [None+0 tNone]                      | stw r6, 0x40(r5) [None+0 tNone]
* 0x0030  stw r5, 0x20(r6) [None+0 tNone]                      | stw r6, 0x20(r5) [None+0 tNone]
* 0x0034  stw r5, 0x0(r6) [None+0 tNone]                       | stw r6, 0x0(r5) [None+0 tNone]
  0x0038  stw r0, 0x4(r4) [None+0 tNone]                       | stw r0, 0x4(r4) [None+0 tNone]
  0x003c  bl SISetSamplingRate [None+0 t10]                    | bl SISetSamplingRate [None+0 t10]
  0x0040  lis r3, 0xcc00                                       | lis r3, 0xcc00
  0x0044  addi r4, r3, 0x6400                                  | addi r4, r3, 0x6400
  0x0048  lwzu r0, 0x34(r4)                                    | lwzu r0, 0x34(r4)
  0x004c  clrlwi. r0, r0, 31                                   | clrlwi. r0, r0, 31
  0x0050  bne 0x44                                             | bne 0x44
  0x0054  lis r0, 0x8000                                       | lis r0, 0x8000
  0x0058  lis r3, SIInterruptHandler_8020860C@ha [None+0 t6]   | lis r3, SIInterruptHandler_8020860C@ha [None+0 t6]
  0x005c  stw r0, 0x0(r4)                                      | stw r0, 0x0(r4)
  0x0060  addi r4, r3, SIInterruptHandler_8020860C@l [None+0 t4] | addi r4, r3, SIInterruptHandler_8020860C@l [None+0 t4]
  0x0064  li r3, 0x14                                          | li r3, 0x14
  0x0068  bl __OSSetInterruptHandler [None+0 t10]              | bl __OSSetInterruptHandler [None+0 t10]
  0x006c  li r3, 0x800                                         | li r3, 0x800
  0x0070  bl __OSUnmaskInterrupts [None+0 t10]                 | bl __OSUnmaskInterrupts [None+0 t10]
  0x0074  li r3, 0x0                                           | li r3, 0x0
  0x0078  bl SIGetType [None+0 t10]                            | bl SIGetType [None+0 t10]
  0x007c  li r3, 0x1                                           | li r3, 0x1
  0x0080  bl SIGetType [None+0 t10]                            | bl SIGetType [None+0 t10]
  0x0084  li r3, 0x2                                           | li r3, 0x2
  0x0088  bl SIGetType [None+0 t10]                            | bl SIGetType [None+0 t10]
  0x008c  li r3, 0x3                                           | li r3, 0x3
  0x0090  bl SIGetType [None+0 t10]                            | bl SIGetType [None+0 t10]
  0x0094  lwz r0, 0xc(r1)                                      | lwz r0, 0xc(r1)
  0x0098  addi r1, r1, 0x8                                     | addi r1, r1, 0x8
  0x009c  mtlr r0                                              | mtlr r0
  0x00a0  blr                                                  | blr

PROBE signed long channel
[1/1] MWCC build/GEDE01/src/game/game_fn_80208BA8.o
 INFO Writing to /home/rabbit/src/darkfoundry-new/.darkfoundry/worktrees/50c29326-0acb-40d9-995f-1837de479183/eternal-darkness-decomp/build/GEDE01/fndiff_SIInit.json
target 164 bytes  base 164 bytes  match 98.78049
  0x0000  mflr r0                                              | mflr r0
  0x0004  lis r3, Packet_80640B68@ha [None+0 t6]               | lis r3, Packet_80640B68@ha [None+0 t6]
  0x0008  stw r0, 0x4(r1)                                      | stw r0, 0x4(r1)
* 0x000c  addi r6, r3, Packet_80640B68@l [None+0 t4]           | addi r5, r3, Packet_80640B68@l [None+0 t4]
  0x0010  lis r3, Si_802FCA20@ha [None+0 t6]                   | lis r3, Si_802FCA20@ha [None+0 t6]
  0x0014  stwu r1, -0x8(r1)                                    | stwu r1, -0x8(r1)
* 0x0018  li r5, -0x1                                          | li r6, -0x1
  0x001c  addi r4, r3, Si_802FCA20@l [None+0 t4]               | addi r4, r3, Si_802FCA20@l [None+0 t4]
* 0x0020  stw r5, 0x60(r6) [None+0 tNone]                      | stw r6, 0x60(r5) [None+0 tNone]
  0x0024  li r0, 0x0                                           | li r0, 0x0
  0x0028  li r3, 0x0                                           | li r3, 0x0
* 0x002c  stw r5, 0x40(r6) [None+0 tNone]                      | stw r6, 0x40(r5) [None+0 tNone]
* 0x0030  stw r5, 0x20(r6) [None+0 tNone]                      | stw r6, 0x20(r5) [None+0 tNone]
* 0x0034  stw r5, 0x0(r6) [None+0 tNone]                       | stw r6, 0x0(r5) [None+0 tNone]
  0x0038  stw r0, 0x4(r4) [None+0 tNone]                       | stw r0, 0x4(r4) [None+0 tNone]
  0x003c  bl SISetSamplingRate [None+0 t10]                    | bl SISetSamplingRate [None+0 t10]
  0x0040  lis r3, 0xcc00                                       | lis r3, 0xcc00
  0x0044  addi r4, r3, 0x6400                                  | addi r4, r3, 0x6400
  0x0048  lwzu r0, 0x34(r4)                                    | lwzu r0, 0x34(r4)
  0x004c  clrlwi. r0, r0, 31                                   | clrlwi. r0, r0, 31
  0x0050  bne 0x44                                             | bne 0x44
  0x0054  lis r0, 0x8000                                       | lis r0, 0x8000
  0x0058  lis r3, SIInterruptHandler_8020860C@ha [None+0 t6]   | lis r3, SIInterruptHandler_8020860C@ha [None+0 t6]
  0x005c  stw r0, 0x0(r4)                                      | stw r0, 0x0(r4)
  0x0060  addi r4, r3, SIInterruptHandler_8020860C@l [None+0 t4] | addi r4, r3, SIInterruptHandler_8020860C@l [None+0 t4]
  0x0064  li r3, 0x14                                          | li r3, 0x14
  0x0068  bl __OSSetInterruptHandler [None+0 t10]              | bl __OSSetInterruptHandler [None+0 t10]
  0x006c  li r3, 0x800                                         | li r3, 0x800
  0x0070  bl __OSUnmaskInterrupts [None+0 t10]                 | bl __OSUnmaskInterrupts [None+0 t10]
  0x0074  li r3, 0x0                                           | li r3, 0x0
  0x0078  bl SIGetType [None+0 t10]                            | bl SIGetType [None+0 t10]
  0x007c  li r3, 0x1                                           | li r3, 0x1
  0x0080  bl SIGetType [None+0 t10]                            | bl SIGetType [None+0 t10]
  0x0084  li r3, 0x2                                           | li r3, 0x2
  0x0088  bl SIGetType [None+0 t10]                            | bl SIGetType [None+0 t10]
  0x008c  li r3, 0x3                                           | li r3, 0x3
  0x0090  bl SIGetType [None+0 t10]                            | bl SIGetType [None+0 t10]
  0x0094  lwz r0, 0xc(r1)                                      | lwz r0, 0xc(r1)
  0x0098  addi r1, r1, 0x8                                     | addi r1, r1, 0x8
  0x009c  mtlr r0                                              | mtlr r0
  0x00a0  blr                                                  | blr

PROBE signed long long channel
[1/1] MWCC build/GEDE01/src/game/game_fn_80208BA8.o
 INFO Writing to /home/rabbit/src/darkfoundry-new/.darkfoundry/worktrees/50c29326-0acb-40d9-995f-1837de479183/eternal-darkness-decomp/build/GEDE01/fndiff_SIInit.json
target 164 bytes  base 164 bytes  match 98.78049
  0x0000  mflr r0                                              | mflr r0
  0x0004  lis r3, Packet_80640B68@ha [None+0 t6]               | lis r3, Packet_80640B68@ha [None+0 t6]
  0x0008  stw r0, 0x4(r1)                                      | stw r0, 0x4(r1)
* 0x000c  addi r6, r3, Packet_80640B68@l [None+0 t4]           | addi r5, r3, Packet_80640B68@l [None+0 t4]
  0x0010  lis r3, Si_802FCA20@ha [None+0 t6]                   | lis r3, Si_802FCA20@ha [None+0 t6]
  0x0014  stwu r1, -0x8(r1)                                    | stwu r1, -0x8(r1)
* 0x0018  li r5, -0x1                                          | li r6, -0x1
  0x001c  addi r4, r3, Si_802FCA20@l [None+0 t4]               | addi r4, r3, Si_802FCA20@l [None+0 t4]
* 0x0020  stw r5, 0x60(r6) [None+0 tNone]                      | stw r6, 0x60(r5) [None+0 tNone]
  0x0024  li r0, 0x0                                           | li r0, 0x0
  0x0028  li r3, 0x0                                           | li r3, 0x0
* 0x002c  stw r5, 0x40(r6) [None+0 tNone]                      | stw r6, 0x40(r5) [None+0 tNone]
* 0x0030  stw r5, 0x20(r6) [None+0 tNone]                      | stw r6, 0x20(r5) [None+0 tNone]
* 0x0034  stw r5, 0x0(r6) [None+0 tNone]                       | stw r6, 0x0(r5) [None+0 tNone]
  0x0038  stw r0, 0x4(r4) [None+0 tNone]                       | stw r0, 0x4(r4) [None+0 tNone]
  0x003c  bl SISetSamplingRate [None+0 t10]                    | bl SISetSamplingRate [None+0 t10]
  0x0040  lis r3, 0xcc00                                       | lis r3, 0xcc00
  0x0044  addi r4, r3, 0x6400                                  | addi r4, r3, 0x6400
  0x0048  lwzu r0, 0x34(r4)                                    | lwzu r0, 0x34(r4)
  0x004c  clrlwi. r0, r0, 31                                   | clrlwi. r0, r0, 31
  0x0050  bne 0x44                                             | bne 0x44
  0x0054  lis r0, 0x8000                                       | lis r0, 0x8000
  0x0058  lis r3, SIInterruptHandler_8020860C@ha [None+0 t6]   | lis r3, SIInterruptHandler_8020860C@ha [None+0 t6]
  0x005c  stw r0, 0x0(r4)                                      | stw r0, 0x0(r4)
  0x0060  addi r4, r3, SIInterruptHandler_8020860C@l [None+0 t4] | addi r4, r3, SIInterruptHandler_8020860C@l [None+0 t4]
  0x0064  li r3, 0x14                                          | li r3, 0x14
  0x0068  bl __OSSetInterruptHandler [None+0 t10]              | bl __OSSetInterruptHandler [None+0 t10]
  0x006c  li r3, 0x800                                         | li r3, 0x800
  0x0070  bl __OSUnmaskInterrupts [None+0 t10]                 | bl __OSUnmaskInterrupts [None+0 t10]
  0x0074  li r3, 0x0                                           | li r3, 0x0
  0x0078  bl SIGetType [None+0 t10]                            | bl SIGetType [None+0 t10]
  0x007c  li r3, 0x1                                           | li r3, 0x1
  0x0080  bl SIGetType [None+0 t10]                            | bl SIGetType [None+0 t10]
  0x0084  li r3, 0x2                                           | li r3, 0x2
  0x0088  bl SIGetType [None+0 t10]                            | bl SIGetType [None+0 t10]
  0x008c  li r3, 0x3                                           | li r3, 0x3
  0x0090  bl SIGetType [None+0 t10]                            | bl SIGetType [None+0 t10]
  0x0094  lwz r0, 0xc(r1)                                      | lwz r0, 0xc(r1)
  0x0098  addi r1, r1, 0x8                                     | addi r1, r1, 0x8
  0x009c  mtlr r0                                              | mtlr r0
  0x00a0  blr                                                  | blr

PROBE enum channel
[1/1] MWCC build/GEDE01/src/game/game_fn_80208BA8.o
 INFO Writing to /home/rabbit/src/darkfoundry-new/.darkfoundry/worktrees/50c29326-0acb-40d9-995f-1837de479183/eternal-darkness-decomp/build/GEDE01/fndiff_SIInit.json
target 164 bytes  base 164 bytes  match 98.78049
  0x0000  mflr r0                                              | mflr r0
  0x0004  lis r3, Packet_80640B68@ha [None+0 t6]               | lis r3, Packet_80640B68@ha [None+0 t6]
  0x0008  stw r0, 0x4(r1)                                      | stw r0, 0x4(r1)
* 0x000c  addi r6, r3, Packet_80640B68@l [None+0 t4]           | addi r5, r3, Packet_80640B68@l [None+0 t4]
  0x0010  lis r3, Si_802FCA20@ha [None+0 t6]                   | lis r3, Si_802FCA20@ha [None+0 t6]
  0x0014  stwu r1, -0x8(r1)                                    | stwu r1, -0x8(r1)
* 0x0018  li r5, -0x1                                          | li r6, -0x1
  0x001c  addi r4, r3, Si_802FCA20@l [None+0 t4]               | addi r4, r3, Si_802FCA20@l [None+0 t4]
* 0x0020  stw r5, 0x60(r6) [None+0 tNone]                      | stw r6, 0x60(r5) [None+0 tNone]
  0x0024  li r0, 0x0                                           | li r0, 0x0
  0x0028  li r3, 0x0                                           | li r3, 0x0
* 0x002c  stw r5, 0x40(r6) [None+0 tNone]                      | stw r6, 0x40(r5) [None+0 tNone]
* 0x0030  stw r5, 0x20(r6) [None+0 tNone]                      | stw r6, 0x20(r5) [None+0 tNone]
* 0x0034  stw r5, 0x0(r6) [None+0 tNone]                       | stw r6, 0x0(r5) [None+0 tNone]
  0x0038  stw r0, 0x4(r4) [None+0 tNone]                       | stw r0, 0x4(r4) [None+0 tNone]
  0x003c  bl SISetSamplingRate [None+0 t10]                    | bl SISetSamplingRate [None+0 t10]
  0x0040  lis r3, 0xcc00                                       | lis r3, 0xcc00
  0x0044  addi r4, r3, 0x6400                                  | addi r4, r3, 0x6400
  0x0048  lwzu r0, 0x34(r4)                                    | lwzu r0, 0x34(r4)
  0x004c  clrlwi. r0, r0, 31                                   | clrlwi. r0, r0, 31
  0x0050  bne 0x44                                             | bne 0x44
  0x0054  lis r0, 0x8000                                       | lis r0, 0x8000
  0x0058  lis r3, SIInterruptHandler_8020860C@ha [None+0 t6]   | lis r3, SIInterruptHandler_8020860C@ha [None+0 t6]
  0x005c  stw r0, 0x0(r4)                                      | stw r0, 0x0(r4)
  0x0060  addi r4, r3, SIInterruptHandler_8020860C@l [None+0 t4] | addi r4, r3, SIInterruptHandler_8020860C@l [None+0 t4]
  0x0064  li r3, 0x14                                          | li r3, 0x14
  0x0068  bl __OSSetInterruptHandler [None+0 t10]              | bl __OSSetInterruptHandler [None+0 t10]
  0x006c  li r3, 0x800                                         | li r3, 0x800
  0x0070  bl __OSUnmaskInterrupts [None+0 t10]                 | bl __OSUnmaskInterrupts [None+0 t10]
  0x0074  li r3, 0x0                                           | li r3, 0x0
  0x0078  bl SIGetType [None+0 t10]                            | bl SIGetType [None+0 t10]
  0x007c  li r3, 0x1                                           | li r3, 0x1
  0x0080  bl SIGetType [None+0 t10]                            | bl SIGetType [None+0 t10]
  0x0084  li r3, 0x2                                           | li r3, 0x2
  0x0088  bl SIGetType [None+0 t10]                            | bl SIGetType [None+0 t10]
  0x008c  li r3, 0x3                                           | li r3, 0x3
  0x0090  bl SIGetType [None+0 t10]                            | bl SIGetType [None+0 t10]
  0x0094  lwz r0, 0xc(r1)                                      | lwz r0, 0xc(r1)
  0x0098  addi r1, r1, 0x8                                     | addi r1, r1, 0x8
  0x009c  mtlr r0                                              | mtlr r0
  0x00a0  blr                                                  | blr

PROBE derive zero from channel
SOURCE INITIALIZATION:
packet[0].chan = packet[1].chan = packet[2].chan = packet[3].chan = chan;
    si->poll = chan + 1;
    SISetSamplingRate(chan + 1);
[1/1] MWCC build/GEDE01/src/game/game_fn_80208BA8.o
 INFO Writing to /home/rabbit/src/darkfoundry-new/.darkfoundry/worktrees/50c29326-0acb-40d9-995f-1837de479183/eternal-darkness-decomp/build/GEDE01/fndiff_SIInit.json
target 164 bytes  base 164 bytes  match 98.78049
  0x0000  mflr r0                                              | mflr r0
  0x0004  lis r3, Packet_80640B68@ha [None+0 t6]               | lis r3, Packet_80640B68@ha [None+0 t6]
  0x0008  stw r0, 0x4(r1)                                      | stw r0, 0x4(r1)
* 0x000c  addi r6, r3, Packet_80640B68@l [None+0 t4]           | addi r5, r3, Packet_80640B68@l [None+0 t4]
  0x0010  lis r3, Si_802FCA20@ha [None+0 t6]                   | lis r3, Si_802FCA20@ha [None+0 t6]
  0x0014  stwu r1, -0x8(r1)                                    | stwu r1, -0x8(r1)
* 0x0018  li r5, -0x1                                          | li r6, -0x1
  0x001c  addi r4, r3, Si_802FCA20@l [None+0 t4]               | addi r4, r3, Si_802FCA20@l [None+0 t4]
* 0x0020  stw r5, 0x60(r6) [None+0 tNone]                      | stw r6, 0x60(r5) [None+0 tNone]
  0x0024  li r0, 0x0                                           | li r0, 0x0
  0x0028  li r3, 0x0                                           | li r3, 0x0
* 0x002c  stw r5, 0x40(r6) [None+0 tNone]                      | stw r6, 0x40(r5) [None+0 tNone]
* 0x0030  stw r5, 0x20(r6) [None+0 tNone]                      | stw r6, 0x20(r5) [None+0 tNone]
* 0x0034  stw r5, 0x0(r6) [None+0 tNone]                       | stw r6, 0x0(r5) [None+0 tNone]
  0x0038  stw r0, 0x4(r4) [None+0 tNone]                       | stw r0, 0x4(r4) [None+0 tNone]
  0x003c  bl SISetSamplingRate [None+0 t10]                    | bl SISetSamplingRate [None+0 t10]
  0x0040  lis r3, 0xcc00                                       | lis r3, 0xcc00
  0x0044  addi r4, r3, 0x6400                                  | addi r4, r3, 0x6400
  0x0048  lwzu r0, 0x34(r4)                                    | lwzu r0, 0x34(r4)
  0x004c  clrlwi. r0, r0, 31                                   | clrlwi. r0, r0, 31
  0x0050  bne 0x44                                             | bne 0x44
  0x0054  lis r0, 0x8000                                       | lis r0, 0x8000
  0x0058  lis r3, SIInterruptHandler_8020860C@ha [None+0 t6]   | lis r3, SIInterruptHandler_8020860C@ha [None+0 t6]
  0x005c  stw r0, 0x0(r4)                                      | stw r0, 0x0(r4)
  0x0060  addi r4, r3, SIInterruptHandler_8020860C@l [None+0 t4] | addi r4, r3, SIInterruptHandler_8020860C@l [None+0 t4]
  0x0064  li r3, 0x14                                          | li r3, 0x14
  0x0068  bl __OSSetInterruptHandler [None+0 t10]              | bl __OSSetInterruptHandler [None+0 t10]
  0x006c  li r3, 0x800                                         | li r3, 0x800
  0x0070  bl __OSUnmaskInterrupts [None+0 t10]                 | bl __OSUnmaskInterrupts [None+0 t10]
  0x0074  li r3, 0x0                                           | li r3, 0x0
  0x0078  bl SIGetType [None+0 t10]                            | bl SIGetType [None+0 t10]
  0x007c  li r3, 0x1                                           | li r3, 0x1
  0x0080  bl SIGetType [None+0 t10]                            | bl SIGetType [None+0 t10]
  0x0084  li r3, 0x2                                           | li r3, 0x2
  0x0088  bl SIGetType [None+0 t10]                            | bl SIGetType [None+0 t10]
  0x008c  li r3, 0x3                                           | li r3, 0x3
  0x0090  bl SIGetType [None+0 t10]                            | bl SIGetType [None+0 t10]
  0x0094  lwz r0, 0xc(r1)                                      | lwz r0, 0xc(r1)
  0x0098  addi r1, r1, 0x8                                     | addi r1, r1, 0x8
  0x009c  mtlr r0                                              | mtlr r0
  0x00a0  blr                                                  | blr

PROBE poll from chained assignment
SOURCE INITIALIZATION:
si->poll = (packet[0].chan = packet[1].chan = packet[2].chan = packet[3].chan = chan) + 1;
    SISetSamplingRate(0);
[1/1] MWCC build/GEDE01/src/game/game_fn_80208BA8.o
 INFO Writing to /home/rabbit/src/darkfoundry-new/.darkfoundry/worktrees/50c29326-0acb-40d9-995f-1837de479183/eternal-darkness-decomp/build/GEDE01/fndiff_SIInit.json
target 164 bytes  base 164 bytes  match 98.78049
  0x0000  mflr r0                                              | mflr r0
  0x0004  lis r3, Packet_80640B68@ha [None+0 t6]               | lis r3, Packet_80640B68@ha [None+0 t6]
  0x0008  stw r0, 0x4(r1)                                      | stw r0, 0x4(r1)
* 0x000c  addi r6, r3, Packet_80640B68@l [None+0 t4]           | addi r5, r3, Packet_80640B68@l [None+0 t4]
  0x0010  lis r3, Si_802FCA20@ha [None+0 t6]                   | lis r3, Si_802FCA20@ha [None+0 t6]
  0x0014  stwu r1, -0x8(r1)                                    | stwu r1, -0x8(r1)
* 0x0018  li r5, -0x1                                          | li r6, -0x1
  0x001c  addi r4, r3, Si_802FCA20@l [None+0 t4]               | addi r4, r3, Si_802FCA20@l [None+0 t4]
* 0x0020  stw r5, 0x60(r6) [None+0 tNone]                      | stw r6, 0x60(r5) [None+0 tNone]
  0x0024  li r0, 0x0                                           | li r0, 0x0
  0x0028  li r3, 0x0                                           | li r3, 0x0
* 0x002c  stw r5, 0x40(r6) [None+0 tNone]                      | stw r6, 0x40(r5) [None+0 tNone]
* 0x0030  stw r5, 0x20(r6) [None+0 tNone]                      | stw r6, 0x20(r5) [None+0 tNone]
* 0x0034  stw r5, 0x0(r6) [None+0 tNone]                       | stw r6, 0x0(r5) [None+0 tNone]
  0x0038  stw r0, 0x4(r4) [None+0 tNone]                       | stw r0, 0x4(r4) [None+0 tNone]
  0x003c  bl SISetSamplingRate [None+0 t10]                    | bl SISetSamplingRate [None+0 t10]
  0x0040  lis r3, 0xcc00                                       | lis r3, 0xcc00
  0x0044  addi r4, r3, 0x6400                                  | addi r4, r3, 0x6400
  0x0048  lwzu r0, 0x34(r4)                                    | lwzu r0, 0x34(r4)
  0x004c  clrlwi. r0, r0, 31                                   | clrlwi. r0, r0, 31
  0x0050  bne 0x44                                             | bne 0x44
  0x0054  lis r0, 0x8000                                       | lis r0, 0x8000
  0x0058  lis r3, SIInterruptHandler_8020860C@ha [None+0 t6]   | lis r3, SIInterruptHandler_8020860C@ha [None+0 t6]
  0x005c  stw r0, 0x0(r4)                                      | stw r0, 0x0(r4)
  0x0060  addi r4, r3, SIInterruptHandler_8020860C@l [None+0 t4] | addi r4, r3, SIInterruptHandler_8020860C@l [None+0 t4]
  0x0064  li r3, 0x14                                          | li r3, 0x14
  0x0068  bl __OSSetInterruptHandler [None+0 t10]              | bl __OSSetInterruptHandler [None+0 t10]
  0x006c  li r3, 0x800                                         | li r3, 0x800
  0x0070  bl __OSUnmaskInterrupts [None+0 t10]                 | bl __OSUnmaskInterrupts [None+0 t10]
  0x0074  li r3, 0x0                                           | li r3, 0x0
  0x0078  bl SIGetType [None+0 t10]                            | bl SIGetType [None+0 t10]
  0x007c  li r3, 0x1                                           | li r3, 0x1
  0x0080  bl SIGetType [None+0 t10]                            | bl SIGetType [None+0 t10]
  0x0084  li r3, 0x2                                           | li r3, 0x2
  0x0088  bl SIGetType [None+0 t10]                            | bl SIGetType [None+0 t10]
  0x008c  li r3, 0x3                                           | li r3, 0x3
  0x0090  bl SIGetType [None+0 t10]                            | bl SIGetType [None+0 t10]
  0x0094  lwz r0, 0xc(r1)                                      | lwz r0, 0xc(r1)
  0x0098  addi r1, r1, 0x8                                     | addi r1, r1, 0x8
  0x009c  mtlr r0                                              | mtlr r0
  0x00a0  blr                                                  | blr

PROBE call from poll assignment
SOURCE INITIALIZATION:
SISetSamplingRate(si->poll = (packet[0].chan = packet[1].chan = packet[2].chan = packet[3].chan = chan) + 1);
[1/1] MWCC build/GEDE01/src/game/game_fn_80208BA8.o
 INFO Writing to /home/rabbit/src/darkfoundry-new/.darkfoundry/worktrees/50c29326-0acb-40d9-995f-1837de479183/eternal-darkness-decomp/build/GEDE01/fndiff_SIInit.json
target 164 bytes  base 164 bytes  match 98.78049
  0x0000  mflr r0                                              | mflr r0
  0x0004  lis r3, Packet_80640B68@ha [None+0 t6]               | lis r3, Packet_80640B68@ha [None+0 t6]
  0x0008  stw r0, 0x4(r1)                                      | stw r0, 0x4(r1)
* 0x000c  addi r6, r3, Packet_80640B68@l [None+0 t4]           | addi r5, r3, Packet_80640B68@l [None+0 t4]
  0x0010  lis r3, Si_802FCA20@ha [None+0 t6]                   | lis r3, Si_802FCA20@ha [None+0 t6]
  0x0014  stwu r1, -0x8(r1)                                    | stwu r1, -0x8(r1)
* 0x0018  li r5, -0x1                                          | li r6, -0x1
  0x001c  addi r4, r3, Si_802FCA20@l [None+0 t4]               | addi r4, r3, Si_802FCA20@l [None+0 t4]
* 0x0020  stw r5, 0x60(r6) [None+0 tNone]                      | stw r6, 0x60(r5) [None+0 tNone]
  0x0024  li r0, 0x0                                           | li r0, 0x0
  0x0028  li r3, 0x0                                           | li r3, 0x0
* 0x002c  stw r5, 0x40(r6) [None+0 tNone]                      | stw r6, 0x40(r5) [None+0 tNone]
* 0x0030  stw r5, 0x20(r6) [None+0 tNone]                      | stw r6, 0x20(r5) [None+0 tNone]
* 0x0034  stw r5, 0x0(r6) [None+0 tNone]                       | stw r6, 0x0(r5) [None+0 tNone]
  0x0038  stw r0, 0x4(r4) [None+0 tNone]                       | stw r0, 0x4(r4) [None+0 tNone]
  0x003c  bl SISetSamplingRate [None+0 t10]                    | bl SISetSamplingRate [None+0 t10]
  0x0040  lis r3, 0xcc00                                       | lis r3, 0xcc00
  0x0044  addi r4, r3, 0x6400                                  | addi r4, r3, 0x6400
  0x0048  lwzu r0, 0x34(r4)                                    | lwzu r0, 0x34(r4)
  0x004c  clrlwi. r0, r0, 31                                   | clrlwi. r0, r0, 31
  0x0050  bne 0x44                                             | bne 0x44
  0x0054  lis r0, 0x8000                                       | lis r0, 0x8000
  0x0058  lis r3, SIInterruptHandler_8020860C@ha [None+0 t6]   | lis r3, SIInterruptHandler_8020860C@ha [None+0 t6]
  0x005c  stw r0, 0x0(r4)                                      | stw r0, 0x0(r4)
  0x0060  addi r4, r3, SIInterruptHandler_8020860C@l [None+0 t4] | addi r4, r3, SIInterruptHandler_8020860C@l [None+0 t4]
  0x0064  li r3, 0x14                                          | li r3, 0x14
  0x0068  bl __OSSetInterruptHandler [None+0 t10]              | bl __OSSetInterruptHandler [None+0 t10]
  0x006c  li r3, 0x800                                         | li r3, 0x800
  0x0070  bl __OSUnmaskInterrupts [None+0 t10]                 | bl __OSUnmaskInterrupts [None+0 t10]
  0x0074  li r3, 0x0                                           | li r3, 0x0
  0x0078  bl SIGetType [None+0 t10]                            | bl SIGetType [None+0 t10]
  0x007c  li r3, 0x1                                           | li r3, 0x1
  0x0080  bl SIGetType [None+0 t10]                            | bl SIGetType [None+0 t10]
  0x0084  li r3, 0x2                                           | li r3, 0x2
  0x0088  bl SIGetType [None+0 t10]                            | bl SIGetType [None+0 t10]
  0x008c  li r3, 0x3                                           | li r3, 0x3
  0x0090  bl SIGetType [None+0 t10]                            | bl SIGetType [None+0 t10]
  0x0094  lwz r0, 0xc(r1)                                      | lwz r0, 0xc(r1)
  0x0098  addi r1, r1, 0x8                                     | addi r1, r1, 0x8
  0x009c  mtlr r0                                              | mtlr r0
  0x00a0  blr                                                  | blr

PROBE call from chain result
SOURCE INITIALIZATION:
packet[0].chan = packet[1].chan = packet[2].chan = packet[3].chan = chan;
    SISetSamplingRate(si->poll = ~chan);
[1/1] MWCC build/GEDE01/src/game/game_fn_80208BA8.o
 INFO Writing to /home/rabbit/src/darkfoundry-new/.darkfoundry/worktrees/50c29326-0acb-40d9-995f-1837de479183/eternal-darkness-decomp/build/GEDE01/fndiff_SIInit.json
target 164 bytes  base 164 bytes  match 92.68293
  0x0000  mflr r0                                              | mflr r0
  0x0004  lis r3, Packet_80640B68@ha [None+0 t6]               | lis r3, Packet_80640B68@ha [None+0 t6]
  0x0008  stw r0, 0x4(r1)                                      | stw r0, 0x4(r1)
* 0x000c  addi r6, r3, Packet_80640B68@l [None+0 t4]           | addi r4, r3, Packet_80640B68@l [None+0 t4]
* 0x0010  lis r3, Si_802FCA20@ha [None+0 t6]                   | li r3, -0x1
  0x0014  stwu r1, -0x8(r1)                                    | stwu r1, -0x8(r1)
* 0x0018  li r5, -0x1                                          | li r0, -0x1
* 0x001c  addi r4, r3, Si_802FCA20@l [None+0 t4]               | lis r5, Si_802FCA20@ha [None+0 t6]
* 0x0020  stw r5, 0x60(r6) [None+0 tNone]                      | stw r0, 0x60(r4) [None+0 tNone]
* 0x0024  li r0, 0x0                                           | nor r3, r3, r3
* 0x0028  li r3, 0x0                                           | addi r5, r5, Si_802FCA20@l [None+0 t4]
* 0x002c  stw r5, 0x40(r6) [None+0 tNone]                      | stw r0, 0x40(r4) [None+0 tNone]
* 0x0030  stw r5, 0x20(r6) [None+0 tNone]                      | stw r0, 0x20(r4) [None+0 tNone]
* 0x0034  stw r5, 0x0(r6) [None+0 tNone]                       | stw r0, 0x0(r4) [None+0 tNone]
* 0x0038  stw r0, 0x4(r4) [None+0 tNone]                       | stw r3, 0x4(r5) [None+0 tNone]
  0x003c  bl SISetSamplingRate [None+0 t10]                    | bl SISetSamplingRate [None+0 t10]
  0x0040  lis r3, 0xcc00                                       | lis r3, 0xcc00
  0x0044  addi r4, r3, 0x6400                                  | addi r4, r3, 0x6400
  0x0048  lwzu r0, 0x34(r4)                                    | lwzu r0, 0x34(r4)
  0x004c  clrlwi. r0, r0, 31                                   | clrlwi. r0, r0, 31
  0x0050  bne 0x44                                             | bne 0x44
  0x0054  lis r0, 0x8000                                       | lis r0, 0x8000
  0x0058  lis r3, SIInterruptHandler_8020860C@ha [None+0 t6]   | lis r3, SIInterruptHandler_8020860C@ha [None+0 t6]
  0x005c  stw r0, 0x0(r4)                                      | stw r0, 0x0(r4)
  0x0060  addi r4, r3, SIInterruptHandler_8020860C@l [None+0 t4] | addi r4, r3, SIInterruptHandler_8020860C@l [None+0 t4]
  0x0064  li r3, 0x14                                          | li r3, 0x14
  0x0068  bl __OSSetInterruptHandler [None+0 t10]              | bl __OSSetInterruptHandler [None+0 t10]
  0x006c  li r3, 0x800                                         | li r3, 0x800
  0x0070  bl __OSUnmaskInterrupts [None+0 t10]                 | bl __OSUnmaskInterrupts [None+0 t10]
  0x0074  li r3, 0x0                                           | li r3, 0x0
  0x0078  bl SIGetType [None+0 t10]                            | bl SIGetType [None+0 t10]
  0x007c  li r3, 0x1                                           | li r3, 0x1
  0x0080  bl SIGetType [None+0 t10]                            | bl SIGetType [None+0 t10]
  0x0084  li r3, 0x2                                           | li r3, 0x2
  0x0088  bl SIGetType [None+0 t10]                            | bl SIGetType [None+0 t10]
  0x008c  li r3, 0x3                                           | li r3, 0x3
  0x0090  bl SIGetType [None+0 t10]                            | bl SIGetType [None+0 t10]
  0x0094  lwz r0, 0xc(r1)                                      | lwz r0, 0xc(r1)
  0x0098  addi r1, r1, 0x8                                     | addi r1, r1, 0x8
  0x009c  mtlr r0                                              | mtlr r0
  0x00a0  blr                                                  | blr

PROBE reverse assignment tree
SOURCE INITIALIZATION:
chan = packet[3].chan = -1;
    packet[2].chan = chan;
    packet[1].chan = chan;
    packet[0].chan = chan;
    si->poll = ~chan;
    SISetSamplingRate(~chan);
[1/1] MWCC build/GEDE01/src/game/game_fn_80208BA8.o
 INFO Writing to /home/rabbit/src/darkfoundry-new/.darkfoundry/worktrees/50c29326-0acb-40d9-995f-1837de479183/eternal-darkness-decomp/build/GEDE01/fndiff_SIInit.json
target 164 bytes  base 160 bytes  match 85.731705
  0x0000  mflr r0                                              | mflr r0
  0x0004  lis r3, Packet_80640B68@ha [None+0 t6]               | lis r3, Packet_80640B68@ha [None+0 t6]
  0x0008  stw r0, 0x4(r1)                                      | stw r0, 0x4(r1)
* 0x000c                                                       | lis r4, Si_802FCA20@ha [None+0 t6]
* 0x0010  addi r6, r3, Packet_80640B68@l [None+0 t4]           | li r0, -0x1
* 0x0014  lis r3, Si_802FCA20@ha [None+0 t6]                   | 
  0x0018  stwu r1, -0x8(r1)                                    | stwu r1, -0x8(r1)
* 0x001c  li r5, -0x1                                          | addi r5, r3, Packet_80640B68@l [None+0 t4]
* 0x0020  addi r4, r3, Si_802FCA20@l [None+0 t4]               | nor r3, r0, r0
* 0x0024  stw r5, 0x60(r6) [None+0 tNone]                      | stw r0, 0x60(r5) [None+0 tNone]
* 0x0028  li r0, 0x0                                           | 
* 0x002c  li r3, 0x0                                           | addi r4, r4, Si_802FCA20@l [None+0 t4]
* 0x0030  stw r5, 0x40(r6) [None+0 tNone]                      | stw r0, 0x40(r5) [None+0 tNone]
* 0x0034  stw r5, 0x20(r6) [None+0 tNone]                      | stw r0, 0x20(r5) [None+0 tNone]
* 0x0038  stw r5, 0x0(r6) [None+0 tNone]                       | stw r0, 0x0(r5) [None+0 tNone]
* 0x003c  stw r0, 0x4(r4) [None+0 tNone]                       | stw r3, 0x4(r4) [None+0 tNone]
  0x0040  bl SISetSamplingRate [None+0 t10]                    | bl SISetSamplingRate [None+0 t10]
  0x0044  lis r3, 0xcc00                                       | lis r3, 0xcc00
  0x0048  addi r4, r3, 0x6400                                  | addi r4, r3, 0x6400
  0x004c  lwzu r0, 0x34(r4)                                    | lwzu r0, 0x34(r4)
  0x0050  clrlwi. r0, r0, 31                                   | clrlwi. r0, r0, 31
  0x0054  bne 0x44                                             | bne 0x40
  0x0058  lis r0, 0x8000                                       | lis r0, 0x8000
  0x005c  lis r3, SIInterruptHandler_8020860C@ha [None+0 t6]   | lis r3, SIInterruptHandler_8020860C@ha [None+0 t6]
  0x0060  stw r0, 0x0(r4)                                      | stw r0, 0x0(r4)
  0x0064  addi r4, r3, SIInterruptHandler_8020860C@l [None+0 t4] | addi r4, r3, SIInterruptHandler_8020860C@l [None+0 t4]
  0x0068  li r3, 0x14                                          | li r3, 0x14
  0x006c  bl __OSSetInterruptHandler [None+0 t10]              | bl __OSSetInterruptHandler [None+0 t10]
  0x0070  li r3, 0x800                                         | li r3, 0x800
  0x0074  bl __OSUnmaskInterrupts [None+0 t10]                 | bl __OSUnmaskInterrupts [None+0 t10]
  0x0078  li r3, 0x0                                           | li r3, 0x0
  0x007c  bl SIGetType [None+0 t10]                            | bl SIGetType [None+0 t10]
  0x0080  li r3, 0x1                                           | li r3, 0x1
  0x0084  bl SIGetType [None+0 t10]                            | bl SIGetType [None+0 t10]
  0x0088  li r3, 0x2                                           | li r3, 0x2
  0x008c  bl SIGetType [None+0 t10]                            | bl SIGetType [None+0 t10]
  0x0090  li r3, 0x3                                           | li r3, 0x3
  0x0094  bl SIGetType [None+0 t10]                            | bl SIGetType [None+0 t10]
  0x0098  lwz r0, 0xc(r1)                                      | lwz r0, 0xc(r1)
  0x009c  addi r1, r1, 0x8                                     | addi r1, r1, 0x8
  0x00a0  mtlr r0                                              | mtlr r0
  0x00a4  blr                                                  | blr
