Script started on 2026-10-02 20:26:35-04:00 [COMMAND="build/binutils/powerpc-eabi-readelf -Wr build/GEDE01/obj/game/game_fn_8002DAE0.o; build/binutils/powerpc-eabi-readelf -Wr build/GEDE01/src/game/game_fn_8002DAE0.o" <not executed on terminal>]

Relocation section '.rela.text' at offset 0x7a8 contains 81 entries:
 Offset     Info    Type                Sym. Value  Symbol's Name + Addend
00000024  0000040a R_PPC_REL24            00000000   fn_80200C10 + 0
00000030  0000050a R_PPC_REL24            00000000   fn_80201B8C + 0
0000003c  0000060a R_PPC_REL24            00000000   fn_80201B54 + 0
0000005c  0000070a R_PPC_REL24            00000000   fn_802020B4 + 0
00000068  0000080a R_PPC_REL24            00000000   fn_80201D2C + 0
00000074  0000090a R_PPC_REL24            00000000   fn_80201D14 + 0
00000098  00000a0a R_PPC_REL24            00000000   fn_80200C38 + 0
000000b4  00000b0a R_PPC_REL24            00000000   fn_8020123C + 0
000000cc  00000c0a R_PPC_REL24            00000000   fn_80201814 + 0
000000d8  0000050a R_PPC_REL24            00000000   fn_80201B8C + 0
000000ec  00000d0a R_PPC_REL24            00000000   fn_801DABFC + 0
000000f8  00000e0a R_PPC_REL24            00000000   fn_801DACA4 + 0
00000104  00000f0a R_PPC_REL24            00000000   fn_801E8328 + 0
00000110  0000100a R_PPC_REL24            00000000   fn_80201D34 + 0
0000011c  0000110a R_PPC_REL24            00000000   fn_80201D1C + 0
00000134  00000a0a R_PPC_REL24            00000000   fn_80200C38 + 0
00000140  0000120a R_PPC_REL24            00000000   fn_80200C28 + 0
0000014c  0000130a R_PPC_REL24            00000000   fn_80200C20 + 0
00000160  00000b0a R_PPC_REL24            00000000   fn_8020123C + 0
00000168  00000a0a R_PPC_REL24            00000000   fn_80200C38 + 0
0000016c  0000140a R_PPC_REL24            00000000   fn_801A7228 + 0
00000184  00000a0a R_PPC_REL24            00000000   fn_80200C38 + 0
00000190  0000120a R_PPC_REL24            00000000   fn_80200C28 + 0
0000019c  0000130a R_PPC_REL24            00000000   fn_80200C20 + 0
000001b0  00000b0a R_PPC_REL24            00000000   fn_8020123C + 0
000001b8  00000a0a R_PPC_REL24            00000000   fn_80200C38 + 0
000001bc  0000140a R_PPC_REL24            00000000   fn_801A7228 + 0
000001dc  0000130a R_PPC_REL24            00000000   fn_80200C20 + 0
000001ec  00000a0a R_PPC_REL24            00000000   fn_80200C38 + 0
00000200  0000150a R_PPC_REL24            00000000   fn_801A7530 + 0
00000210  0000160a R_PPC_REL24            00000000   fn_801A7744 + 0
00000218  0000170a R_PPC_REL24            00000000   fn_801A7498 + 0
00000228  0000180a R_PPC_REL24            00000000   fn_801A7570 + 0
00000234  00000c0a R_PPC_REL24            00000000   fn_80201814 + 0
00000240  0000050a R_PPC_REL24            00000000   fn_80201B8C + 0
00000270  0000190a R_PPC_REL24            00000000   fn_8004910C + 0
00000280  00001a0a R_PPC_REL24            00000000   fn_80201B5C + 0
00000294  0000050a R_PPC_REL24            00000000   fn_80201B8C + 0
000002dc  00001b0a R_PPC_REL24            00000000   fn_801D38E8 + 0
000002f0  00001c0a R_PPC_REL24            00000000   fn_8002D8C8 + 0
00000308  00001d0a R_PPC_REL24            00000000   fn_801A74F8 + 0
0000031c  00000c0a R_PPC_REL24            00000000   fn_80201814 + 0
00000328  00001a0a R_PPC_REL24            00000000   fn_80201B5C + 0
00000344  00001e0a R_PPC_REL24            00000000   fn_801A74C0 + 0
00000360  00001f0a R_PPC_REL24            00000000   fn_801DA8CC + 0
0000037c  0000200a R_PPC_REL24            00000000   fn_801A717C + 0
00000388  0000210a R_PPC_REL24            00000000   fn_801A74A0 + 0
00000394  0000220a R_PPC_REL24            00000000   fn_801A74A8 + 0
000003a0  0000230a R_PPC_REL24            00000000   fn_801A7538 + 0
000003a4  0000240a R_PPC_REL24            00000000   fn_80201B44 + 0
000003b0  0000250a R_PPC_REL24            00000000   fn_80071DD8 + 0
000003cc  0000260a R_PPC_REL24            00000000   fn_801A7518 + 0
000003d8  0000270a R_PPC_REL24            00000000   fn_801A764C + 0
000003f0  0000280a R_PPC_REL24            00000000   fn_801A7470 + 0
00000404  00000b0a R_PPC_REL24            00000000   fn_8020123C + 0
00000424  00000b0a R_PPC_REL24            00000000   fn_8020123C + 0
00000434  0000290a R_PPC_REL24            00000000   fn_80201B64 + 0
00000444  00001a0a R_PPC_REL24            00000000   fn_80201B5C + 0
00000454  00002a0a R_PPC_REL24            00000000   fn_80201BC8 + 0
00000464  00002b0a R_PPC_REL24            00000000   fn_8006749C + 0
00000470  00002c0a R_PPC_REL24            00000000   fn_801CEB2C + 0
00000490  00002d6d R_PPC_EMB_SDA21        00000000   lbl_8064E038 + 0
00000498  00002e6d R_PPC_EMB_SDA21        00000000   lbl_8064E0AC + 0
000004a0  00002f6d R_PPC_EMB_SDA21        00000000   lbl_8064E0B0 + 0
000004ac  0000306d R_PPC_EMB_SDA21        00000000   lbl_8064E064 + 0
000004c8  0000310a R_PPC_REL24            00000000   fn_80120AD0 + 0
000004d0  0000140a R_PPC_REL24            00000000   fn_801A7228 + 0
00000528  0000200a R_PPC_REL24            00000000   fn_801A717C + 0
00000534  0000280a R_PPC_REL24            00000000   fn_801A7470 + 0
00000540  0000210a R_PPC_REL24            00000000   fn_801A74A0 + 0
0000054c  0000220a R_PPC_REL24            00000000   fn_801A74A8 + 0
00000560  00000b0a R_PPC_REL24            00000000   fn_8020123C + 0
00000580  00000b0a R_PPC_REL24            00000000   fn_8020123C + 0
00000588  0000140a R_PPC_REL24            00000000   fn_801A7228 + 0
00000634  0000290a R_PPC_REL24            00000000   fn_80201B64 + 0
00000644  00001a0a R_PPC_REL24            00000000   fn_80201B5C + 0
00000660  00000b0a R_PPC_REL24            00000000   fn_8020123C + 0
00000678  00000b0a R_PPC_REL24            00000000   fn_8020123C + 0
00000684  0000320a R_PPC_REL24            00000000   fn_801D9FE4 + 0
000006a0  0000320a R_PPC_REL24            00000000   fn_801D9FE4 + 0
00000704  0000330a R_PPC_REL24            00000000   fn_801D16E4 + 0

Relocation section '.rela.text' at offset 0xf14 contains 81 entries:
 Offset     Info    Type                Sym. Value  Symbol's Name + Addend
00000024  0000070a R_PPC_REL24            00000000   fn_80200C10 + 0
00000030  0000080a R_PPC_REL24            00000000   fn_80201B8C + 0
0000003c  0000090a R_PPC_REL24            00000000   fn_80201B54 + 0
0000005c  00000a0a R_PPC_REL24            00000000   fn_802020B4 + 0
00000068  00000b0a R_PPC_REL24            00000000   fn_80201D2C + 0
00000074  00000c0a R_PPC_REL24            00000000   fn_80201D14 + 0
00000098  00000d0a R_PPC_REL24            00000000   fn_80200C38 + 0
000000b4  00000e0a R_PPC_REL24            00000000   fn_8020123C + 0
000000cc  00000f0a R_PPC_REL24            00000000   fn_80201814 + 0
000000d8  0000080a R_PPC_REL24            00000000   fn_80201B8C + 0
000000ec  0000100a R_PPC_REL24            00000000   fn_801DABFC + 0
000000f8  0000110a R_PPC_REL24            00000000   fn_801DACA4 + 0
00000104  0000120a R_PPC_REL24            00000000   fn_801E8328 + 0
00000110  0000130a R_PPC_REL24            00000000   fn_80201D34 + 0
0000011c  0000140a R_PPC_REL24            00000000   fn_80201D1C + 0
00000134  00000d0a R_PPC_REL24            00000000   fn_80200C38 + 0
00000140  0000150a R_PPC_REL24            00000000   fn_80200C28 + 0
0000014c  0000160a R_PPC_REL24            00000000   fn_80200C20 + 0
00000160  00000e0a R_PPC_REL24            00000000   fn_8020123C + 0
00000168  00000d0a R_PPC_REL24            00000000   fn_80200C38 + 0
0000016c  0000170a R_PPC_REL24            00000000   fn_801A7228 + 0
00000184  00000d0a R_PPC_REL24            00000000   fn_80200C38 + 0
00000190  0000150a R_PPC_REL24            00000000   fn_80200C28 + 0
0000019c  0000160a R_PPC_REL24            00000000   fn_80200C20 + 0
000001b0  00000e0a R_PPC_REL24            00000000   fn_8020123C + 0
000001b8  00000d0a R_PPC_REL24            00000000   fn_80200C38 + 0
000001bc  0000170a R_PPC_REL24            00000000   fn_801A7228 + 0
000001dc  0000160a R_PPC_REL24            00000000   fn_80200C20 + 0
000001ec  00000d0a R_PPC_REL24            00000000   fn_80200C38 + 0
00000200  0000180a R_PPC_REL24            00000000   fn_801A7530 + 0
00000210  0000190a R_PPC_REL24            00000000   fn_801A7744 + 0
00000218  00001a0a R_PPC_REL24            00000000   fn_801A7498 + 0
00000228  00001b0a R_PPC_REL24            00000000   fn_801A7570 + 0
00000234  00000f0a R_PPC_REL24            00000000   fn_80201814 + 0
00000240  0000080a R_PPC_REL24            00000000   fn_80201B8C + 0
00000270  00001c0a R_PPC_REL24            00000000   fn_8004910C + 0
00000280  00001d0a R_PPC_REL24            00000000   fn_80201B5C + 0
00000294  0000080a R_PPC_REL24            00000000   fn_80201B8C + 0
000002dc  00001e0a R_PPC_REL24            00000000   fn_801D38E8 + 0
000002f0  00001f0a R_PPC_REL24            00000000   fn_8002D8C8 + 0
00000308  0000200a R_PPC_REL24            00000000   fn_801A74F8 + 0
0000031c  00000f0a R_PPC_REL24            00000000   fn_80201814 + 0
00000328  00001d0a R_PPC_REL24            00000000   fn_80201B5C + 0
00000344  0000210a R_PPC_REL24            00000000   fn_801A74C0 + 0
00000360  0000220a R_PPC_REL24            00000000   fn_801DA8CC + 0
0000037c  0000230a R_PPC_REL24            00000000   fn_801A717C + 0
00000388  0000240a R_PPC_REL24            00000000   fn_801A74A0 + 0
00000394  0000250a R_PPC_REL24            00000000   fn_801A74A8 + 0
000003a0  0000260a R_PPC_REL24            00000000   fn_801A7538 + 0
000003a4  0000270a R_PPC_REL24            00000000   fn_80201B44 + 0
000003b0  0000280a R_PPC_REL24            00000000   fn_80071DD8 + 0
000003cc  0000290a R_PPC_REL24            00000000   fn_801A7518 + 0
000003d8  00002a0a R_PPC_REL24            00000000   fn_801A764C + 0
000003f0  00002b0a R_PPC_REL24            00000000   fn_801A7470 + 0
00000404  00000e0a R_PPC_REL24            00000000   fn_8020123C + 0
00000424  00000e0a R_PPC_REL24            00000000   fn_8020123C + 0
00000434  00002c0a R_PPC_REL24            00000000   fn_80201B64 + 0
00000444  00001d0a R_PPC_REL24            00000000   fn_80201B5C + 0
00000454  00002d0a R_PPC_REL24            00000000   fn_80201BC8 + 0
00000464  00002e0a R_PPC_REL24            00000000   fn_8006749C + 0
00000470  00002f0a R_PPC_REL24            00000000   fn_801CEB2C + 0
00000490  0000036d R_PPC_EMB_SDA21        00000000   lbl_8064E038 + 0
000004a0  0000066d R_PPC_EMB_SDA21        00000000   lbl_8064E0AC + 0
000004ac  0000056d R_PPC_EMB_SDA21        00000000   lbl_8064E0B0 + 0
000004bc  0000046d R_PPC_EMB_SDA21        00000000   lbl_8064E064 + 0
000004c8  0000300a R_PPC_REL24            00000000   fn_80120AD0 + 0
000004d0  0000170a R_PPC_REL24            00000000   fn_801A7228 + 0
00000528  0000230a R_PPC_REL24            00000000   fn_801A717C + 0
00000534  00002b0a R_PPC_REL24            00000000   fn_801A7470 + 0
00000540  0000240a R_PPC_REL24            00000000   fn_801A74A0 + 0
0000054c  0000250a R_PPC_REL24            00000000   fn_801A74A8 + 0
00000560  00000e0a R_PPC_REL24            00000000   fn_8020123C + 0
00000580  00000e0a R_PPC_REL24            00000000   fn_8020123C + 0
00000588  0000170a R_PPC_REL24            00000000   fn_801A7228 + 0
00000634  00002c0a R_PPC_REL24            00000000   fn_80201B64 + 0
00000644  00001d0a R_PPC_REL24            00000000   fn_80201B5C + 0
00000660  00000e0a R_PPC_REL24            00000000   fn_8020123C + 0
00000678  00000e0a R_PPC_REL24            00000000   fn_8020123C + 0
00000684  0000310a R_PPC_REL24            00000000   fn_801D9FE4 + 0
000006a0  0000310a R_PPC_REL24            00000000   fn_801D9FE4 + 0
00000704  0000320a R_PPC_REL24            00000000   fn_801D16E4 + 0

Script done on 2026-10-02 20:26:35-04:00 [COMMAND_EXIT_CODE="0"]
