Script started on 2026-09-29 15:07:52-04:00 [COMMAND="readelf -h -rW build/GEDE01/obj/game/game_fn_80206F50.o" <not executed on terminal>]
ELF Header:
  Magic:   7f 45 4c 46 01 02 01 00 00 00 00 00 00 00 00 00
  Class:                             ELF32
  Data:                              2's complement, big endian
  Version:                           1 (current)
  OS/ABI:                            UNIX - System V
  ABI Version:                       0
  Type:                              REL (Relocatable file)
  Machine:                           PowerPC
  Version:                           0x1
  Entry point address:               0x0
  Start of program headers:          0 (bytes into file)
  Start of section headers:          820 (bytes into file)
  Flags:                             0x80000000, emb
  Size of this header:               52 (bytes)
  Size of program headers:           0 (bytes)
  Number of program headers:         0
  Size of section headers:           40 (bytes)
  Number of section headers:         6
  Section header string table index: 5

Relocation section '.rela.text' at offset 0x1b4 contains 7 entries:
 Offset     Info    Type                Sym. Value  Symbol's Name + Addend
00000016  00000406 R_PPC_ADDR16_HA        00000000   Ecb_80640AA8 + 0
00000022  00000404 R_PPC_ADDR16_LO        00000000   Ecb_80640AA8 + 0
00000038  0000050a R_PPC_REL24            00000000   OSDisableInterrupts + 0
000000b4  0000060a R_PPC_REL24            00000000   OSGetTime + 0
000000c0  0000070a R_PPC_REL24            00000000   fn_800F5ECC + 0
000000cc  0000070a R_PPC_REL24            00000000   fn_800F5ECC + 0
00000158  0000080a R_PPC_REL24            00000000   OSRestoreInterrupts + 0

Script done on 2026-09-29 15:07:52-04:00 [COMMAND_EXIT_CODE="0"]
