$ readelf -rW build/GEDE01/obj/game/game_fn_80141EA8.o

Relocation section '.rela.text' at offset 0x290 contains 19 entries:
 Offset     Info    Type                Sym. Value  Symbol's Name + Addend
00000016  00000406 R_PPC_ADDR16_HA        00000000   lbl_805B12B0 + 0
0000001e  00000404 R_PPC_ADDR16_LO        00000000   lbl_805B12B0 + 0
00000034  0000050a R_PPC_REL24            00000000   fn_80179AEC + 0
00000048  0000050a R_PPC_REL24            00000000   fn_80179AEC + 0
0000005c  0000050a R_PPC_REL24            00000000   fn_80179AEC + 0
000000c4  0000066d R_PPC_EMB_SDA21        00000000   lbl_80650410 + 0
00000120  0000070a R_PPC_REL24            00000000   fn_800ED720 + 0
00000154  0000086d R_PPC_EMB_SDA21        00000000   lbl_8064D030 + 0
00000164  0000066d R_PPC_EMB_SDA21        00000000   lbl_80650410 + 0
00000188  0000066d R_PPC_EMB_SDA21        00000000   lbl_80650410 + 0
00000198  0000066d R_PPC_EMB_SDA21        00000000   lbl_80650410 + 0
000001c0  0000096d R_PPC_EMB_SDA21        00000000   lbl_8064D02C + 0
000001cc  00000a6d R_PPC_EMB_SDA21        00000000   lbl_8064D028 + 0
000001e0  0000096d R_PPC_EMB_SDA21        00000000   lbl_8064D02C + 0
000001ec  00000a6d R_PPC_EMB_SDA21        00000000   lbl_8064D028 + 0
00000208  0000096d R_PPC_EMB_SDA21        00000000   lbl_8064D02C + 0
00000214  00000a6d R_PPC_EMB_SDA21        00000000   lbl_8064D028 + 0
00000228  0000096d R_PPC_EMB_SDA21        00000000   lbl_8064D02C + 0
00000234  00000a6d R_PPC_EMB_SDA21        00000000   lbl_8064D028 + 0
exit_status=0
$ readelf -rW build/GEDE01/src/game/game_fn_80141EA8.o

Relocation section '.rela.text' at offset 0x250 contains 17 entries:
 Offset     Info    Type                Sym. Value  Symbol's Name + Addend
00000016  00000306 R_PPC_ADDR16_HA        00000000   lbl_805B12B0 + 0
00000026  00000304 R_PPC_ADDR16_LO        00000000   lbl_805B12B0 + 0
00000034  0000080a R_PPC_REL24            00000000   fn_80179AEC + 0
00000040  0000080a R_PPC_REL24            00000000   fn_80179AEC + 0
00000050  0000080a R_PPC_REL24            00000000   fn_80179AEC + 0
000000a4  0000046d R_PPC_EMB_SDA21        00000000   lbl_80650410 + 0
000000f4  0000090a R_PPC_REL24            00000000   fn_800ED720 + 0
00000128  0000056d R_PPC_EMB_SDA21        00000000   lbl_8064D030 + 0
0000014c  0000046d R_PPC_EMB_SDA21        00000000   lbl_80650410 + 0
0000018c  0000066d R_PPC_EMB_SDA21        00000000   lbl_8064D02C + 0
00000198  0000076d R_PPC_EMB_SDA21        00000000   lbl_8064D028 + 0
000001ac  0000066d R_PPC_EMB_SDA21        00000000   lbl_8064D02C + 0
000001b8  0000076d R_PPC_EMB_SDA21        00000000   lbl_8064D028 + 0
000001d4  0000066d R_PPC_EMB_SDA21        00000000   lbl_8064D02C + 0
000001e0  0000076d R_PPC_EMB_SDA21        00000000   lbl_8064D028 + 0
000001f4  0000066d R_PPC_EMB_SDA21        00000000   lbl_8064D02C + 0
00000200  0000076d R_PPC_EMB_SDA21        00000000   lbl_8064D028 + 0
exit_status=0
