
Relocation section '.rela.text' at offset 0xda4 contains 67 entries:
 Offset     Info    Type                Sym. Value  Symbol's Name + Addend
0000000a  00000606 R_PPC_ADDR16_HA        00000000   lbl_8024FCB8 + 0
00000026  00000604 R_PPC_ADDR16_LO        00000000   lbl_8024FCB8 + 0
0000004c  0000070a R_PPC_REL24            00000000   fn_8016057C + 0
00000068  0000080a R_PPC_REL24            00000000   fn_80169740 + 0
0000007c  0000090a R_PPC_REL24            00000000   fn_80160628 + 0
000000ac  00000a0a R_PPC_REL24            00000000   fn_80168AE8 + 0
000000be  00000406 R_PPC_ADDR16_HA        00000000   jumptable_8024FD9C + 0
000000c6  00000404 R_PPC_ADDR16_LO        00000000   jumptable_8024FD9C + 0
00000110  00000b0a R_PPC_REL24            00000000   fn_80160B18 + 0
00000130  00000b0a R_PPC_REL24            00000000   fn_80160B18 + 0
00000184  00000c6d R_PPC_EMB_SDA21        00000000   lbl_80650670 + 0
00000258  00000d0a R_PPC_REL24            00000000   fn_80168F84 + 0
00000284  00000e0a R_PPC_REL24            00000000   fn_80168CEC + 0
000002c0  00000e0a R_PPC_REL24            00000000   fn_80168CEC + 0
00000300  00000e0a R_PPC_REL24            00000000   fn_80168CEC + 0
00000350  00000e0a R_PPC_REL24            00000000   fn_80168CEC + 0
00000380  00000f0a R_PPC_REL24            00000000   fn_80161FA0 + 0
0000038c  0000100a R_PPC_REL24            00000000   fn_80167798 + 0
000003d4  0000110a R_PPC_REL24            00000000   fn_80169068 + 0
000003f4  0000120a R_PPC_REL24            00000000   fn_80168E34 + 0
00000434  0000130a R_PPC_REL24            00000000   fn_80167B5C + 0
00000480  0000140a R_PPC_REL24            00000000   fn_801679F8 + 0
000004b4  0000150a R_PPC_REL24            00000000   fn_80168A08 + 0
000004d0  0000150a R_PPC_REL24            00000000   fn_80168A08 + 0
000004e8  0000160a R_PPC_REL24            00000000   fn_8016927C + 0
00000518  0000150a R_PPC_REL24            00000000   fn_80168A08 + 0
00000540  00000c6d R_PPC_EMB_SDA21        00000000   lbl_80650670 + 0
00000564  0000160a R_PPC_REL24            00000000   fn_8016927C + 0
00000580  00000c6d R_PPC_EMB_SDA21        00000000   lbl_80650670 + 0
000005b4  0000150a R_PPC_REL24            00000000   fn_80168A08 + 0
000005d0  0000150a R_PPC_REL24            00000000   fn_80168A08 + 0
000005e8  0000160a R_PPC_REL24            00000000   fn_8016927C + 0
00000618  0000150a R_PPC_REL24            00000000   fn_80168A08 + 0
00000634  0000150a R_PPC_REL24            00000000   fn_80168A08 + 0
0000064c  0000160a R_PPC_REL24            00000000   fn_8016927C + 0
0000067c  0000150a R_PPC_REL24            00000000   fn_80168A08 + 0
00000698  0000150a R_PPC_REL24            00000000   fn_80168A08 + 0
000006b0  0000160a R_PPC_REL24            00000000   fn_8016927C + 0
000006dc  0000170a R_PPC_REL24            00000000   fn_801691AC + 0
000006f0  0000180a R_PPC_REL24            00000000   fn_80160FAC + 0
0000070c  0000190a R_PPC_REL24            00000000   fn_801694A8 + 0
00000724  00000f0a R_PPC_REL24            00000000   fn_80161FA0 + 0
0000073c  0000150a R_PPC_REL24            00000000   fn_80168A08 + 0
0000075c  0000160a R_PPC_REL24            00000000   fn_8016927C + 0
00000778  00001a6d R_PPC_EMB_SDA21        00000000   lbl_80650678 + 0
000007a4  00001b0a R_PPC_REL24            00000000   fn_801639E8 + 0
000007dc  00001b0a R_PPC_REL24            00000000   fn_801639E8 + 0
0000081c  00001c0a R_PPC_REL24            00000000   fn_8016938C + 0
0000085c  00001c0a R_PPC_REL24            00000000   fn_8016938C + 0
0000089c  00001c0a R_PPC_REL24            00000000   fn_8016938C + 0
000008dc  00001c0a R_PPC_REL24            00000000   fn_8016938C + 0
00000a14  0000150a R_PPC_REL24            00000000   fn_80168A08 + 0
00000a28  0000180a R_PPC_REL24            00000000   fn_80160FAC + 0
00000a3c  0000150a R_PPC_REL24            00000000   fn_80168A08 + 0
00000a50  0000180a R_PPC_REL24            00000000   fn_80160FAC + 0
00000a64  0000150a R_PPC_REL24            00000000   fn_80168A08 + 0
00000a78  0000180a R_PPC_REL24            00000000   fn_80160FAC + 0
00000a80  00001d6d R_PPC_EMB_SDA21        00000000   lbl_80650680 + 0
00000af8  0000180a R_PPC_REL24            00000000   fn_80160FAC + 0
00000b04  00001d6d R_PPC_EMB_SDA21        00000000   lbl_80650680 + 0
00000b8c  0000180a R_PPC_REL24            00000000   fn_80160FAC + 0
00000b92  00001e06 R_PPC_ADDR16_HA        00000000   lbl_8023A868 + 0
00000b9a  00001e04 R_PPC_ADDR16_LO        00000000   lbl_8023A868 + 0
00000ba0  00001f0a R_PPC_REL24            00000000   fn_80167380 + 0
00000c04  00001f0a R_PPC_REL24            00000000   fn_80167380 + 0
00000c70  0000200a R_PPC_REL24            00000000   fn_80168CB0 + 0
00000c7c  00000f0a R_PPC_REL24            00000000   fn_80161FA0 + 0

Relocation section '.rela.data' at offset 0x10c8 contains 49 entries:
 Offset     Info    Type                Sym. Value  Symbol's Name + Addend
00000000  00000501 R_PPC_ADDR32           00000000   fn_801697AC + d4
00000004  00000501 R_PPC_ADDR32           00000000   fn_801697AC + e0
00000008  00000501 R_PPC_ADDR32           00000000   fn_801697AC + f0
0000000c  00000501 R_PPC_ADDR32           00000000   fn_801697AC + 11c
00000010  00000501 R_PPC_ADDR32           00000000   fn_801697AC + 140
00000014  00000501 R_PPC_ADDR32           00000000   fn_801697AC + 15c
00000018  00000501 R_PPC_ADDR32           00000000   fn_801697AC + 168
0000001c  00000501 R_PPC_ADDR32           00000000   fn_801697AC + 1a4
00000020  00000501 R_PPC_ADDR32           00000000   fn_801697AC + 1c0
00000024  00000501 R_PPC_ADDR32           00000000   fn_801697AC + 1e0
00000028  00000501 R_PPC_ADDR32           00000000   fn_801697AC + 204
0000002c  00000501 R_PPC_ADDR32           00000000   fn_801697AC + 228
00000030  00000501 R_PPC_ADDR32           00000000   fn_801697AC + 248
00000034  00000501 R_PPC_ADDR32           00000000   fn_801697AC + 274
00000038  00000501 R_PPC_ADDR32           00000000   fn_801697AC + 29c
0000003c  00000501 R_PPC_ADDR32           00000000   fn_801697AC + 2d8
00000040  00000501 R_PPC_ADDR32           00000000   fn_801697AC + 318
00000044  00000501 R_PPC_ADDR32           00000000   fn_801697AC + 378
00000048  00000501 R_PPC_ADDR32           00000000   fn_801697AC + 3a4
0000004c  00000501 R_PPC_ADDR32           00000000   fn_801697AC + 3c4
00000050  00000501 R_PPC_ADDR32           00000000   fn_801697AC + 3e0
00000054  00000501 R_PPC_ADDR32           00000000   fn_801697AC + 404
00000058  00000501 R_PPC_ADDR32           00000000   fn_801697AC + 458
0000005c  00000501 R_PPC_ADDR32           00000000   fn_801697AC + 4a4
00000060  00000501 R_PPC_ADDR32           00000000   fn_801697AC + 508
00000064  00000501 R_PPC_ADDR32           00000000   fn_801697AC + 5a4
00000068  00000501 R_PPC_ADDR32           00000000   fn_801697AC + 608
0000006c  00000501 R_PPC_ADDR32           00000000   fn_801697AC + 66c
00000070  00000501 R_PPC_ADDR32           00000000   fn_801697AC + 6d0
00000074  00000501 R_PPC_ADDR32           00000000   fn_801697AC + 6fc
00000078  00000501 R_PPC_ADDR32           00000000   fn_801697AC + 72c
0000007c  00000501 R_PPC_ADDR32           00000000   fn_801697AC + 774
00000080  00000501 R_PPC_ADDR32           00000000   fn_801697AC + 798
00000084  00000501 R_PPC_ADDR32           00000000   fn_801697AC + 7d0
00000088  00000501 R_PPC_ADDR32           00000000   fn_801697AC + 808
0000008c  00000501 R_PPC_ADDR32           00000000   fn_801697AC + 848
00000090  00000501 R_PPC_ADDR32           00000000   fn_801697AC + 888
00000094  00000501 R_PPC_ADDR32           00000000   fn_801697AC + 8c8
00000098  00000501 R_PPC_ADDR32           00000000   fn_801697AC + 908
0000009c  00000501 R_PPC_ADDR32           00000000   fn_801697AC + 934
000000a0  00000501 R_PPC_ADDR32           00000000   fn_801697AC + 960
000000a4  00000501 R_PPC_ADDR32           00000000   fn_801697AC + 994
000000a8  00000501 R_PPC_ADDR32           00000000   fn_801697AC + 9c8
000000ac  00000501 R_PPC_ADDR32           00000000   fn_801697AC + 9e8
000000b0  00000501 R_PPC_ADDR32           00000000   fn_801697AC + a04
000000b4  00000501 R_PPC_ADDR32           00000000   fn_801697AC + ae4
000000b8  00000501 R_PPC_ADDR32           00000000   fn_801697AC + b78
000000bc  00000501 R_PPC_ADDR32           00000000   fn_801697AC + bf8
000000c0  00000501 R_PPC_ADDR32           00000000   fn_801697AC + c58
