Script started on 2026-10-03 13:15:38-04:00 [COMMAND="build/binutils/powerpc-eabi-objdump -r build/GEDE01/obj/game/game_fn_8012EDB0.o" <not executed on terminal>]

build/GEDE01/obj/game/game_fn_8012EDB0.o:     file format elf32-powerpc

RELOCATION RECORDS FOR [.text]:
OFFSET   TYPE              VALUE
00000034 R_PPC_REL24       fn_80125ECC
00000070 R_PPC_REL24       fn_8012FDA0
00000074 R_PPC_EMB_SDA21   lbl_806501D8
0000007c R_PPC_EMB_SDA21   lbl_806501DC
000000b8 R_PPC_REL24       fn_8011F3B4
000000c8 R_PPC_REL24       fn_8011F304
000000d4 R_PPC_REL24       fn_80211AAC
000000e4 R_PPC_REL24       fn_80211B64
000000ec R_PPC_REL24       fn_80211B08
000000f0 R_PPC_EMB_SDA21   lbl_80650208
00000104 R_PPC_REL24       fn_802110A8
00000114 R_PPC_REL24       fn_8017AD00
00000124 R_PPC_REL24       fn_8017A244
00000134 R_PPC_REL24       fn_8012CEA4
00000144 R_PPC_REL24       fn_8017A5A8
000001a0 R_PPC_REL24       fn_8012CF08
000001bc R_PPC_REL24       fn_8012F58C



Script done on 2026-10-03 13:15:38-04:00 [COMMAND_EXIT_CODE="0"]
