[1/1] RUN configure.py
[1/549] MWCC build/GEDE01/src/game/game_fn_8000AC88.o
### mwcceppc.exe Usage Warning:
#   Specified directory 'include' not found
[2/549] MWCC build/GEDE01/src/game/game_fn_800096E0.o
### mwcceppc.exe Usage Warning:
#   Specified directory 'include' not found
[3/549] MWCC build/GEDE01/src/game/game_fn_800094C0.o
### mwcceppc.exe Usage Warning:
#   Specified directory 'include' not found
[4/549] MWCC build/GEDE01/src/game/game_fn_8000B1B8.o
### mwcceppc.exe Usage Warning:
#   Specified directory 'include' not found
[5/549] MWCC build/GEDE01/src/game/game_fn_8000A26C.o
### mwcceppc.exe Usage Warning:
#   Specified directory 'include' not found
[6/549] MWCC build/GEDE01/src/game/game_fn_80009AB4.o
### mwcceppc.exe Usage Warning:
#   Specified directory 'include' not found
[7/549] MWCC build/GEDE01/src/game/game_fn_800099D8.o
### mwcceppc.exe Usage Warning:
#   Specified directory 'include' not found
[8/549] MWCC build/GEDE01/src/game/game_fn_8000AEB4.o
### mwcceppc.exe Usage Warning:
#   Specified directory 'include' not found
[9/549] MWCC build/GEDE01/src/game/game_fn_8000AFB4.o
### mwcceppc.exe Usage Warning:
#   Specified directory 'include' not found
[10/549] MWCC build/GEDE01/src/game/game_fn_800098C0.o
### mwcceppc.exe Usage Warning:
#   Specified directory 'include' not found
[11/549] MWCC build/GEDE01/src/game/game_fn_8000B900.o
### mwcceppc.exe Usage Warning:
#   Specified directory 'include' not found
[12/549] MWCC build/GEDE01/src/game/game_fn_8000B630.o
### mwcceppc.exe Usage Warning:
#   Specified directory 'include' not found
[13/549] MWCC build/GEDE01/src/game/game_fn_8000BAA0.o
### mwcceppc.exe Usage Warning:
#   Specified directory 'include' not found
[14/549] MWCC build/GEDE01/src/game/game_fn_8000C06C.o
### mwcceppc.exe Usage Warning:
#   Specified directory 'include' not found
[15/549] MWCC build/GEDE01/src/game/game_fn_8000B36C.o
### mwcceppc.exe Usage Warning:
#   Specified directory 'include' not found
[16/549] MWCC build/GEDE01/src/game/game_fn_8000B7FC.o
### mwcceppc.exe Usage Warning:
#   Specified directory 'include' not found
[17/549] MWCC build/GEDE01/src/game/game_fn_8000BA0C.o
### mwcceppc.exe Usage Warning:
#   Specified directory 'include' not found
[18/549] MWCC build/GEDE01/src/game/game_fn_8000C17C.o
### mwcceppc.exe Usage Warning:
#   Specified directory 'include' not found
[19/549] MWCC build/GEDE01/src/game/game_fn_8000BC40.o
### mwcceppc.exe Usage Warning:
#   Specified directory 'include' not found
[20/549] MWCC build/GEDE01/src/game/game_fn_8000C400.o
### mwcceppc.exe Usage Warning:
#   Specified directory 'include' not found
[21/549] MWCC build/GEDE01/src/game/game_fn_8000C91C.o
### mwcceppc.exe Usage Warning:
#   Specified directory 'include' not found
[22/549] MWCC build/GEDE01/src/game/game_fn_8000C848.o
### mwcceppc.exe Usage Warning:
#   Specified directory 'include' not found
[23/549] MWCC build/GEDE01/src/game/game_fn_8000DAF4.o
### mwcceppc.exe Usage Warning:
#   Specified directory 'include' not found
[24/549] MWCC build/GEDE01/src/game/game_fn_8000D8A4.o
### mwcceppc.exe Usage Warning:
#   Specified directory 'include' not found
[25/549] MWCC build/GEDE01/src/game/game_fn_8000D0BC.o
### mwcceppc.exe Usage Warning:
#   Specified directory 'include' not found
[26/549] MWCC build/GEDE01/src/game/game_fn_8000DA50.o
### mwcceppc.exe Usage Warning:
#   Specified directory 'include' not found
[27/549] MWCC build/GEDE01/src/game/game_fn_8000E0AC.o
### mwcceppc.exe Usage Warning:
#   Specified directory 'include' not found
[28/549] MWCC build/GEDE01/src/game/game_fn_8000D3D4.o
### mwcceppc.exe Usage Warning:
#   Specified directory 'include' not found
[29/549] MWCC build/GEDE01/src/game/game_fn_8000D590.o
### mwcceppc.exe Usage Warning:
#   Specified directory 'include' not found
[30/549] MWCC build/GEDE01/src/game/game_fn_8000E054.o
### mwcceppc.exe Usage Warning:
#   Specified directory 'include' not found
[31/549] MWCC build/GEDE01/src/game/game_fn_8000E138.o
### mwcceppc.exe Usage Warning:
#   Specified directory 'include' not found
[32/549] MWCC build/GEDE01/src/game/game_fn_8000EBD4.o
### mwcceppc.exe Usage Warning:
#   Specified directory 'include' not found
[33/549] MWCC build/GEDE01/src/game/game_fn_8000EB14.o
### mwcceppc.exe Usage Warning:
#   Specified directory 'include' not found
[34/549] MWCC build/GEDE01/src/game/game_fn_8000E96C.o
### mwcceppc.exe Usage Warning:
#   Specified directory 'include' not found
[35/549] MWCC build/GEDE01/src/game/game_fn_8000F4B0.o
### mwcceppc.exe Usage Warning:
#   Specified directory 'include' not found
[36/549] MWCC build/GEDE01/src/game/game_fn_8000E1C4.o
### mwcceppc.exe Usage Warning:
#   Specified directory 'include' not found
[37/549] MWCC build/GEDE01/src/game/game_fn_8000F774.o
### mwcceppc.exe Usage Warning:
#   Specified directory 'include' not found
[38/549] MWCC build/GEDE01/src/game/game_fn_8000ED44.o
### mwcceppc.exe Usage Warning:
#   Specified directory 'include' not found
[39/549] MWCC build/GEDE01/src/game/game_fn_800119FC.o
### mwcceppc.exe Usage Warning:
#   Specified directory 'include' not found
[40/549] MWCC build/GEDE01/src/game/game_fn_8000EFC4.o
### mwcceppc.exe Usage Warning:
#   Specified directory 'include' not found
[41/549] MWCC build/GEDE01/src/game/game_fn_8000FFD8.o
### mwcceppc.exe Usage Warning:
#   Specified directory 'include' not found
[42/549] MWCC build/GEDE01/src/game/game_fn_80012DA8.o
### mwcceppc.exe Usage Warning:
#   Specified directory 'include' not found
[43/549] MWCC build/GEDE01/src/game/game_fn_80012F40.o
### mwcceppc.exe Usage Warning:
#   Specified directory 'include' not found
[44/549] MWCC build/GEDE01/src/game/game_fn_800131E8.o
### mwcceppc.exe Usage Warning:
#   Specified directory 'include' not found
[45/549] MWCC build/GEDE01/src/game/game_fn_80013340.o
### mwcceppc.exe Usage Warning:
#   Specified directory 'include' not found
[46/549] MWCC build/GEDE01/src/game/game_fn_80013870.o
### mwcceppc.exe Usage Warning:
#   Specified directory 'include' not found
[47/549] MWCC build/GEDE01/src/game/game_fn_80012FD0.o
### mwcceppc.exe Usage Warning:
#   Specified directory 'include' not found
[48/549] MWCC build/GEDE01/src/game/game_fn_800142DC.o
### mwcceppc.exe Usage Warning:
#   Specified directory 'include' not found
[49/549] MWCC build/GEDE01/src/game/game_fn_800144CC.o
### mwcceppc.exe Usage Warning:
#   Specified directory 'include' not found
[50/549] MWCC build/GEDE01/src/game/game_fn_80013CB0.o
### mwcceppc.exe Usage Warning:
#   Specified directory 'include' not found
[51/549] MWCC build/GEDE01/src/game/game_fn_80014784.o
### mwcceppc.exe Usage Warning:
#   Specified directory 'include' not found
[52/549] MWCC build/GEDE01/src/game/game_fn_80013D54.o
### mwcceppc.exe Usage Warning:
#   Specified directory 'include' not found
[53/549] MWCC build/GEDE01/src/game/game_fn_800149D4.o
### mwcceppc.exe Usage Warning:
#   Specified directory 'include' not found
[54/549] MWCC build/GEDE01/src/game/game_fn_80015058.o
### mwcceppc.exe Usage Warning:
#   Specified directory 'include' not found
[55/549] MWCC build/GEDE01/src/game/game_fn_800156FC.o
### mwcceppc.exe Usage Warning:
#   Specified directory 'include' not found
[56/549] MWCC build/GEDE01/src/game/game_fn_80015568.o
### mwcceppc.exe Usage Warning:
#   Specified directory 'include' not found
[57/549] MWCC build/GEDE01/src/game/game_fn_80015BE0.o
### mwcceppc.exe Usage Warning:
#   Specified directory 'include' not found
[58/549] MWCC build/GEDE01/src/game/game_fn_80015320.o
### mwcceppc.exe Usage Warning:
#   Specified directory 'include' not found
[59/549] MWCC build/GEDE01/src/game/game_fn_80015D40.o
### mwcceppc.exe Usage Warning:
#   Specified directory 'include' not found
[60/549] MWCC build/GEDE01/src/game/game_fn_80016270.o
### mwcceppc.exe Usage Warning:
#   Specified directory 'include' not found
[61/549] MWCC build/GEDE01/src/game/game_fn_80016128.o
### mwcceppc.exe Usage Warning:
#   Specified directory 'include' not found
[62/549] MWCC build/GEDE01/src/game/game_fn_80016904.o
### mwcceppc.exe Usage Warning:
#   Specified directory 'include' not found
[63/549] MWCC build/GEDE01/src/game/game_fn_80016B24.o
### mwcceppc.exe Usage Warning:
#   Specified directory 'include' not found
[64/549] MWCC build/GEDE01/src/game/game_fn_800171C0.o
### mwcceppc.exe Usage Warning:
#   Specified directory 'include' not found
[65/549] MWCC build/GEDE01/src/game/game_fn_80015F04.o
### mwcceppc.exe Usage Warning:
#   Specified directory 'include' not found
[66/549] MWCC build/GEDE01/src/game/game_fn_80017910.o
### mwcceppc.exe Usage Warning:
#   Specified directory 'include' not found
[67/549] MWCC build/GEDE01/src/game/game_fn_800179AC.o
### mwcceppc.exe Usage Warning:
#   Specified directory 'include' not found
[68/549] MWCC build/GEDE01/src/game/game_fn_800173CC.o
### mwcceppc.exe Usage Warning:
#   Specified directory 'include' not found
[69/549] MWCC build/GEDE01/src/game/game_fn_800176F0.o
### mwcceppc.exe Usage Warning:
#   Specified directory 'include' not found
[70/549] MWCC build/GEDE01/src/game/game_fn_80017C3C.o
### mwcceppc.exe Usage Warning:
#   Specified directory 'include' not found
[71/549] MWCC build/GEDE01/src/game/game_fn_80017A3C.o
### mwcceppc.exe Usage Warning:
#   Specified directory 'include' not found
[72/549] MWCC build/GEDE01/src/game/game_fn_80018EF4.o
### mwcceppc.exe Usage Warning:
#   Specified directory 'include' not found
[73/549] MWCC build/GEDE01/src/game/game_fn_80017AE4.o
### mwcceppc.exe Usage Warning:
#   Specified directory 'include' not found
[74/549] MWCC build/GEDE01/src/game/game_fn_80017CC8.o
### mwcceppc.exe Usage Warning:
#   Specified directory 'include' not found
[75/549] MWCC build/GEDE01/src/game/game_fn_80017DB0.o
### mwcceppc.exe Usage Warning:
#   Specified directory 'include' not found
[76/549] MWCC build/GEDE01/src/game/game_fn_80019054.o
### mwcceppc.exe Usage Warning:
#   Specified directory 'include' not found
[77/549] MWCC build/GEDE01/src/game/game_fn_80019244.o
### mwcceppc.exe Usage Warning:
#   Specified directory 'include' not found
[78/549] MWCC build/GEDE01/src/game/game_fn_80019C10.o
### mwcceppc.exe Usage Warning:
#   Specified directory 'include' not found
[79/549] MWCC build/GEDE01/src/game/game_fn_800194D0.o
### mwcceppc.exe Usage Warning:
#   Specified directory 'include' not found
[80/549] MWCC build/GEDE01/src/game/game_fn_80019F98.o
### mwcceppc.exe Usage Warning:
#   Specified directory 'include' not found
[81/549] MWCC build/GEDE01/src/game/game_fn_80019940.o
### mwcceppc.exe Usage Warning:
#   Specified directory 'include' not found
[82/549] MWCC build/GEDE01/src/game/game_fn_8001A6C4.o
### mwcceppc.exe Usage Warning:
#   Specified directory 'include' not found
[83/549] MWCC build/GEDE01/src/game/game_fn_8001AAB8.o
### mwcceppc.exe Usage Warning:
#   Specified directory 'include' not found
[84/549] MWCC build/GEDE01/src/game/game_fn_80019D2C.o
### mwcceppc.exe Usage Warning:
#   Specified directory 'include' not found
[85/549] MWCC build/GEDE01/src/game/game_fn_8001B124.o
### mwcceppc.exe Usage Warning:
#   Specified directory 'include' not found
[86/549] MWCC build/GEDE01/src/game/game_fn_8001B294.o
### mwcceppc.exe Usage Warning:
#   Specified directory 'include' not found
[87/549] MWCC build/GEDE01/src/game/game_fn_8001ADF8.o
### mwcceppc.exe Usage Warning:
#   Specified directory 'include' not found
[88/549] MWCC build/GEDE01/src/game/game_fn_8001AF68.o
### mwcceppc.exe Usage Warning:
#   Specified directory 'include' not found
[89/549] MWCC build/GEDE01/src/game/game_fn_8001B874.o
### mwcceppc.exe Usage Warning:
#   Specified directory 'include' not found
[90/549] MWCC build/GEDE01/src/game/game_fn_8001CD58.o
### mwcceppc.exe Usage Warning:
#   Specified directory 'include' not found
[91/549] MWCC build/GEDE01/src/game/game_fn_8001C078.o
### mwcceppc.exe Usage Warning:
#   Specified directory 'include' not found
[92/549] MWCC build/GEDE01/src/game/game_fn_8001B808.o
### mwcceppc.exe Usage Warning:
#   Specified directory 'include' not found
[93/549] MWCC build/GEDE01/src/game/game_fn_8001CE94.o
### mwcceppc.exe Usage Warning:
#   Specified directory 'include' not found
[94/549] MWCC build/GEDE01/src/game/game_fn_8001E644.o
### mwcceppc.exe Usage Warning:
#   Specified directory 'include' not found
[95/549] MWCC build/GEDE01/src/game/game_fn_800272B4.o
### mwcceppc.exe Usage Warning:
#   Specified directory 'include' not found
[96/549] MWCC build/GEDE01/src/game/game_fn_8001FE1C.o
### mwcceppc.exe Usage Warning:
#   Specified directory 'include' not found
[97/549] MWCC build/GEDE01/src/game/game_fn_80020E94.o
### mwcceppc.exe Usage Warning:
#   Specified directory 'include' not found
[98/549] MWCC build/GEDE01/src/game/game_fn_80024F28.o
### mwcceppc.exe Usage Warning:
#   Specified directory 'include' not found
[99/549] MWCC build/GEDE01/src/game/game_fn_8002E3F0.o
### mwcceppc.exe Usage Warning:
#   Specified directory 'include' not found
[100/549] MWCC build/GEDE01/src/game/game_fn_8002F428.o
### mwcceppc.exe Usage Warning:
#   Specified directory 'include' not found
[101/549] MWCC build/GEDE01/src/game/game_fn_80033038.o
### mwcceppc.exe Usage Warning:
#   Specified directory 'include' not found
[102/549] MWCC build/GEDE01/src/game/game_fn_8003232C.o
### mwcceppc.exe Usage Warning:
#   Specified directory 'include' not found
[103/549] MWCC build/GEDE01/src/game/game_fn_8002EA68.o
### mwcceppc.exe Usage Warning:
#   Specified directory 'include' not found
[104/549] MWCC build/GEDE01/src/game/game_fn_8002DAE0.o
### mwcceppc.exe Usage Warning:
#   Specified directory 'include' not found
[105/549] MWCC build/GEDE01/src/game/game_fn_800359A0.o
### mwcceppc.exe Usage Warning:
#   Specified directory 'include' not found
[106/549] MWCC build/GEDE01/src/game/game_fn_80033180.o
### mwcceppc.exe Usage Warning:
#   Specified directory 'include' not found
[107/549] MWCC build/GEDE01/src/game/game_fn_80032B84.o
### mwcceppc.exe Usage Warning:
#   Specified directory 'include' not found
[108/549] MWCC build/GEDE01/src/game/game_fn_80048ADC.o
### mwcceppc.exe Usage Warning:
#   Specified directory 'include' not found
[109/549] MWCC build/GEDE01/src/game/game_fn_80036C40.o
### mwcceppc.exe Usage Warning:
#   Specified directory 'include' not found
[110/549] MWCC build/GEDE01/src/game/game_fn_80048B24.o
### mwcceppc.exe Usage Warning:
#   Specified directory 'include' not found
[111/549] MWCC build/GEDE01/src/game/game_fn_80038878.o
### mwcceppc.exe Usage Warning:
#   Specified directory 'include' not found
[112/549] MWCC build/GEDE01/src/game/game_fn_8005EC6C.o
### mwcceppc.exe Usage Warning:
#   Specified directory 'include' not found
[113/549] MWCC build/GEDE01/src/game/game_fn_80052310.o
### mwcceppc.exe Usage Warning:
#   Specified directory 'include' not found
[114/549] MWCC build/GEDE01/src/game/game_fn_8005EE9C.o
### mwcceppc.exe Usage Warning:
#   Specified directory 'include' not found
[115/549] MWCC build/GEDE01/src/game/game_data_80239E10.o
### mwcceppc.exe Usage Warning:
#   Specified directory 'include' not found
[116/549] MWCC build/GEDE01/src/game/game_data_80239E18.o
### mwcceppc.exe Usage Warning:
#   Specified directory 'include' not found
[117/549] MWCC build/GEDE01/src/game/game_fn_8005FD84.o
### mwcceppc.exe Usage Warning:
#   Specified directory 'include' not found
[118/549] MWCC build/GEDE01/src/game/game_fn_80074310.o
### mwcceppc.exe Usage Warning:
#   Specified directory 'include' not found
[119/549] MWCC build/GEDE01/src/game/game_fn_80066888.o
### mwcceppc.exe Usage Warning:
#   Specified directory 'include' not found
[120/549] MWCC build/GEDE01/src/game/game_fn_80078500.o
### mwcceppc.exe Usage Warning:
#   Specified directory 'include' not found
[121/549] MWCC build/GEDE01/src/game/game_fn_80071A58.o
### mwcceppc.exe Usage Warning:
#   Specified directory 'include' not found
[122/549] MWCC build/GEDE01/src/game/game_fn_8007B2F4.o
### mwcceppc.exe Usage Warning:
#   Specified directory 'include' not found
[123/549] MWCC build/GEDE01/src/game/game_fn_80079908.o
### mwcceppc.exe Usage Warning:
#   Specified directory 'include' not found
[124/549] MWCC build/GEDE01/src/game/game_fn_8007B640.o
### mwcceppc.exe Usage Warning:
#   Specified directory 'include' not found
[125/549] MWCC build/GEDE01/src/game/game_fn_8007B540.o
### mwcceppc.exe Usage Warning:
#   Specified directory 'include' not found
[126/549] MWCC build/GEDE01/src/game/game_fn_80095FDC.o
### mwcceppc.exe Usage Warning:
#   Specified directory 'include' not found
[127/549] MWCC build/GEDE01/src/game/game_fn_8007BA3C.o
### mwcceppc.exe Usage Warning:
#   Specified directory 'include' not found
[128/549] MWCC build/GEDE01/src/game/game_fn_800886D8.o
### mwcceppc.exe Usage Warning:
#   Specified directory 'include' not found
[129/549] MWCC build/GEDE01/src/game/game_fn_80096830.o
### mwcceppc.exe Usage Warning:
#   Specified directory 'include' not found
[130/549] MWCC build/GEDE01/src/game/game_fn_800A2130.o
### mwcceppc.exe Usage Warning:
#   Specified directory 'include' not found
[131/549] MWCC build/GEDE01/src/game/game_fn_8008F890.o
### mwcceppc.exe Usage Warning:
#   Specified directory 'include' not found
[132/549] MWCC build/GEDE01/src/game/game_fn_800934A0.o
### mwcceppc.exe Usage Warning:
#   Specified directory 'include' not found
[133/549] MWCC build/GEDE01/src/game/game_fn_8009C424.o
### mwcceppc.exe Usage Warning:
#   Specified directory 'include' not found
[134/549] MWCC build/GEDE01/src/game/game_fn_800A2FCC.o
### mwcceppc.exe Usage Warning:
#   Specified directory 'include' not found
[135/549] MWCC build/GEDE01/src/game/game_fn_800A3894.o
### mwcceppc.exe Usage Warning:
#   Specified directory 'include' not found
[136/549] MWCC build/GEDE01/src/game/game_fn_800A4428.o
### mwcceppc.exe Usage Warning:
#   Specified directory 'include' not found
[137/549] MWCC build/GEDE01/src/game/game_fn_800A7E88.o
### mwcceppc.exe Usage Warning:
#   Specified directory 'include' not found
[138/549] MWCC build/GEDE01/src/game/game_fn_800C644C.o
### mwcceppc.exe Usage Warning:
#   Specified directory 'include' not found
[139/549] MWCC build/GEDE01/src/game/game_fn_800CB760.o
### mwcceppc.exe Usage Warning:
#   Specified directory 'include' not found
[140/549] MWCC build/GEDE01/src/game/game_fn_800A4798.o
### mwcceppc.exe Usage Warning:
#   Specified directory 'include' not found
[141/549] MWCC build/GEDE01/src/game/game_fn_800C17EC.o
### mwcceppc.exe Usage Warning:
#   Specified directory 'include' not found
[142/549] MWCC build/GEDE01/src/game/game_fn_800CB8F4.o
### mwcceppc.exe Usage Warning:
#   Specified directory 'include' not found
[143/549] MWCC build/GEDE01/src/game/game_TRKNubWelcome.o
### mwcceppc.exe Usage Warning:
#   Specified directory 'include' not found
[144/549] MWCC build/GEDE01/src/game/game_TRK_main.o
### mwcceppc.exe Usage Warning:
#   Specified directory 'include' not found
[145/549] MWCC build/GEDE01/src/game/game_fn_800C59F0.o
### mwcceppc.exe Usage Warning:
#   Specified directory 'include' not found
[146/549] MWCC build/GEDE01/src/game/game_fn_800E4980.o
### mwcceppc.exe Usage Warning:
#   Specified directory 'include' not found
[147/549] MWCC build/GEDE01/src/game/game_fn_8010F184.o
### mwcceppc.exe Usage Warning:
#   Specified directory 'include' not found
[148/549] MWCC build/GEDE01/src/game/game_fn_801141B8.o
### mwcceppc.exe Usage Warning:
#   Specified directory 'include' not found
[149/549] MWCC build/GEDE01/src/game/game_fn_801128E4.o
### mwcceppc.exe Usage Warning:
#   Specified directory 'include' not found
[150/549] MWCC build/GEDE01/src/game/game_fn_8014B494.o
### mwcceppc.exe Usage Warning:
#   Specified directory 'include' not found
[151/549] MWCC build/GEDE01/src/game/game_fn_801126E0.o
### mwcceppc.exe Usage Warning:
#   Specified directory 'include' not found
[152/549] MWCC build/GEDE01/src/game/game_fn_8012DB28.o
### mwcceppc.exe Usage Warning:
#   Specified directory 'include' not found
[153/549] MWCC build/GEDE01/src/game/game_fn_8014AF38.o
### mwcceppc.exe Usage Warning:
#   Specified directory 'include' not found
[154/549] MWCC build/GEDE01/src/game/game_fn_80155814.o
### mwcceppc.exe Usage Warning:
#   Specified directory 'include' not found
[155/549] MWCC build/GEDE01/src/game/game_fn_80157C0C.o
### mwcceppc.exe Usage Warning:
#   Specified directory 'include' not found
[156/549] MWCC build/GEDE01/src/game/game_fn_80158B20.o
### mwcceppc.exe Usage Warning:
#   Specified directory 'include' not found
[157/549] MWCC build/GEDE01/src/game/game_fn_80153898.o
### mwcceppc.exe Usage Warning:
#   Specified directory 'include' not found
[158/549] MWCC build/GEDE01/src/game/game_fn_8015DC54.o
### mwcceppc.exe Usage Warning:
#   Specified directory 'include' not found
[159/549] MWCC build/GEDE01/src/game/game_fn_8015EDC0.o
### mwcceppc.exe Usage Warning:
#   Specified directory 'include' not found
[160/549] MWCC build/GEDE01/src/game/game_fn_80169650.o
### mwcceppc.exe Usage Warning:
#   Specified directory 'include' not found
[161/549] MWCC build/GEDE01/src/game/game_fn_80167B5C.o
### mwcceppc.exe Usage Warning:
#   Specified directory 'include' not found
[162/549] MWCC build/GEDE01/src/game/game_fn_8016BE1C.o
### mwcceppc.exe Usage Warning:
#   Specified directory 'include' not found
[163/549] MWCC build/GEDE01/src/game/game_fn_8016C0BC.o
### mwcceppc.exe Usage Warning:
#   Specified directory 'include' not found
[164/549] MWCC build/GEDE01/src/game/game_fn_8016BF60.o
### mwcceppc.exe Usage Warning:
#   Specified directory 'include' not found
[165/549] MWCC build/GEDE01/src/game/game_fn_8016BD0C.o
### mwcceppc.exe Usage Warning:
#   Specified directory 'include' not found
[166/549] MWCC build/GEDE01/src/game/game_fn_8016C238.o
### mwcceppc.exe Usage Warning:
#   Specified directory 'include' not found
[167/549] MWCC build/GEDE01/src/game/game_fn_8016C164.o
### mwcceppc.exe Usage Warning:
#   Specified directory 'include' not found
[168/549] MWCC build/GEDE01/src/game/game_fn_8016C774.o
### mwcceppc.exe Usage Warning:
#   Specified directory 'include' not found
[169/549] MWCC build/GEDE01/src/game/game_fn_8016C4BC.o
### mwcceppc.exe Usage Warning:
#   Specified directory 'include' not found
[170/549] MWCC build/GEDE01/src/game/game_fn_8016D2B8.o
### mwcceppc.exe Usage Warning:
#   Specified directory 'include' not found
[171/549] MWCC build/GEDE01/src/game/game_fn_8016D9C0.o
### mwcceppc.exe Usage Warning:
#   Specified directory 'include' not found
[172/549] MWCC build/GEDE01/src/game/game_fn_8016D1F8.o
### mwcceppc.exe Usage Warning:
#   Specified directory 'include' not found
[173/549] MWCC build/GEDE01/src/game/game_fn_8016D040.o
### mwcceppc.exe Usage Warning:
#   Specified directory 'include' not found
[174/549] MWCC build/GEDE01/src/game/game_fn_8016E8F8.o
### mwcceppc.exe Usage Warning:
#   Specified directory 'include' not found
[175/549] MWCC build/GEDE01/src/game/game_fn_8016FEF8.o
### mwcceppc.exe Usage Warning:
#   Specified directory 'include' not found
[176/549] MWCC build/GEDE01/src/game/game_fn_8016DF4C.o
### mwcceppc.exe Usage Warning:
#   Specified directory 'include' not found
[177/549] MWCC build/GEDE01/src/game/game_fn_801706DC.o
### mwcceppc.exe Usage Warning:
#   Specified directory 'include' not found
[178/549] MWCC build/GEDE01/src/game/game_fn_8017038C.o
### mwcceppc.exe Usage Warning:
#   Specified directory 'include' not found
[179/549] MWCC build/GEDE01/src/game/game_fn_801704F8.o
### mwcceppc.exe Usage Warning:
#   Specified directory 'include' not found
[180/549] MWCC build/GEDE01/src/game/game_fn_80170E9C.o
### mwcceppc.exe Usage Warning:
#   Specified directory 'include' not found
[181/549] MWCC build/GEDE01/src/game/game_fn_80170DF4.o
### mwcceppc.exe Usage Warning:
#   Specified directory 'include' not found
[182/549] MWCC build/GEDE01/src/game/game_fn_80170A40.o
### mwcceppc.exe Usage Warning:
#   Specified directory 'include' not found
[183/549] MWCC build/GEDE01/src/game/game_fn_8017138C.o
### mwcceppc.exe Usage Warning:
#   Specified directory 'include' not found
[184/549] MWCC build/GEDE01/src/game/game_fn_80171664.o
### mwcceppc.exe Usage Warning:
#   Specified directory 'include' not found
[185/549] MWCC build/GEDE01/src/game/game_fn_801726EC.o
### mwcceppc.exe Usage Warning:
#   Specified directory 'include' not found
[186/549] MWCC build/GEDE01/src/game/game_fn_801719B4.o
### mwcceppc.exe Usage Warning:
#   Specified directory 'include' not found
[187/549] MWCC build/GEDE01/src/game/game_fn_801718F4.o
### mwcceppc.exe Usage Warning:
#   Specified directory 'include' not found
[188/549] MWCC build/GEDE01/src/game/game_fn_80171F30.o
### mwcceppc.exe Usage Warning:
#   Specified directory 'include' not found
[189/549] MWCC build/GEDE01/src/game/game_fn_80172C78.o
### mwcceppc.exe Usage Warning:
#   Specified directory 'include' not found
[190/549] MWCC build/GEDE01/src/game/game_fn_8017250C.o
### mwcceppc.exe Usage Warning:
#   Specified directory 'include' not found
[191/549] MWCC build/GEDE01/src/game/game_fn_80172DB8.o
### mwcceppc.exe Usage Warning:
#   Specified directory 'include' not found
[192/549] MWCC build/GEDE01/src/game/game_fn_80173270.o
### mwcceppc.exe Usage Warning:
#   Specified directory 'include' not found
[193/549] MWCC build/GEDE01/src/game/game_fn_80172BB0.o
### mwcceppc.exe Usage Warning:
#   Specified directory 'include' not found
[194/549] MWCC build/GEDE01/src/game/game_fn_80173D44.o
### mwcceppc.exe Usage Warning:
#   Specified directory 'include' not found
[195/549] MWCC build/GEDE01/src/game/game_fn_801734B4.o
### mwcceppc.exe Usage Warning:
#   Specified directory 'include' not found
[196/549] MWCC build/GEDE01/src/game/game_fn_80173F04.o
### mwcceppc.exe Usage Warning:
#   Specified directory 'include' not found
[197/549] MWCC build/GEDE01/src/game/game_fn_80173770.o
### mwcceppc.exe Usage Warning:
#   Specified directory 'include' not found
[198/549] MWCC build/GEDE01/src/game/game_fn_80174358.o
### mwcceppc.exe Usage Warning:
#   Specified directory 'include' not found
[199/549] MWCC build/GEDE01/src/game/game_fn_8017553C.o
### mwcceppc.exe Usage Warning:
#   Specified directory 'include' not found
[200/549] MWCC build/GEDE01/src/game/game_fn_80175E64.o
### mwcceppc.exe Usage Warning:
#   Specified directory 'include' not found
[201/549] MWCC build/GEDE01/src/game/game_fn_80174184.o
### mwcceppc.exe Usage Warning:
#   Specified directory 'include' not found
[202/549] MWCC build/GEDE01/src/game/game_fn_80176160.o
### mwcceppc.exe Usage Warning:
#   Specified directory 'include' not found
[203/549] MWCC build/GEDE01/src/game/game_fn_80175FD4.o
### mwcceppc.exe Usage Warning:
#   Specified directory 'include' not found
[204/549] MWCC build/GEDE01/src/game/game_fn_80176098.o
### mwcceppc.exe Usage Warning:
#   Specified directory 'include' not found
[205/549] MWCC build/GEDE01/src/game/game_fn_80176220.o
### mwcceppc.exe Usage Warning:
#   Specified directory 'include' not found
[206/549] MWCC build/GEDE01/src/game/game_fn_80176DF4.o
### mwcceppc.exe Usage Warning:
#   Specified directory 'include' not found
[207/549] MWCC build/GEDE01/src/game/game_fn_80175F0C.o
### mwcceppc.exe Usage Warning:
#   Specified directory 'include' not found
[208/549] MWCC build/GEDE01/src/game/game_fn_8017652C.o
### mwcceppc.exe Usage Warning:
#   Specified directory 'include' not found
[209/549] MWCC build/GEDE01/src/game/game_fn_801762E8.o
### mwcceppc.exe Usage Warning:
#   Specified directory 'include' not found
[210/549] MWCC build/GEDE01/src/game/game_fn_801770F8.o
### mwcceppc.exe Usage Warning:
#   Specified directory 'include' not found
[211/549] MWCC build/GEDE01/src/game/game_fn_80176FA0.o
### mwcceppc.exe Usage Warning:
#   Specified directory 'include' not found
[212/549] MWCC build/GEDE01/src/game/game_fn_8017718C.o
### mwcceppc.exe Usage Warning:
#   Specified directory 'include' not found
[213/549] MWCC build/GEDE01/src/game/game_fn_80179398.o
### mwcceppc.exe Usage Warning:
#   Specified directory 'include' not found
[214/549] MWCC build/GEDE01/src/game/game_fn_80179A74.o
### mwcceppc.exe Usage Warning:
#   Specified directory 'include' not found
[215/549] MWCC build/GEDE01/src/game/game_fn_8017974C.o
### mwcceppc.exe Usage Warning:
#   Specified directory 'include' not found
[216/549] MWCC build/GEDE01/src/game/game_fn_80179904.o
### mwcceppc.exe Usage Warning:
#   Specified directory 'include' not found
[217/549] MWCC build/GEDE01/src/game/game_fn_80179A18.o
### mwcceppc.exe Usage Warning:
#   Specified directory 'include' not found
[218/549] MWCC build/GEDE01/src/game/game_fn_8017960C.o
### mwcceppc.exe Usage Warning:
#   Specified directory 'include' not found
[219/549] MWCC build/GEDE01/src/game/game_fn_80177434.o
### mwcceppc.exe Usage Warning:
#   Specified directory 'include' not found
[220/549] MWCC build/GEDE01/src/game/game_fn_80179F20.o
### mwcceppc.exe Usage Warning:
#   Specified directory 'include' not found
[221/549] MWCC build/GEDE01/src/game/game_fn_80179EB8.o
### mwcceppc.exe Usage Warning:
#   Specified directory 'include' not found
[222/549] MWCC build/GEDE01/src/game/game_fn_8017A1C0.o
### mwcceppc.exe Usage Warning:
#   Specified directory 'include' not found
[223/549] MWCC build/GEDE01/src/game/game_fn_8017E850.o
### mwcceppc.exe Usage Warning:
#   Specified directory 'include' not found
[224/549] MWCC build/GEDE01/src/game/game_fn_8017A9B8.o
### mwcceppc.exe Usage Warning:
#   Specified directory 'include' not found
[225/549] MWCC build/GEDE01/src/game/game_fn_8017E958.o
### mwcceppc.exe Usage Warning:
#   Specified directory 'include' not found
[226/549] MWCC build/GEDE01/src/game/game_fn_8017A12C.o
### mwcceppc.exe Usage Warning:
#   Specified directory 'include' not found
[227/549] MWCC build/GEDE01/src/game/game_fn_8017A010.o
### mwcceppc.exe Usage Warning:
#   Specified directory 'include' not found
[228/549] MWCC build/GEDE01/src/game/game_fn_80180DDC.o
### mwcceppc.exe Usage Warning:
#   Specified directory 'include' not found
[229/549] MWCC build/GEDE01/src/game/game_fn_801865EC.o
### mwcceppc.exe Usage Warning:
#   Specified directory 'include' not found
[230/549] MWCC build/GEDE01/src/game/game_fn_801878E0.o
### mwcceppc.exe Usage Warning:
#   Specified directory 'include' not found
[231/549] MWCC build/GEDE01/src/game/game_fn_80187120.o
### mwcceppc.exe Usage Warning:
#   Specified directory 'include' not found
[232/549] MWCC build/GEDE01/src/game/game_fn_80185AE8.o
### mwcceppc.exe Usage Warning:
#   Specified directory 'include' not found
[233/549] MWCC build/GEDE01/src/game/game_fn_80188A7C.o
### mwcceppc.exe Usage Warning:
#   Specified directory 'include' not found
[234/549] MWCC build/GEDE01/src/game/game_fn_80188B44.o
### mwcceppc.exe Usage Warning:
#   Specified directory 'include' not found
[235/549] MWCC build/GEDE01/src/game/game_fn_80186E10.o
### mwcceppc.exe Usage Warning:
#   Specified directory 'include' not found
[236/549] MWCC build/GEDE01/src/game/game_fn_801859FC.o
### mwcceppc.exe Usage Warning:
#   Specified directory 'include' not found
[237/549] MWCC build/GEDE01/src/game/game_fn_80188C1C.o
### mwcceppc.exe Usage Warning:
#   Specified directory 'include' not found
[238/549] MWCC build/GEDE01/src/game/game_fn_80188E28.o
### mwcceppc.exe Usage Warning:
#   Specified directory 'include' not found
[239/549] MWCC build/GEDE01/src/game/game_fn_80189390.o
### mwcceppc.exe Usage Warning:
#   Specified directory 'include' not found
[240/549] MWCC build/GEDE01/src/game/game_fn_801895E8.o
### mwcceppc.exe Usage Warning:
#   Specified directory 'include' not found
[241/549] MWCC build/GEDE01/src/game/game_fn_80189028.o
### mwcceppc.exe Usage Warning:
#   Specified directory 'include' not found
[242/549] MWCC build/GEDE01/src/game/game_fn_801896A0.o
### mwcceppc.exe Usage Warning:
#   Specified directory 'include' not found
[243/549] MWCC build/GEDE01/src/game/game_fn_801891D8.o
### mwcceppc.exe Usage Warning:
#   Specified directory 'include' not found
[244/549] MWCC build/GEDE01/src/game/game_fn_80189760.o
### mwcceppc.exe Usage Warning:
#   Specified directory 'include' not found
[245/549] MWCC build/GEDE01/src/game/game_fn_80189968.o
### mwcceppc.exe Usage Warning:
#   Specified directory 'include' not found
[246/549] MWCC build/GEDE01/src/game/game_fn_8018D1F0.o
### mwcceppc.exe Usage Warning:
#   Specified directory 'include' not found
[247/549] MWCC build/GEDE01/src/game/game_fn_8018D2E0.o
### mwcceppc.exe Usage Warning:
#   Specified directory 'include' not found
[248/549] MWCC build/GEDE01/src/game/game_fn_8018D688.o
### mwcceppc.exe Usage Warning:
#   Specified directory 'include' not found
[249/549] MWCC build/GEDE01/src/game/game_fn_8018FEDC.o
### mwcceppc.exe Usage Warning:
#   Specified directory 'include' not found
[250/549] MWCC build/GEDE01/src/game/game_fn_8018F1D0.o
### mwcceppc.exe Usage Warning:
#   Specified directory 'include' not found
[251/549] MWCC build/GEDE01/src/game/game_fn_80191360.o
### mwcceppc.exe Usage Warning:
#   Specified directory 'include' not found
[252/549] MWCC build/GEDE01/src/game/game_fn_80192F54.o
### mwcceppc.exe Usage Warning:
#   Specified directory 'include' not found
[253/549] MWCC build/GEDE01/src/game/game_fn_8019197C.o
### mwcceppc.exe Usage Warning:
#   Specified directory 'include' not found
[254/549] MWCC build/GEDE01/src/game/game_fn_8018F81C.o
### mwcceppc.exe Usage Warning:
#   Specified directory 'include' not found
[255/549] MWCC build/GEDE01/src/game/game_fn_80191F58.o
### mwcceppc.exe Usage Warning:
#   Specified directory 'include' not found
[256/549] MWCC build/GEDE01/src/game/game_fn_80193F3C.o
### mwcceppc.exe Usage Warning:
#   Specified directory 'include' not found
[257/549] MWCC build/GEDE01/src/game/game_fn_80193E1C.o
### mwcceppc.exe Usage Warning:
#   Specified directory 'include' not found
[258/549] MWCC build/GEDE01/src/game/game_fn_80194F80.o
### mwcceppc.exe Usage Warning:
#   Specified directory 'include' not found
[259/549] MWCC build/GEDE01/src/game/game_fn_801931C4.o
### mwcceppc.exe Usage Warning:
#   Specified directory 'include' not found
[260/549] MWCC build/GEDE01/src/game/game_fn_80197910.o
### mwcceppc.exe Usage Warning:
#   Specified directory 'include' not found
[261/549] AS build/GEDE01/src/Runtime.PPCEABI.H/__save_fpr.o
[262/549] AS build/GEDE01/src/Runtime.PPCEABI.H/__restore_fpr.o
[263/549] MWCC build/GEDE01/src/game/game_fn_80198AAC.o
### mwcceppc.exe Usage Warning:
#   Specified directory 'include' not found
[264/549] AS build/GEDE01/src/Runtime.PPCEABI.H/__restore_gpr.o
[265/549] AS build/GEDE01/src/Runtime.PPCEABI.H/__save_gpr.o
[266/549] AS build/GEDE01/src/dolphin/base/PPCArch.o
[267/549] MWCC build/GEDE01/src/game/game_fn_80198BF4.o
### mwcceppc.exe Usage Warning:
#   Specified directory 'include' not found
[268/549] MWCC build/GEDE01/src/game/game_fn_801991E0.o
### mwcceppc.exe Usage Warning:
#   Specified directory 'include' not found
[269/549] MWCC build/GEDE01/src/game/game_fn_80198154.o
### mwcceppc.exe Usage Warning:
#   Specified directory 'include' not found
[270/549] MWCC build/GEDE01/src/game/game_fn_8019CC28.o
### mwcceppc.exe Usage Warning:
#   Specified directory 'include' not found
[271/549] EXTERNALIZE build/GEDE01/src/game/game_fn_80198AAC.o
[272/549] MWCC build/GEDE01/src/game/game_fn_8019E5E4.o
### mwcceppc.exe Usage Warning:
#   Specified directory 'include' not found
[273/549] EXTERNALIZE build/GEDE01/src/game/game_fn_80198BF4.o
[274/549] MWCC build/GEDE01/src/game/game_fn_8019E8C8.o
### mwcceppc.exe Usage Warning:
#   Specified directory 'include' not found
[275/549] EXTERNALIZE build/GEDE01/src/game/game_fn_801991E0.o
[276/549] MWCC build/GEDE01/src/game/game_fn_8019CFC4.o
### mwcceppc.exe Usage Warning:
#   Specified directory 'include' not found
[277/549] EXTERNALIZE build/GEDE01/src/game/game_fn_8019E5E4.o
[278/549] EXTERNALIZE build/GEDE01/src/game/game_fn_80198154.o
[279/549] EXTERNALIZE build/GEDE01/src/game/game_fn_80177434.o
repointed 2 relocations to lbl_80250588
[280/549] EXTERNALIZE build/GEDE01/src/game/game_fn_8019CC28.o
[281/549] EXTERNALIZE build/GEDE01/src/game/game_fn_80194F80.o
[282/549] EXTERNALIZE build/GEDE01/src/game/game_fn_8019E8C8.o
[283/549] MWCC build/GEDE01/src/game/game_fn_801A1F18.o
### mwcceppc.exe Usage Warning:
#   Specified directory 'include' not found
[284/549] EXTERNALIZE build/GEDE01/src/game/game_fn_80197910.o
[285/549] EXTERNALIZE build/GEDE01/src/game/game_fn_8019CFC4.o
[286/549] GLOBALIZE build/GEDE01/src/game/game_fn_8018F1D0.o
[287/549] EXTERNALIZE build/GEDE01/src/game/game_fn_80192F54.o
[288/549] EXTERNALIZE build/GEDE01/src/game/game_fn_801931C4.o
[289/549] EXTERNALIZE build/GEDE01/src/game/game_fn_801A1F18.o
[290/549] EXTERNALIZE build/GEDE01/src/game/game_fn_80191F58.o
[291/549] EXTERNALIZE build/GEDE01/src/game/game_fn_80191360.o
[292/549] EXTERNALIZE build/GEDE01/src/game/game_fn_80193E1C.o
[293/549] EXTERNALIZE build/GEDE01/src/game/game_fn_8018D688.o
[294/549] EXTERNALIZE build/GEDE01/src/game/game_fn_8019197C.o
[295/549] EXTERNALIZE build/GEDE01/src/game/game_fn_80189968.o
[296/549] EXTERNALIZE build/GEDE01/src/game/game_fn_801896A0.o
[297/549] EXTERNALIZE build/GEDE01/src/game/game_fn_801895E8.o
[298/549] EXTERNALIZE build/GEDE01/src/game/game_fn_80189760.o
[299/549] EXTERNALIZE build/GEDE01/src/game/game_fn_8018F81C.o
[300/549] EXTERNALIZE build/GEDE01/src/game/game_fn_80193F3C.o
[301/549] EXTERNALIZE build/GEDE01/src/game/game_fn_8018D2E0.o
[302/549] EXTERNALIZE build/GEDE01/src/game/game_fn_80188A7C.o
[303/549] EXTERNALIZE build/GEDE01/src/game/game_fn_80188B44.o
[304/549] EXTERNALIZE build/GEDE01/src/game/game_fn_8018D1F0.o
[305/549] EXTERNALIZE build/GEDE01/src/game/game_fn_80188E28.o
[306/549] EXTERNALIZE build/GEDE01/src/game/game_fn_80188C1C.o
[307/549] EXTERNALIZE build/GEDE01/src/game/game_fn_80189028.o
[308/549] EXTERNALIZE build/GEDE01/src/game/game_fn_801865EC.o
[309/549] EXTERNALIZE build/GEDE01/src/game/game_fn_8018FEDC.o
[310/549] EXTERNALIZE build/GEDE01/src/game/game_fn_80189390.o
[311/549] EXTERNALIZE build/GEDE01/src/game/game_fn_801891D8.o
[312/549] EXTERNALIZE build/GEDE01/src/game/game_fn_80187120.o
[313/549] EXTERNALIZE build/GEDE01/src/game/game_fn_80185AE8.o
[314/549] EXTERNALIZE build/GEDE01/src/game/game_fn_801878E0.o
[315/549] EXTERNALIZE build/GEDE01/src/game/game_fn_80186E10.o
[316/549] EXTERNALIZE build/GEDE01/src/game/game_fn_8017E958.o
[317/549] EXTERNALIZE build/GEDE01/src/game/game_fn_801770F8.o
[318/549] EXTERNALIZE build/GEDE01/src/game/game_fn_80176FA0.o
[319/549] EXTERNALIZE build/GEDE01/src/game/game_fn_80176DF4.o
[320/549] EXTERNALIZE build/GEDE01/src/game/game_fn_80180DDC.o
[321/549] EXTERNALIZE build/GEDE01/src/game/game_fn_80174358.o
[322/549] EXTERNALIZE build/GEDE01/src/game/game_fn_801859FC.o
[323/549] EXTERNALIZE build/GEDE01/src/game/game_fn_80173F04.o
[324/549] EXTERNALIZE build/GEDE01/src/game/game_fn_8017E850.o
[325/549] EXTERNALIZE build/GEDE01/src/game/game_fn_80174184.o
[326/549] EXTERNALIZE build/GEDE01/src/game/game_fn_8017718C.o
[327/549] EXTERNALIZE build/GEDE01/src/game/game_fn_8017553C.o
[328/549] EXTERNALIZE build/GEDE01/src/game/game_fn_80173770.o
[329/549] EXTERNALIZE build/GEDE01/src/game/game_fn_801734B4.o
[330/549] EXTERNALIZE build/GEDE01/src/game/game_fn_80172C78.o
[331/549] EXTERNALIZE build/GEDE01/src/game/game_fn_80172BB0.o
[332/549] EXTERNALIZE build/GEDE01/src/game/game_fn_80173D44.o
[333/549] EXTERNALIZE build/GEDE01/src/game/game_fn_801726EC.o
[334/549] EXTERNALIZE build/GEDE01/src/game/game_fn_80172DB8.o
[335/549] NORMALIZE build/GEDE01/src/game/game_TRKNubWelcome.o
[336/549] NORMALIZE build/GEDE01/src/game/game_TRK_main.o
[337/549] EXTERNALIZE build/GEDE01/src/game/game_fn_80171F30.o
[338/549] NORMALIZE build/GEDE01/src/game/game_data_80239E10.o
[339/549] NORMALIZE build/GEDE01/src/game/game_data_80239E18.o
[340/549] EXTERNALIZE build/GEDE01/src/game/game_fn_80173270.o
[341/549] EXTERNALIZE build/GEDE01/src/game/game_fn_8017250C.o
[342/549] EXTERNALIZE build/GEDE01/src/game/game_fn_80171664.o
[343/549] EXTERNALIZE build/GEDE01/src/game/game_fn_8017138C.o
[344/549] EXTERNALIZE build/GEDE01/src/game/game_fn_80170A40.o
[345/549] EXTERNALIZE build/GEDE01/src/game/game_fn_801706DC.o
[346/549] EXTERNALIZE build/GEDE01/src/game/game_fn_801719B4.o
[347/549] EXTERNALIZE build/GEDE01/src/game/game_fn_801718F4.o
[348/549] EXTERNALIZE build/GEDE01/src/game/game_fn_80170E9C.o
[349/549] EXTERNALIZE build/GEDE01/src/game/game_fn_80175F0C.o
[350/549] EXTERNALIZE build/GEDE01/src/game/game_fn_80175E64.o
[351/549] EXTERNALIZE build/GEDE01/src/game/game_fn_8017652C.o
[352/549] EXTERNALIZE build/GEDE01/src/game/game_fn_80170DF4.o
[353/549] EXTERNALIZE build/GEDE01/src/game/game_fn_80176160.o
[354/549] EXTERNALIZE build/GEDE01/src/game/game_fn_801762E8.o
[355/549] NORMALIZE build/GEDE01/src/game/game_fn_8016DF4C.o
[356/549] EXTERNALIZE build/GEDE01/src/game/game_fn_8016E8F8.o
[357/549] EXTERNALIZE build/GEDE01/src/game/game_fn_801704F8.o
[358/549] EXTERNALIZE build/GEDE01/src/game/game_fn_80176220.o
[359/549] EXTERNALIZE build/GEDE01/src/game/game_fn_8016D2B8.o
[360/549] EXTERNALIZE build/GEDE01/src/game/game_fn_8016FEF8.o
[361/549] EXTERNALIZE build/GEDE01/src/game/game_fn_8016D040.o
[362/549] EXTERNALIZE build/GEDE01/src/game/game_fn_80176098.o
[363/549] EXTERNALIZE build/GEDE01/src/game/game_fn_8016D1F8.o
[364/549] EXTERNALIZE build/GEDE01/src/game/game_fn_8016C774.o
[365/549] EXTERNALIZE build/GEDE01/src/game/game_fn_8016C4BC.o
[366/549] EXTERNALIZE build/GEDE01/src/game/game_fn_80175FD4.o
[367/549] EXTERNALIZE build/GEDE01/src/game/game_fn_8017038C.o
[368/549] EXTERNALIZE build/GEDE01/src/game/game_fn_8016C0BC.o
[369/549] EXTERNALIZE build/GEDE01/src/game/game_fn_8016BF60.o
[370/549] EXTERNALIZE build/GEDE01/src/game/game_fn_8016BD0C.o
[371/549] EXTERNALIZE build/GEDE01/src/game/game_fn_8016C164.o
[372/549] EXTERNALIZE build/GEDE01/src/game/game_fn_8015EDC0.o
[373/549] EXTERNALIZE build/GEDE01/src/game/game_fn_8016C238.o
[374/549] EXTERNALIZE build/GEDE01/src/game/game_fn_80167B5C.o
[375/549] EXTERNALIZE build/GEDE01/src/game/game_fn_8016BE1C.o
[376/549] EXTERNALIZE build/GEDE01/src/game/game_fn_80169650.o
[377/549] EXTERNALIZE build/GEDE01/src/game/game_fn_8015DC54.o
[378/549] EXTERNALIZE build/GEDE01/src/game/game_fn_80158B20.o
[379/549] EXTERNALIZE build/GEDE01/src/game/game_fn_8017960C.o
[380/549] EXTERNALIZE build/GEDE01/src/game/game_fn_80179904.o
[381/549] EXTERNALIZE build/GEDE01/src/game/game_fn_80179EB8.o
[382/549] EXTERNALIZE build/GEDE01/src/game/game_fn_80179A18.o
[383/549] EXTERNALIZE build/GEDE01/src/game/game_fn_80179398.o
[384/549] EXTERNALIZE build/GEDE01/src/game/game_fn_80179A74.o
[385/549] EXTERNALIZE build/GEDE01/src/game/game_fn_8017974C.o
[386/549] EXTERNALIZE build/GEDE01/src/game/game_fn_8017A9B8.o
[387/549] EXTERNALIZE build/GEDE01/src/game/game_fn_80157C0C.o
[388/549] EXTERNALIZE build/GEDE01/src/game/game_fn_80155814.o
[389/549] EXTERNALIZE build/GEDE01/src/game/game_fn_8017A010.o
[390/549] EXTERNALIZE build/GEDE01/src/game/game_fn_80179F20.o
[391/549] EXTERNALIZE build/GEDE01/src/game/game_fn_8014AF38.o
[392/549] EXTERNALIZE build/GEDE01/src/game/game_fn_8012DB28.o
[393/549] EXTERNALIZE build/GEDE01/src/game/game_fn_801141B8.o
[394/549] EXTERNALIZE build/GEDE01/src/game/game_fn_801126E0.o
[395/549] EXTERNALIZE build/GEDE01/src/game/game_fn_8010F184.o
[396/549] EXTERNALIZE build/GEDE01/src/game/game_fn_8017A12C.o
[397/549] EXTERNALIZE build/GEDE01/src/game/game_fn_800E4980.o
[398/549] EXTERNALIZE build/GEDE01/src/game/game_fn_8014B494.o
[399/549] EXTERNALIZE build/GEDE01/src/game/game_fn_800C17EC.o
[400/549] EXTERNALIZE build/GEDE01/src/game/game_fn_800C59F0.o
[401/549] EXTERNALIZE build/GEDE01/src/game/game_fn_80153898.o
[402/549] EXTERNALIZE build/GEDE01/src/game/game_fn_800C644C.o
[403/549] EXTERNALIZE build/GEDE01/src/game/game_fn_801128E4.o
[404/549] EXTERNALIZE build/GEDE01/src/game/game_fn_8017A1C0.o
[405/549] EXTERNALIZE build/GEDE01/src/game/game_fn_800CB8F4.o
[406/549] EXTERNALIZE build/GEDE01/src/game/game_fn_80078500.o
[407/549] EXTERNALIZE build/GEDE01/src/game/game_fn_80079908.o
[408/549] EXTERNALIZE build/GEDE01/src/game/game_fn_8007B2F4.o
[409/549] EXTERNALIZE build/GEDE01/src/game/game_fn_8007B540.o
[410/549] EXTERNALIZE build/GEDE01/src/game/game_fn_800CB760.o
[411/549] GLOBALIZE build/GEDE01/src/game/game_fn_800A2130.o
[412/549] EXTERNALIZE build/GEDE01/src/game/game_fn_8007B640.o
[413/549] EXTERNALIZE build/GEDE01/src/game/game_fn_800934A0.o
[414/549] GLOBALIZE build/GEDE01/src/game/game_fn_8008F890.o
[415/549] EXTERNALIZE build/GEDE01/src/game/game_fn_800A4798.o
[416/549] EXTERNALIZE build/GEDE01/src/game/game_fn_800A2FCC.o
[417/549] EXTERNALIZE build/GEDE01/src/game/game_fn_800886D8.o
[418/549] EXTERNALIZE build/GEDE01/src/game/game_fn_8009C424.o
[419/549] GLOBALIZE build/GEDE01/src/game/game_fn_8005FD84.o
[420/549] EXTERNALIZE build/GEDE01/src/game/game_fn_800A7E88.o
[421/549] EXTERNALIZE build/GEDE01/src/game/game_fn_800A3894.o
[422/549] EXTERNALIZE build/GEDE01/src/game/game_fn_800A4428.o
[423/549] EXTERNALIZE build/GEDE01/src/game/game_fn_80096830.o
[424/549] NAME SWITCH build/GEDE01/src/game/game_fn_80020E94.o
[425/549] NAME SWITCH build/GEDE01/src/game/game_fn_8016D9C0.o
[426/549] EXTERNALIZE build/GEDE01/src/game/game_fn_80074310.o
[427/549] NAME SWITCH build/GEDE01/src/game/game_fn_80071A58.o
[428/549] NAME SWITCH build/GEDE01/src/game/game_fn_8005EE9C.o
[429/549] NAME SWITCH build/GEDE01/src/game/game_fn_8001FE1C.o
[430/549] NAME SWITCH build/GEDE01/src/game/game_fn_8001E644.o
[431/549] EXTERNALIZE build/GEDE01/src/game/game_fn_8005EC6C.o
[432/549] EXTERNALIZE SWITCHES build/GEDE01/src/game/game_fn_80095FDC.o
[433/549] EXTERNALIZE build/GEDE01/src/game/game_fn_80048ADC.o
[434/549] EXTERNALIZE build/GEDE01/src/game/game_fn_80048B24.o
[435/549] EXTERNALIZE build/GEDE01/src/game/game_fn_80066888.o
[436/549] EXTERNALIZE build/GEDE01/src/game/game_fn_8007BA3C.o
[437/549] EXTERNALIZE build/GEDE01/src/game/game_fn_80052310.o
[438/549] EXTERNALIZE build/GEDE01/src/game/game_fn_80033038.o
[439/549] EXTERNALIZE build/GEDE01/src/game/game_fn_80038878.o
[440/549] EXTERNALIZE build/GEDE01/src/game/game_fn_80036C40.o
[441/549] EXTERNALIZE build/GEDE01/src/game/game_fn_80032B84.o
[442/549] EXTERNALIZE build/GEDE01/src/game/game_fn_8003232C.o
[443/549] NAME SWITCHES build/GEDE01/src/game/game_fn_80024F28.o
[444/549] EXTERNALIZE build/GEDE01/src/game/game_fn_800359A0.o
[445/549] EXTERNALIZE build/GEDE01/src/game/game_fn_8002EA68.o
[446/549] EXTERNALIZE build/GEDE01/src/game/game_fn_8002E3F0.o
[447/549] EXTERNALIZE build/GEDE01/src/game/game_fn_80033180.o
[448/549] EXTERNALIZE build/GEDE01/src/game/game_fn_800272B4.o
[449/549] EXTERNALIZE build/GEDE01/src/game/game_fn_8002DAE0.o
[450/549] EXTERNALIZE build/GEDE01/src/game/game_fn_8001CE94.o
[451/549] EXTERNALIZE build/GEDE01/src/game/game_fn_8001CD58.o
[452/549] EXTERNALIZE build/GEDE01/src/game/game_fn_8001B294.o
[453/549] EXTERNALIZE build/GEDE01/src/game/game_fn_8002F428.o
[454/549] EXTERNALIZE build/GEDE01/src/game/game_fn_8001ADF8.o
[455/549] EXTERNALIZE build/GEDE01/src/game/game_fn_8001C078.o
[456/549] EXTERNALIZE build/GEDE01/src/game/game_fn_8001B124.o
[457/549] EXTERNALIZE build/GEDE01/src/game/game_fn_8001AAB8.o
[458/549] EXTERNALIZE build/GEDE01/src/game/game_fn_8001A6C4.o
[459/549] EXTERNALIZE build/GEDE01/src/game/game_fn_8001B808.o
[460/549] EXTERNALIZE build/GEDE01/src/game/game_fn_8001B874.o
[461/549] EXTERNALIZE build/GEDE01/src/game/game_fn_80019D2C.o
[462/549] EXTERNALIZE build/GEDE01/src/game/game_fn_80019F98.o
[463/549] EXTERNALIZE build/GEDE01/src/game/game_fn_800194D0.o
[464/549] EXTERNALIZE build/GEDE01/src/game/game_fn_80019054.o
[465/549] EXTERNALIZE build/GEDE01/src/game/game_fn_8001AF68.o
[466/549] EXTERNALIZE build/GEDE01/src/game/game_fn_80018EF4.o
[467/549] EXTERNALIZE build/GEDE01/src/game/game_fn_80019244.o
[468/549] EXTERNALIZE build/GEDE01/src/game/game_fn_80017DB0.o
[469/549] EXTERNALIZE build/GEDE01/src/game/game_fn_80019940.o
[470/549] EXTERNALIZE build/GEDE01/src/game/game_fn_80019C10.o
[471/549] EXTERNALIZE build/GEDE01/src/game/game_fn_80017CC8.o
[472/549] GLOBALIZE build/GEDE01/src/game/game_fn_800094C0.o
[473/549] EXTERNALIZE build/GEDE01/src/game/game_fn_800179AC.o
[474/549] EXTERNALIZE build/GEDE01/src/game/game_fn_80017910.o
[475/549] EXTERNALIZE FLAGS build/GEDE01/src/game/game_fn_800119FC.o
[476/549] EXTERNALIZE build/GEDE01/src/game/game_fn_80017C3C.o
[477/549] EXTERNALIZE build/GEDE01/src/game/game_fn_80017AE4.o
[478/549] EXTERNALIZE build/GEDE01/src/game/game_fn_80017A3C.o
[479/549] EXTERNALIZE build/GEDE01/src/game/game_fn_8000FFD8.o
[480/549] EXTERNALIZE build/GEDE01/src/game/game_fn_8000EFC4.o
[481/549] EXTERNALIZE build/GEDE01/src/game/game_fn_80009AB4.o
[482/549] EXTERNALIZE build/GEDE01/src/game/game_fn_8000F4B0.o
[483/549] EXTERNALIZE build/GEDE01/src/game/game_fn_800171C0.o
[484/549] EXTERNALIZE build/GEDE01/src/game/game_fn_8000A26C.o
[485/549] EXTERNALIZE build/GEDE01/src/game/game_fn_800176F0.o
[486/549] EXTERNALIZE build/GEDE01/src/game/game_fn_8000AC88.o
[487/549] EXTERNALIZE build/GEDE01/src/game/game_fn_800096E0.o
[488/549] EXTERNALIZE build/GEDE01/src/game/game_fn_800099D8.o
[489/549] EXTERNALIZE build/GEDE01/src/game/game_fn_800098C0.o
[490/549] EXTERNALIZE build/GEDE01/src/game/game_fn_8000AEB4.o
[491/549] EXTERNALIZE build/GEDE01/src/game/game_fn_8000B900.o
[492/549] EXTERNALIZE build/GEDE01/src/game/game_fn_8000B1B8.o
[493/549] EXTERNALIZE build/GEDE01/src/game/game_fn_8000BA0C.o
[494/549] EXTERNALIZE build/GEDE01/src/game/game_fn_8000AFB4.o
[495/549] EXTERNALIZE build/GEDE01/src/game/game_fn_8000B630.o
[496/549] EXTERNALIZE build/GEDE01/src/game/game_fn_8000BAA0.o
[497/549] EXTERNALIZE build/GEDE01/src/game/game_fn_8000BC40.o
[498/549] EXTERNALIZE build/GEDE01/src/game/game_fn_8000B36C.o
[499/549] NAME SWITCH build/GEDE01/src/game/game_fn_8000D8A4.o
[500/549] EXTERNALIZE build/GEDE01/src/game/game_fn_8000B7FC.o
[501/549] EXTERNALIZE build/GEDE01/src/game/game_fn_8000C06C.o
[502/549] EXTERNALIZE build/GEDE01/src/game/game_fn_8000C848.o
[503/549] EXTERNALIZE build/GEDE01/src/game/game_fn_8000C91C.o
[504/549] EXTERNALIZE build/GEDE01/src/game/game_fn_8000D0BC.o
[505/549] EXTERNALIZE build/GEDE01/src/game/game_fn_8000C400.o
[506/549] EXTERNALIZE build/GEDE01/src/game/game_fn_8000D3D4.o
[507/549] EXTERNALIZE build/GEDE01/src/game/game_fn_8000E054.o
[508/549] EXTERNALIZE build/GEDE01/src/game/game_fn_8000C17C.o
[509/549] EXTERNALIZE build/GEDE01/src/game/game_fn_8000EB14.o
[510/549] EXTERNALIZE build/GEDE01/src/game/game_fn_8000E0AC.o
[511/549] EXTERNALIZE build/GEDE01/src/game/game_fn_8000EBD4.o
[512/549] EXTERNALIZE build/GEDE01/src/game/game_fn_8000E96C.o
[513/549] EXTERNALIZE build/GEDE01/src/game/game_fn_8000ED44.o
[514/549] EXTERNALIZE build/GEDE01/src/game/game_fn_8000F774.o
[515/549] EXTERNALIZE build/GEDE01/src/game/game_fn_8000E138.o
[516/549] EXTERNALIZE build/GEDE01/src/game/game_fn_8000DAF4.o
[517/549] EXTERNALIZE build/GEDE01/src/game/game_fn_80012F40.o
[518/549] EXTERNALIZE build/GEDE01/src/game/game_fn_8000DA50.o
[519/549] EXTERNALIZE build/GEDE01/src/game/game_fn_80012DA8.o
[520/549] EXTERNALIZE build/GEDE01/src/game/game_fn_80012FD0.o
[521/549] EXTERNALIZE build/GEDE01/src/game/game_fn_8000E1C4.o
[522/549] EXTERNALIZE build/GEDE01/src/game/game_fn_8000D590.o
[523/549] EXTERNALIZE build/GEDE01/src/game/game_fn_80013870.o
[524/549] EXTERNALIZE build/GEDE01/src/game/game_fn_80013CB0.o
[525/549] EXTERNALIZE build/GEDE01/src/game/game_fn_800142DC.o
[526/549] EXTERNALIZE build/GEDE01/src/game/game_fn_800144CC.o
[527/549] EXTERNALIZE build/GEDE01/src/game/game_fn_80013D54.o
[528/549] EXTERNALIZE build/GEDE01/src/game/game_fn_800131E8.o
[529/549] EXTERNALIZE build/GEDE01/src/game/game_fn_80013340.o
[530/549] EXTERNALIZE build/GEDE01/src/game/game_fn_80015058.o
[531/549] EXTERNALIZE build/GEDE01/src/game/game_fn_80015320.o
[532/549] EXTERNALIZE build/GEDE01/src/game/game_fn_80014784.o
[533/549] EXTERNALIZE build/GEDE01/src/game/game_fn_800149D4.o
[534/549] EXTERNALIZE build/GEDE01/src/game/game_fn_80015568.o
[535/549] EXTERNALIZE build/GEDE01/src/game/game_fn_800156FC.o
[536/549] EXTERNALIZE build/GEDE01/src/game/game_fn_80016270.o
[537/549] EXTERNALIZE build/GEDE01/src/game/game_fn_80016904.o
[538/549] EXTERNALIZE build/GEDE01/src/game/game_fn_80015BE0.o
[539/549] EXTERNALIZE build/GEDE01/src/game/game_fn_800173CC.o
[540/549] EXTERNALIZE build/GEDE01/src/game/game_fn_80015F04.o
[541/549] EXTERNALIZE build/GEDE01/src/game/game_fn_80016B24.o
[542/549] EXTERNALIZE build/GEDE01/src/game/game_fn_80016128.o
[543/549] EXTERNALIZE build/GEDE01/src/game/game_fn_80015D40.o
[544/549] REPORT
 INFO Loading project .
 INFO Generating report for 5643 units (using 8 threads)
 INFO Report generated in 0.165s
 INFO Writing to build/GEDE01/report.json
[545/549] LINK build/GEDE01/main.elf
### mwldeppc.exe Linker Warning:
#   Section '.ignored' is unknown. Section ignored.
### mwldeppc.exe Linker Warning:
#   Section '.ignored' is unknown. Section ignored.
### mwldeppc.exe Linker Warning:
#   Section '.ignored' is unknown. Section ignored.
### mwldeppc.exe Linker Warning:
#   Section '.ignored' is unknown. Section ignored.
### mwldeppc.exe Linker Warning:
#   Section '.ignored' is unknown. Section ignored.
### mwldeppc.exe Linker Warning:
#   Section '.ignored' is unknown. Section ignored.
### mwldeppc.exe Linker Warning:
#   Section '.ignored' is unknown. Section ignored.
### mwldeppc.exe Linker Warning:
#   Section '.ignored' is unknown. Section ignored.
### mwldeppc.exe Linker Warning:
#   Section '.ignored' is unknown. Section ignored.
### mwldeppc.exe Linker Warning:
#   Section '.ignored' is unknown. Section ignored.
### mwldeppc.exe Linker Warning:
#   Section '.ignored' is unknown. Section ignored.
### mwldeppc.exe Linker Warning:
#   Section '.ignored' is unknown. Section ignored.
### mwldeppc.exe Linker Warning:
#   Section '.ignored' is unknown. Section ignored.
### mwldeppc.exe Linker Warning:
#   Section '.ignored' is unknown. Section ignored.
### mwldeppc.exe Linker Warning:
#   Section '.ignored' is unknown. Section ignored.
### mwldeppc.exe Linker Warning:
#   Section '.ignored' is unknown. Section ignored.
### mwldeppc.exe Linker Warning:
#   Section '.ignored' is unknown. Section ignored.
### mwldeppc.exe Linker Warning:
#   Section '.ignored' is unknown. Section ignored.
### mwldeppc.exe Linker Warning:
#   Section '.ignored' is unknown. Section ignored.
### mwldeppc.exe Linker Warning:
#   Section '.ignored' is unknown. Section ignored.
### mwldeppc.exe Linker Warning:
#   Section '.ignored' is unknown. Section ignored.
### mwldeppc.exe Linker Warning:
#   Section '.ignored' is unknown. Section ignored.
### mwldeppc.exe Linker Warning:
#   Section '.ignored' is unknown. Section ignored.
### mwldeppc.exe Linker Warning:
#   Section '.ignored' is unknown. Section ignored.
### mwldeppc.exe Linker Warning:
#   Section '.ignored' is unknown. Section ignored.
### mwldeppc.exe Linker Warning:
#   Section '.ignored' is unknown. Section ignored.
### mwldeppc.exe Linker Warning:
#   Section '.ignored' is unknown. Section ignored.
### mwldeppc.exe Linker Warning:
#   Section '.ignored' is unknown. Section ignored.
### mwldeppc.exe Linker Warning:
#   Section '.ignored' is unknown. Section ignored.
### mwldeppc.exe Linker Warning:
#   Section '.ignored' is unknown. Section ignored.
### mwldeppc.exe Linker Warning:
#   Section '.ignored' is unknown. Section ignored.
### mwldeppc.exe Linker Warning:
#   Section '.ignored' is unknown. Section ignored.
### mwldeppc.exe Linker Warning:
#   Section '.ignored' is unknown. Section ignored.
### mwldeppc.exe Linker Warning:
#   Section '.ignored' is unknown. Section ignored.
### mwldeppc.exe Linker Warning:
#   Section '.ignored' is unknown. Section ignored.
### mwldeppc.exe Linker Warning:
#   Section '.ignored' is unknown. Section ignored.
### mwldeppc.exe Linker Warning:
#   Section '.ignored' is unknown. Section ignored.
### mwldeppc.exe Linker Warning:
#   Section '.ignored' is unknown. Section ignored.
### mwldeppc.exe Linker Warning:
#   Section '.ignored' is unknown. Section ignored.
### mwldeppc.exe Linker Warning:
#   Section '.ignored' is unknown. Section ignored.
### mwldeppc.exe Linker Warning:
#   Section '.ignored' is unknown. Section ignored.
### mwldeppc.exe Linker Warning:
#   Section '.ignored' is unknown. Section ignored.
### mwldeppc.exe Linker Warning:
#   Section '.ignored' is unknown. Section ignored.
### mwldeppc.exe Linker Warning:
#   Section '.ignored' is unknown. Section ignored.
### mwldeppc.exe Linker Warning:
#   Section '.ignored' is unknown. Section ignored.
### mwldeppc.exe Linker Warning:
#   Section '.ignored' is unknown. Section ignored.
### mwldeppc.exe Linker Warning:
#   Section '.ignored' is unknown. Section ignored.
### mwldeppc.exe Linker Warning:
#   Section '.ignored' is unknown. Section ignored.
### mwldeppc.exe Linker Warning:
#   Section '.ignored' is unknown. Section ignored.
### mwldeppc.exe Linker Warning:
#   Section '.ignored' is unknown. Section ignored.
### mwldeppc.exe Linker Warning:
#   Section '.ignored' is unknown. Section ignored.
### mwldeppc.exe Linker Warning:
#   Section '.ignored' is unknown. Section ignored.
### mwldeppc.exe Linker Warning:
#   Section '.ignored' is unknown. Section ignored.
### mwldeppc.exe Linker Warning:
#   Section '.ignored' is unknown. Section ignored.
### mwldeppc.exe Linker Warning:
#   Section '.ignored' is unknown. Section ignored.
### mwldeppc.exe Linker Warning:
#   Section '.ignored' is unknown. Section ignored.
### mwldeppc.exe Linker Warning:
#   Section '.ignored' is unknown. Section ignored.
### mwldeppc.exe Linker Warning:
#   Section '.ignored' is unknown. Section ignored.
### mwldeppc.exe Linker Warning:
#   Section '.ignored' is unknown. Section ignored.
### mwldeppc.exe Linker Warning:
#   Section '.ignored' is unknown. Section ignored.
### mwldeppc.exe Linker Warning:
#   Section '.ignored' is unknown. Section ignored.
### mwldeppc.exe Linker Warning:
#   Section '.ignored' is unknown. Section ignored.
### mwldeppc.exe Linker Warning:
#   Section '.ignored' is unknown. Section ignored.
### mwldeppc.exe Linker Warning:
#   Section '.ignored' is unknown. Section ignored.
### mwldeppc.exe Linker Warning:
#   Section '.ignored' is unknown. Section ignored.
### mwldeppc.exe Linker Warning:
#   Section '.ignored' is unknown. Section ignored.
### mwldeppc.exe Linker Warning:
#   Section '.ignored' is unknown. Section ignored.
### mwldeppc.exe Linker Warning:
#   Section '.ignored' is unknown. Section ignored.
### mwldeppc.exe Linker Warning:
#   Section '.ignored' is unknown. Section ignored.
### mwldeppc.exe Linker Warning:
#   Section '.ignored' is unknown. Section ignored.
### mwldeppc.exe Linker Warning:
#   Section '.ignored' is unknown. Section ignored.
### mwldeppc.exe Linker Warning:
#   Section '.ignored' is unknown. Section ignored.
### mwldeppc.exe Linker Warning:
#   Section '.ignored' is unknown. Section ignored.
### mwldeppc.exe Linker Warning:
#   Section '.ignored' is unknown. Section ignored.
### mwldeppc.exe Linker Warning:
#   Section '.ignored' is unknown. Section ignored.
### mwldeppc.exe Linker Warning:
#   Section '.ignored' is unknown. Section ignored.
### mwldeppc.exe Linker Warning:
#   Section '.ignored' is unknown. Section ignored.
### mwldeppc.exe Linker Warning:
#   Section '.ignored' is unknown. Section ignored.
### mwldeppc.exe Linker Warning:
#   Section '.ignored' is unknown. Section ignored.
### mwldeppc.exe Linker Warning:
#   Section '.ignored' is unknown. Section ignored.
### mwldeppc.exe Linker Warning:
#   Section '.ignored' is unknown. Section ignored.
### mwldeppc.exe Linker Warning:
#   Section '.ignored' is unknown. Section ignored.
### mwldeppc.exe Linker Warning:
#   Section '.ignored' is unknown. Section ignored.
### mwldeppc.exe Linker Warning:
#   Section '.ignored' is unknown. Section ignored.
### mwldeppc.exe Linker Warning:
#   Section '.ignored' is unknown. Section ignored.
### mwldeppc.exe Linker Warning:
#   Section '.ignored' is unknown. Section ignored.
### mwldeppc.exe Linker Warning:
#   Section '.ignored' is unknown. Section ignored.
### mwldeppc.exe Linker Warning:
#   Section '.ignored' is unknown. Section ignored.
### mwldeppc.exe Linker Warning:
#   Section '.ignored' is unknown. Section ignored.
### mwldeppc.exe Linker Warning:
#   Section '.ignored' is unknown. Section ignored.
### mwldeppc.exe Linker Warning:
#   Section '.ignored' is unknown. Section ignored.
### mwldeppc.exe Linker Warning:
#   Section '.ignored' is unknown. Section ignored.
### mwldeppc.exe Linker Warning:
#   Section '.ignored' is unknown. Section ignored.
### mwldeppc.exe Linker Warning:
#   Section '.ignored' is unknown. Section ignored.
### mwldeppc.exe Linker Warning:
#   Section '.ignored' is unknown. Section ignored.
### mwldeppc.exe Linker Warning:
#   Section '.ignored' is unknown. Section ignored.
### mwldeppc.exe Linker Warning:
#   Section '.ignored' is unknown. Section ignored.
### mwldeppc.exe Linker Warning:
#   Section '.ignored' is unknown. Section ignored.
### mwldeppc.exe Linker Warning:
#   Section '.ignored' is unknown. Section ignored.
### mwldeppc.exe Linker Warning:
#   Section '.ignored' is unknown. Section ignored.
### mwldeppc.exe Linker Warning:
#   Section '.ignored' is unknown. Section ignored.
### mwldeppc.exe Linker Warning:
#   Section '.ignored' is unknown. Section ignored.
### mwldeppc.exe Linker Warning:
#   Section '.ignored' is unknown. Section ignored.
### mwldeppc.exe Linker Warning:
#   Section '.ignored' is unknown. Section ignored.
### mwldeppc.exe Linker Warning:
#   Section '.ignored' is unknown. Section ignored.
### mwldeppc.exe Linker Warning:
#   Section '.ignored' is unknown. Section ignored.
### mwldeppc.exe Linker Warning:
#   Section '.ignored' is unknown. Section ignored.
### mwldeppc.exe Linker Warning:
#   Section '.ignored' is unknown. Section ignored.
### mwldeppc.exe Linker Warning:
#   Section '.ignored' is unknown. Section ignored.
### mwldeppc.exe Linker Warning:
#   Section '.ignored' is unknown. Section ignored.
### mwldeppc.exe Linker Warning:
#   Section '.ignored' is unknown. Section ignored.
### mwldeppc.exe Linker Warning:
#   Section '.ignored' is unknown. Section ignored.
### mwldeppc.exe Linker Warning:
#   Section '.ignored' is unknown. Section ignored.
### mwldeppc.exe Linker Warning:
#   Section '.ignored' is unknown. Section ignored.
### mwldeppc.exe Linker Warning:
#   Section '.ignored' is unknown. Section ignored.
### mwldeppc.exe Linker Warning:
#   Section '.ignored' is unknown. Section ignored.
### mwldeppc.exe Linker Warning:
#   Section '.ignored' is unknown. Section ignored.
### mwldeppc.exe Linker Warning:
#   Section '.ignored' is unknown. Section ignored.
### mwldeppc.exe Linker Warning:
#   Section '.ignored' is unknown. Section ignored.
### mwldeppc.exe Linker Warning:
#   Section '.ignored' is unknown. Section ignored.
### mwldeppc.exe Linker Warning:
#   Section '.ignored' is unknown. Section ignored.
### mwldeppc.exe Linker Warning:
#   Section '.ignored' is unknown. Section ignored.
### mwldeppc.exe Linker Warning:
#   Section '.ignored' is unknown. Section ignored.
### mwldeppc.exe Linker Warning:
#   Section '.ignored' is unknown. Section ignored.
### mwldeppc.exe Linker Warning:
#   Section '.ignored' is unknown. Section ignored.
### mwldeppc.exe Linker Warning:
#   Section '.ignored' is unknown. Section ignored.
### mwldeppc.exe Linker Warning:
#   Section '.ignored' is unknown. Section ignored.
### mwldeppc.exe Linker Warning:
#   Section '.ignored' is unknown. Section ignored.
### mwldeppc.exe Linker Warning:
#   Section '.ignored' is unknown. Section ignored.
### mwldeppc.exe Linker Warning:
#   Section '.ignored' is unknown. Section ignored.
### mwldeppc.exe Linker Warning:
#   Section '.ignored' is unknown. Section ignored.
### mwldeppc.exe Linker Warning:
#   Section '.ignored' is unknown. Section ignored.
### mwldeppc.exe Linker Warning:
#   Section '.ignored' is unknown. Section ignored.
### mwldeppc.exe Linker Warning:
#   Section '.ignored' is unknown. Section ignored.
### mwldeppc.exe Linker Warning:
#   Section '.ignored' is unknown. Section ignored.
### mwldeppc.exe Linker Warning:
#   Section '.ignored' is unknown. Section ignored.
### mwldeppc.exe Linker Warning:
#   Section '.ignored' is unknown. Section ignored.
### mwldeppc.exe Linker Warning:
#   Section '.ignored' is unknown. Section ignored.
### mwldeppc.exe Linker Warning:
#   Section '.ignored' is unknown. Section ignored.
### mwldeppc.exe Linker Warning:
#   Section '.ignored' is unknown. Section ignored.
### mwldeppc.exe Linker Warning:
#   Section '.ignored' is unknown. Section ignored.
### mwldeppc.exe Linker Warning:
#   Section '.ignored' is unknown. Section ignored.
### mwldeppc.exe Linker Warning:
#   Section '.ignored' is unknown. Section ignored.
### mwldeppc.exe Linker Warning:
#   Section '.ignored' is unknown. Section ignored.
### mwldeppc.exe Linker Warning:
#   Section '.ignored' is unknown. Section ignored.
### mwldeppc.exe Linker Warning:
#   Section '.ignored' is unknown. Section ignored.
### mwldeppc.exe Linker Warning:
#   Section '.ignored' is unknown. Section ignored.
### mwldeppc.exe Linker Warning:
#   Section '.ignored' is unknown. Section ignored.
### mwldeppc.exe Linker Warning:
#   Section '.ignored' is unknown. Section ignored.
### mwldeppc.exe Linker Warning:
#   Section '.ignored' is unknown. Section ignored.
### mwldeppc.exe Linker Warning:
#   Section '.ignored' is unknown. Section ignored.
### mwldeppc.exe Linker Warning:
#   Section '.ignored' is unknown. Section ignored.
### mwldeppc.exe Linker Warning:
#   Section '.ignored' is unknown. Section ignored.
### mwldeppc.exe Linker Warning:
#   Section '.ignored' is unknown. Section ignored.
### mwldeppc.exe Linker Warning:
#   Section '.ignored' is unknown. Section ignored.
### mwldeppc.exe Linker Warning:
#   Section '.ignored' is unknown. Section ignored.
### mwldeppc.exe Linker Warning:
#   Section '.ignored' is unknown. Section ignored.
### mwldeppc.exe Linker Warning:
#   Section '.ignored' is unknown. Section ignored.
### mwldeppc.exe Linker Warning:
#   Section '.ignored' is unknown. Section ignored.
### mwldeppc.exe Linker Warning:
#   Section '.ignored' is unknown. Section ignored.
### mwldeppc.exe Linker Warning:
#   Section '.ignored' is unknown. Section ignored.
### mwldeppc.exe Linker Warning:
#   Section '.ignored' is unknown. Section ignored.
### mwldeppc.exe Linker Warning:
#   Section '.ignored' is unknown. Section ignored.
### mwldeppc.exe Linker Warning:
#   Section '.ignored' is unknown. Section ignored.
### mwldeppc.exe Linker Warning:
#   Section '.ignored' is unknown. Section ignored.
### mwldeppc.exe Linker Warning:
#   Section '.ignored' is unknown. Section ignored.
### mwldeppc.exe Linker Warning:
#   Section '.ignored' is unknown. Section ignored.
### mwldeppc.exe Linker Warning:
#   Section '.ignored' is unknown. Section ignored.
### mwldeppc.exe Linker Warning:
#   Section '.ignored' is unknown. Section ignored.
### mwldeppc.exe Linker Warning:
#   Section '.ignored' is unknown. Section ignored.
### mwldeppc.exe Linker Warning:
#   Section '.ignored' is unknown. Section ignored.
### mwldeppc.exe Linker Warning:
#   Section '.ignored' is unknown. Section ignored.
### mwldeppc.exe Linker Warning:
#   Section '.ignored' is unknown. Section ignored.
### mwldeppc.exe Linker Warning:
#   Section '.ignored' is unknown. Section ignored.
### mwldeppc.exe Linker Warning:
#   Section '.ignored' is unknown. Section ignored.
### mwldeppc.exe Linker Warning:
#   Section '.ignored' is unknown. Section ignored.
### mwldeppc.exe Linker Warning:
#   Section '.ignored' is unknown. Section ignored.
### mwldeppc.exe Linker Warning:
#   Section '.ignored' is unknown. Section ignored.
### mwldeppc.exe Linker Warning:
#   Section '.ignored' is unknown. Section ignored.
### mwldeppc.exe Linker Warning:
#   Section '.ignored' is unknown. Section ignored.
### mwldeppc.exe Linker Warning:
#   Section '.ignored' is unknown. Section ignored.
### mwldeppc.exe Linker Warning:
#   Section '.ignored' is unknown. Section ignored.
### mwldeppc.exe Linker Warning:
#   Section '.ignored' is unknown. Section ignored.
### mwldeppc.exe Linker Warning:
#   Section '.ignored' is unknown. Section ignored.
### mwldeppc.exe Linker Warning:
#   Section '.ignored' is unknown. Section ignored.
### mwldeppc.exe Linker Warning:
#   Section '.ignored' is unknown. Section ignored.
### mwldeppc.exe Linker Warning:
#   Section '.ignored' is unknown. Section ignored.
### mwldeppc.exe Linker Warning:
#   Section '.ignored' is unknown. Section ignored.
### mwldeppc.exe Linker Warning:
#   Section '.ignored' is unknown. Section ignored.
### mwldeppc.exe Linker Warning:
#   Section '.ignored' is unknown. Section ignored.
### mwldeppc.exe Linker Warning:
#   Section '.ignored' is unknown. Section ignored.
### mwldeppc.exe Linker Warning:
#   Section '.ignored' is unknown. Section ignored.
### mwldeppc.exe Linker Warning:
#   Section '.ignored' is unknown. Section ignored.
### mwldeppc.exe Linker Warning:
#   Section '.ignored' is unknown. Section ignored.
### mwldeppc.exe Linker Warning:
#   Section '.ignored' is unknown. Section ignored.
### mwldeppc.exe Linker Warning:
#   Section '.ignored' is unknown. Section ignored.
### mwldeppc.exe Linker Warning:
#   Section '.ignored' is unknown. Section ignored.
### mwldeppc.exe Linker Warning:
#   Section '.ignored' is unknown. Section ignored.
### mwldeppc.exe Linker Warning:
#   Section '.ignored' is unknown. Section ignored.
### mwldeppc.exe Linker Warning:
#   Section '.ignored' is unknown. Section ignored.
### mwldeppc.exe Linker Warning:
#   Section '.ignored' is unknown. Section ignored.
### mwldeppc.exe Linker Warning:
#   Section '.ignored' is unknown. Section ignored.
### mwldeppc.exe Linker Warning:
#   Section '.ignored' is unknown. Section ignored.
### mwldeppc.exe Linker Warning:
#   Section '.ignored' is unknown. Section ignored.
### mwldeppc.exe Linker Warning:
#   Section '.ignored' is unknown. Section ignored.
### mwldeppc.exe Linker Warning:
#   Section '.ignored' is unknown. Section ignored.
### mwldeppc.exe Linker Warning:
#   Section '.ignored' is unknown. Section ignored.
### mwldeppc.exe Linker Warning:
#   Section '.ignored' is unknown. Section ignored.
### mwldeppc.exe Linker Warning:
#   Section '.ignored' is unknown. Section ignored.
### mwldeppc.exe Linker Warning:
#   Section '.ignored' is unknown. Section ignored.
### mwldeppc.exe Linker Warning:
#   Section '.ignored' is unknown. Section ignored.
### mwldeppc.exe Linker Warning:
#   Section '.ignored' is unknown. Section ignored.
### mwldeppc.exe Linker Warning:
#   Section '.ignored' is unknown. Section ignored.
### mwldeppc.exe Linker Warning:
#   Section '.ignored' is unknown. Section ignored.
### mwldeppc.exe Linker Warning:
#   Section '.ignored' is unknown. Section ignored.
### mwldeppc.exe Linker Warning:
#   Section '.ignored' is unknown. Section ignored.
### mwldeppc.exe Linker Warning:
#   Section '.ignored' is unknown. Section ignored.
### mwldeppc.exe Linker Warning:
#   Section '.ignored' is unknown. Section ignored.
### mwldeppc.exe Linker Warning:
#   Section '.ignored' is unknown. Section ignored.
### mwldeppc.exe Linker Warning:
#   Section '.ignored' is unknown. Section ignored.
### mwldeppc.exe Linker Warning:
#   Section '.ignored' is unknown. Section ignored.
### mwldeppc.exe Linker Warning:
#   Section '.ignored' is unknown. Section ignored.
### mwldeppc.exe Linker Warning:
#   Section '.ignored' is unknown. Section ignored.
### mwldeppc.exe Linker Warning:
#   Section '.ignored' is unknown. Section ignored.
### mwldeppc.exe Linker Warning:
#   Section '.ignored' is unknown. Section ignored.
### mwldeppc.exe Linker Warning:
#   Section '.ignored' is unknown. Section ignored.
### mwldeppc.exe Linker Warning:
#   Section '.ignored' is unknown. Section ignored.
### mwldeppc.exe Linker Warning:
#   Section '.ignored' is unknown. Section ignored.
### mwldeppc.exe Linker Warning:
#   Section '.ignored' is unknown. Section ignored.
### mwldeppc.exe Linker Warning:
#   Section '.ignored' is unknown. Section ignored.
### mwldeppc.exe Linker Warning:
#   Section '.ignored' is unknown. Section ignored.
### mwldeppc.exe Linker Warning:
#   Section '.ignored' is unknown. Section ignored.
### mwldeppc.exe Linker Warning:
#   Section '.ignored' is unknown. Section ignored.
### mwldeppc.exe Linker Warning:
#   Section '.ignored' is unknown. Section ignored.
### mwldeppc.exe Linker Warning:
#   Section '.ignored' is unknown. Section ignored.
### mwldeppc.exe Linker Warning:
#   Section '.ignored' is unknown. Section ignored.
### mwldeppc.exe Linker Warning:
#   Section '.ignored' is unknown. Section ignored.
### mwldeppc.exe Linker Warning:
#   Section '.ignored' is unknown. Section ignored.
### mwldeppc.exe Linker Warning:
#   Section '.ignored' is unknown. Section ignored.
### mwldeppc.exe Linker Warning:
#   Section '.ignored' is unknown. Section ignored.
### mwldeppc.exe Linker Warning:
#   Section '.ignored' is unknown. Section ignored.
### mwldeppc.exe Linker Warning:
#   Section '.ignored' is unknown. Section ignored.
### mwldeppc.exe Linker Warning:
#   Section '.ignored' is unknown. Section ignored.
### mwldeppc.exe Linker Warning:
#   Section '.ignored' is unknown. Section ignored.
### mwldeppc.exe Linker Warning:
#   Section '.ignored' is unknown. Section ignored.
### mwldeppc.exe Linker Warning:
#   Section '.ignored' is unknown. Section ignored.
### mwldeppc.exe Linker Warning:
#   Section '.ignored' is unknown. Section ignored.
### mwldeppc.exe Linker Warning:
#   Section '.ignored' is unknown. Section ignored.
### mwldeppc.exe Linker Warning:
#   Section '.ignored' is unknown. Section ignored.
### mwldeppc.exe Linker Warning:
#   Section '.ignored' is unknown. Section ignored.
### mwldeppc.exe Linker Warning:
#   Section '.ignored' is unknown. Section ignored.
### mwldeppc.exe Linker Warning:
#   Section '.ignored' is unknown. Section ignored.
### mwldeppc.exe Linker Warning:
#   Section '.ignored' is unknown. Section ignored.
### mwldeppc.exe Linker Warning:
#   Section '.ignored' is unknown. Section ignored.
### mwldeppc.exe Linker Warning:
#   Section '.ignored' is unknown. Section ignored.
### mwldeppc.exe Linker Warning:
#   Section '.ignored' is unknown. Section ignored.
### mwldeppc.exe Linker Warning:
#   Section '.ignored' is unknown. Section ignored.
### mwldeppc.exe Linker Warning:
#   Section '.ignored' is unknown. Section ignored.
### mwldeppc.exe Linker Warning:
#   Section '.ignored' is unknown. Section ignored.
### mwldeppc.exe Linker Warning:
#   Section '.ignored' is unknown. Section ignored.
### mwldeppc.exe Linker Warning:
#   Section '.ignored' is unknown. Section ignored.
### mwldeppc.exe Linker Warning:
#   Section '.ignored' is unknown. Section ignored.
### mwldeppc.exe Linker Warning:
#   Section '.ignored' is unknown. Section ignored.
### mwldeppc.exe Linker Warning:
#   Section '.ignored' is unknown. Section ignored.
### mwldeppc.exe Linker Warning:
#   Section '.ignored' is unknown. Section ignored.
### mwldeppc.exe Linker Warning:
#   Section '.ignored' is unknown. Section ignored.
### mwldeppc.exe Linker Warning:
#   Section '.ignored' is unknown. Section ignored.
### mwldeppc.exe Linker Warning:
#   Section '.ignored' is unknown. Section ignored.
### mwldeppc.exe Linker Warning:
#   Section '.ignored' is unknown. Section ignored.
### mwldeppc.exe Linker Warning:
#   Section '.ignored' is unknown. Section ignored.
### mwldeppc.exe Linker Warning:
#   Section '.ignored' is unknown. Section ignored.
### mwldeppc.exe Linker Warning:
#   Section '.ignored' is unknown. Section ignored.
### mwldeppc.exe Linker Warning:
#   Section '.ignored' is unknown. Section ignored.
### mwldeppc.exe Linker Warning:
#   Section '.ignored' is unknown. Section ignored.
### mwldeppc.exe Linker Warning:
#   Section '.ignored' is unknown. Section ignored.
### mwldeppc.exe Linker Warning:
#   Section '.ignored' is unknown. Section ignored.
### mwldeppc.exe Linker Warning:
#   Section '.ignored' is unknown. Section ignored.
### mwldeppc.exe Linker Warning:
#   Section '.ignored' is unknown. Section ignored.
### mwldeppc.exe Linker Warning:
#   Section '.ignored' is unknown. Section ignored.
### mwldeppc.exe Linker Warning:
#   Section '.ignored' is unknown. Section ignored.
### mwldeppc.exe Linker Warning:
#   Section '.ignored' is unknown. Section ignored.
### mwldeppc.exe Linker Warning:
#   Section '.ignored' is unknown. Section ignored.
### mwldeppc.exe Linker Warning:
#   Section '.ignored' is unknown. Section ignored.
### mwldeppc.exe Linker Warning:
#   Section '.ignored' is unknown. Section ignored.
### mwldeppc.exe Linker Warning:
#   Section '.ignored' is unknown. Section ignored.
### mwldeppc.exe Linker Warning:
#   Section '.ignored' is unknown. Section ignored.
### mwldeppc.exe Linker Warning:
#   Section '.ignored' is unknown. Section ignored.
### mwldeppc.exe Linker Warning:
#   Section '.ignored' is unknown. Section ignored.
### mwldeppc.exe Linker Warning:
#   Section '.ignored' is unknown. Section ignored.
### mwldeppc.exe Linker Warning:
#   Section '.ignored' is unknown. Section ignored.
### mwldeppc.exe Linker Warning:
#   Section '.ignored' is unknown. Section ignored.
### mwldeppc.exe Linker Warning:
#   Section '.ignored' is unknown. Section ignored.
### mwldeppc.exe Linker Warning:
#   Section '.ignored' is unknown. Section ignored.
### mwldeppc.exe Linker Warning:
#   Section '.ignored' is unknown. Section ignored.
### mwldeppc.exe Linker Warning:
#   Section '.ignored' is unknown. Section ignored.
### mwldeppc.exe Linker Warning:
#   Section '.ignored' is unknown. Section ignored.
### mwldeppc.exe Linker Warning:
#   Section '.ignored' is unknown. Section ignored.
### mwldeppc.exe Linker Warning:
#   Section '.ignored' is unknown. Section ignored.
### mwldeppc.exe Linker Warning:
#   Section '.ignored' is unknown. Section ignored.
### mwldeppc.exe Linker Warning:
#   Section '.ignored' is unknown. Section ignored.
### mwldeppc.exe Linker Warning:
#   Section '.ignored' is unknown. Section ignored.
### mwldeppc.exe Linker Warning:
#   Section '.ignored' is unknown. Section ignored.
### mwldeppc.exe Linker Warning:
#   Section '.ignored' is unknown. Section ignored.
### mwldeppc.exe Linker Warning:
#   Section '.ignored' is unknown. Section ignored.
### mwldeppc.exe Linker Warning:
#   Section '.ignored' is unknown. Section ignored.
### mwldeppc.exe Linker Warning:
#   Section '.ignored' is unknown. Section ignored.
### mwldeppc.exe Linker Warning:
#   Section '.ignored' is unknown. Section ignored.
### mwldeppc.exe Linker Warning:
#   Section '.ignored' is unknown. Section ignored.
### mwldeppc.exe Linker Warning:
#   Section '.ignored' is unknown. Section ignored.
### mwldeppc.exe Linker Warning:
#   Section '.ignored' is unknown. Section ignored.
### mwldeppc.exe Linker Warning:
#   Section '.ignored' is unknown. Section ignored.
### mwldeppc.exe Linker Warning:
#   Section '.ignored' is unknown. Section ignored.
### mwldeppc.exe Linker Warning:
#   Section '.ignored' is unknown. Section ignored.
### mwldeppc.exe Linker Warning:
#   Section '.ignored' is unknown. Section ignored.
### mwldeppc.exe Linker Warning:
#   Section '.ignored' is unknown. Section ignored.
### mwldeppc.exe Linker Warning:
#   Section '.ignored' is unknown. Section ignored.
### mwldeppc.exe Linker Warning:
#   Section '.ignored' is unknown. Section ignored.
### mwldeppc.exe Linker Warning:
#   Section '.ignored' is unknown. Section ignored.
### mwldeppc.exe Linker Warning:
#   Section '.ignored' is unknown. Section ignored.
### mwldeppc.exe Linker Warning:
#   Section '.ignored' is unknown. Section ignored.
### mwldeppc.exe Linker Warning:
#   Section '.ignored' is unknown. Section ignored.
### mwldeppc.exe Linker Warning:
#   Section '.ignored' is unknown. Section ignored.
### mwldeppc.exe Linker Warning:
#   Section '.ignored' is unknown. Section ignored.
### mwldeppc.exe Linker Warning:
#   Section '.ignored' is unknown. Section ignored.
### mwldeppc.exe Linker Warning:
#   Section '.ignored' is unknown. Section ignored.
### mwldeppc.exe Linker Warning:
#   Section '.ignored' is unknown. Section ignored.
### mwldeppc.exe Linker Warning:
#   Section '.ignored' is unknown. Section ignored.
### mwldeppc.exe Linker Warning:
#   Section '.ignored' is unknown. Section ignored.
### mwldeppc.exe Linker Warning:
#   Section '.ignored' is unknown. Section ignored.
### mwldeppc.exe Linker Warning:
#   Section '.ignored' is unknown. Section ignored.
### mwldeppc.exe Linker Warning:
#   Section '.ignored' is unknown. Section ignored.
### mwldeppc.exe Linker Warning:
#   Section '.ignored' is unknown. Section ignored.
### mwldeppc.exe Linker Warning:
#   Section '.ignored' is unknown. Section ignored.
### mwldeppc.exe Linker Warning:
#   Section '.ignored' is unknown. Section ignored.
### mwldeppc.exe Linker Warning:
#   Section '.ignored' is unknown. Section ignored.
### mwldeppc.exe Linker Warning:
#   Section '.ignored' is unknown. Section ignored.
### mwldeppc.exe Linker Warning:
#   Section '.ignored' is unknown. Section ignored.
### mwldeppc.exe Linker Warning:
#   Section '.ignored' is unknown. Section ignored.
### mwldeppc.exe Linker Warning:
#   Section '.ignored' is unknown. Section ignored.
### mwldeppc.exe Linker Warning:
#   Section '.ignored' is unknown. Section ignored.
### mwldeppc.exe Linker Warning:
#   Section '.ignored' is unknown. Section ignored.
### mwldeppc.exe Linker Warning:
#   Section '.ignored' is unknown. Section ignored.
### mwldeppc.exe Linker Warning:
#   Section '.ignored' is unknown. Section ignored.
### mwldeppc.exe Linker Warning:
#   Section '.ignored' is unknown. Section ignored.
### mwldeppc.exe Linker Warning:
#   Section '.ignored' is unknown. Section ignored.
### mwldeppc.exe Linker Warning:
#   Section '.ignored' is unknown. Section ignored.
### mwldeppc.exe Linker Warning:
#   Section '.ignored' is unknown. Section ignored.
### mwldeppc.exe Linker Warning:
#   Section '.ignored' is unknown. Section ignored.
### mwldeppc.exe Linker Warning:
#   Section '.ignored' is unknown. Section ignored.
### mwldeppc.exe Linker Warning:
#   Section '.ignored' is unknown. Section ignored.
### mwldeppc.exe Linker Warning:
#   Section '.ignored' is unknown. Section ignored.
### mwldeppc.exe Linker Warning:
#   Section '.ignored' is unknown. Section ignored.
### mwldeppc.exe Linker Warning:
#   Section '.ignored' is unknown. Section ignored.
### mwldeppc.exe Linker Warning:
#   Section '.ignored' is unknown. Section ignored.
### mwldeppc.exe Linker Warning:
#   Section '.ignored' is unknown. Section ignored.
### mwldeppc.exe Linker Warning:
#   Section '.ignored' is unknown. Section ignored.
### mwldeppc.exe Linker Warning:
#   Section '.ignored' is unknown. Section ignored.
### mwldeppc.exe Linker Warning:
#   Section '.ignored' is unknown. Section ignored.
### mwldeppc.exe Linker Warning:
#   Section '.ignored' is unknown. Section ignored.
### mwldeppc.exe Linker Warning:
#   Section '.ignored' is unknown. Section ignored.
### mwldeppc.exe Linker Warning:
#   Section '.ignored' is unknown. Section ignored.
[546/549] DOL build/GEDE01/main.dol
[547/549] CHECK config/GEDE01/build.sha1
build/GEDE01/main.dol: OK
[548/549] PROGRESS
Progress:
  All: 40.25% fuzzy, 26.44% matched, 26.44% linked (4104 / 5643 files)
    Code: 608272 / 2300692 bytes (3869 / 8216 functions)
    Data: 34626 / 4305642 bytes (0.80%)
  Game Code: 90.72% fuzzy, 59.49% matched, 59.49% linked (4086 / 4919 files)
    Code: 605244 / 1017408 bytes (3807 / 4640 functions)
    Data: 34402 / 35510 bytes (96.88%)
  SDK/Runtime: 100.00% fuzzy, 100.00% matched, 100.00% linked (18 / 18 files)
    Code: 3028 / 3028 bytes (62 / 62 functions)
    Data: 224 / 224 bytes (100.00%)
