[1/2] SPLIT config/GEDE01/config.yml
 INFO Loading config/GEDE01/config.yml
 INFO Loading and analyzing 1 module (using 1 thread)
 INFO Initial analysis completed in 0.653s (found 8216 functions)
 INFO Rebuilding relocations and splitting
 WARN module{name=main id=0}: Alignment for game/game_fn_80050A7C.c .rodata expected 8, but starts at 6:0x80238F04
 WARN module{name=main id=0}: Alignment for game/game_fn_80057E3C.c .rodata expected 8, but starts at 6:0x80238FBC
 WARN module{name=main id=0}: Alignment for game/game_data_80239044.c .rodata expected 8, but starts at 6:0x80239044
 WARN module{name=main id=0}: Alignment for game/game_data_80239054.c .rodata expected 8, but starts at 6:0x80239054
 WARN module{name=main id=0}: Alignment for game/game_data_8023906C.c .rodata expected 8, but starts at 6:0x8023906C
 WARN module{name=main id=0}: Alignment for game/game_data_80239084.c .rodata expected 8, but starts at 6:0x80239084
 WARN module{name=main id=0}: Alignment for game/game_data_802390B4.c .rodata expected 8, but starts at 6:0x802390B4
 WARN module{name=main id=0}: Alignment for game/game_data_802390D4.c .rodata expected 8, but starts at 6:0x802390D4
 WARN module{name=main id=0}: Alignment for game/game_data_802390EC.c .rodata expected 8, but starts at 6:0x802390EC
 WARN module{name=main id=0}: Alignment for game/game_data_80239194.c .rodata expected 8, but starts at 6:0x80239194
 WARN module{name=main id=0}: Alignment for game/game_data_802391C4.c .rodata expected 8, but starts at 6:0x802391C4
 WARN module{name=main id=0}: Alignment for game/game_data_802393CC.c .rodata expected 8, but starts at 6:0x802393CC
 WARN module{name=main id=0}: Alignment for game/game_data_802393E4.c .rodata expected 8, but starts at 6:0x802393E4
 WARN module{name=main id=0}: Alignment for game/game_data_802393FC.c .rodata expected 8, but starts at 6:0x802393FC
 WARN module{name=main id=0}: Alignment for game/game_data_80239414.c .rodata expected 8, but starts at 6:0x80239414
 WARN module{name=main id=0}: Alignment for game/game_data_8023945C.c .rodata expected 8, but starts at 6:0x8023945C
 WARN module{name=main id=0}: Alignment for game/game_data_8023953C.c .rodata expected 8, but starts at 6:0x8023953C
 WARN module{name=main id=0}: Alignment for game/game_data_80239554.c .rodata expected 8, but starts at 6:0x80239554
 WARN module{name=main id=0}: Alignment for game/game_data_8023963C.c .rodata expected 8, but starts at 6:0x8023963C
 WARN module{name=main id=0}: Alignment for game/game_data_80239654.c .rodata expected 8, but starts at 6:0x80239654
 WARN module{name=main id=0}: Alignment for game/game_data_8023966C.c .rodata expected 8, but starts at 6:0x8023966C
 WARN module{name=main id=0}: Alignment for game/game_data_80239694.c .rodata expected 8, but starts at 6:0x80239694
 WARN module{name=main id=0}: Alignment for game/game_data_802396BC.c .rodata expected 8, but starts at 6:0x802396BC
 WARN module{name=main id=0}: Alignment for game/game_data_802396D4.c .rodata expected 8, but starts at 6:0x802396D4
 WARN module{name=main id=0}: Alignment for game/game_data_8023972C.c .rodata expected 8, but starts at 6:0x8023972C
 WARN module{name=main id=0}: Alignment for game/game_data_8023975C.c .rodata expected 8, but starts at 6:0x8023975C
 WARN module{name=main id=0}: Alignment for game/game_data_8023979C.c .rodata expected 8, but starts at 6:0x8023979C
 WARN module{name=main id=0}: Alignment for game/game_data_802397BC.c .rodata expected 8, but starts at 6:0x802397BC
 WARN module{name=main id=0}: Alignment for game/game_data_8023980C.c .rodata expected 8, but starts at 6:0x8023980C
 WARN module{name=main id=0}: Alignment for game/game_data_80239824.c .rodata expected 8, but starts at 6:0x80239824
 WARN module{name=main id=0}: Alignment for game/game_data_8023983C.c .rodata expected 8, but starts at 6:0x8023983C
 WARN module{name=main id=0}: Alignment for game/game_data_80239854.c .rodata expected 8, but starts at 6:0x80239854
 WARN module{name=main id=0}: Alignment for game/game_data_8023986C.c .rodata expected 8, but starts at 6:0x8023986C
 WARN module{name=main id=0}: Alignment for game/game_data_80239884.c .rodata expected 8, but starts at 6:0x80239884
 WARN module{name=main id=0}: Alignment for game/game_data_8023989C.c .rodata expected 8, but starts at 6:0x8023989C
 WARN module{name=main id=0}: Alignment for game/game_data_802398EC.c .rodata expected 8, but starts at 6:0x802398EC
 WARN module{name=main id=0}: Alignment for game/game_data_80239934.c .rodata expected 8, but starts at 6:0x80239934
 WARN module{name=main id=0}: Alignment for game/game_data_8023994C.c .rodata expected 8, but starts at 6:0x8023994C
 WARN module{name=main id=0}: Alignment for game/game_data_80239B24.c .rodata expected 8, but starts at 6:0x80239B24
 WARN module{name=main id=0}: Alignment for game/game_data_80239B74.c .rodata expected 8, but starts at 6:0x80239B74
 WARN module{name=main id=0}: Alignment for game/game_data_80239B8C.c .rodata expected 8, but starts at 6:0x80239B8C
 WARN module{name=main id=0}: Alignment for game/game_data_80239CAC.c .rodata expected 8, but starts at 6:0x80239CAC
 WARN module{name=main id=0}: Alignment for game/game_data_8023A2A4.c .rodata expected 8, but starts at 6:0x8023A2A4
 WARN module{name=main id=0}: Alignment for game/game_data_8023A414.c .rodata expected 8, but starts at 6:0x8023A414
 WARN module{name=main id=0}: Alignment for game/game_data_8023A444.c .rodata expected 8, but starts at 6:0x8023A444
 WARN module{name=main id=0}: Alignment for game/game_data_8023A63C.c .rodata expected 8, but starts at 6:0x8023A63C
 WARN module{name=main id=0}: Alignment for game/game_data_8023A69C.c .rodata expected 8, but starts at 6:0x8023A69C
 WARN module{name=main id=0}: Alignment for game/game_data_8023A6F4.c .rodata expected 8, but starts at 6:0x8023A6F4
 WARN module{name=main id=0}: Alignment for game/game_data_8023A70C.c .rodata expected 8, but starts at 6:0x8023A70C
 WARN module{name=main id=0}: Alignment for game/game_data_8023A744.c .rodata expected 8, but starts at 6:0x8023A744
 WARN module{name=main id=0}: Alignment for game/game_data_8023A76C.c .rodata expected 8, but starts at 6:0x8023A76C
 WARN module{name=main id=0}: Alignment for game/game_data_8023A994.c .rodata expected 8, but starts at 6:0x8023A994
 WARN module{name=main id=0}: Alignment for game/game_data_8023B044.c .rodata expected 8, but starts at 6:0x8023B044
 WARN module{name=main id=0}: Alignment for game/game_data_8023B05C.c .rodata expected 8, but starts at 6:0x8023B05C
 WARN module{name=main id=0}: Alignment for game/game_data_8023B094.c .rodata expected 8, but starts at 6:0x8023B094
 WARN module{name=main id=0}: Alignment for game/game_data_8023B564.c .rodata expected 8, but starts at 6:0x8023B564
 WARN module{name=main id=0}: Alignment for game/game_data_8023B5B4.c .rodata expected 8, but starts at 6:0x8023B5B4
 WARN module{name=main id=0}: Alignment for game/game_data_8023B78C.c .rodata expected 8, but starts at 6:0x8023B78C
 WARN module{name=main id=0}: Alignment for game/game_data_8023B7B4.c .rodata expected 8, but starts at 6:0x8023B7B4
 WARN module{name=main id=0}: Alignment for game/game_data_8023B7CC.c .rodata expected 8, but starts at 6:0x8023B7CC
 WARN module{name=main id=0}: Alignment for game/game_data_8023B7E4.c .rodata expected 8, but starts at 6:0x8023B7E4
 WARN module{name=main id=0}: Alignment for game/game_data_8023B7FC.c .rodata expected 8, but starts at 6:0x8023B7FC
 WARN module{name=main id=0}: Alignment for game/game_data_8023B814.c .rodata expected 8, but starts at 6:0x8023B814
 WARN module{name=main id=0}: Alignment for game/game_fn_80008014.c .data expected 8, but starts at 7:0x8023BEBC
 WARN module{name=main id=0}: Alignment for game/game_fn_8000EE9C.c .data expected 8, but starts at 7:0x8023C264
 WARN module{name=main id=0}: Alignment for game/game_fn_8000EFC4.c .data expected 8, but starts at 7:0x8023C344
 WARN module{name=main id=0}: Alignment for game/game_fn_800122F8.c .data expected 8, but starts at 7:0x8023CA4C
 WARN module{name=main id=0}: Alignment for game/game_fn_80015568.c .data expected 8, but starts at 7:0x8023CAEC
 WARN module{name=main id=0}: Alignment for game/game_fn_80015BE0.c .data expected 8, but starts at 7:0x8023CB0C
 WARN module{name=main id=0}: Alignment for game/game_fn_80015D40.c .data expected 8, but starts at 7:0x8023CB2C
 WARN module{name=main id=0}: Alignment for game/game_fn_8001C078.c .data expected 8, but starts at 7:0x8023CD54
 WARN module{name=main id=0}: Alignment for game/game_fn_8001CC00.c .data expected 8, but starts at 7:0x8023CDFC
 WARN module{name=main id=0}: Alignment for game/game_fn_8001CE14.c .data expected 8, but starts at 7:0x8023CE54
 WARN module{name=main id=0}: Alignment for game/game_fn_8001D3F8.c .data expected 8, but starts at 7:0x8023CF6C
 WARN module{name=main id=0}: Alignment for game/game_fn_8001D4C4.c .data expected 8, but starts at 7:0x8023CF7C
 WARN module{name=main id=0}: Alignment for game/game_data_8023D77C.c .data expected 8, but starts at 7:0x8023D77C
 WARN module{name=main id=0}: Alignment for game/game_data_8023D884.c .data expected 8, but starts at 7:0x8023D884
 WARN module{name=main id=0}: Alignment for game/game_fn_8001E644.c .data expected 8, but starts at 7:0x8023D8D4
 WARN module{name=main id=0}: Alignment for game/game_data_8023DA2C.c .data expected 8, but starts at 7:0x8023DA2C
 WARN module{name=main id=0}: Alignment for game/game_data_8023DAB4.c .data expected 8, but starts at 7:0x8023DAB4
 WARN module{name=main id=0}: Alignment for game/game_data_8023DD84.c .data expected 8, but starts at 7:0x8023DD84
 WARN module{name=main id=0}: Alignment for game/game_data_8023DFAC.c .data expected 8, but starts at 7:0x8023DFAC
 WARN module{name=main id=0}: Alignment for game/game_data_8023E154.c .data expected 8, but starts at 7:0x8023E154
 WARN module{name=main id=0}: Alignment for game/game_fn_80028E88.c .data expected 8, but starts at 7:0x8023E31C
 WARN module{name=main id=0}: Alignment for game/game_data_8023E388.c .data expected 8, but starts at 7:0x8023E384
 WARN module{name=main id=0}: Alignment for game/game_data_8023E410.c .data expected 8, but starts at 7:0x8023E40C
 WARN module{name=main id=0}: Alignment for game/game_fn_80037AF4.c .data expected 8, but starts at 7:0x8023E674
 WARN module{name=main id=0}: Alignment for game/game_data_8023ECBC.c .data expected 8, but starts at 7:0x8023ECBC
 WARN module{name=main id=0}: Alignment for game/game_data_8023EE94.c .data expected 8, but starts at 7:0x8023EE94
 WARN module{name=main id=0}: Alignment for game/game_data_8023EEE4.c .data expected 8, but starts at 7:0x8023EEE4
 WARN module{name=main id=0}: Alignment for game/game_data_8023EF34.c .data expected 8, but starts at 7:0x8023EF34
 WARN module{name=main id=0}: Alignment for game/game_data_8023EF84.c .data expected 8, but starts at 7:0x8023EF84
 WARN module{name=main id=0}: Alignment for game/game_data_8023F204.c .data expected 8, but starts at 7:0x8023F204
 WARN module{name=main id=0}: Alignment for game/game_data_8023F49C.c .data expected 8, but starts at 7:0x8023F49C
 WARN module{name=main id=0}: Alignment for game/game_data_8023F6AC.c .data expected 8, but starts at 7:0x8023F6AC
 WARN module{name=main id=0}: Alignment for game/game_data_8023F7C4.c .data expected 8, but starts at 7:0x8023F7C4
 WARN module{name=main id=0}: Alignment for game/game_data_8023F904.c .data expected 8, but starts at 7:0x8023F904
 WARN module{name=main id=0}: Alignment for game/game_data_8023FA44.c .data expected 8, but starts at 7:0x8023FA44
 WARN module{name=main id=0}: Alignment for game/game_data_8023FE1C.c .data expected 8, but starts at 7:0x8023FE1C
 WARN module{name=main id=0}: Alignment for game/game_data_8023FF7C.c .data expected 8, but starts at 7:0x8023FF7C
 WARN module{name=main id=0}: Alignment for game/game_data_802400DC.c .data expected 8, but starts at 7:0x802400DC
 WARN module{name=main id=0}: Alignment for game/game_data_8024023C.c .data expected 8, but starts at 7:0x8024023C
 WARN module{name=main id=0}: Alignment for game/game_data_8024039C.c .data expected 8, but starts at 7:0x8024039C
 WARN module{name=main id=0}: Alignment for game/game_data_802404FC.c .data expected 8, but starts at 7:0x802404FC
 WARN module{name=main id=0}: Alignment for game/game_fn_80050730.c .data expected 8, but starts at 7:0x80240F94
 WARN module{name=main id=0}: Alignment for game/game_fn_8005EE9C.c .data expected 8, but starts at 7:0x80243D64
 WARN module{name=main id=0}: Alignment for game/game_fn_8005EF94.c .data expected 8, but starts at 7:0x80243D84
 WARN module{name=main id=0}: Alignment for game/game_fn_8006B620.c .data expected 8, but starts at 7:0x8024406C
 WARN module{name=main id=0}: Alignment for game/game_fn_8006F6A4.c .data expected 8, but starts at 7:0x80244394
 WARN module{name=main id=0}: Alignment for game/game_fn_800A1060.c .data expected 8, but starts at 7:0x80245634
 WARN module{name=main id=0}: Alignment for game/game_fn_800A1580.c .data expected 8, but starts at 7:0x802456D4
 WARN module{name=main id=0}: Alignment for game/game_fn_800B5F78.c .data expected 8, but starts at 7:0x8024759C
 WARN module{name=main id=0}: Alignment for game/game_fn_800B611C.c .data expected 8, but starts at 7:0x8024760C
 WARN module{name=main id=0}: Alignment for game/game_fn_800B6234.c .data expected 8, but starts at 7:0x80247674
 WARN module{name=main id=0}: Alignment for game/game_fn_800B64AC.c .data expected 8, but starts at 7:0x802476DC
 WARN module{name=main id=0}: Alignment for game/game_fn_800B6C00.c .data expected 8, but starts at 7:0x80247754
 WARN module{name=main id=0}: Alignment for game/game_fn_800B6C88.c .data expected 8, but starts at 7:0x80247784
 WARN module{name=main id=0}: Alignment for game/game_fn_800B6D10.c .data expected 8, but starts at 7:0x802477B4
 WARN module{name=main id=0}: Alignment for game/game_fn_801697AC.c .data expected 8, but starts at 7:0x8024FD9C
 WARN module{name=main id=0}: Alignment for game/game_fn_8017B4F4.c .data expected 8, but starts at 7:0x80250F44
 WARN module{name=main id=0}: Alignment for game/game_data_80060C28.c .sdata2 expected 8, but starts at 11:0x8064E5F4
 INFO Splitting completed in 1.982s (wrote 5621 objects)
 INFO Total time: 2.640s
[2/2] RUN configure.py
[1/548] MWCC build/GEDE01/src/game/game_fn_8000AC88.o
### mwcceppc.exe Usage Warning:
#   Specified directory 'include' not found
[2/548] MWCC build/GEDE01/src/game/game_fn_800098C0.o
### mwcceppc.exe Usage Warning:
#   Specified directory 'include' not found
[3/548] MWCC build/GEDE01/src/game/game_fn_800094C0.o
### mwcceppc.exe Usage Warning:
#   Specified directory 'include' not found
[4/548] MWCC build/GEDE01/src/game/game_fn_8000AEB4.o
### mwcceppc.exe Usage Warning:
#   Specified directory 'include' not found
[5/548] MWCC build/GEDE01/src/game/game_fn_80009AB4.o
### mwcceppc.exe Usage Warning:
#   Specified directory 'include' not found
[6/548] MWCC build/GEDE01/src/game/game_fn_800096E0.o
### mwcceppc.exe Usage Warning:
#   Specified directory 'include' not found
[7/548] MWCC build/GEDE01/src/game/game_fn_8000AFB4.o
### mwcceppc.exe Usage Warning:
#   Specified directory 'include' not found
[8/548] MWCC build/GEDE01/src/game/game_fn_8000B1B8.o
### mwcceppc.exe Usage Warning:
#   Specified directory 'include' not found
[9/548] MWCC build/GEDE01/src/game/game_fn_8000A26C.o
### mwcceppc.exe Usage Warning:
#   Specified directory 'include' not found
[10/548] MWCC build/GEDE01/src/game/game_fn_800099D8.o
### mwcceppc.exe Usage Warning:
#   Specified directory 'include' not found
[11/548] MWCC build/GEDE01/src/game/game_fn_8000B630.o
### mwcceppc.exe Usage Warning:
#   Specified directory 'include' not found
[12/548] MWCC build/GEDE01/src/game/game_fn_8000B900.o
### mwcceppc.exe Usage Warning:
#   Specified directory 'include' not found
[13/548] MWCC build/GEDE01/src/game/game_fn_8000B7FC.o
### mwcceppc.exe Usage Warning:
#   Specified directory 'include' not found
[14/548] MWCC build/GEDE01/src/game/game_fn_8000B36C.o
### mwcceppc.exe Usage Warning:
#   Specified directory 'include' not found
[15/548] MWCC build/GEDE01/src/game/game_fn_8000BC40.o
### mwcceppc.exe Usage Warning:
#   Specified directory 'include' not found
[16/548] MWCC build/GEDE01/src/game/game_fn_8000BAA0.o
### mwcceppc.exe Usage Warning:
#   Specified directory 'include' not found
[17/548] MWCC build/GEDE01/src/game/game_fn_8000C06C.o
### mwcceppc.exe Usage Warning:
#   Specified directory 'include' not found
[18/548] MWCC build/GEDE01/src/game/game_fn_8000BA0C.o
### mwcceppc.exe Usage Warning:
#   Specified directory 'include' not found
[19/548] MWCC build/GEDE01/src/game/game_fn_8000C17C.o
### mwcceppc.exe Usage Warning:
#   Specified directory 'include' not found
[20/548] MWCC build/GEDE01/src/game/game_fn_8000C400.o
### mwcceppc.exe Usage Warning:
#   Specified directory 'include' not found
[21/548] MWCC build/GEDE01/src/game/game_fn_8000C848.o
### mwcceppc.exe Usage Warning:
#   Specified directory 'include' not found
[22/548] MWCC build/GEDE01/src/game/game_fn_8000D0BC.o
### mwcceppc.exe Usage Warning:
#   Specified directory 'include' not found
[23/548] MWCC build/GEDE01/src/game/game_fn_8000D3D4.o
### mwcceppc.exe Usage Warning:
#   Specified directory 'include' not found
[24/548] MWCC build/GEDE01/src/game/game_fn_8000D590.o
### mwcceppc.exe Usage Warning:
#   Specified directory 'include' not found
[25/548] MWCC build/GEDE01/src/game/game_fn_8000C91C.o
### mwcceppc.exe Usage Warning:
#   Specified directory 'include' not found
[26/548] MWCC build/GEDE01/src/game/game_fn_8000D8A4.o
### mwcceppc.exe Usage Warning:
#   Specified directory 'include' not found
[27/548] MWCC build/GEDE01/src/game/game_fn_8000E054.o
### mwcceppc.exe Usage Warning:
#   Specified directory 'include' not found
[28/548] MWCC build/GEDE01/src/game/game_fn_8000DA50.o
### mwcceppc.exe Usage Warning:
#   Specified directory 'include' not found
[29/548] MWCC build/GEDE01/src/game/game_fn_8000DAF4.o
### mwcceppc.exe Usage Warning:
#   Specified directory 'include' not found
[30/548] MWCC build/GEDE01/src/game/game_fn_8000E0AC.o
### mwcceppc.exe Usage Warning:
#   Specified directory 'include' not found
[31/548] MWCC build/GEDE01/src/game/game_fn_8000E1C4.o
### mwcceppc.exe Usage Warning:
#   Specified directory 'include' not found
[32/548] MWCC build/GEDE01/src/game/game_fn_8000EB14.o
### mwcceppc.exe Usage Warning:
#   Specified directory 'include' not found
[33/548] MWCC build/GEDE01/src/game/game_fn_8000EBD4.o
### mwcceppc.exe Usage Warning:
#   Specified directory 'include' not found
[34/548] MWCC build/GEDE01/src/game/game_fn_8000E138.o
### mwcceppc.exe Usage Warning:
#   Specified directory 'include' not found
[35/548] MWCC build/GEDE01/src/game/game_fn_8000ED44.o
### mwcceppc.exe Usage Warning:
#   Specified directory 'include' not found
[36/548] MWCC build/GEDE01/src/game/game_fn_8000EFC4.o
### mwcceppc.exe Usage Warning:
#   Specified directory 'include' not found
[37/548] MWCC build/GEDE01/src/game/game_fn_8000F4B0.o
### mwcceppc.exe Usage Warning:
#   Specified directory 'include' not found
[38/548] MWCC build/GEDE01/src/game/game_fn_8000FFD8.o
### mwcceppc.exe Usage Warning:
#   Specified directory 'include' not found
[39/548] MWCC build/GEDE01/src/game/game_fn_8000F774.o
### mwcceppc.exe Usage Warning:
#   Specified directory 'include' not found
[40/548] MWCC build/GEDE01/src/game/game_fn_8000E96C.o
### mwcceppc.exe Usage Warning:
#   Specified directory 'include' not found
[41/548] MWCC build/GEDE01/src/game/game_fn_800119FC.o
### mwcceppc.exe Usage Warning:
#   Specified directory 'include' not found
[42/548] MWCC build/GEDE01/src/game/game_fn_80012DA8.o
### mwcceppc.exe Usage Warning:
#   Specified directory 'include' not found
[43/548] MWCC build/GEDE01/src/game/game_fn_800131E8.o
### mwcceppc.exe Usage Warning:
#   Specified directory 'include' not found
[44/548] MWCC build/GEDE01/src/game/game_fn_80012F40.o
### mwcceppc.exe Usage Warning:
#   Specified directory 'include' not found
[45/548] MWCC build/GEDE01/src/game/game_fn_80013870.o
### mwcceppc.exe Usage Warning:
#   Specified directory 'include' not found
[46/548] MWCC build/GEDE01/src/game/game_fn_80013340.o
### mwcceppc.exe Usage Warning:
#   Specified directory 'include' not found
[47/548] MWCC build/GEDE01/src/game/game_fn_800142DC.o
### mwcceppc.exe Usage Warning:
#   Specified directory 'include' not found
[48/548] MWCC build/GEDE01/src/game/game_fn_80013CB0.o
### mwcceppc.exe Usage Warning:
#   Specified directory 'include' not found
[49/548] MWCC build/GEDE01/src/game/game_fn_80012FD0.o
### mwcceppc.exe Usage Warning:
#   Specified directory 'include' not found
[50/548] MWCC build/GEDE01/src/game/game_fn_80013D54.o
### mwcceppc.exe Usage Warning:
#   Specified directory 'include' not found
[51/548] MWCC build/GEDE01/src/game/game_fn_800144CC.o
### mwcceppc.exe Usage Warning:
#   Specified directory 'include' not found
[52/548] MWCC build/GEDE01/src/game/game_fn_800156FC.o
### mwcceppc.exe Usage Warning:
#   Specified directory 'include' not found
[53/548] MWCC build/GEDE01/src/game/game_fn_80014784.o
### mwcceppc.exe Usage Warning:
#   Specified directory 'include' not found
[54/548] MWCC build/GEDE01/src/game/game_fn_80015058.o
### mwcceppc.exe Usage Warning:
#   Specified directory 'include' not found
[55/548] MWCC build/GEDE01/src/game/game_fn_80015BE0.o
### mwcceppc.exe Usage Warning:
#   Specified directory 'include' not found
[56/548] MWCC build/GEDE01/src/game/game_fn_800149D4.o
### mwcceppc.exe Usage Warning:
#   Specified directory 'include' not found
[57/548] MWCC build/GEDE01/src/game/game_fn_80015568.o
### mwcceppc.exe Usage Warning:
#   Specified directory 'include' not found
[58/548] MWCC build/GEDE01/src/game/game_fn_80015320.o
### mwcceppc.exe Usage Warning:
#   Specified directory 'include' not found
[59/548] MWCC build/GEDE01/src/game/game_fn_80015D40.o
### mwcceppc.exe Usage Warning:
#   Specified directory 'include' not found
[60/548] MWCC build/GEDE01/src/game/game_fn_80015F04.o
### mwcceppc.exe Usage Warning:
#   Specified directory 'include' not found
[61/548] MWCC build/GEDE01/src/game/game_fn_80016128.o
### mwcceppc.exe Usage Warning:
#   Specified directory 'include' not found
[62/548] MWCC build/GEDE01/src/game/game_fn_80016270.o
### mwcceppc.exe Usage Warning:
#   Specified directory 'include' not found
[63/548] MWCC build/GEDE01/src/game/game_fn_800171C0.o
### mwcceppc.exe Usage Warning:
#   Specified directory 'include' not found
[64/548] MWCC build/GEDE01/src/game/game_fn_80016904.o
### mwcceppc.exe Usage Warning:
#   Specified directory 'include' not found
[65/548] MWCC build/GEDE01/src/game/game_fn_80017910.o
### mwcceppc.exe Usage Warning:
#   Specified directory 'include' not found
[66/548] MWCC build/GEDE01/src/game/game_fn_800173CC.o
### mwcceppc.exe Usage Warning:
#   Specified directory 'include' not found
[67/548] MWCC build/GEDE01/src/game/game_fn_800179AC.o
### mwcceppc.exe Usage Warning:
#   Specified directory 'include' not found
[68/548] MWCC build/GEDE01/src/game/game_fn_800176F0.o
### mwcceppc.exe Usage Warning:
#   Specified directory 'include' not found
[69/548] MWCC build/GEDE01/src/game/game_fn_80017A3C.o
### mwcceppc.exe Usage Warning:
#   Specified directory 'include' not found
[70/548] MWCC build/GEDE01/src/game/game_fn_80017AE4.o
### mwcceppc.exe Usage Warning:
#   Specified directory 'include' not found
[71/548] MWCC build/GEDE01/src/game/game_fn_80016B24.o
### mwcceppc.exe Usage Warning:
#   Specified directory 'include' not found
[72/548] MWCC build/GEDE01/src/game/game_fn_80017CC8.o
### mwcceppc.exe Usage Warning:
#   Specified directory 'include' not found
[73/548] MWCC build/GEDE01/src/game/game_fn_80017C3C.o
### mwcceppc.exe Usage Warning:
#   Specified directory 'include' not found
[74/548] MWCC build/GEDE01/src/game/game_fn_80018EF4.o
### mwcceppc.exe Usage Warning:
#   Specified directory 'include' not found
[75/548] MWCC build/GEDE01/src/game/game_fn_80017DB0.o
### mwcceppc.exe Usage Warning:
#   Specified directory 'include' not found
[76/548] MWCC build/GEDE01/src/game/game_fn_800194D0.o
### mwcceppc.exe Usage Warning:
#   Specified directory 'include' not found
[77/548] MWCC build/GEDE01/src/game/game_fn_80019054.o
### mwcceppc.exe Usage Warning:
#   Specified directory 'include' not found
[78/548] MWCC build/GEDE01/src/game/game_fn_80019940.o
### mwcceppc.exe Usage Warning:
#   Specified directory 'include' not found
[79/548] MWCC build/GEDE01/src/game/game_fn_80019244.o
### mwcceppc.exe Usage Warning:
#   Specified directory 'include' not found
[80/548] MWCC build/GEDE01/src/game/game_fn_8001A6C4.o
### mwcceppc.exe Usage Warning:
#   Specified directory 'include' not found
[81/548] MWCC build/GEDE01/src/game/game_fn_80019C10.o
### mwcceppc.exe Usage Warning:
#   Specified directory 'include' not found
[82/548] MWCC build/GEDE01/src/game/game_fn_80019D2C.o
### mwcceppc.exe Usage Warning:
#   Specified directory 'include' not found
[83/548] MWCC build/GEDE01/src/game/game_fn_8001ADF8.o
### mwcceppc.exe Usage Warning:
#   Specified directory 'include' not found
[84/548] MWCC build/GEDE01/src/game/game_fn_8001AAB8.o
### mwcceppc.exe Usage Warning:
#   Specified directory 'include' not found
[85/548] MWCC build/GEDE01/src/game/game_fn_8001B124.o
### mwcceppc.exe Usage Warning:
#   Specified directory 'include' not found
[86/548] MWCC build/GEDE01/src/game/game_fn_80019F98.o
### mwcceppc.exe Usage Warning:
#   Specified directory 'include' not found
[87/548] MWCC build/GEDE01/src/game/game_fn_8001AF68.o
### mwcceppc.exe Usage Warning:
#   Specified directory 'include' not found
[88/548] MWCC build/GEDE01/src/game/game_fn_8001B294.o
### mwcceppc.exe Usage Warning:
#   Specified directory 'include' not found
[89/548] MWCC build/GEDE01/src/game/game_fn_8001B874.o
### mwcceppc.exe Usage Warning:
#   Specified directory 'include' not found
[90/548] MWCC build/GEDE01/src/game/game_fn_8001C078.o
### mwcceppc.exe Usage Warning:
#   Specified directory 'include' not found
[91/548] MWCC build/GEDE01/src/game/game_fn_8001B808.o
### mwcceppc.exe Usage Warning:
#   Specified directory 'include' not found
[92/548] MWCC build/GEDE01/src/game/game_fn_8001CE94.o
### mwcceppc.exe Usage Warning:
#   Specified directory 'include' not found
[93/548] MWCC build/GEDE01/src/game/game_fn_8001CD58.o
### mwcceppc.exe Usage Warning:
#   Specified directory 'include' not found
[94/548] MWCC build/GEDE01/src/game/game_fn_8001E644.o
### mwcceppc.exe Usage Warning:
#   Specified directory 'include' not found
[95/548] MWCC build/GEDE01/src/game/game_fn_800272B4.o
### mwcceppc.exe Usage Warning:
#   Specified directory 'include' not found
[96/548] MWCC build/GEDE01/src/game/game_fn_80020E94.o
### mwcceppc.exe Usage Warning:
#   Specified directory 'include' not found
[97/548] MWCC build/GEDE01/src/game/game_fn_8001FE1C.o
### mwcceppc.exe Usage Warning:
#   Specified directory 'include' not found
[98/548] MWCC build/GEDE01/src/game/game_fn_8002DAE0.o
### mwcceppc.exe Usage Warning:
#   Specified directory 'include' not found
[99/548] MWCC build/GEDE01/src/game/game_fn_8002EA68.o
### mwcceppc.exe Usage Warning:
#   Specified directory 'include' not found
[100/548] MWCC build/GEDE01/src/game/game_fn_8002E3F0.o
### mwcceppc.exe Usage Warning:
#   Specified directory 'include' not found
[101/548] MWCC build/GEDE01/src/game/game_fn_80024F28.o
### mwcceppc.exe Usage Warning:
#   Specified directory 'include' not found
[102/548] MWCC build/GEDE01/src/game/game_fn_8003232C.o
### mwcceppc.exe Usage Warning:
#   Specified directory 'include' not found
[103/548] MWCC build/GEDE01/src/game/game_fn_8002F428.o
### mwcceppc.exe Usage Warning:
#   Specified directory 'include' not found
[104/548] MWCC build/GEDE01/src/game/game_fn_80033038.o
### mwcceppc.exe Usage Warning:
#   Specified directory 'include' not found
[105/548] MWCC build/GEDE01/src/game/game_fn_80033180.o
### mwcceppc.exe Usage Warning:
#   Specified directory 'include' not found
[106/548] MWCC build/GEDE01/src/game/game_fn_80032B84.o
### mwcceppc.exe Usage Warning:
#   Specified directory 'include' not found
[107/548] MWCC build/GEDE01/src/game/game_fn_800359A0.o
### mwcceppc.exe Usage Warning:
#   Specified directory 'include' not found
[108/548] MWCC build/GEDE01/src/game/game_fn_80036C40.o
### mwcceppc.exe Usage Warning:
#   Specified directory 'include' not found
[109/548] MWCC build/GEDE01/src/game/game_fn_80038878.o
### mwcceppc.exe Usage Warning:
#   Specified directory 'include' not found
[110/548] MWCC build/GEDE01/src/game/game_fn_80048B24.o
### mwcceppc.exe Usage Warning:
#   Specified directory 'include' not found
[111/548] MWCC build/GEDE01/src/game/game_fn_80048ADC.o
### mwcceppc.exe Usage Warning:
#   Specified directory 'include' not found
[112/548] MWCC build/GEDE01/src/game/game_fn_80052310.o
### mwcceppc.exe Usage Warning:
#   Specified directory 'include' not found
[113/548] MWCC build/GEDE01/src/game/game_fn_8005EC6C.o
### mwcceppc.exe Usage Warning:
#   Specified directory 'include' not found
[114/548] MWCC build/GEDE01/src/game/game_data_80239E10.o
### mwcceppc.exe Usage Warning:
#   Specified directory 'include' not found
[115/548] MWCC build/GEDE01/src/game/game_fn_8005EE9C.o
### mwcceppc.exe Usage Warning:
#   Specified directory 'include' not found
[116/548] MWCC build/GEDE01/src/game/game_data_80239E18.o
### mwcceppc.exe Usage Warning:
#   Specified directory 'include' not found
[117/548] MWCC build/GEDE01/src/game/game_fn_80066888.o
### mwcceppc.exe Usage Warning:
#   Specified directory 'include' not found
[118/548] MWCC build/GEDE01/src/game/game_fn_80071A58.o
### mwcceppc.exe Usage Warning:
#   Specified directory 'include' not found
[119/548] MWCC build/GEDE01/src/game/game_fn_8005FD84.o
### mwcceppc.exe Usage Warning:
#   Specified directory 'include' not found
[120/548] MWCC build/GEDE01/src/game/game_fn_80074310.o
### mwcceppc.exe Usage Warning:
#   Specified directory 'include' not found
[121/548] MWCC build/GEDE01/src/game/game_fn_8007B2F4.o
### mwcceppc.exe Usage Warning:
#   Specified directory 'include' not found
[122/548] MWCC build/GEDE01/src/game/game_fn_80078500.o
### mwcceppc.exe Usage Warning:
#   Specified directory 'include' not found
[123/548] MWCC build/GEDE01/src/game/game_fn_80079908.o
### mwcceppc.exe Usage Warning:
#   Specified directory 'include' not found
[124/548] MWCC build/GEDE01/src/game/game_fn_8007B640.o
### mwcceppc.exe Usage Warning:
#   Specified directory 'include' not found
[125/548] MWCC build/GEDE01/src/game/game_fn_8007B540.o
### mwcceppc.exe Usage Warning:
#   Specified directory 'include' not found
[126/548] MWCC build/GEDE01/src/game/game_fn_8007BA3C.o
### mwcceppc.exe Usage Warning:
#   Specified directory 'include' not found
[127/548] MWCC build/GEDE01/src/game/game_fn_80095FDC.o
### mwcceppc.exe Usage Warning:
#   Specified directory 'include' not found
[128/548] MWCC build/GEDE01/src/game/game_fn_800934A0.o
### mwcceppc.exe Usage Warning:
#   Specified directory 'include' not found
[129/548] MWCC build/GEDE01/src/game/game_fn_800886D8.o
### mwcceppc.exe Usage Warning:
#   Specified directory 'include' not found
[130/548] MWCC build/GEDE01/src/game/game_fn_8008F890.o
### mwcceppc.exe Usage Warning:
#   Specified directory 'include' not found
[131/548] MWCC build/GEDE01/src/game/game_fn_80096830.o
### mwcceppc.exe Usage Warning:
#   Specified directory 'include' not found
[132/548] MWCC build/GEDE01/src/game/game_fn_8009C424.o
### mwcceppc.exe Usage Warning:
#   Specified directory 'include' not found
[133/548] MWCC build/GEDE01/src/game/game_fn_800A3894.o
### mwcceppc.exe Usage Warning:
#   Specified directory 'include' not found
[134/548] MWCC build/GEDE01/src/game/game_fn_800A2130.o
### mwcceppc.exe Usage Warning:
#   Specified directory 'include' not found
[135/548] MWCC build/GEDE01/src/game/game_fn_800A2FCC.o
### mwcceppc.exe Usage Warning:
#   Specified directory 'include' not found
[136/548] MWCC build/GEDE01/src/game/game_fn_800A4428.o
### mwcceppc.exe Usage Warning:
#   Specified directory 'include' not found
[137/548] MWCC build/GEDE01/src/game/game_fn_800A4798.o
### mwcceppc.exe Usage Warning:
#   Specified directory 'include' not found
[138/548] MWCC build/GEDE01/src/game/game_fn_800A7E88.o
### mwcceppc.exe Usage Warning:
#   Specified directory 'include' not found
[139/548] MWCC build/GEDE01/src/game/game_fn_800CB760.o
### mwcceppc.exe Usage Warning:
#   Specified directory 'include' not found
[140/548] MWCC build/GEDE01/src/game/game_fn_800C17EC.o
### mwcceppc.exe Usage Warning:
#   Specified directory 'include' not found
[141/548] MWCC build/GEDE01/src/game/game_fn_800C644C.o
### mwcceppc.exe Usage Warning:
#   Specified directory 'include' not found
[142/548] MWCC build/GEDE01/src/game/game_fn_800C59F0.o
### mwcceppc.exe Usage Warning:
#   Specified directory 'include' not found
[143/548] MWCC build/GEDE01/src/game/game_fn_800CB8F4.o
### mwcceppc.exe Usage Warning:
#   Specified directory 'include' not found
[144/548] MWCC build/GEDE01/src/game/game_fn_800E4980.o
### mwcceppc.exe Usage Warning:
#   Specified directory 'include' not found
[145/548] MWCC build/GEDE01/src/game/game_TRKNubWelcome.o
### mwcceppc.exe Usage Warning:
#   Specified directory 'include' not found
[146/548] MWCC build/GEDE01/src/game/game_fn_8010F184.o
### mwcceppc.exe Usage Warning:
#   Specified directory 'include' not found
[147/548] MWCC build/GEDE01/src/game/game_TRK_main.o
### mwcceppc.exe Usage Warning:
#   Specified directory 'include' not found
[148/548] MWCC build/GEDE01/src/game/game_fn_8014AF38.o
### mwcceppc.exe Usage Warning:
#   Specified directory 'include' not found
[149/548] MWCC build/GEDE01/src/game/game_fn_801126E0.o
### mwcceppc.exe Usage Warning:
#   Specified directory 'include' not found
[150/548] MWCC build/GEDE01/src/game/game_fn_801128E4.o
### mwcceppc.exe Usage Warning:
#   Specified directory 'include' not found
[151/548] MWCC build/GEDE01/src/game/game_fn_80153898.o
### mwcceppc.exe Usage Warning:
#   Specified directory 'include' not found
[152/548] MWCC build/GEDE01/src/game/game_fn_8014B494.o
### mwcceppc.exe Usage Warning:
#   Specified directory 'include' not found
[153/548] MWCC build/GEDE01/src/game/game_fn_801141B8.o
### mwcceppc.exe Usage Warning:
#   Specified directory 'include' not found
[154/548] MWCC build/GEDE01/src/game/game_fn_8012DB28.o
### mwcceppc.exe Usage Warning:
#   Specified directory 'include' not found
[155/548] MWCC build/GEDE01/src/game/game_fn_80157C0C.o
### mwcceppc.exe Usage Warning:
#   Specified directory 'include' not found
[156/548] MWCC build/GEDE01/src/game/game_fn_80158B20.o
### mwcceppc.exe Usage Warning:
#   Specified directory 'include' not found
[157/548] MWCC build/GEDE01/src/game/game_fn_80155814.o
### mwcceppc.exe Usage Warning:
#   Specified directory 'include' not found
[158/548] MWCC build/GEDE01/src/game/game_fn_8015DC54.o
### mwcceppc.exe Usage Warning:
#   Specified directory 'include' not found
[159/548] MWCC build/GEDE01/src/game/game_fn_80167B5C.o
### mwcceppc.exe Usage Warning:
#   Specified directory 'include' not found
[160/548] MWCC build/GEDE01/src/game/game_fn_8015EDC0.o
### mwcceppc.exe Usage Warning:
#   Specified directory 'include' not found
[161/548] MWCC build/GEDE01/src/game/game_fn_8016BD0C.o
### mwcceppc.exe Usage Warning:
#   Specified directory 'include' not found
[162/548] MWCC build/GEDE01/src/game/game_fn_80169650.o
### mwcceppc.exe Usage Warning:
#   Specified directory 'include' not found
[163/548] MWCC build/GEDE01/src/game/game_fn_8016C0BC.o
### mwcceppc.exe Usage Warning:
#   Specified directory 'include' not found
[164/548] MWCC build/GEDE01/src/game/game_fn_8016BF60.o
### mwcceppc.exe Usage Warning:
#   Specified directory 'include' not found
[165/548] MWCC build/GEDE01/src/game/game_fn_8016BE1C.o
### mwcceppc.exe Usage Warning:
#   Specified directory 'include' not found
[166/548] MWCC build/GEDE01/src/game/game_fn_8016C164.o
### mwcceppc.exe Usage Warning:
#   Specified directory 'include' not found
[167/548] MWCC build/GEDE01/src/game/game_fn_8016C238.o
### mwcceppc.exe Usage Warning:
#   Specified directory 'include' not found
[168/548] MWCC build/GEDE01/src/game/game_fn_8016C774.o
### mwcceppc.exe Usage Warning:
#   Specified directory 'include' not found
[169/548] MWCC build/GEDE01/src/game/game_fn_8016C4BC.o
### mwcceppc.exe Usage Warning:
#   Specified directory 'include' not found
[170/548] MWCC build/GEDE01/src/game/game_fn_8016D040.o
### mwcceppc.exe Usage Warning:
#   Specified directory 'include' not found
[171/548] MWCC build/GEDE01/src/game/game_fn_8016D2B8.o
### mwcceppc.exe Usage Warning:
#   Specified directory 'include' not found
[172/548] MWCC build/GEDE01/src/game/game_fn_8016D1F8.o
### mwcceppc.exe Usage Warning:
#   Specified directory 'include' not found
[173/548] MWCC build/GEDE01/src/game/game_fn_8016DF4C.o
### mwcceppc.exe Usage Warning:
#   Specified directory 'include' not found
[174/548] MWCC build/GEDE01/src/game/game_fn_8016D9C0.o
### mwcceppc.exe Usage Warning:
#   Specified directory 'include' not found
[175/548] MWCC build/GEDE01/src/game/game_fn_8016FEF8.o
### mwcceppc.exe Usage Warning:
#   Specified directory 'include' not found
[176/548] MWCC build/GEDE01/src/game/game_fn_801704F8.o
### mwcceppc.exe Usage Warning:
#   Specified directory 'include' not found
[177/548] MWCC build/GEDE01/src/game/game_fn_8017038C.o
### mwcceppc.exe Usage Warning:
#   Specified directory 'include' not found
[178/548] MWCC build/GEDE01/src/game/game_fn_8016E8F8.o
### mwcceppc.exe Usage Warning:
#   Specified directory 'include' not found
[179/548] MWCC build/GEDE01/src/game/game_fn_80170A40.o
### mwcceppc.exe Usage Warning:
#   Specified directory 'include' not found
[180/548] MWCC build/GEDE01/src/game/game_fn_801706DC.o
### mwcceppc.exe Usage Warning:
#   Specified directory 'include' not found
[181/548] MWCC build/GEDE01/src/game/game_fn_8017138C.o
### mwcceppc.exe Usage Warning:
#   Specified directory 'include' not found
[182/548] MWCC build/GEDE01/src/game/game_fn_80170E9C.o
### mwcceppc.exe Usage Warning:
#   Specified directory 'include' not found
[183/548] MWCC build/GEDE01/src/game/game_fn_80170DF4.o
### mwcceppc.exe Usage Warning:
#   Specified directory 'include' not found
[184/548] MWCC build/GEDE01/src/game/game_fn_80171664.o
### mwcceppc.exe Usage Warning:
#   Specified directory 'include' not found
[185/548] MWCC build/GEDE01/src/game/game_fn_801718F4.o
### mwcceppc.exe Usage Warning:
#   Specified directory 'include' not found
[186/548] MWCC build/GEDE01/src/game/game_fn_80171F30.o
### mwcceppc.exe Usage Warning:
#   Specified directory 'include' not found
[187/548] MWCC build/GEDE01/src/game/game_fn_8017250C.o
### mwcceppc.exe Usage Warning:
#   Specified directory 'include' not found
[188/548] MWCC build/GEDE01/src/game/game_fn_801719B4.o
### mwcceppc.exe Usage Warning:
#   Specified directory 'include' not found
[189/548] MWCC build/GEDE01/src/game/game_fn_801726EC.o
### mwcceppc.exe Usage Warning:
#   Specified directory 'include' not found
[190/548] MWCC build/GEDE01/src/game/game_fn_80172BB0.o
### mwcceppc.exe Usage Warning:
#   Specified directory 'include' not found
[191/548] MWCC build/GEDE01/src/game/game_fn_80172DB8.o
### mwcceppc.exe Usage Warning:
#   Specified directory 'include' not found
[192/548] MWCC build/GEDE01/src/game/game_fn_80173270.o
### mwcceppc.exe Usage Warning:
#   Specified directory 'include' not found
[193/548] MWCC build/GEDE01/src/game/game_fn_80172C78.o
### mwcceppc.exe Usage Warning:
#   Specified directory 'include' not found
[194/548] MWCC build/GEDE01/src/game/game_fn_80173770.o
### mwcceppc.exe Usage Warning:
#   Specified directory 'include' not found
[195/548] MWCC build/GEDE01/src/game/game_fn_801734B4.o
### mwcceppc.exe Usage Warning:
#   Specified directory 'include' not found
[196/548] MWCC build/GEDE01/src/game/game_fn_80174184.o
### mwcceppc.exe Usage Warning:
#   Specified directory 'include' not found
[197/548] MWCC build/GEDE01/src/game/game_fn_80173F04.o
### mwcceppc.exe Usage Warning:
#   Specified directory 'include' not found
[198/548] MWCC build/GEDE01/src/game/game_fn_80173D44.o
### mwcceppc.exe Usage Warning:
#   Specified directory 'include' not found
[199/548] MWCC build/GEDE01/src/game/game_fn_80175F0C.o
### mwcceppc.exe Usage Warning:
#   Specified directory 'include' not found
[200/548] MWCC build/GEDE01/src/game/game_fn_80175E64.o
### mwcceppc.exe Usage Warning:
#   Specified directory 'include' not found
[201/548] MWCC build/GEDE01/src/game/game_fn_8017553C.o
### mwcceppc.exe Usage Warning:
#   Specified directory 'include' not found
[202/548] MWCC build/GEDE01/src/game/game_fn_80174358.o
### mwcceppc.exe Usage Warning:
#   Specified directory 'include' not found
[203/548] MWCC build/GEDE01/src/game/game_fn_80176098.o
### mwcceppc.exe Usage Warning:
#   Specified directory 'include' not found
[204/548] MWCC build/GEDE01/src/game/game_fn_80175FD4.o
### mwcceppc.exe Usage Warning:
#   Specified directory 'include' not found
[205/548] MWCC build/GEDE01/src/game/game_fn_80176220.o
### mwcceppc.exe Usage Warning:
#   Specified directory 'include' not found
[206/548] MWCC build/GEDE01/src/game/game_fn_80176160.o
### mwcceppc.exe Usage Warning:
#   Specified directory 'include' not found
[207/548] MWCC build/GEDE01/src/game/game_fn_801762E8.o
### mwcceppc.exe Usage Warning:
#   Specified directory 'include' not found
[208/548] MWCC build/GEDE01/src/game/game_fn_8017652C.o
### mwcceppc.exe Usage Warning:
#   Specified directory 'include' not found
[209/548] MWCC build/GEDE01/src/game/game_fn_801770F8.o
### mwcceppc.exe Usage Warning:
#   Specified directory 'include' not found
[210/548] MWCC build/GEDE01/src/game/game_fn_80176DF4.o
### mwcceppc.exe Usage Warning:
#   Specified directory 'include' not found
[211/548] MWCC build/GEDE01/src/game/game_fn_80176FA0.o
### mwcceppc.exe Usage Warning:
#   Specified directory 'include' not found
[212/548] MWCC build/GEDE01/src/game/game_fn_8017718C.o
### mwcceppc.exe Usage Warning:
#   Specified directory 'include' not found
[213/548] MWCC build/GEDE01/src/game/game_fn_80179398.o
### mwcceppc.exe Usage Warning:
#   Specified directory 'include' not found
[214/548] MWCC build/GEDE01/src/game/game_fn_8017960C.o
### mwcceppc.exe Usage Warning:
#   Specified directory 'include' not found
[215/548] MWCC build/GEDE01/src/game/game_fn_8017974C.o
### mwcceppc.exe Usage Warning:
#   Specified directory 'include' not found
[216/548] MWCC build/GEDE01/src/game/game_fn_80179EB8.o
### mwcceppc.exe Usage Warning:
#   Specified directory 'include' not found
[217/548] MWCC build/GEDE01/src/game/game_fn_80177434.o
### mwcceppc.exe Usage Warning:
#   Specified directory 'include' not found
[218/548] MWCC build/GEDE01/src/game/game_fn_80179A74.o
### mwcceppc.exe Usage Warning:
#   Specified directory 'include' not found
[219/548] MWCC build/GEDE01/src/game/game_fn_80179F20.o
### mwcceppc.exe Usage Warning:
#   Specified directory 'include' not found
[220/548] MWCC build/GEDE01/src/game/game_fn_80179904.o
### mwcceppc.exe Usage Warning:
#   Specified directory 'include' not found
[221/548] MWCC build/GEDE01/src/game/game_fn_8017A010.o
### mwcceppc.exe Usage Warning:
#   Specified directory 'include' not found
[222/548] MWCC build/GEDE01/src/game/game_fn_8017A1C0.o
### mwcceppc.exe Usage Warning:
#   Specified directory 'include' not found
[223/548] MWCC build/GEDE01/src/game/game_fn_80179A18.o
### mwcceppc.exe Usage Warning:
#   Specified directory 'include' not found
[224/548] MWCC build/GEDE01/src/game/game_fn_8017A9B8.o
### mwcceppc.exe Usage Warning:
#   Specified directory 'include' not found
[225/548] MWCC build/GEDE01/src/game/game_fn_8017E958.o
### mwcceppc.exe Usage Warning:
#   Specified directory 'include' not found
[226/548] MWCC build/GEDE01/src/game/game_fn_8017E850.o
### mwcceppc.exe Usage Warning:
#   Specified directory 'include' not found
[227/548] MWCC build/GEDE01/src/game/game_fn_8017A12C.o
### mwcceppc.exe Usage Warning:
#   Specified directory 'include' not found
[228/548] MWCC build/GEDE01/src/game/game_fn_80185AE8.o
### mwcceppc.exe Usage Warning:
#   Specified directory 'include' not found
[229/548] MWCC build/GEDE01/src/game/game_fn_80180DDC.o
### mwcceppc.exe Usage Warning:
#   Specified directory 'include' not found
[230/548] MWCC build/GEDE01/src/game/game_fn_801859FC.o
### mwcceppc.exe Usage Warning:
#   Specified directory 'include' not found
[231/548] MWCC build/GEDE01/src/game/game_fn_80186E10.o
### mwcceppc.exe Usage Warning:
#   Specified directory 'include' not found
[232/548] MWCC build/GEDE01/src/game/game_fn_80187120.o
### mwcceppc.exe Usage Warning:
#   Specified directory 'include' not found
[233/548] MWCC build/GEDE01/src/game/game_fn_801878E0.o
### mwcceppc.exe Usage Warning:
#   Specified directory 'include' not found
[234/548] MWCC build/GEDE01/src/game/game_fn_801865EC.o
### mwcceppc.exe Usage Warning:
#   Specified directory 'include' not found
[235/548] MWCC build/GEDE01/src/game/game_fn_80188C1C.o
### mwcceppc.exe Usage Warning:
#   Specified directory 'include' not found
[236/548] MWCC build/GEDE01/src/game/game_fn_80188B44.o
### mwcceppc.exe Usage Warning:
#   Specified directory 'include' not found
[237/548] MWCC build/GEDE01/src/game/game_fn_80188A7C.o
### mwcceppc.exe Usage Warning:
#   Specified directory 'include' not found
[238/548] MWCC build/GEDE01/src/game/game_fn_80188E28.o
### mwcceppc.exe Usage Warning:
#   Specified directory 'include' not found
[239/548] MWCC build/GEDE01/src/game/game_fn_80189028.o
### mwcceppc.exe Usage Warning:
#   Specified directory 'include' not found
[240/548] MWCC build/GEDE01/src/game/game_fn_801891D8.o
### mwcceppc.exe Usage Warning:
#   Specified directory 'include' not found
[241/548] MWCC build/GEDE01/src/game/game_fn_80189390.o
### mwcceppc.exe Usage Warning:
#   Specified directory 'include' not found
[242/548] MWCC build/GEDE01/src/game/game_fn_80189760.o
### mwcceppc.exe Usage Warning:
#   Specified directory 'include' not found
[243/548] MWCC build/GEDE01/src/game/game_fn_801896A0.o
### mwcceppc.exe Usage Warning:
#   Specified directory 'include' not found
[244/548] MWCC build/GEDE01/src/game/game_fn_801895E8.o
### mwcceppc.exe Usage Warning:
#   Specified directory 'include' not found
[245/548] MWCC build/GEDE01/src/game/game_fn_80189968.o
### mwcceppc.exe Usage Warning:
#   Specified directory 'include' not found
[246/548] MWCC build/GEDE01/src/game/game_fn_8018D1F0.o
### mwcceppc.exe Usage Warning:
#   Specified directory 'include' not found
[247/548] MWCC build/GEDE01/src/game/game_fn_8018F1D0.o
### mwcceppc.exe Usage Warning:
#   Specified directory 'include' not found
[248/548] MWCC build/GEDE01/src/game/game_fn_8018FEDC.o
### mwcceppc.exe Usage Warning:
#   Specified directory 'include' not found
[249/548] MWCC build/GEDE01/src/game/game_fn_8018F81C.o
### mwcceppc.exe Usage Warning:
#   Specified directory 'include' not found
[250/548] MWCC build/GEDE01/src/game/game_fn_8018D2E0.o
### mwcceppc.exe Usage Warning:
#   Specified directory 'include' not found
[251/548] MWCC build/GEDE01/src/game/game_fn_8018D688.o
### mwcceppc.exe Usage Warning:
#   Specified directory 'include' not found
[252/548] MWCC build/GEDE01/src/game/game_fn_80191F58.o
### mwcceppc.exe Usage Warning:
#   Specified directory 'include' not found
[253/548] MWCC build/GEDE01/src/game/game_fn_80191360.o
### mwcceppc.exe Usage Warning:
#   Specified directory 'include' not found
[254/548] MWCC build/GEDE01/src/game/game_fn_8019197C.o
### mwcceppc.exe Usage Warning:
#   Specified directory 'include' not found
[255/548] MWCC build/GEDE01/src/game/game_fn_80192F54.o
### mwcceppc.exe Usage Warning:
#   Specified directory 'include' not found
[256/548] MWCC build/GEDE01/src/game/game_fn_80193E1C.o
### mwcceppc.exe Usage Warning:
#   Specified directory 'include' not found
[257/548] MWCC build/GEDE01/src/game/game_fn_80193F3C.o
### mwcceppc.exe Usage Warning:
#   Specified directory 'include' not found
[258/548] MWCC build/GEDE01/src/game/game_fn_80197910.o
### mwcceppc.exe Usage Warning:
#   Specified directory 'include' not found
[259/548] MWCC build/GEDE01/src/game/game_fn_801931C4.o
### mwcceppc.exe Usage Warning:
#   Specified directory 'include' not found
[260/548] AS build/GEDE01/src/Runtime.PPCEABI.H/__save_fpr.o
[261/548] MWCC build/GEDE01/src/game/game_fn_80198AAC.o
### mwcceppc.exe Usage Warning:
#   Specified directory 'include' not found
[262/548] AS build/GEDE01/src/Runtime.PPCEABI.H/__restore_fpr.o
[263/548] AS build/GEDE01/src/Runtime.PPCEABI.H/__save_gpr.o
[264/548] MWCC build/GEDE01/src/game/game_fn_80194F80.o
### mwcceppc.exe Usage Warning:
#   Specified directory 'include' not found
[265/548] AS build/GEDE01/src/Runtime.PPCEABI.H/__restore_gpr.o
[266/548] MWCC build/GEDE01/src/game/game_fn_80198154.o
### mwcceppc.exe Usage Warning:
#   Specified directory 'include' not found
[267/548] AS build/GEDE01/src/dolphin/base/PPCArch.o
[268/548] MWCC build/GEDE01/src/game/game_fn_80198BF4.o
### mwcceppc.exe Usage Warning:
#   Specified directory 'include' not found
[269/548] MWCC build/GEDE01/src/game/game_fn_8019CC28.o
### mwcceppc.exe Usage Warning:
#   Specified directory 'include' not found
[270/548] MWCC build/GEDE01/src/game/game_fn_801991E0.o
### mwcceppc.exe Usage Warning:
#   Specified directory 'include' not found
[271/548] EXTERNALIZE build/GEDE01/src/game/game_fn_80194F80.o
[272/548] MWCC build/GEDE01/src/game/game_fn_8019CFC4.o
### mwcceppc.exe Usage Warning:
#   Specified directory 'include' not found
[273/548] EXTERNALIZE build/GEDE01/src/game/game_fn_80198BF4.o
[274/548] EXTERNALIZE build/GEDE01/src/game/game_fn_8019CC28.o
[275/548] EXTERNALIZE build/GEDE01/src/game/game_fn_80198AAC.o
[276/548] EXTERNALIZE build/GEDE01/src/game/game_fn_80198154.o
[277/548] EXTERNALIZE build/GEDE01/src/game/game_fn_80197910.o
[278/548] MWCC build/GEDE01/src/game/game_fn_8019E5E4.o
### mwcceppc.exe Usage Warning:
#   Specified directory 'include' not found
[279/548] MWCC build/GEDE01/src/game/game_fn_8019E8C8.o
### mwcceppc.exe Usage Warning:
#   Specified directory 'include' not found
[280/548] EXTERNALIZE build/GEDE01/src/game/game_fn_8019CFC4.o
[281/548] EXTERNALIZE build/GEDE01/src/game/game_fn_801991E0.o
[282/548] EXTERNALIZE build/GEDE01/src/game/game_fn_80177434.o
repointed 2 relocations to lbl_80250588
[283/548] EXTERNALIZE build/GEDE01/src/game/game_fn_801931C4.o
[284/548] GLOBALIZE build/GEDE01/src/game/game_fn_8018F1D0.o
[285/548] EXTERNALIZE build/GEDE01/src/game/game_fn_8019E8C8.o
[286/548] EXTERNALIZE build/GEDE01/src/game/game_fn_80192F54.o
[287/548] EXTERNALIZE build/GEDE01/src/game/game_fn_8019E5E4.o
[288/548] EXTERNALIZE build/GEDE01/src/game/game_fn_8019197C.o
[289/548] EXTERNALIZE build/GEDE01/src/game/game_fn_80193E1C.o
[290/548] EXTERNALIZE build/GEDE01/src/game/game_fn_80191F58.o
[291/548] EXTERNALIZE build/GEDE01/src/game/game_fn_8018D688.o
[292/548] EXTERNALIZE build/GEDE01/src/game/game_fn_80191360.o
[293/548] EXTERNALIZE build/GEDE01/src/game/game_fn_80189968.o
[294/548] EXTERNALIZE build/GEDE01/src/game/game_fn_80189760.o
[295/548] EXTERNALIZE build/GEDE01/src/game/game_fn_801896A0.o
[296/548] EXTERNALIZE build/GEDE01/src/game/game_fn_801895E8.o
[297/548] EXTERNALIZE build/GEDE01/src/game/game_fn_8018D2E0.o
[298/548] EXTERNALIZE build/GEDE01/src/game/game_fn_80188B44.o
[299/548] EXTERNALIZE build/GEDE01/src/game/game_fn_8018F81C.o
[300/548] EXTERNALIZE build/GEDE01/src/game/game_fn_80188C1C.o
[301/548] EXTERNALIZE build/GEDE01/src/game/game_fn_80188E28.o
[302/548] EXTERNALIZE build/GEDE01/src/game/game_fn_80188A7C.o
[303/548] EXTERNALIZE build/GEDE01/src/game/game_fn_8018D1F0.o
[304/548] EXTERNALIZE build/GEDE01/src/game/game_fn_8018FEDC.o
[305/548] EXTERNALIZE build/GEDE01/src/game/game_fn_801878E0.o
[306/548] EXTERNALIZE build/GEDE01/src/game/game_fn_801865EC.o
[307/548] EXTERNALIZE build/GEDE01/src/game/game_fn_80193F3C.o
[308/548] EXTERNALIZE build/GEDE01/src/game/game_fn_80185AE8.o
[309/548] EXTERNALIZE build/GEDE01/src/game/game_fn_80186E10.o
[310/548] EXTERNALIZE build/GEDE01/src/game/game_fn_80189028.o
[311/548] EXTERNALIZE build/GEDE01/src/game/game_fn_8017E958.o
[312/548] EXTERNALIZE build/GEDE01/src/game/game_fn_80180DDC.o
[313/548] EXTERNALIZE build/GEDE01/src/game/game_fn_8017718C.o
[314/548] EXTERNALIZE build/GEDE01/src/game/game_fn_80187120.o
[315/548] EXTERNALIZE build/GEDE01/src/game/game_fn_801891D8.o
[316/548] EXTERNALIZE build/GEDE01/src/game/game_fn_801859FC.o
[317/548] EXTERNALIZE build/GEDE01/src/game/game_fn_8017E850.o
[318/548] EXTERNALIZE build/GEDE01/src/game/game_fn_80174358.o
[319/548] EXTERNALIZE build/GEDE01/src/game/game_fn_80176DF4.o
[320/548] EXTERNALIZE build/GEDE01/src/game/game_fn_80173F04.o
[321/548] EXTERNALIZE build/GEDE01/src/game/game_fn_80176FA0.o
[322/548] EXTERNALIZE build/GEDE01/src/game/game_fn_801770F8.o
[323/548] EXTERNALIZE build/GEDE01/src/game/game_fn_8017553C.o
[324/548] EXTERNALIZE build/GEDE01/src/game/game_fn_80173770.o
[325/548] EXTERNALIZE build/GEDE01/src/game/game_fn_80173D44.o
[326/548] EXTERNALIZE build/GEDE01/src/game/game_fn_801734B4.o
[327/548] EXTERNALIZE build/GEDE01/src/game/game_fn_80189390.o
[328/548] EXTERNALIZE build/GEDE01/src/game/game_fn_80173270.o
[329/548] EXTERNALIZE build/GEDE01/src/game/game_fn_80174184.o
[330/548] EXTERNALIZE build/GEDE01/src/game/game_fn_80172DB8.o
[331/548] EXTERNALIZE build/GEDE01/src/game/game_fn_801726EC.o
[332/548] EXTERNALIZE build/GEDE01/src/game/game_fn_8017250C.o
[333/548] NORMALIZE build/GEDE01/src/game/game_TRKNubWelcome.o
[334/548] EXTERNALIZE build/GEDE01/src/game/game_fn_80171F30.o
[335/548] NORMALIZE build/GEDE01/src/game/game_TRK_main.o
[336/548] NORMALIZE build/GEDE01/src/game/game_data_80239E10.o
[337/548] NORMALIZE build/GEDE01/src/game/game_data_80239E18.o
[338/548] EXTERNALIZE build/GEDE01/src/game/game_fn_801719B4.o
[339/548] EXTERNALIZE build/GEDE01/src/game/game_fn_801718F4.o
[340/548] EXTERNALIZE build/GEDE01/src/game/game_fn_8017138C.o
[341/548] EXTERNALIZE build/GEDE01/src/game/game_fn_80172C78.o
[342/548] EXTERNALIZE build/GEDE01/src/game/game_fn_80172BB0.o
[343/548] EXTERNALIZE build/GEDE01/src/game/game_fn_80171664.o
[344/548] EXTERNALIZE build/GEDE01/src/game/game_fn_80170A40.o
[345/548] EXTERNALIZE build/GEDE01/src/game/game_fn_801706DC.o
[346/548] EXTERNALIZE build/GEDE01/src/game/game_fn_80175F0C.o
[347/548] EXTERNALIZE build/GEDE01/src/game/game_fn_80170E9C.o
[348/548] EXTERNALIZE build/GEDE01/src/game/game_fn_8017652C.o
[349/548] EXTERNALIZE build/GEDE01/src/game/game_fn_80175E64.o
[350/548] EXTERNALIZE build/GEDE01/src/game/game_fn_80170DF4.o
[351/548] EXTERNALIZE build/GEDE01/src/game/game_fn_80176160.o
[352/548] EXTERNALIZE build/GEDE01/src/game/game_fn_801704F8.o
[353/548] EXTERNALIZE build/GEDE01/src/game/game_fn_80175FD4.o
[354/548] NORMALIZE build/GEDE01/src/game/game_fn_8016DF4C.o
[355/548] EXTERNALIZE build/GEDE01/src/game/game_fn_8016D2B8.o
[356/548] EXTERNALIZE build/GEDE01/src/game/game_fn_80176098.o
[357/548] EXTERNALIZE build/GEDE01/src/game/game_fn_801762E8.o
[358/548] EXTERNALIZE build/GEDE01/src/game/game_fn_8016E8F8.o
[359/548] EXTERNALIZE build/GEDE01/src/game/game_fn_8016FEF8.o
[360/548] EXTERNALIZE build/GEDE01/src/game/game_fn_8016D040.o
[361/548] EXTERNALIZE build/GEDE01/src/game/game_fn_80176220.o
[362/548] EXTERNALIZE build/GEDE01/src/game/game_fn_8016D1F8.o
[363/548] EXTERNALIZE build/GEDE01/src/game/game_fn_8016C4BC.o
[364/548] EXTERNALIZE build/GEDE01/src/game/game_fn_8016C0BC.o
[365/548] EXTERNALIZE build/GEDE01/src/game/game_fn_8016BE1C.o
[366/548] EXTERNALIZE build/GEDE01/src/game/game_fn_8016BF60.o
[367/548] EXTERNALIZE build/GEDE01/src/game/game_fn_8016C774.o
[368/548] EXTERNALIZE build/GEDE01/src/game/game_fn_8016BD0C.o
[369/548] EXTERNALIZE build/GEDE01/src/game/game_fn_80169650.o
[370/548] EXTERNALIZE build/GEDE01/src/game/game_fn_8016C238.o
[371/548] EXTERNALIZE build/GEDE01/src/game/game_fn_80167B5C.o
[372/548] EXTERNALIZE build/GEDE01/src/game/game_fn_8017038C.o
[373/548] EXTERNALIZE build/GEDE01/src/game/game_fn_8016C164.o
[374/548] EXTERNALIZE build/GEDE01/src/game/game_fn_8015EDC0.o
[375/548] EXTERNALIZE build/GEDE01/src/game/game_fn_8015DC54.o
[376/548] EXTERNALIZE build/GEDE01/src/game/game_fn_80158B20.o
[377/548] EXTERNALIZE build/GEDE01/src/game/game_fn_8017974C.o
[378/548] EXTERNALIZE build/GEDE01/src/game/game_fn_80179398.o
[379/548] EXTERNALIZE build/GEDE01/src/game/game_fn_8017A9B8.o
[380/548] EXTERNALIZE build/GEDE01/src/game/game_fn_80179EB8.o
[381/548] EXTERNALIZE build/GEDE01/src/game/game_fn_80179904.o
[382/548] EXTERNALIZE build/GEDE01/src/game/game_fn_8017960C.o
[383/548] EXTERNALIZE build/GEDE01/src/game/game_fn_80179A74.o
[384/548] EXTERNALIZE build/GEDE01/src/game/game_fn_80157C0C.o
[385/548] EXTERNALIZE build/GEDE01/src/game/game_fn_80179A18.o
[386/548] EXTERNALIZE build/GEDE01/src/game/game_fn_80155814.o
[387/548] EXTERNALIZE build/GEDE01/src/game/game_fn_8017A010.o
[388/548] EXTERNALIZE build/GEDE01/src/game/game_fn_8017A12C.o
[389/548] EXTERNALIZE build/GEDE01/src/game/game_fn_8012DB28.o
[390/548] EXTERNALIZE build/GEDE01/src/game/game_fn_80179F20.o
[391/548] EXTERNALIZE build/GEDE01/src/game/game_fn_801141B8.o
[392/548] EXTERNALIZE build/GEDE01/src/game/game_fn_8014AF38.o
[393/548] EXTERNALIZE build/GEDE01/src/game/game_fn_8017A1C0.o
[394/548] EXTERNALIZE build/GEDE01/src/game/game_fn_8010F184.o
[395/548] EXTERNALIZE build/GEDE01/src/game/game_fn_80153898.o
[396/548] EXTERNALIZE build/GEDE01/src/game/game_fn_801128E4.o
[397/548] EXTERNALIZE build/GEDE01/src/game/game_fn_800C17EC.o
[398/548] EXTERNALIZE build/GEDE01/src/game/game_fn_801126E0.o
[399/548] EXTERNALIZE build/GEDE01/src/game/game_fn_8014B494.o
[400/548] EXTERNALIZE build/GEDE01/src/game/game_fn_800C59F0.o
[401/548] EXTERNALIZE build/GEDE01/src/game/game_fn_800C644C.o
[402/548] EXTERNALIZE build/GEDE01/src/game/game_fn_800E4980.o
[403/548] EXTERNALIZE build/GEDE01/src/game/game_fn_800CB8F4.o
[404/548] EXTERNALIZE build/GEDE01/src/game/game_fn_80078500.o
[405/548] EXTERNALIZE build/GEDE01/src/game/game_fn_8007B2F4.o
[406/548] EXTERNALIZE build/GEDE01/src/game/game_fn_8007B540.o
[407/548] EXTERNALIZE build/GEDE01/src/game/game_fn_80079908.o
[408/548] EXTERNALIZE build/GEDE01/src/game/game_fn_800CB760.o
[409/548] GLOBALIZE build/GEDE01/src/game/game_fn_800A2130.o
[410/548] EXTERNALIZE build/GEDE01/src/game/game_fn_8007B640.o
[411/548] EXTERNALIZE build/GEDE01/src/game/game_fn_800A3894.o
[412/548] GLOBALIZE build/GEDE01/src/game/game_fn_8008F890.o
[413/548] EXTERNALIZE build/GEDE01/src/game/game_fn_800A7E88.o
[414/548] EXTERNALIZE build/GEDE01/src/game/game_fn_800A2FCC.o
[415/548] EXTERNALIZE build/GEDE01/src/game/game_fn_800886D8.o
[416/548] EXTERNALIZE build/GEDE01/src/game/game_fn_800A4798.o
[417/548] EXTERNALIZE build/GEDE01/src/game/game_fn_800934A0.o
[418/548] GLOBALIZE build/GEDE01/src/game/game_fn_8005FD84.o
[419/548] EXTERNALIZE build/GEDE01/src/game/game_fn_8007BA3C.o
[420/548] EXTERNALIZE build/GEDE01/src/game/game_fn_8009C424.o
[421/548] NAME SWITCH build/GEDE01/src/game/game_fn_80020E94.o
[422/548] NAME SWITCH build/GEDE01/src/game/game_fn_8005EE9C.o
[423/548] EXTERNALIZE build/GEDE01/src/game/game_fn_800A4428.o
[424/548] NAME SWITCH build/GEDE01/src/game/game_fn_8016D9C0.o
[425/548] NAME SWITCH build/GEDE01/src/game/game_fn_80071A58.o
[426/548] NAME SWITCH build/GEDE01/src/game/game_fn_8001FE1C.o
[427/548] NAME SWITCH build/GEDE01/src/game/game_fn_8001E644.o
[428/548] EXTERNALIZE build/GEDE01/src/game/game_fn_8005EC6C.o
[429/548] EXTERNALIZE build/GEDE01/src/game/game_fn_80074310.o
[430/548] EXTERNALIZE SWITCHES build/GEDE01/src/game/game_fn_80095FDC.o
[431/548] EXTERNALIZE build/GEDE01/src/game/game_fn_80066888.o
[432/548] EXTERNALIZE build/GEDE01/src/game/game_fn_80096830.o
[433/548] EXTERNALIZE build/GEDE01/src/game/game_fn_80048ADC.o
[434/548] EXTERNALIZE build/GEDE01/src/game/game_fn_80038878.o
[435/548] EXTERNALIZE build/GEDE01/src/game/game_fn_800359A0.o
[436/548] EXTERNALIZE build/GEDE01/src/game/game_fn_80052310.o
[437/548] EXTERNALIZE build/GEDE01/src/game/game_fn_80033180.o
[438/548] EXTERNALIZE build/GEDE01/src/game/game_fn_80048B24.o
[439/548] EXTERNALIZE build/GEDE01/src/game/game_fn_80036C40.o
[440/548] NAME SWITCHES build/GEDE01/src/game/game_fn_80024F28.o
[441/548] EXTERNALIZE build/GEDE01/src/game/game_fn_8003232C.o
[442/548] EXTERNALIZE build/GEDE01/src/game/game_fn_80033038.o
[443/548] EXTERNALIZE build/GEDE01/src/game/game_fn_8002EA68.o
[444/548] EXTERNALIZE build/GEDE01/src/game/game_fn_8002F428.o
[445/548] EXTERNALIZE build/GEDE01/src/game/game_fn_80032B84.o
[446/548] EXTERNALIZE build/GEDE01/src/game/game_fn_8002E3F0.o
[447/548] EXTERNALIZE build/GEDE01/src/game/game_fn_800272B4.o
[448/548] EXTERNALIZE build/GEDE01/src/game/game_fn_8001CE94.o
[449/548] EXTERNALIZE build/GEDE01/src/game/game_fn_8002DAE0.o
[450/548] EXTERNALIZE build/GEDE01/src/game/game_fn_8001C078.o
[451/548] EXTERNALIZE build/GEDE01/src/game/game_fn_8001CD58.o
[452/548] EXTERNALIZE build/GEDE01/src/game/game_fn_8001AAB8.o
[453/548] EXTERNALIZE build/GEDE01/src/game/game_fn_8001ADF8.o
[454/548] EXTERNALIZE build/GEDE01/src/game/game_fn_8001A6C4.o
[455/548] EXTERNALIZE build/GEDE01/src/game/game_fn_8001B294.o
[456/548] EXTERNALIZE build/GEDE01/src/game/game_fn_8001B124.o
[457/548] EXTERNALIZE build/GEDE01/src/game/game_fn_8001B808.o
[458/548] EXTERNALIZE build/GEDE01/src/game/game_fn_80019D2C.o
[459/548] EXTERNALIZE build/GEDE01/src/game/game_fn_80019F98.o
[460/548] EXTERNALIZE build/GEDE01/src/game/game_fn_80019C10.o
[461/548] EXTERNALIZE build/GEDE01/src/game/game_fn_8001B874.o
[462/548] EXTERNALIZE build/GEDE01/src/game/game_fn_800194D0.o
[463/548] EXTERNALIZE build/GEDE01/src/game/game_fn_80019940.o
[464/548] EXTERNALIZE build/GEDE01/src/game/game_fn_80018EF4.o
[465/548] EXTERNALIZE build/GEDE01/src/game/game_fn_8001AF68.o
[466/548] EXTERNALIZE build/GEDE01/src/game/game_fn_80019054.o
[467/548] EXTERNALIZE build/GEDE01/src/game/game_fn_80017CC8.o
[468/548] EXTERNALIZE build/GEDE01/src/game/game_fn_80017DB0.o
[469/548] EXTERNALIZE build/GEDE01/src/game/game_fn_80019244.o
[470/548] EXTERNALIZE build/GEDE01/src/game/game_fn_80017C3C.o
[471/548] GLOBALIZE build/GEDE01/src/game/game_fn_800094C0.o
[472/548] EXTERNALIZE build/GEDE01/src/game/game_fn_80017A3C.o
[473/548] EXTERNALIZE build/GEDE01/src/game/game_fn_80017AE4.o
[474/548] EXTERNALIZE build/GEDE01/src/game/game_fn_800179AC.o
[475/548] EXTERNALIZE build/GEDE01/src/game/game_fn_8000FFD8.o
[476/548] EXTERNALIZE build/GEDE01/src/game/game_fn_8000F4B0.o
[477/548] EXTERNALIZE build/GEDE01/src/game/game_fn_800098C0.o
[478/548] EXTERNALIZE build/GEDE01/src/game/game_fn_80009AB4.o
[479/548] EXTERNALIZE build/GEDE01/src/game/game_fn_800099D8.o
[480/548] EXTERNALIZE build/GEDE01/src/game/game_fn_80017910.o
[481/548] EXTERNALIZE FLAGS build/GEDE01/src/game/game_fn_800119FC.o
[482/548] EXTERNALIZE build/GEDE01/src/game/game_fn_8000A26C.o
[483/548] EXTERNALIZE build/GEDE01/src/game/game_fn_800096E0.o
[484/548] EXTERNALIZE build/GEDE01/src/game/game_fn_800171C0.o
[485/548] EXTERNALIZE build/GEDE01/src/game/game_fn_8000EFC4.o
[486/548] EXTERNALIZE build/GEDE01/src/game/game_fn_800176F0.o
[487/548] EXTERNALIZE build/GEDE01/src/game/game_fn_8000AC88.o
[488/548] EXTERNALIZE build/GEDE01/src/game/game_fn_8000AEB4.o
[489/548] EXTERNALIZE build/GEDE01/src/game/game_fn_8000B630.o
[490/548] EXTERNALIZE build/GEDE01/src/game/game_fn_8000B1B8.o
[491/548] EXTERNALIZE build/GEDE01/src/game/game_fn_8000B36C.o
[492/548] EXTERNALIZE build/GEDE01/src/game/game_fn_8000B900.o
[493/548] EXTERNALIZE build/GEDE01/src/game/game_fn_8000B7FC.o
[494/548] EXTERNALIZE build/GEDE01/src/game/game_fn_8000AFB4.o
[495/548] EXTERNALIZE build/GEDE01/src/game/game_fn_8000BA0C.o
[496/548] NAME SWITCH build/GEDE01/src/game/game_fn_8000D8A4.o
[497/548] EXTERNALIZE build/GEDE01/src/game/game_fn_8000BAA0.o
[498/548] EXTERNALIZE build/GEDE01/src/game/game_fn_8000C06C.o
[499/548] EXTERNALIZE build/GEDE01/src/game/game_fn_8000C400.o
[500/548] EXTERNALIZE build/GEDE01/src/game/game_fn_8000C848.o
[501/548] EXTERNALIZE build/GEDE01/src/game/game_fn_8000C17C.o
[502/548] EXTERNALIZE build/GEDE01/src/game/game_fn_8000BC40.o
[503/548] EXTERNALIZE build/GEDE01/src/game/game_fn_8000C91C.o
[504/548] EXTERNALIZE build/GEDE01/src/game/game_fn_8000D0BC.o
[505/548] EXTERNALIZE build/GEDE01/src/game/game_fn_8000E0AC.o
[506/548] EXTERNALIZE build/GEDE01/src/game/game_fn_8000D3D4.o
[507/548] EXTERNALIZE build/GEDE01/src/game/game_fn_8000F774.o
[508/548] EXTERNALIZE build/GEDE01/src/game/game_fn_8000E054.o
[509/548] EXTERNALIZE build/GEDE01/src/game/game_fn_8000EB14.o
[510/548] EXTERNALIZE build/GEDE01/src/game/game_fn_8000E1C4.o
[511/548] EXTERNALIZE build/GEDE01/src/game/game_fn_8000EBD4.o
[512/548] EXTERNALIZE build/GEDE01/src/game/game_fn_8000E96C.o
[513/548] EXTERNALIZE build/GEDE01/src/game/game_fn_8000D590.o
[514/548] EXTERNALIZE build/GEDE01/src/game/game_fn_8000DA50.o
[515/548] EXTERNALIZE build/GEDE01/src/game/game_fn_8000DAF4.o
[516/548] EXTERNALIZE build/GEDE01/src/game/game_fn_8000E138.o
[517/548] EXTERNALIZE build/GEDE01/src/game/game_fn_8000ED44.o
[518/548] EXTERNALIZE build/GEDE01/src/game/game_fn_800131E8.o
[519/548] EXTERNALIZE build/GEDE01/src/game/game_fn_80012FD0.o
[520/548] EXTERNALIZE build/GEDE01/src/game/game_fn_80013870.o
[521/548] EXTERNALIZE build/GEDE01/src/game/game_fn_80012F40.o
[522/548] EXTERNALIZE build/GEDE01/src/game/game_fn_80012DA8.o
[523/548] EXTERNALIZE build/GEDE01/src/game/game_fn_80013340.o
[524/548] EXTERNALIZE build/GEDE01/src/game/game_fn_80013CB0.o
[525/548] EXTERNALIZE build/GEDE01/src/game/game_fn_80013D54.o
[526/548] EXTERNALIZE build/GEDE01/src/game/game_fn_80015058.o
[527/548] EXTERNALIZE build/GEDE01/src/game/game_fn_800144CC.o
[528/548] EXTERNALIZE build/GEDE01/src/game/game_fn_800149D4.o
[529/548] EXTERNALIZE build/GEDE01/src/game/game_fn_80015320.o
[530/548] EXTERNALIZE build/GEDE01/src/game/game_fn_80015BE0.o
[531/548] EXTERNALIZE build/GEDE01/src/game/game_fn_80015D40.o
[532/548] EXTERNALIZE build/GEDE01/src/game/game_fn_800142DC.o
[533/548] EXTERNALIZE build/GEDE01/src/game/game_fn_80015F04.o
[534/548] EXTERNALIZE build/GEDE01/src/game/game_fn_80014784.o
[535/548] EXTERNALIZE build/GEDE01/src/game/game_fn_80016270.o
[536/548] EXTERNALIZE build/GEDE01/src/game/game_fn_80016904.o
[537/548] EXTERNALIZE build/GEDE01/src/game/game_fn_80016128.o
[538/548] EXTERNALIZE build/GEDE01/src/game/game_fn_80015568.o
[539/548] EXTERNALIZE build/GEDE01/src/game/game_fn_800156FC.o
[540/548] EXTERNALIZE build/GEDE01/src/game/game_fn_800173CC.o
[541/548] EXTERNALIZE build/GEDE01/src/game/game_fn_80016B24.o
[542/548] REPORT
 INFO Loading project .
 INFO Generating report for 5621 units (using 8 threads)
 INFO Report generated in 0.146s
 INFO Writing to build/GEDE01/report.json
[543/548] LINK build/GEDE01/main.elf
### mwldeppc.exe Linker Warning:
#   Section '.ignored' is unknown. Section ignored.
### mwldeppc.exe Linker Warning:
#   Section '.ignored' is unknown. Section ignored.
### mwldeppc.exe Linker Warning:
#   Section '.ignored' is unknown. Section ignored.
### mwldeppc.exe Linker Warning:
#   Section '.ignored' is unknown. Section ignored.
### mwldeppc.exe Linker Warning:
#   Section '.ignored' is unknown. Section ignored.
### mwldeppc.exe Linker Warning:
#   Section '.ignored' is unknown. Section ignored.
### mwldeppc.exe Linker Warning:
#   Section '.ignored' is unknown. Section ignored.
### mwldeppc.exe Linker Warning:
#   Section '.ignored' is unknown. Section ignored.
### mwldeppc.exe Linker Warning:
#   Section '.ignored' is unknown. Section ignored.
### mwldeppc.exe Linker Warning:
#   Section '.ignored' is unknown. Section ignored.
### mwldeppc.exe Linker Warning:
#   Section '.ignored' is unknown. Section ignored.
### mwldeppc.exe Linker Warning:
#   Section '.ignored' is unknown. Section ignored.
### mwldeppc.exe Linker Warning:
#   Section '.ignored' is unknown. Section ignored.
### mwldeppc.exe Linker Warning:
#   Section '.ignored' is unknown. Section ignored.
### mwldeppc.exe Linker Warning:
#   Section '.ignored' is unknown. Section ignored.
### mwldeppc.exe Linker Warning:
#   Section '.ignored' is unknown. Section ignored.
### mwldeppc.exe Linker Warning:
#   Section '.ignored' is unknown. Section ignored.
### mwldeppc.exe Linker Warning:
#   Section '.ignored' is unknown. Section ignored.
### mwldeppc.exe Linker Warning:
#   Section '.ignored' is unknown. Section ignored.
### mwldeppc.exe Linker Warning:
#   Section '.ignored' is unknown. Section ignored.
### mwldeppc.exe Linker Warning:
#   Section '.ignored' is unknown. Section ignored.
### mwldeppc.exe Linker Warning:
#   Section '.ignored' is unknown. Section ignored.
### mwldeppc.exe Linker Warning:
#   Section '.ignored' is unknown. Section ignored.
### mwldeppc.exe Linker Warning:
#   Section '.ignored' is unknown. Section ignored.
### mwldeppc.exe Linker Warning:
#   Section '.ignored' is unknown. Section ignored.
### mwldeppc.exe Linker Warning:
#   Section '.ignored' is unknown. Section ignored.
### mwldeppc.exe Linker Warning:
#   Section '.ignored' is unknown. Section ignored.
### mwldeppc.exe Linker Warning:
#   Section '.ignored' is unknown. Section ignored.
### mwldeppc.exe Linker Warning:
#   Section '.ignored' is unknown. Section ignored.
### mwldeppc.exe Linker Warning:
#   Section '.ignored' is unknown. Section ignored.
### mwldeppc.exe Linker Warning:
#   Section '.ignored' is unknown. Section ignored.
### mwldeppc.exe Linker Warning:
#   Section '.ignored' is unknown. Section ignored.
### mwldeppc.exe Linker Warning:
#   Section '.ignored' is unknown. Section ignored.
### mwldeppc.exe Linker Warning:
#   Section '.ignored' is unknown. Section ignored.
### mwldeppc.exe Linker Warning:
#   Section '.ignored' is unknown. Section ignored.
### mwldeppc.exe Linker Warning:
#   Section '.ignored' is unknown. Section ignored.
### mwldeppc.exe Linker Warning:
#   Section '.ignored' is unknown. Section ignored.
### mwldeppc.exe Linker Warning:
#   Section '.ignored' is unknown. Section ignored.
### mwldeppc.exe Linker Warning:
#   Section '.ignored' is unknown. Section ignored.
### mwldeppc.exe Linker Warning:
#   Section '.ignored' is unknown. Section ignored.
### mwldeppc.exe Linker Warning:
#   Section '.ignored' is unknown. Section ignored.
### mwldeppc.exe Linker Warning:
#   Section '.ignored' is unknown. Section ignored.
### mwldeppc.exe Linker Warning:
#   Section '.ignored' is unknown. Section ignored.
### mwldeppc.exe Linker Warning:
#   Section '.ignored' is unknown. Section ignored.
### mwldeppc.exe Linker Warning:
#   Section '.ignored' is unknown. Section ignored.
### mwldeppc.exe Linker Warning:
#   Section '.ignored' is unknown. Section ignored.
### mwldeppc.exe Linker Warning:
#   Section '.ignored' is unknown. Section ignored.
### mwldeppc.exe Linker Warning:
#   Section '.ignored' is unknown. Section ignored.
### mwldeppc.exe Linker Warning:
#   Section '.ignored' is unknown. Section ignored.
### mwldeppc.exe Linker Warning:
#   Section '.ignored' is unknown. Section ignored.
### mwldeppc.exe Linker Warning:
#   Section '.ignored' is unknown. Section ignored.
### mwldeppc.exe Linker Warning:
#   Section '.ignored' is unknown. Section ignored.
### mwldeppc.exe Linker Warning:
#   Section '.ignored' is unknown. Section ignored.
### mwldeppc.exe Linker Warning:
#   Section '.ignored' is unknown. Section ignored.
### mwldeppc.exe Linker Warning:
#   Section '.ignored' is unknown. Section ignored.
### mwldeppc.exe Linker Warning:
#   Section '.ignored' is unknown. Section ignored.
### mwldeppc.exe Linker Warning:
#   Section '.ignored' is unknown. Section ignored.
### mwldeppc.exe Linker Warning:
#   Section '.ignored' is unknown. Section ignored.
### mwldeppc.exe Linker Warning:
#   Section '.ignored' is unknown. Section ignored.
### mwldeppc.exe Linker Warning:
#   Section '.ignored' is unknown. Section ignored.
### mwldeppc.exe Linker Warning:
#   Section '.ignored' is unknown. Section ignored.
### mwldeppc.exe Linker Warning:
#   Section '.ignored' is unknown. Section ignored.
### mwldeppc.exe Linker Warning:
#   Section '.ignored' is unknown. Section ignored.
### mwldeppc.exe Linker Warning:
#   Section '.ignored' is unknown. Section ignored.
### mwldeppc.exe Linker Warning:
#   Section '.ignored' is unknown. Section ignored.
### mwldeppc.exe Linker Warning:
#   Section '.ignored' is unknown. Section ignored.
### mwldeppc.exe Linker Warning:
#   Section '.ignored' is unknown. Section ignored.
### mwldeppc.exe Linker Warning:
#   Section '.ignored' is unknown. Section ignored.
### mwldeppc.exe Linker Warning:
#   Section '.ignored' is unknown. Section ignored.
### mwldeppc.exe Linker Warning:
#   Section '.ignored' is unknown. Section ignored.
### mwldeppc.exe Linker Warning:
#   Section '.ignored' is unknown. Section ignored.
### mwldeppc.exe Linker Warning:
#   Section '.ignored' is unknown. Section ignored.
### mwldeppc.exe Linker Warning:
#   Section '.ignored' is unknown. Section ignored.
### mwldeppc.exe Linker Warning:
#   Section '.ignored' is unknown. Section ignored.
### mwldeppc.exe Linker Warning:
#   Section '.ignored' is unknown. Section ignored.
### mwldeppc.exe Linker Warning:
#   Section '.ignored' is unknown. Section ignored.
### mwldeppc.exe Linker Warning:
#   Section '.ignored' is unknown. Section ignored.
### mwldeppc.exe Linker Warning:
#   Section '.ignored' is unknown. Section ignored.
### mwldeppc.exe Linker Warning:
#   Section '.ignored' is unknown. Section ignored.
### mwldeppc.exe Linker Warning:
#   Section '.ignored' is unknown. Section ignored.
### mwldeppc.exe Linker Warning:
#   Section '.ignored' is unknown. Section ignored.
### mwldeppc.exe Linker Warning:
#   Section '.ignored' is unknown. Section ignored.
### mwldeppc.exe Linker Warning:
#   Section '.ignored' is unknown. Section ignored.
### mwldeppc.exe Linker Warning:
#   Section '.ignored' is unknown. Section ignored.
### mwldeppc.exe Linker Warning:
#   Section '.ignored' is unknown. Section ignored.
### mwldeppc.exe Linker Warning:
#   Section '.ignored' is unknown. Section ignored.
### mwldeppc.exe Linker Warning:
#   Section '.ignored' is unknown. Section ignored.
### mwldeppc.exe Linker Warning:
#   Section '.ignored' is unknown. Section ignored.
### mwldeppc.exe Linker Warning:
#   Section '.ignored' is unknown. Section ignored.
### mwldeppc.exe Linker Warning:
#   Section '.ignored' is unknown. Section ignored.
### mwldeppc.exe Linker Warning:
#   Section '.ignored' is unknown. Section ignored.
### mwldeppc.exe Linker Warning:
#   Section '.ignored' is unknown. Section ignored.
### mwldeppc.exe Linker Warning:
#   Section '.ignored' is unknown. Section ignored.
### mwldeppc.exe Linker Warning:
#   Section '.ignored' is unknown. Section ignored.
### mwldeppc.exe Linker Warning:
#   Section '.ignored' is unknown. Section ignored.
### mwldeppc.exe Linker Warning:
#   Section '.ignored' is unknown. Section ignored.
### mwldeppc.exe Linker Warning:
#   Section '.ignored' is unknown. Section ignored.
### mwldeppc.exe Linker Warning:
#   Section '.ignored' is unknown. Section ignored.
### mwldeppc.exe Linker Warning:
#   Section '.ignored' is unknown. Section ignored.
### mwldeppc.exe Linker Warning:
#   Section '.ignored' is unknown. Section ignored.
### mwldeppc.exe Linker Warning:
#   Section '.ignored' is unknown. Section ignored.
### mwldeppc.exe Linker Warning:
#   Section '.ignored' is unknown. Section ignored.
### mwldeppc.exe Linker Warning:
#   Section '.ignored' is unknown. Section ignored.
### mwldeppc.exe Linker Warning:
#   Section '.ignored' is unknown. Section ignored.
### mwldeppc.exe Linker Warning:
#   Section '.ignored' is unknown. Section ignored.
### mwldeppc.exe Linker Warning:
#   Section '.ignored' is unknown. Section ignored.
### mwldeppc.exe Linker Warning:
#   Section '.ignored' is unknown. Section ignored.
### mwldeppc.exe Linker Warning:
#   Section '.ignored' is unknown. Section ignored.
### mwldeppc.exe Linker Warning:
#   Section '.ignored' is unknown. Section ignored.
### mwldeppc.exe Linker Warning:
#   Section '.ignored' is unknown. Section ignored.
### mwldeppc.exe Linker Warning:
#   Section '.ignored' is unknown. Section ignored.
### mwldeppc.exe Linker Warning:
#   Section '.ignored' is unknown. Section ignored.
### mwldeppc.exe Linker Warning:
#   Section '.ignored' is unknown. Section ignored.
### mwldeppc.exe Linker Warning:
#   Section '.ignored' is unknown. Section ignored.
### mwldeppc.exe Linker Warning:
#   Section '.ignored' is unknown. Section ignored.
### mwldeppc.exe Linker Warning:
#   Section '.ignored' is unknown. Section ignored.
### mwldeppc.exe Linker Warning:
#   Section '.ignored' is unknown. Section ignored.
### mwldeppc.exe Linker Warning:
#   Section '.ignored' is unknown. Section ignored.
### mwldeppc.exe Linker Warning:
#   Section '.ignored' is unknown. Section ignored.
### mwldeppc.exe Linker Warning:
#   Section '.ignored' is unknown. Section ignored.
### mwldeppc.exe Linker Warning:
#   Section '.ignored' is unknown. Section ignored.
### mwldeppc.exe Linker Warning:
#   Section '.ignored' is unknown. Section ignored.
### mwldeppc.exe Linker Warning:
#   Section '.ignored' is unknown. Section ignored.
### mwldeppc.exe Linker Warning:
#   Section '.ignored' is unknown. Section ignored.
### mwldeppc.exe Linker Warning:
#   Section '.ignored' is unknown. Section ignored.
### mwldeppc.exe Linker Warning:
#   Section '.ignored' is unknown. Section ignored.
### mwldeppc.exe Linker Warning:
#   Section '.ignored' is unknown. Section ignored.
### mwldeppc.exe Linker Warning:
#   Section '.ignored' is unknown. Section ignored.
### mwldeppc.exe Linker Warning:
#   Section '.ignored' is unknown. Section ignored.
### mwldeppc.exe Linker Warning:
#   Section '.ignored' is unknown. Section ignored.
### mwldeppc.exe Linker Warning:
#   Section '.ignored' is unknown. Section ignored.
### mwldeppc.exe Linker Warning:
#   Section '.ignored' is unknown. Section ignored.
### mwldeppc.exe Linker Warning:
#   Section '.ignored' is unknown. Section ignored.
### mwldeppc.exe Linker Warning:
#   Section '.ignored' is unknown. Section ignored.
### mwldeppc.exe Linker Warning:
#   Section '.ignored' is unknown. Section ignored.
### mwldeppc.exe Linker Warning:
#   Section '.ignored' is unknown. Section ignored.
### mwldeppc.exe Linker Warning:
#   Section '.ignored' is unknown. Section ignored.
### mwldeppc.exe Linker Warning:
#   Section '.ignored' is unknown. Section ignored.
### mwldeppc.exe Linker Warning:
#   Section '.ignored' is unknown. Section ignored.
### mwldeppc.exe Linker Warning:
#   Section '.ignored' is unknown. Section ignored.
### mwldeppc.exe Linker Warning:
#   Section '.ignored' is unknown. Section ignored.
### mwldeppc.exe Linker Warning:
#   Section '.ignored' is unknown. Section ignored.
### mwldeppc.exe Linker Warning:
#   Section '.ignored' is unknown. Section ignored.
### mwldeppc.exe Linker Warning:
#   Section '.ignored' is unknown. Section ignored.
### mwldeppc.exe Linker Warning:
#   Section '.ignored' is unknown. Section ignored.
### mwldeppc.exe Linker Warning:
#   Section '.ignored' is unknown. Section ignored.
### mwldeppc.exe Linker Warning:
#   Section '.ignored' is unknown. Section ignored.
### mwldeppc.exe Linker Warning:
#   Section '.ignored' is unknown. Section ignored.
### mwldeppc.exe Linker Warning:
#   Section '.ignored' is unknown. Section ignored.
### mwldeppc.exe Linker Warning:
#   Section '.ignored' is unknown. Section ignored.
### mwldeppc.exe Linker Warning:
#   Section '.ignored' is unknown. Section ignored.
### mwldeppc.exe Linker Warning:
#   Section '.ignored' is unknown. Section ignored.
### mwldeppc.exe Linker Warning:
#   Section '.ignored' is unknown. Section ignored.
### mwldeppc.exe Linker Warning:
#   Section '.ignored' is unknown. Section ignored.
### mwldeppc.exe Linker Warning:
#   Section '.ignored' is unknown. Section ignored.
### mwldeppc.exe Linker Warning:
#   Section '.ignored' is unknown. Section ignored.
### mwldeppc.exe Linker Warning:
#   Section '.ignored' is unknown. Section ignored.
### mwldeppc.exe Linker Warning:
#   Section '.ignored' is unknown. Section ignored.
### mwldeppc.exe Linker Warning:
#   Section '.ignored' is unknown. Section ignored.
### mwldeppc.exe Linker Warning:
#   Section '.ignored' is unknown. Section ignored.
### mwldeppc.exe Linker Warning:
#   Section '.ignored' is unknown. Section ignored.
### mwldeppc.exe Linker Warning:
#   Section '.ignored' is unknown. Section ignored.
### mwldeppc.exe Linker Warning:
#   Section '.ignored' is unknown. Section ignored.
### mwldeppc.exe Linker Warning:
#   Section '.ignored' is unknown. Section ignored.
### mwldeppc.exe Linker Warning:
#   Section '.ignored' is unknown. Section ignored.
### mwldeppc.exe Linker Warning:
#   Section '.ignored' is unknown. Section ignored.
### mwldeppc.exe Linker Warning:
#   Section '.ignored' is unknown. Section ignored.
### mwldeppc.exe Linker Warning:
#   Section '.ignored' is unknown. Section ignored.
### mwldeppc.exe Linker Warning:
#   Section '.ignored' is unknown. Section ignored.
### mwldeppc.exe Linker Warning:
#   Section '.ignored' is unknown. Section ignored.
### mwldeppc.exe Linker Warning:
#   Section '.ignored' is unknown. Section ignored.
### mwldeppc.exe Linker Warning:
#   Section '.ignored' is unknown. Section ignored.
### mwldeppc.exe Linker Warning:
#   Section '.ignored' is unknown. Section ignored.
### mwldeppc.exe Linker Warning:
#   Section '.ignored' is unknown. Section ignored.
### mwldeppc.exe Linker Warning:
#   Section '.ignored' is unknown. Section ignored.
### mwldeppc.exe Linker Warning:
#   Section '.ignored' is unknown. Section ignored.
### mwldeppc.exe Linker Warning:
#   Section '.ignored' is unknown. Section ignored.
### mwldeppc.exe Linker Warning:
#   Section '.ignored' is unknown. Section ignored.
### mwldeppc.exe Linker Warning:
#   Section '.ignored' is unknown. Section ignored.
### mwldeppc.exe Linker Warning:
#   Section '.ignored' is unknown. Section ignored.
### mwldeppc.exe Linker Warning:
#   Section '.ignored' is unknown. Section ignored.
### mwldeppc.exe Linker Warning:
#   Section '.ignored' is unknown. Section ignored.
### mwldeppc.exe Linker Warning:
#   Section '.ignored' is unknown. Section ignored.
### mwldeppc.exe Linker Warning:
#   Section '.ignored' is unknown. Section ignored.
### mwldeppc.exe Linker Warning:
#   Section '.ignored' is unknown. Section ignored.
### mwldeppc.exe Linker Warning:
#   Section '.ignored' is unknown. Section ignored.
### mwldeppc.exe Linker Warning:
#   Section '.ignored' is unknown. Section ignored.
### mwldeppc.exe Linker Warning:
#   Section '.ignored' is unknown. Section ignored.
### mwldeppc.exe Linker Warning:
#   Section '.ignored' is unknown. Section ignored.
### mwldeppc.exe Linker Warning:
#   Section '.ignored' is unknown. Section ignored.
### mwldeppc.exe Linker Warning:
#   Section '.ignored' is unknown. Section ignored.
### mwldeppc.exe Linker Warning:
#   Section '.ignored' is unknown. Section ignored.
### mwldeppc.exe Linker Warning:
#   Section '.ignored' is unknown. Section ignored.
### mwldeppc.exe Linker Warning:
#   Section '.ignored' is unknown. Section ignored.
### mwldeppc.exe Linker Warning:
#   Section '.ignored' is unknown. Section ignored.
### mwldeppc.exe Linker Warning:
#   Section '.ignored' is unknown. Section ignored.
### mwldeppc.exe Linker Warning:
#   Section '.ignored' is unknown. Section ignored.
### mwldeppc.exe Linker Warning:
#   Section '.ignored' is unknown. Section ignored.
### mwldeppc.exe Linker Warning:
#   Section '.ignored' is unknown. Section ignored.
### mwldeppc.exe Linker Warning:
#   Section '.ignored' is unknown. Section ignored.
### mwldeppc.exe Linker Warning:
#   Section '.ignored' is unknown. Section ignored.
### mwldeppc.exe Linker Warning:
#   Section '.ignored' is unknown. Section ignored.
### mwldeppc.exe Linker Warning:
#   Section '.ignored' is unknown. Section ignored.
### mwldeppc.exe Linker Warning:
#   Section '.ignored' is unknown. Section ignored.
### mwldeppc.exe Linker Warning:
#   Section '.ignored' is unknown. Section ignored.
### mwldeppc.exe Linker Warning:
#   Section '.ignored' is unknown. Section ignored.
### mwldeppc.exe Linker Warning:
#   Section '.ignored' is unknown. Section ignored.
### mwldeppc.exe Linker Warning:
#   Section '.ignored' is unknown. Section ignored.
### mwldeppc.exe Linker Warning:
#   Section '.ignored' is unknown. Section ignored.
### mwldeppc.exe Linker Warning:
#   Section '.ignored' is unknown. Section ignored.
### mwldeppc.exe Linker Warning:
#   Section '.ignored' is unknown. Section ignored.
### mwldeppc.exe Linker Warning:
#   Section '.ignored' is unknown. Section ignored.
### mwldeppc.exe Linker Warning:
#   Section '.ignored' is unknown. Section ignored.
### mwldeppc.exe Linker Warning:
#   Section '.ignored' is unknown. Section ignored.
### mwldeppc.exe Linker Warning:
#   Section '.ignored' is unknown. Section ignored.
### mwldeppc.exe Linker Warning:
#   Section '.ignored' is unknown. Section ignored.
### mwldeppc.exe Linker Warning:
#   Section '.ignored' is unknown. Section ignored.
### mwldeppc.exe Linker Warning:
#   Section '.ignored' is unknown. Section ignored.
### mwldeppc.exe Linker Warning:
#   Section '.ignored' is unknown. Section ignored.
### mwldeppc.exe Linker Warning:
#   Section '.ignored' is unknown. Section ignored.
### mwldeppc.exe Linker Warning:
#   Section '.ignored' is unknown. Section ignored.
### mwldeppc.exe Linker Warning:
#   Section '.ignored' is unknown. Section ignored.
### mwldeppc.exe Linker Warning:
#   Section '.ignored' is unknown. Section ignored.
### mwldeppc.exe Linker Warning:
#   Section '.ignored' is unknown. Section ignored.
### mwldeppc.exe Linker Warning:
#   Section '.ignored' is unknown. Section ignored.
### mwldeppc.exe Linker Warning:
#   Section '.ignored' is unknown. Section ignored.
### mwldeppc.exe Linker Warning:
#   Section '.ignored' is unknown. Section ignored.
### mwldeppc.exe Linker Warning:
#   Section '.ignored' is unknown. Section ignored.
### mwldeppc.exe Linker Warning:
#   Section '.ignored' is unknown. Section ignored.
### mwldeppc.exe Linker Warning:
#   Section '.ignored' is unknown. Section ignored.
### mwldeppc.exe Linker Warning:
#   Section '.ignored' is unknown. Section ignored.
### mwldeppc.exe Linker Warning:
#   Section '.ignored' is unknown. Section ignored.
### mwldeppc.exe Linker Warning:
#   Section '.ignored' is unknown. Section ignored.
### mwldeppc.exe Linker Warning:
#   Section '.ignored' is unknown. Section ignored.
### mwldeppc.exe Linker Warning:
#   Section '.ignored' is unknown. Section ignored.
### mwldeppc.exe Linker Warning:
#   Section '.ignored' is unknown. Section ignored.
### mwldeppc.exe Linker Warning:
#   Section '.ignored' is unknown. Section ignored.
### mwldeppc.exe Linker Warning:
#   Section '.ignored' is unknown. Section ignored.
### mwldeppc.exe Linker Warning:
#   Section '.ignored' is unknown. Section ignored.
### mwldeppc.exe Linker Warning:
#   Section '.ignored' is unknown. Section ignored.
### mwldeppc.exe Linker Warning:
#   Section '.ignored' is unknown. Section ignored.
### mwldeppc.exe Linker Warning:
#   Section '.ignored' is unknown. Section ignored.
### mwldeppc.exe Linker Warning:
#   Section '.ignored' is unknown. Section ignored.
### mwldeppc.exe Linker Warning:
#   Section '.ignored' is unknown. Section ignored.
### mwldeppc.exe Linker Warning:
#   Section '.ignored' is unknown. Section ignored.
### mwldeppc.exe Linker Warning:
#   Section '.ignored' is unknown. Section ignored.
### mwldeppc.exe Linker Warning:
#   Section '.ignored' is unknown. Section ignored.
### mwldeppc.exe Linker Warning:
#   Section '.ignored' is unknown. Section ignored.
### mwldeppc.exe Linker Warning:
#   Section '.ignored' is unknown. Section ignored.
### mwldeppc.exe Linker Warning:
#   Section '.ignored' is unknown. Section ignored.
### mwldeppc.exe Linker Warning:
#   Section '.ignored' is unknown. Section ignored.
### mwldeppc.exe Linker Warning:
#   Section '.ignored' is unknown. Section ignored.
### mwldeppc.exe Linker Warning:
#   Section '.ignored' is unknown. Section ignored.
### mwldeppc.exe Linker Warning:
#   Section '.ignored' is unknown. Section ignored.
### mwldeppc.exe Linker Warning:
#   Section '.ignored' is unknown. Section ignored.
### mwldeppc.exe Linker Warning:
#   Section '.ignored' is unknown. Section ignored.
### mwldeppc.exe Linker Warning:
#   Section '.ignored' is unknown. Section ignored.
### mwldeppc.exe Linker Warning:
#   Section '.ignored' is unknown. Section ignored.
### mwldeppc.exe Linker Warning:
#   Section '.ignored' is unknown. Section ignored.
### mwldeppc.exe Linker Warning:
#   Section '.ignored' is unknown. Section ignored.
### mwldeppc.exe Linker Warning:
#   Section '.ignored' is unknown. Section ignored.
### mwldeppc.exe Linker Warning:
#   Section '.ignored' is unknown. Section ignored.
### mwldeppc.exe Linker Warning:
#   Section '.ignored' is unknown. Section ignored.
### mwldeppc.exe Linker Warning:
#   Section '.ignored' is unknown. Section ignored.
### mwldeppc.exe Linker Warning:
#   Section '.ignored' is unknown. Section ignored.
### mwldeppc.exe Linker Warning:
#   Section '.ignored' is unknown. Section ignored.
### mwldeppc.exe Linker Warning:
#   Section '.ignored' is unknown. Section ignored.
### mwldeppc.exe Linker Warning:
#   Section '.ignored' is unknown. Section ignored.
### mwldeppc.exe Linker Warning:
#   Section '.ignored' is unknown. Section ignored.
### mwldeppc.exe Linker Warning:
#   Section '.ignored' is unknown. Section ignored.
### mwldeppc.exe Linker Warning:
#   Section '.ignored' is unknown. Section ignored.
### mwldeppc.exe Linker Warning:
#   Section '.ignored' is unknown. Section ignored.
### mwldeppc.exe Linker Warning:
#   Section '.ignored' is unknown. Section ignored.
### mwldeppc.exe Linker Warning:
#   Section '.ignored' is unknown. Section ignored.
### mwldeppc.exe Linker Warning:
#   Section '.ignored' is unknown. Section ignored.
### mwldeppc.exe Linker Warning:
#   Section '.ignored' is unknown. Section ignored.
### mwldeppc.exe Linker Warning:
#   Section '.ignored' is unknown. Section ignored.
### mwldeppc.exe Linker Warning:
#   Section '.ignored' is unknown. Section ignored.
### mwldeppc.exe Linker Warning:
#   Section '.ignored' is unknown. Section ignored.
### mwldeppc.exe Linker Warning:
#   Section '.ignored' is unknown. Section ignored.
### mwldeppc.exe Linker Warning:
#   Section '.ignored' is unknown. Section ignored.
### mwldeppc.exe Linker Warning:
#   Section '.ignored' is unknown. Section ignored.
### mwldeppc.exe Linker Warning:
#   Section '.ignored' is unknown. Section ignored.
### mwldeppc.exe Linker Warning:
#   Section '.ignored' is unknown. Section ignored.
### mwldeppc.exe Linker Warning:
#   Section '.ignored' is unknown. Section ignored.
### mwldeppc.exe Linker Warning:
#   Section '.ignored' is unknown. Section ignored.
### mwldeppc.exe Linker Warning:
#   Section '.ignored' is unknown. Section ignored.
### mwldeppc.exe Linker Warning:
#   Section '.ignored' is unknown. Section ignored.
### mwldeppc.exe Linker Warning:
#   Section '.ignored' is unknown. Section ignored.
### mwldeppc.exe Linker Warning:
#   Section '.ignored' is unknown. Section ignored.
### mwldeppc.exe Linker Warning:
#   Section '.ignored' is unknown. Section ignored.
### mwldeppc.exe Linker Warning:
#   Section '.ignored' is unknown. Section ignored.
### mwldeppc.exe Linker Warning:
#   Section '.ignored' is unknown. Section ignored.
### mwldeppc.exe Linker Warning:
#   Section '.ignored' is unknown. Section ignored.
### mwldeppc.exe Linker Warning:
#   Section '.ignored' is unknown. Section ignored.
### mwldeppc.exe Linker Warning:
#   Section '.ignored' is unknown. Section ignored.
### mwldeppc.exe Linker Warning:
#   Section '.ignored' is unknown. Section ignored.
### mwldeppc.exe Linker Warning:
#   Section '.ignored' is unknown. Section ignored.
### mwldeppc.exe Linker Warning:
#   Section '.ignored' is unknown. Section ignored.
### mwldeppc.exe Linker Warning:
#   Section '.ignored' is unknown. Section ignored.
### mwldeppc.exe Linker Warning:
#   Section '.ignored' is unknown. Section ignored.
### mwldeppc.exe Linker Warning:
#   Section '.ignored' is unknown. Section ignored.
### mwldeppc.exe Linker Warning:
#   Section '.ignored' is unknown. Section ignored.
### mwldeppc.exe Linker Warning:
#   Section '.ignored' is unknown. Section ignored.
### mwldeppc.exe Linker Warning:
#   Section '.ignored' is unknown. Section ignored.
### mwldeppc.exe Linker Warning:
#   Section '.ignored' is unknown. Section ignored.
### mwldeppc.exe Linker Warning:
#   Section '.ignored' is unknown. Section ignored.
### mwldeppc.exe Linker Warning:
#   Section '.ignored' is unknown. Section ignored.
### mwldeppc.exe Linker Warning:
#   Section '.ignored' is unknown. Section ignored.
### mwldeppc.exe Linker Warning:
#   Section '.ignored' is unknown. Section ignored.
### mwldeppc.exe Linker Warning:
#   Section '.ignored' is unknown. Section ignored.
### mwldeppc.exe Linker Warning:
#   Section '.ignored' is unknown. Section ignored.
### mwldeppc.exe Linker Warning:
#   Section '.ignored' is unknown. Section ignored.
### mwldeppc.exe Linker Warning:
#   Section '.ignored' is unknown. Section ignored.
### mwldeppc.exe Linker Warning:
#   Section '.ignored' is unknown. Section ignored.
### mwldeppc.exe Linker Warning:
#   Section '.ignored' is unknown. Section ignored.
### mwldeppc.exe Linker Warning:
#   Section '.ignored' is unknown. Section ignored.
### mwldeppc.exe Linker Warning:
#   Section '.ignored' is unknown. Section ignored.
### mwldeppc.exe Linker Warning:
#   Section '.ignored' is unknown. Section ignored.
### mwldeppc.exe Linker Warning:
#   Section '.ignored' is unknown. Section ignored.
### mwldeppc.exe Linker Warning:
#   Section '.ignored' is unknown. Section ignored.
### mwldeppc.exe Linker Warning:
#   Section '.ignored' is unknown. Section ignored.
### mwldeppc.exe Linker Warning:
#   Section '.ignored' is unknown. Section ignored.
### mwldeppc.exe Linker Warning:
#   Section '.ignored' is unknown. Section ignored.
### mwldeppc.exe Linker Warning:
#   Section '.ignored' is unknown. Section ignored.
### mwldeppc.exe Linker Warning:
#   Section '.ignored' is unknown. Section ignored.
### mwldeppc.exe Linker Warning:
#   Section '.ignored' is unknown. Section ignored.
### mwldeppc.exe Linker Warning:
#   Section '.ignored' is unknown. Section ignored.
### mwldeppc.exe Linker Warning:
#   Section '.ignored' is unknown. Section ignored.
### mwldeppc.exe Linker Warning:
#   Section '.ignored' is unknown. Section ignored.
### mwldeppc.exe Linker Warning:
#   Section '.ignored' is unknown. Section ignored.
### mwldeppc.exe Linker Warning:
#   Section '.ignored' is unknown. Section ignored.
### mwldeppc.exe Linker Warning:
#   Section '.ignored' is unknown. Section ignored.
### mwldeppc.exe Linker Warning:
#   Section '.ignored' is unknown. Section ignored.
### mwldeppc.exe Linker Warning:
#   Section '.ignored' is unknown. Section ignored.
### mwldeppc.exe Linker Warning:
#   Section '.ignored' is unknown. Section ignored.
### mwldeppc.exe Linker Warning:
#   Section '.ignored' is unknown. Section ignored.
### mwldeppc.exe Linker Warning:
#   Section '.ignored' is unknown. Section ignored.
### mwldeppc.exe Linker Warning:
#   Section '.ignored' is unknown. Section ignored.
### mwldeppc.exe Linker Warning:
#   Section '.ignored' is unknown. Section ignored.
### mwldeppc.exe Linker Warning:
#   Section '.ignored' is unknown. Section ignored.
### mwldeppc.exe Linker Warning:
#   Section '.ignored' is unknown. Section ignored.
### mwldeppc.exe Linker Warning:
#   Section '.ignored' is unknown. Section ignored.
### mwldeppc.exe Linker Warning:
#   Section '.ignored' is unknown. Section ignored.
### mwldeppc.exe Linker Warning:
#   Section '.ignored' is unknown. Section ignored.
### mwldeppc.exe Linker Warning:
#   Section '.ignored' is unknown. Section ignored.
### mwldeppc.exe Linker Warning:
#   Section '.ignored' is unknown. Section ignored.
### mwldeppc.exe Linker Warning:
#   Section '.ignored' is unknown. Section ignored.
### mwldeppc.exe Linker Warning:
#   Section '.ignored' is unknown. Section ignored.
### mwldeppc.exe Linker Warning:
#   Section '.ignored' is unknown. Section ignored.
### mwldeppc.exe Linker Warning:
#   Section '.ignored' is unknown. Section ignored.
### mwldeppc.exe Linker Warning:
#   Section '.ignored' is unknown. Section ignored.
### mwldeppc.exe Linker Warning:
#   Section '.ignored' is unknown. Section ignored.
### mwldeppc.exe Linker Warning:
#   Section '.ignored' is unknown. Section ignored.
### mwldeppc.exe Linker Warning:
#   Section '.ignored' is unknown. Section ignored.
### mwldeppc.exe Linker Warning:
#   Section '.ignored' is unknown. Section ignored.
### mwldeppc.exe Linker Warning:
#   Section '.ignored' is unknown. Section ignored.
### mwldeppc.exe Linker Warning:
#   Section '.ignored' is unknown. Section ignored.
### mwldeppc.exe Linker Warning:
#   Section '.ignored' is unknown. Section ignored.
### mwldeppc.exe Linker Warning:
#   Section '.ignored' is unknown. Section ignored.
[544/548] DOL build/GEDE01/main.dol
[545/548] CHECK config/GEDE01/build.sha1
build/GEDE01/main.dol: OK
[546/548] PROGRESS
Progress:
  All: 39.99% fuzzy, 26.32% matched, 26.32% linked (4091 / 5621 files)
    Code: 605580 / 2300692 bytes (3856 / 8216 functions)
    Data: 34626 / 4305642 bytes (0.80%)
  Game Code: 90.77% fuzzy, 59.65% matched, 59.64% linked (4073 / 4897 files)
    Code: 602552 / 1010224 bytes (3794 / 4618 functions)
    Data: 34402 / 35510 bytes (96.88%)
  SDK/Runtime: 100.00% fuzzy, 100.00% matched, 100.00% linked (18 / 18 files)
    Code: 3028 / 3028 bytes (62 / 62 functions)
    Data: 224 / 224 bytes (100.00%)
