[1/543] MWCC build/GEDE01/src/game/game_fn_8000A26C.o
### mwcceppc.exe Usage Warning:
#   Specified directory 'include' not found
[2/543] MWCC build/GEDE01/src/game/game_fn_8000AEB4.o
### mwcceppc.exe Usage Warning:
#   Specified directory 'include' not found
[3/543] MWCC build/GEDE01/src/game/game_fn_800096E0.o
### mwcceppc.exe Usage Warning:
#   Specified directory 'include' not found
[4/543] MWCC build/GEDE01/src/game/game_fn_800099D8.o
### mwcceppc.exe Usage Warning:
#   Specified directory 'include' not found
[5/543] MWCC build/GEDE01/src/game/game_fn_80009AB4.o
### mwcceppc.exe Usage Warning:
#   Specified directory 'include' not found
[6/543] MWCC build/GEDE01/src/game/game_fn_800098C0.o
### mwcceppc.exe Usage Warning:
#   Specified directory 'include' not found
[7/543] MWCC build/GEDE01/src/game/game_fn_800094C0.o
### mwcceppc.exe Usage Warning:
#   Specified directory 'include' not found
[8/543] MWCC build/GEDE01/src/game/game_fn_8000B1B8.o
### mwcceppc.exe Usage Warning:
#   Specified directory 'include' not found
[9/543] MWCC build/GEDE01/src/game/game_fn_8000AFB4.o
### mwcceppc.exe Usage Warning:
#   Specified directory 'include' not found
[10/543] MWCC build/GEDE01/src/game/game_fn_8000AC88.o
### mwcceppc.exe Usage Warning:
#   Specified directory 'include' not found
[11/543] MWCC build/GEDE01/src/game/game_fn_8000B36C.o
### mwcceppc.exe Usage Warning:
#   Specified directory 'include' not found
[12/543] MWCC build/GEDE01/src/game/game_fn_8000B7FC.o
### mwcceppc.exe Usage Warning:
#   Specified directory 'include' not found
[13/543] MWCC build/GEDE01/src/game/game_fn_8000B900.o
### mwcceppc.exe Usage Warning:
#   Specified directory 'include' not found
[14/543] MWCC build/GEDE01/src/game/game_fn_8000B630.o
### mwcceppc.exe Usage Warning:
#   Specified directory 'include' not found
[15/543] MWCC build/GEDE01/src/game/game_fn_8000BAA0.o
### mwcceppc.exe Usage Warning:
#   Specified directory 'include' not found
[16/543] MWCC build/GEDE01/src/game/game_fn_8000BC40.o
### mwcceppc.exe Usage Warning:
#   Specified directory 'include' not found
[17/543] MWCC build/GEDE01/src/game/game_fn_8000BA0C.o
### mwcceppc.exe Usage Warning:
#   Specified directory 'include' not found
[18/543] MWCC build/GEDE01/src/game/game_fn_8000C06C.o
### mwcceppc.exe Usage Warning:
#   Specified directory 'include' not found
[19/543] MWCC build/GEDE01/src/game/game_fn_8000C91C.o
### mwcceppc.exe Usage Warning:
#   Specified directory 'include' not found
[20/543] MWCC build/GEDE01/src/game/game_fn_8000C17C.o
### mwcceppc.exe Usage Warning:
#   Specified directory 'include' not found
[21/543] MWCC build/GEDE01/src/game/game_fn_8000D0BC.o
### mwcceppc.exe Usage Warning:
#   Specified directory 'include' not found
[22/543] MWCC build/GEDE01/src/game/game_fn_8000C848.o
### mwcceppc.exe Usage Warning:
#   Specified directory 'include' not found
[23/543] MWCC build/GEDE01/src/game/game_fn_8000C400.o
### mwcceppc.exe Usage Warning:
#   Specified directory 'include' not found
[24/543] MWCC build/GEDE01/src/game/game_fn_8000D8A4.o
### mwcceppc.exe Usage Warning:
#   Specified directory 'include' not found
[25/543] MWCC build/GEDE01/src/game/game_fn_8000D590.o
### mwcceppc.exe Usage Warning:
#   Specified directory 'include' not found
[26/543] MWCC build/GEDE01/src/game/game_fn_8000D3D4.o
### mwcceppc.exe Usage Warning:
#   Specified directory 'include' not found
[27/543] MWCC build/GEDE01/src/game/game_fn_8000DA50.o
### mwcceppc.exe Usage Warning:
#   Specified directory 'include' not found
[28/543] MWCC build/GEDE01/src/game/game_fn_8000DAF4.o
### mwcceppc.exe Usage Warning:
#   Specified directory 'include' not found
[29/543] MWCC build/GEDE01/src/game/game_fn_8000E054.o
### mwcceppc.exe Usage Warning:
#   Specified directory 'include' not found
[30/543] MWCC build/GEDE01/src/game/game_fn_8000E0AC.o
### mwcceppc.exe Usage Warning:
#   Specified directory 'include' not found
[31/543] MWCC build/GEDE01/src/game/game_fn_8000E138.o
### mwcceppc.exe Usage Warning:
#   Specified directory 'include' not found
[32/543] MWCC build/GEDE01/src/game/game_fn_8000EB14.o
### mwcceppc.exe Usage Warning:
#   Specified directory 'include' not found
[33/543] MWCC build/GEDE01/src/game/game_fn_8000E96C.o
### mwcceppc.exe Usage Warning:
#   Specified directory 'include' not found
[34/543] MWCC build/GEDE01/src/game/game_fn_8000E1C4.o
### mwcceppc.exe Usage Warning:
#   Specified directory 'include' not found
[35/543] MWCC build/GEDE01/src/game/game_fn_8000EFC4.o
### mwcceppc.exe Usage Warning:
#   Specified directory 'include' not found
[36/543] MWCC build/GEDE01/src/game/game_fn_8000ED44.o
### mwcceppc.exe Usage Warning:
#   Specified directory 'include' not found
[37/543] MWCC build/GEDE01/src/game/game_fn_8000F4B0.o
### mwcceppc.exe Usage Warning:
#   Specified directory 'include' not found
[38/543] MWCC build/GEDE01/src/game/game_fn_8000EBD4.o
### mwcceppc.exe Usage Warning:
#   Specified directory 'include' not found
[39/543] MWCC build/GEDE01/src/game/game_fn_8000FFD8.o
### mwcceppc.exe Usage Warning:
#   Specified directory 'include' not found
[40/543] MWCC build/GEDE01/src/game/game_fn_8000F774.o
### mwcceppc.exe Usage Warning:
#   Specified directory 'include' not found
[41/543] MWCC build/GEDE01/src/game/game_fn_80012DA8.o
### mwcceppc.exe Usage Warning:
#   Specified directory 'include' not found
[42/543] MWCC build/GEDE01/src/game/game_fn_800119FC.o
### mwcceppc.exe Usage Warning:
#   Specified directory 'include' not found
[43/543] MWCC build/GEDE01/src/game/game_fn_80012F40.o
### mwcceppc.exe Usage Warning:
#   Specified directory 'include' not found
[44/543] MWCC build/GEDE01/src/game/game_fn_80012FD0.o
### mwcceppc.exe Usage Warning:
#   Specified directory 'include' not found
[45/543] MWCC build/GEDE01/src/game/game_fn_800131E8.o
### mwcceppc.exe Usage Warning:
#   Specified directory 'include' not found
[46/543] MWCC build/GEDE01/src/game/game_fn_80013340.o
### mwcceppc.exe Usage Warning:
#   Specified directory 'include' not found
[47/543] MWCC build/GEDE01/src/game/game_fn_80013870.o
### mwcceppc.exe Usage Warning:
#   Specified directory 'include' not found
[48/543] MWCC build/GEDE01/src/game/game_fn_80013D54.o
### mwcceppc.exe Usage Warning:
#   Specified directory 'include' not found
[49/543] MWCC build/GEDE01/src/game/game_fn_800142DC.o
### mwcceppc.exe Usage Warning:
#   Specified directory 'include' not found
[50/543] MWCC build/GEDE01/src/game/game_fn_800144CC.o
### mwcceppc.exe Usage Warning:
#   Specified directory 'include' not found
[51/543] MWCC build/GEDE01/src/game/game_fn_80013CB0.o
### mwcceppc.exe Usage Warning:
#   Specified directory 'include' not found
[52/543] MWCC build/GEDE01/src/game/game_fn_800149D4.o
### mwcceppc.exe Usage Warning:
#   Specified directory 'include' not found
[53/543] MWCC build/GEDE01/src/game/game_fn_80015320.o
### mwcceppc.exe Usage Warning:
#   Specified directory 'include' not found
[54/543] MWCC build/GEDE01/src/game/game_fn_80014784.o
### mwcceppc.exe Usage Warning:
#   Specified directory 'include' not found
[55/543] MWCC build/GEDE01/src/game/game_fn_800156FC.o
### mwcceppc.exe Usage Warning:
#   Specified directory 'include' not found
[56/543] MWCC build/GEDE01/src/game/game_fn_80015568.o
### mwcceppc.exe Usage Warning:
#   Specified directory 'include' not found
[57/543] MWCC build/GEDE01/src/game/game_fn_80015058.o
### mwcceppc.exe Usage Warning:
#   Specified directory 'include' not found
[58/543] MWCC build/GEDE01/src/game/game_fn_80016128.o
### mwcceppc.exe Usage Warning:
#   Specified directory 'include' not found
[59/543] MWCC build/GEDE01/src/game/game_fn_80015F04.o
### mwcceppc.exe Usage Warning:
#   Specified directory 'include' not found
[60/543] MWCC build/GEDE01/src/game/game_fn_80015D40.o
### mwcceppc.exe Usage Warning:
#   Specified directory 'include' not found
[61/543] MWCC build/GEDE01/src/game/game_fn_80015BE0.o
### mwcceppc.exe Usage Warning:
#   Specified directory 'include' not found
[62/543] MWCC build/GEDE01/src/game/game_fn_80016270.o
### mwcceppc.exe Usage Warning:
#   Specified directory 'include' not found
[63/543] MWCC build/GEDE01/src/game/game_fn_80016904.o
### mwcceppc.exe Usage Warning:
#   Specified directory 'include' not found
[64/543] MWCC build/GEDE01/src/game/game_fn_800171C0.o
### mwcceppc.exe Usage Warning:
#   Specified directory 'include' not found
[65/543] MWCC build/GEDE01/src/game/game_fn_80017910.o
### mwcceppc.exe Usage Warning:
#   Specified directory 'include' not found
[66/543] MWCC build/GEDE01/src/game/game_fn_80017A3C.o
### mwcceppc.exe Usage Warning:
#   Specified directory 'include' not found
[67/543] MWCC build/GEDE01/src/game/game_fn_800179AC.o
### mwcceppc.exe Usage Warning:
#   Specified directory 'include' not found
[68/543] MWCC build/GEDE01/src/game/game_fn_80016B24.o
### mwcceppc.exe Usage Warning:
#   Specified directory 'include' not found
[69/543] MWCC build/GEDE01/src/game/game_fn_800173CC.o
### mwcceppc.exe Usage Warning:
#   Specified directory 'include' not found
[70/543] MWCC build/GEDE01/src/game/game_fn_800176F0.o
### mwcceppc.exe Usage Warning:
#   Specified directory 'include' not found
[71/543] MWCC build/GEDE01/src/game/game_fn_80017C3C.o
### mwcceppc.exe Usage Warning:
#   Specified directory 'include' not found
[72/543] MWCC build/GEDE01/src/game/game_fn_80017AE4.o
### mwcceppc.exe Usage Warning:
#   Specified directory 'include' not found
[73/543] MWCC build/GEDE01/src/game/game_fn_80017CC8.o
### mwcceppc.exe Usage Warning:
#   Specified directory 'include' not found
[74/543] MWCC build/GEDE01/src/game/game_fn_80017DB0.o
### mwcceppc.exe Usage Warning:
#   Specified directory 'include' not found
[75/543] MWCC build/GEDE01/src/game/game_fn_80018EF4.o
### mwcceppc.exe Usage Warning:
#   Specified directory 'include' not found
[76/543] MWCC build/GEDE01/src/game/game_fn_80019940.o
### mwcceppc.exe Usage Warning:
#   Specified directory 'include' not found
[77/543] MWCC build/GEDE01/src/game/game_fn_800194D0.o
### mwcceppc.exe Usage Warning:
#   Specified directory 'include' not found
[78/543] MWCC build/GEDE01/src/game/game_fn_80019C10.o
### mwcceppc.exe Usage Warning:
#   Specified directory 'include' not found
[79/543] MWCC build/GEDE01/src/game/game_fn_80019D2C.o
### mwcceppc.exe Usage Warning:
#   Specified directory 'include' not found
[80/543] MWCC build/GEDE01/src/game/game_fn_80019054.o
### mwcceppc.exe Usage Warning:
#   Specified directory 'include' not found
[81/543] MWCC build/GEDE01/src/game/game_fn_80019F98.o
### mwcceppc.exe Usage Warning:
#   Specified directory 'include' not found
[82/543] MWCC build/GEDE01/src/game/game_fn_80019244.o
### mwcceppc.exe Usage Warning:
#   Specified directory 'include' not found
[83/543] MWCC build/GEDE01/src/game/game_fn_8001AAB8.o
### mwcceppc.exe Usage Warning:
#   Specified directory 'include' not found
[84/543] MWCC build/GEDE01/src/game/game_fn_8001A6C4.o
### mwcceppc.exe Usage Warning:
#   Specified directory 'include' not found
[85/543] MWCC build/GEDE01/src/game/game_fn_8001ADF8.o
### mwcceppc.exe Usage Warning:
#   Specified directory 'include' not found
[86/543] MWCC build/GEDE01/src/game/game_fn_8001B294.o
### mwcceppc.exe Usage Warning:
#   Specified directory 'include' not found
[87/543] MWCC build/GEDE01/src/game/game_fn_8001AF68.o
### mwcceppc.exe Usage Warning:
#   Specified directory 'include' not found
[88/543] MWCC build/GEDE01/src/game/game_fn_8001B808.o
### mwcceppc.exe Usage Warning:
#   Specified directory 'include' not found
[89/543] MWCC build/GEDE01/src/game/game_fn_8001B124.o
### mwcceppc.exe Usage Warning:
#   Specified directory 'include' not found
[90/543] MWCC build/GEDE01/src/game/game_fn_8001B874.o
### mwcceppc.exe Usage Warning:
#   Specified directory 'include' not found
[91/543] MWCC build/GEDE01/src/game/game_fn_8001C078.o
### mwcceppc.exe Usage Warning:
#   Specified directory 'include' not found
[92/543] MWCC build/GEDE01/src/game/game_fn_8001FE1C.o
### mwcceppc.exe Usage Warning:
#   Specified directory 'include' not found
[93/543] MWCC build/GEDE01/src/game/game_fn_8001CD58.o
### mwcceppc.exe Usage Warning:
#   Specified directory 'include' not found
[94/543] MWCC build/GEDE01/src/game/game_fn_8001CE94.o
### mwcceppc.exe Usage Warning:
#   Specified directory 'include' not found
[95/543] MWCC build/GEDE01/src/game/game_fn_8001E644.o
### mwcceppc.exe Usage Warning:
#   Specified directory 'include' not found
[96/543] MWCC build/GEDE01/src/game/game_fn_80020E94.o
### mwcceppc.exe Usage Warning:
#   Specified directory 'include' not found
[97/543] MWCC build/GEDE01/src/game/game_fn_80024F28.o
### mwcceppc.exe Usage Warning:
#   Specified directory 'include' not found
[98/543] MWCC build/GEDE01/src/game/game_fn_8002E3F0.o
### mwcceppc.exe Usage Warning:
#   Specified directory 'include' not found
[99/543] MWCC build/GEDE01/src/game/game_fn_8002EA68.o
### mwcceppc.exe Usage Warning:
#   Specified directory 'include' not found
[100/543] MWCC build/GEDE01/src/game/game_fn_8002F428.o
### mwcceppc.exe Usage Warning:
#   Specified directory 'include' not found
[101/543] MWCC build/GEDE01/src/game/game_fn_800272B4.o
### mwcceppc.exe Usage Warning:
#   Specified directory 'include' not found
[102/543] MWCC build/GEDE01/src/game/game_fn_8002DAE0.o
### mwcceppc.exe Usage Warning:
#   Specified directory 'include' not found
[103/543] MWCC build/GEDE01/src/game/game_fn_8003232C.o
### mwcceppc.exe Usage Warning:
#   Specified directory 'include' not found
[104/543] MWCC build/GEDE01/src/game/game_fn_80032B84.o
### mwcceppc.exe Usage Warning:
#   Specified directory 'include' not found
[105/543] MWCC build/GEDE01/src/game/game_fn_80033180.o
### mwcceppc.exe Usage Warning:
#   Specified directory 'include' not found
[106/543] MWCC build/GEDE01/src/game/game_fn_80033038.o
### mwcceppc.exe Usage Warning:
#   Specified directory 'include' not found
[107/543] MWCC build/GEDE01/src/game/game_fn_800359A0.o
### mwcceppc.exe Usage Warning:
#   Specified directory 'include' not found
[108/543] MWCC build/GEDE01/src/game/game_fn_80036C40.o
### mwcceppc.exe Usage Warning:
#   Specified directory 'include' not found
[109/543] MWCC build/GEDE01/src/game/game_fn_80038878.o
### mwcceppc.exe Usage Warning:
#   Specified directory 'include' not found
[110/543] MWCC build/GEDE01/src/game/game_fn_80048B24.o
### mwcceppc.exe Usage Warning:
#   Specified directory 'include' not found
[111/543] MWCC build/GEDE01/src/game/game_fn_80048ADC.o
### mwcceppc.exe Usage Warning:
#   Specified directory 'include' not found
[112/543] MWCC build/GEDE01/src/game/game_fn_80052310.o
### mwcceppc.exe Usage Warning:
#   Specified directory 'include' not found
[113/543] MWCC build/GEDE01/src/game/game_fn_8005EC6C.o
### mwcceppc.exe Usage Warning:
#   Specified directory 'include' not found
[114/543] MWCC build/GEDE01/src/game/game_data_80239E10.o
### mwcceppc.exe Usage Warning:
#   Specified directory 'include' not found
[115/543] MWCC build/GEDE01/src/game/game_fn_8005EE9C.o
### mwcceppc.exe Usage Warning:
#   Specified directory 'include' not found
[116/543] MWCC build/GEDE01/src/game/game_fn_80066888.o
### mwcceppc.exe Usage Warning:
#   Specified directory 'include' not found
[117/543] MWCC build/GEDE01/src/game/game_fn_8005FD84.o
### mwcceppc.exe Usage Warning:
#   Specified directory 'include' not found
[118/543] MWCC build/GEDE01/src/game/game_data_80239E18.o
### mwcceppc.exe Usage Warning:
#   Specified directory 'include' not found
[119/543] MWCC build/GEDE01/src/game/game_fn_80071A58.o
### mwcceppc.exe Usage Warning:
#   Specified directory 'include' not found
[120/543] MWCC build/GEDE01/src/game/game_fn_80074310.o
### mwcceppc.exe Usage Warning:
#   Specified directory 'include' not found
[121/543] MWCC build/GEDE01/src/game/game_fn_8007B2F4.o
### mwcceppc.exe Usage Warning:
#   Specified directory 'include' not found
[122/543] MWCC build/GEDE01/src/game/game_fn_8007B540.o
### mwcceppc.exe Usage Warning:
#   Specified directory 'include' not found
[123/543] MWCC build/GEDE01/src/game/game_fn_80079908.o
### mwcceppc.exe Usage Warning:
#   Specified directory 'include' not found
[124/543] MWCC build/GEDE01/src/game/game_fn_80078500.o
### mwcceppc.exe Usage Warning:
#   Specified directory 'include' not found
[125/543] MWCC build/GEDE01/src/game/game_fn_8007B640.o
### mwcceppc.exe Usage Warning:
#   Specified directory 'include' not found
[126/543] MWCC build/GEDE01/src/game/game_fn_800886D8.o
### mwcceppc.exe Usage Warning:
#   Specified directory 'include' not found
[127/543] MWCC build/GEDE01/src/game/game_fn_8007BA3C.o
### mwcceppc.exe Usage Warning:
#   Specified directory 'include' not found
[128/543] MWCC build/GEDE01/src/game/game_fn_8008F890.o
### mwcceppc.exe Usage Warning:
#   Specified directory 'include' not found
[129/543] MWCC build/GEDE01/src/game/game_fn_800934A0.o
### mwcceppc.exe Usage Warning:
#   Specified directory 'include' not found
[130/543] MWCC build/GEDE01/src/game/game_fn_80095FDC.o
### mwcceppc.exe Usage Warning:
#   Specified directory 'include' not found
[131/543] MWCC build/GEDE01/src/game/game_fn_8009C424.o
### mwcceppc.exe Usage Warning:
#   Specified directory 'include' not found
[132/543] MWCC build/GEDE01/src/game/game_fn_800A2130.o
### mwcceppc.exe Usage Warning:
#   Specified directory 'include' not found
[133/543] MWCC build/GEDE01/src/game/game_fn_80096830.o
### mwcceppc.exe Usage Warning:
#   Specified directory 'include' not found
[134/543] MWCC build/GEDE01/src/game/game_fn_800A3894.o
### mwcceppc.exe Usage Warning:
#   Specified directory 'include' not found
[135/543] MWCC build/GEDE01/src/game/game_fn_800A2FCC.o
### mwcceppc.exe Usage Warning:
#   Specified directory 'include' not found
[136/543] MWCC build/GEDE01/src/game/game_fn_800A7E88.o
### mwcceppc.exe Usage Warning:
#   Specified directory 'include' not found
[137/543] MWCC build/GEDE01/src/game/game_fn_800A4798.o
### mwcceppc.exe Usage Warning:
#   Specified directory 'include' not found
[138/543] MWCC build/GEDE01/src/game/game_fn_800A4428.o
### mwcceppc.exe Usage Warning:
#   Specified directory 'include' not found
[139/543] MWCC build/GEDE01/src/game/game_fn_800C59F0.o
### mwcceppc.exe Usage Warning:
#   Specified directory 'include' not found
[140/543] MWCC build/GEDE01/src/game/game_fn_800C644C.o
### mwcceppc.exe Usage Warning:
#   Specified directory 'include' not found
[141/543] MWCC build/GEDE01/src/game/game_fn_800C17EC.o
### mwcceppc.exe Usage Warning:
#   Specified directory 'include' not found
[142/543] MWCC build/GEDE01/src/game/game_fn_800CB8F4.o
### mwcceppc.exe Usage Warning:
#   Specified directory 'include' not found
[143/543] MWCC build/GEDE01/src/game/game_fn_800E4980.o
### mwcceppc.exe Usage Warning:
#   Specified directory 'include' not found
[144/543] MWCC build/GEDE01/src/game/game_TRK_main.o
### mwcceppc.exe Usage Warning:
#   Specified directory 'include' not found
[145/543] MWCC build/GEDE01/src/game/game_TRKNubWelcome.o
### mwcceppc.exe Usage Warning:
#   Specified directory 'include' not found
[146/543] MWCC build/GEDE01/src/game/game_fn_800CB760.o
### mwcceppc.exe Usage Warning:
#   Specified directory 'include' not found
[147/543] MWCC build/GEDE01/src/game/game_fn_8010F184.o
### mwcceppc.exe Usage Warning:
#   Specified directory 'include' not found
[148/543] MWCC build/GEDE01/src/game/game_fn_801126E0.o
### mwcceppc.exe Usage Warning:
#   Specified directory 'include' not found
[149/543] MWCC build/GEDE01/src/game/game_fn_801128E4.o
### mwcceppc.exe Usage Warning:
#   Specified directory 'include' not found
[150/543] MWCC build/GEDE01/src/game/game_fn_8014B494.o
### mwcceppc.exe Usage Warning:
#   Specified directory 'include' not found
[151/543] MWCC build/GEDE01/src/game/game_fn_80153898.o
### mwcceppc.exe Usage Warning:
#   Specified directory 'include' not found
[152/543] MWCC build/GEDE01/src/game/game_fn_80157C0C.o
### mwcceppc.exe Usage Warning:
#   Specified directory 'include' not found
[153/543] MWCC build/GEDE01/src/game/game_fn_8014AF38.o
### mwcceppc.exe Usage Warning:
#   Specified directory 'include' not found
[154/543] MWCC build/GEDE01/src/game/game_fn_801141B8.o
### mwcceppc.exe Usage Warning:
#   Specified directory 'include' not found
[155/543] MWCC build/GEDE01/src/game/game_fn_8012DB28.o
### mwcceppc.exe Usage Warning:
#   Specified directory 'include' not found
[156/543] MWCC build/GEDE01/src/game/game_fn_80155814.o
### mwcceppc.exe Usage Warning:
#   Specified directory 'include' not found
[157/543] MWCC build/GEDE01/src/game/game_fn_8015EDC0.o
### mwcceppc.exe Usage Warning:
#   Specified directory 'include' not found
[158/543] MWCC build/GEDE01/src/game/game_fn_80167B5C.o
### mwcceppc.exe Usage Warning:
#   Specified directory 'include' not found
[159/543] MWCC build/GEDE01/src/game/game_fn_80158B20.o
### mwcceppc.exe Usage Warning:
#   Specified directory 'include' not found
[160/543] MWCC build/GEDE01/src/game/game_fn_8015DC54.o
### mwcceppc.exe Usage Warning:
#   Specified directory 'include' not found
[161/543] MWCC build/GEDE01/src/game/game_fn_8016BD0C.o
### mwcceppc.exe Usage Warning:
#   Specified directory 'include' not found
[162/543] MWCC build/GEDE01/src/game/game_fn_80169650.o
### mwcceppc.exe Usage Warning:
#   Specified directory 'include' not found
[163/543] MWCC build/GEDE01/src/game/game_fn_8016C0BC.o
### mwcceppc.exe Usage Warning:
#   Specified directory 'include' not found
[164/543] MWCC build/GEDE01/src/game/game_fn_8016C164.o
### mwcceppc.exe Usage Warning:
#   Specified directory 'include' not found
[165/543] MWCC build/GEDE01/src/game/game_fn_8016BE1C.o
### mwcceppc.exe Usage Warning:
#   Specified directory 'include' not found
[166/543] MWCC build/GEDE01/src/game/game_fn_8016BF60.o
### mwcceppc.exe Usage Warning:
#   Specified directory 'include' not found
[167/543] MWCC build/GEDE01/src/game/game_fn_8016D040.o
### mwcceppc.exe Usage Warning:
#   Specified directory 'include' not found
[168/543] MWCC build/GEDE01/src/game/game_fn_8016C238.o
### mwcceppc.exe Usage Warning:
#   Specified directory 'include' not found
[169/543] MWCC build/GEDE01/src/game/game_fn_8016D9C0.o
### mwcceppc.exe Usage Warning:
#   Specified directory 'include' not found
[170/543] MWCC build/GEDE01/src/game/game_fn_8016C774.o
### mwcceppc.exe Usage Warning:
#   Specified directory 'include' not found
[171/543] MWCC build/GEDE01/src/game/game_fn_8016DF4C.o
### mwcceppc.exe Usage Warning:
#   Specified directory 'include' not found
[172/543] MWCC build/GEDE01/src/game/game_fn_8016D1F8.o
### mwcceppc.exe Usage Warning:
#   Specified directory 'include' not found
[173/543] MWCC build/GEDE01/src/game/game_fn_8016C4BC.o
### mwcceppc.exe Usage Warning:
#   Specified directory 'include' not found
[174/543] MWCC build/GEDE01/src/game/game_fn_8016D2B8.o
### mwcceppc.exe Usage Warning:
#   Specified directory 'include' not found
[175/543] MWCC build/GEDE01/src/game/game_fn_8017038C.o
### mwcceppc.exe Usage Warning:
#   Specified directory 'include' not found
[176/543] MWCC build/GEDE01/src/game/game_fn_8016E8F8.o
### mwcceppc.exe Usage Warning:
#   Specified directory 'include' not found
[177/543] MWCC build/GEDE01/src/game/game_fn_8016FEF8.o
### mwcceppc.exe Usage Warning:
#   Specified directory 'include' not found
[178/543] MWCC build/GEDE01/src/game/game_fn_801704F8.o
### mwcceppc.exe Usage Warning:
#   Specified directory 'include' not found
[179/543] MWCC build/GEDE01/src/game/game_fn_80170A40.o
### mwcceppc.exe Usage Warning:
#   Specified directory 'include' not found
[180/543] MWCC build/GEDE01/src/game/game_fn_80170DF4.o
### mwcceppc.exe Usage Warning:
#   Specified directory 'include' not found
[181/543] MWCC build/GEDE01/src/game/game_fn_80170E9C.o
### mwcceppc.exe Usage Warning:
#   Specified directory 'include' not found
[182/543] MWCC build/GEDE01/src/game/game_fn_8017138C.o
### mwcceppc.exe Usage Warning:
#   Specified directory 'include' not found
[183/543] MWCC build/GEDE01/src/game/game_fn_801718F4.o
### mwcceppc.exe Usage Warning:
#   Specified directory 'include' not found
[184/543] MWCC build/GEDE01/src/game/game_fn_80171664.o
### mwcceppc.exe Usage Warning:
#   Specified directory 'include' not found
[185/543] MWCC build/GEDE01/src/game/game_fn_801706DC.o
### mwcceppc.exe Usage Warning:
#   Specified directory 'include' not found
[186/543] MWCC build/GEDE01/src/game/game_fn_801719B4.o
### mwcceppc.exe Usage Warning:
#   Specified directory 'include' not found
[187/543] MWCC build/GEDE01/src/game/game_fn_80171F30.o
### mwcceppc.exe Usage Warning:
#   Specified directory 'include' not found
[188/543] MWCC build/GEDE01/src/game/game_fn_80172BB0.o
### mwcceppc.exe Usage Warning:
#   Specified directory 'include' not found
[189/543] MWCC build/GEDE01/src/game/game_fn_801726EC.o
### mwcceppc.exe Usage Warning:
#   Specified directory 'include' not found
[190/543] MWCC build/GEDE01/src/game/game_fn_8017250C.o
### mwcceppc.exe Usage Warning:
#   Specified directory 'include' not found
[191/543] MWCC build/GEDE01/src/game/game_fn_80172C78.o
### mwcceppc.exe Usage Warning:
#   Specified directory 'include' not found
[192/543] MWCC build/GEDE01/src/game/game_fn_80172DB8.o
### mwcceppc.exe Usage Warning:
#   Specified directory 'include' not found
[193/543] MWCC build/GEDE01/src/game/game_fn_80173270.o
### mwcceppc.exe Usage Warning:
#   Specified directory 'include' not found
[194/543] MWCC build/GEDE01/src/game/game_fn_80173F04.o
### mwcceppc.exe Usage Warning:
#   Specified directory 'include' not found
[195/543] MWCC build/GEDE01/src/game/game_fn_801734B4.o
### mwcceppc.exe Usage Warning:
#   Specified directory 'include' not found
[196/543] MWCC build/GEDE01/src/game/game_fn_8017553C.o
### mwcceppc.exe Usage Warning:
#   Specified directory 'include' not found
[197/543] MWCC build/GEDE01/src/game/game_fn_80173D44.o
### mwcceppc.exe Usage Warning:
#   Specified directory 'include' not found
[198/543] MWCC build/GEDE01/src/game/game_fn_80173770.o
### mwcceppc.exe Usage Warning:
#   Specified directory 'include' not found
[199/543] MWCC build/GEDE01/src/game/game_fn_80174184.o
### mwcceppc.exe Usage Warning:
#   Specified directory 'include' not found
[200/543] MWCC build/GEDE01/src/game/game_fn_80174358.o
### mwcceppc.exe Usage Warning:
#   Specified directory 'include' not found
[201/543] MWCC build/GEDE01/src/game/game_fn_80176098.o
### mwcceppc.exe Usage Warning:
#   Specified directory 'include' not found
[202/543] MWCC build/GEDE01/src/game/game_fn_80175E64.o
### mwcceppc.exe Usage Warning:
#   Specified directory 'include' not found
[203/543] MWCC build/GEDE01/src/game/game_fn_80175FD4.o
### mwcceppc.exe Usage Warning:
#   Specified directory 'include' not found
[204/543] MWCC build/GEDE01/src/game/game_fn_80176160.o
### mwcceppc.exe Usage Warning:
#   Specified directory 'include' not found
[205/543] MWCC build/GEDE01/src/game/game_fn_80175F0C.o
### mwcceppc.exe Usage Warning:
#   Specified directory 'include' not found
[206/543] MWCC build/GEDE01/src/game/game_fn_8017652C.o
### mwcceppc.exe Usage Warning:
#   Specified directory 'include' not found
[207/543] MWCC build/GEDE01/src/game/game_fn_80176220.o
### mwcceppc.exe Usage Warning:
#   Specified directory 'include' not found
[208/543] MWCC build/GEDE01/src/game/game_fn_80176DF4.o
### mwcceppc.exe Usage Warning:
#   Specified directory 'include' not found
[209/543] MWCC build/GEDE01/src/game/game_fn_801762E8.o
### mwcceppc.exe Usage Warning:
#   Specified directory 'include' not found
[210/543] MWCC build/GEDE01/src/game/game_fn_80176FA0.o
### mwcceppc.exe Usage Warning:
#   Specified directory 'include' not found
[211/543] MWCC build/GEDE01/src/game/game_fn_8017718C.o
### mwcceppc.exe Usage Warning:
#   Specified directory 'include' not found
[212/543] MWCC build/GEDE01/src/game/game_fn_8017960C.o
### mwcceppc.exe Usage Warning:
#   Specified directory 'include' not found
[213/543] MWCC build/GEDE01/src/game/game_fn_801770F8.o
### mwcceppc.exe Usage Warning:
#   Specified directory 'include' not found
[214/543] MWCC build/GEDE01/src/game/game_fn_80179398.o
### mwcceppc.exe Usage Warning:
#   Specified directory 'include' not found
[215/543] MWCC build/GEDE01/src/game/game_fn_80179A74.o
### mwcceppc.exe Usage Warning:
#   Specified directory 'include' not found
[216/543] MWCC build/GEDE01/src/game/game_fn_80179904.o
### mwcceppc.exe Usage Warning:
#   Specified directory 'include' not found
[217/543] MWCC build/GEDE01/src/game/game_fn_80179A18.o
### mwcceppc.exe Usage Warning:
#   Specified directory 'include' not found
[218/543] MWCC build/GEDE01/src/game/game_fn_8017974C.o
### mwcceppc.exe Usage Warning:
#   Specified directory 'include' not found
[219/543] MWCC build/GEDE01/src/game/game_fn_80179EB8.o
### mwcceppc.exe Usage Warning:
#   Specified directory 'include' not found
[220/543] MWCC build/GEDE01/src/game/game_fn_8017A010.o
### mwcceppc.exe Usage Warning:
#   Specified directory 'include' not found
[221/543] MWCC build/GEDE01/src/game/game_fn_80177434.o
### mwcceppc.exe Usage Warning:
#   Specified directory 'include' not found
[222/543] MWCC build/GEDE01/src/game/game_fn_80179F20.o
### mwcceppc.exe Usage Warning:
#   Specified directory 'include' not found
[223/543] MWCC build/GEDE01/src/game/game_fn_8017A12C.o
### mwcceppc.exe Usage Warning:
#   Specified directory 'include' not found
[224/543] MWCC build/GEDE01/src/game/game_fn_8017A1C0.o
### mwcceppc.exe Usage Warning:
#   Specified directory 'include' not found
[225/543] MWCC build/GEDE01/src/game/game_fn_8017E850.o
### mwcceppc.exe Usage Warning:
#   Specified directory 'include' not found
[226/543] MWCC build/GEDE01/src/game/game_fn_8017E958.o
### mwcceppc.exe Usage Warning:
#   Specified directory 'include' not found
[227/543] MWCC build/GEDE01/src/game/game_fn_80185AE8.o
### mwcceppc.exe Usage Warning:
#   Specified directory 'include' not found
[228/543] MWCC build/GEDE01/src/game/game_fn_801865EC.o
### mwcceppc.exe Usage Warning:
#   Specified directory 'include' not found
[229/543] MWCC build/GEDE01/src/game/game_fn_8017A9B8.o
### mwcceppc.exe Usage Warning:
#   Specified directory 'include' not found
[230/543] MWCC build/GEDE01/src/game/game_fn_80180DDC.o
### mwcceppc.exe Usage Warning:
#   Specified directory 'include' not found
[231/543] MWCC build/GEDE01/src/game/game_fn_80187120.o
### mwcceppc.exe Usage Warning:
#   Specified directory 'include' not found
[232/543] MWCC build/GEDE01/src/game/game_fn_801859FC.o
### mwcceppc.exe Usage Warning:
#   Specified directory 'include' not found
[233/543] MWCC build/GEDE01/src/game/game_fn_801878E0.o
### mwcceppc.exe Usage Warning:
#   Specified directory 'include' not found
[234/543] MWCC build/GEDE01/src/game/game_fn_80188A7C.o
### mwcceppc.exe Usage Warning:
#   Specified directory 'include' not found
[235/543] MWCC build/GEDE01/src/game/game_fn_80186E10.o
### mwcceppc.exe Usage Warning:
#   Specified directory 'include' not found
[236/543] MWCC build/GEDE01/src/game/game_fn_80188B44.o
### mwcceppc.exe Usage Warning:
#   Specified directory 'include' not found
[237/543] MWCC build/GEDE01/src/game/game_fn_80188E28.o
### mwcceppc.exe Usage Warning:
#   Specified directory 'include' not found
[238/543] MWCC build/GEDE01/src/game/game_fn_80188C1C.o
### mwcceppc.exe Usage Warning:
#   Specified directory 'include' not found
[239/543] MWCC build/GEDE01/src/game/game_fn_80189028.o
### mwcceppc.exe Usage Warning:
#   Specified directory 'include' not found
[240/543] MWCC build/GEDE01/src/game/game_fn_80189390.o
### mwcceppc.exe Usage Warning:
#   Specified directory 'include' not found
[241/543] MWCC build/GEDE01/src/game/game_fn_801895E8.o
### mwcceppc.exe Usage Warning:
#   Specified directory 'include' not found
[242/543] MWCC build/GEDE01/src/game/game_fn_801891D8.o
### mwcceppc.exe Usage Warning:
#   Specified directory 'include' not found
[243/543] MWCC build/GEDE01/src/game/game_fn_80189968.o
### mwcceppc.exe Usage Warning:
#   Specified directory 'include' not found
[244/543] MWCC build/GEDE01/src/game/game_fn_8018D2E0.o
### mwcceppc.exe Usage Warning:
#   Specified directory 'include' not found
[245/543] MWCC build/GEDE01/src/game/game_fn_80189760.o
### mwcceppc.exe Usage Warning:
#   Specified directory 'include' not found
[246/543] MWCC build/GEDE01/src/game/game_fn_801896A0.o
### mwcceppc.exe Usage Warning:
#   Specified directory 'include' not found
[247/543] MWCC build/GEDE01/src/game/game_fn_8018F1D0.o
### mwcceppc.exe Usage Warning:
#   Specified directory 'include' not found
[248/543] MWCC build/GEDE01/src/game/game_fn_8018D688.o
### mwcceppc.exe Usage Warning:
#   Specified directory 'include' not found
[249/543] MWCC build/GEDE01/src/game/game_fn_8018D1F0.o
### mwcceppc.exe Usage Warning:
#   Specified directory 'include' not found
[250/543] MWCC build/GEDE01/src/game/game_fn_8018F81C.o
### mwcceppc.exe Usage Warning:
#   Specified directory 'include' not found
[251/543] MWCC build/GEDE01/src/game/game_fn_8018FEDC.o
### mwcceppc.exe Usage Warning:
#   Specified directory 'include' not found
[252/543] MWCC build/GEDE01/src/game/game_fn_8019197C.o
### mwcceppc.exe Usage Warning:
#   Specified directory 'include' not found
[253/543] MWCC build/GEDE01/src/game/game_fn_801931C4.o
### mwcceppc.exe Usage Warning:
#   Specified directory 'include' not found
[254/543] MWCC build/GEDE01/src/game/game_fn_80191360.o
### mwcceppc.exe Usage Warning:
#   Specified directory 'include' not found
[255/543] MWCC build/GEDE01/src/game/game_fn_80193E1C.o
### mwcceppc.exe Usage Warning:
#   Specified directory 'include' not found
[256/543] MWCC build/GEDE01/src/game/game_fn_80192F54.o
### mwcceppc.exe Usage Warning:
#   Specified directory 'include' not found
[257/543] MWCC build/GEDE01/src/game/game_fn_80193F3C.o
### mwcceppc.exe Usage Warning:
#   Specified directory 'include' not found
[258/543] MWCC build/GEDE01/src/game/game_fn_80191F58.o
### mwcceppc.exe Usage Warning:
#   Specified directory 'include' not found
[259/543] MWCC build/GEDE01/src/game/game_fn_80194F80.o
### mwcceppc.exe Usage Warning:
#   Specified directory 'include' not found
[260/543] MWCC build/GEDE01/src/game/game_fn_80197910.o
### mwcceppc.exe Usage Warning:
#   Specified directory 'include' not found
[261/543] MWCC build/GEDE01/src/game/game_fn_80198154.o
### mwcceppc.exe Usage Warning:
#   Specified directory 'include' not found
[262/543] EXTERNALIZE build/GEDE01/src/game/game_fn_80198154.o
[263/543] MWCC build/GEDE01/src/game/game_fn_8019CFC4.o
### mwcceppc.exe Usage Warning:
#   Specified directory 'include' not found
[264/543] MWCC build/GEDE01/src/game/game_fn_80198BF4.o
### mwcceppc.exe Usage Warning:
#   Specified directory 'include' not found
[265/543] EXTERNALIZE build/GEDE01/src/game/game_fn_80197910.o
[266/543] MWCC build/GEDE01/src/game/game_fn_80198AAC.o
### mwcceppc.exe Usage Warning:
#   Specified directory 'include' not found
[267/543] MWCC build/GEDE01/src/game/game_fn_8019CC28.o
### mwcceppc.exe Usage Warning:
#   Specified directory 'include' not found
[268/543] MWCC build/GEDE01/src/game/game_fn_8019E5E4.o
### mwcceppc.exe Usage Warning:
#   Specified directory 'include' not found
[269/543] MWCC build/GEDE01/src/game/game_fn_801991E0.o
### mwcceppc.exe Usage Warning:
#   Specified directory 'include' not found
[270/543] EXTERNALIZE build/GEDE01/src/game/game_fn_80194F80.o
[271/543] EXTERNALIZE build/GEDE01/src/game/game_fn_8019CFC4.o
[272/543] EXTERNALIZE build/GEDE01/src/game/game_fn_8019CC28.o
[273/543] EXTERNALIZE build/GEDE01/src/game/game_fn_80198AAC.o
[274/543] EXTERNALIZE build/GEDE01/src/game/game_fn_80198BF4.o
[275/543] EXTERNALIZE build/GEDE01/src/game/game_fn_8019E5E4.o
[276/543] EXTERNALIZE build/GEDE01/src/game/game_fn_801991E0.o
[277/543] EXTERNALIZE build/GEDE01/src/game/game_fn_801931C4.o
[278/543] EXTERNALIZE build/GEDE01/src/game/game_fn_80177434.o
repointed 2 relocations to lbl_80250588
[279/543] EXTERNALIZE build/GEDE01/src/game/game_fn_80191F58.o
[280/543] GLOBALIZE build/GEDE01/src/game/game_fn_8018F1D0.o
[281/543] MWCC build/GEDE01/src/game/game_fn_801A1F18.o
### mwcceppc.exe Usage Warning:
#   Specified directory 'include' not found
[282/543] EXTERNALIZE build/GEDE01/src/game/game_fn_8019197C.o
[283/543] EXTERNALIZE build/GEDE01/src/game/game_fn_80193E1C.o
[284/543] EXTERNALIZE build/GEDE01/src/game/game_fn_80191360.o
[285/543] EXTERNALIZE build/GEDE01/src/game/game_fn_80192F54.o
[286/543] MWCC build/GEDE01/src/game/game_fn_8019E8C8.o
### mwcceppc.exe Usage Warning:
#   Specified directory 'include' not found
[287/543] EXTERNALIZE build/GEDE01/src/game/game_fn_801A1F18.o
[288/543] EXTERNALIZE build/GEDE01/src/game/game_fn_80189968.o
[289/543] EXTERNALIZE build/GEDE01/src/game/game_fn_8018D688.o
[290/543] EXTERNALIZE build/GEDE01/src/game/game_fn_8019E8C8.o
[291/543] EXTERNALIZE build/GEDE01/src/game/game_fn_801896A0.o
[292/543] EXTERNALIZE build/GEDE01/src/game/game_fn_80189760.o
[293/543] EXTERNALIZE build/GEDE01/src/game/game_fn_80193F3C.o
[294/543] EXTERNALIZE build/GEDE01/src/game/game_fn_8018F81C.o
[295/543] EXTERNALIZE build/GEDE01/src/game/game_fn_801895E8.o
[296/543] EXTERNALIZE build/GEDE01/src/game/game_fn_80188B44.o
[297/543] EXTERNALIZE build/GEDE01/src/game/game_fn_80188A7C.o
[298/543] EXTERNALIZE build/GEDE01/src/game/game_fn_8018D2E0.o
[299/543] EXTERNALIZE build/GEDE01/src/game/game_fn_80188C1C.o
[300/543] EXTERNALIZE build/GEDE01/src/game/game_fn_80188E28.o
[301/543] EXTERNALIZE build/GEDE01/src/game/game_fn_801878E0.o
[302/543] EXTERNALIZE build/GEDE01/src/game/game_fn_80189390.o
[303/543] EXTERNALIZE build/GEDE01/src/game/game_fn_8018D1F0.o
[304/543] EXTERNALIZE build/GEDE01/src/game/game_fn_80187120.o
[305/543] EXTERNALIZE build/GEDE01/src/game/game_fn_8018FEDC.o
[306/543] EXTERNALIZE build/GEDE01/src/game/game_fn_80186E10.o
[307/543] EXTERNALIZE build/GEDE01/src/game/game_fn_80189028.o
[308/543] EXTERNALIZE build/GEDE01/src/game/game_fn_80185AE8.o
[309/543] EXTERNALIZE build/GEDE01/src/game/game_fn_8017E850.o
[310/543] EXTERNALIZE build/GEDE01/src/game/game_fn_8017718C.o
[311/543] EXTERNALIZE build/GEDE01/src/game/game_fn_801865EC.o
[312/543] EXTERNALIZE build/GEDE01/src/game/game_fn_801891D8.o
[313/543] EXTERNALIZE build/GEDE01/src/game/game_fn_80180DDC.o
[314/543] EXTERNALIZE build/GEDE01/src/game/game_fn_801859FC.o
[315/543] EXTERNALIZE build/GEDE01/src/game/game_fn_801770F8.o
[316/543] EXTERNALIZE build/GEDE01/src/game/game_fn_8017E958.o
[317/543] EXTERNALIZE build/GEDE01/src/game/game_fn_80176FA0.o
[318/543] EXTERNALIZE build/GEDE01/src/game/game_fn_80176DF4.o
[319/543] EXTERNALIZE build/GEDE01/src/game/game_fn_80174358.o
[320/543] EXTERNALIZE build/GEDE01/src/game/game_fn_80173F04.o
[321/543] EXTERNALIZE build/GEDE01/src/game/game_fn_80174184.o
[322/543] EXTERNALIZE build/GEDE01/src/game/game_fn_8017553C.o
[323/543] EXTERNALIZE build/GEDE01/src/game/game_fn_80172DB8.o
[324/543] EXTERNALIZE build/GEDE01/src/game/game_fn_801734B4.o
[325/543] EXTERNALIZE build/GEDE01/src/game/game_fn_80173770.o
[326/543] EXTERNALIZE build/GEDE01/src/game/game_fn_80173D44.o
[327/543] EXTERNALIZE build/GEDE01/src/game/game_fn_80173270.o
[328/543] EXTERNALIZE build/GEDE01/src/game/game_fn_80172C78.o
[329/543] EXTERNALIZE build/GEDE01/src/game/game_fn_80172BB0.o
[330/543] NORMALIZE build/GEDE01/src/game/game_TRKNubWelcome.o
[331/543] EXTERNALIZE build/GEDE01/src/game/game_fn_801726EC.o
[332/543] NORMALIZE build/GEDE01/src/game/game_TRK_main.o
[333/543] NORMALIZE build/GEDE01/src/game/game_data_80239E10.o
[334/543] NORMALIZE build/GEDE01/src/game/game_data_80239E18.o
[335/543] EXTERNALIZE build/GEDE01/src/game/game_fn_801719B4.o
[336/543] EXTERNALIZE build/GEDE01/src/game/game_fn_8017138C.o
[337/543] EXTERNALIZE build/GEDE01/src/game/game_fn_80171664.o
[338/543] EXTERNALIZE build/GEDE01/src/game/game_fn_801706DC.o
[339/543] EXTERNALIZE build/GEDE01/src/game/game_fn_80171F30.o
[340/543] EXTERNALIZE build/GEDE01/src/game/game_fn_8017250C.o
[341/543] EXTERNALIZE build/GEDE01/src/game/game_fn_80170E9C.o
[342/543] EXTERNALIZE build/GEDE01/src/game/game_fn_8017652C.o
[343/543] EXTERNALIZE build/GEDE01/src/game/game_fn_801718F4.o
[344/543] EXTERNALIZE build/GEDE01/src/game/game_fn_80175E64.o
[345/543] EXTERNALIZE build/GEDE01/src/game/game_fn_80170A40.o
[346/543] EXTERNALIZE build/GEDE01/src/game/game_fn_80175F0C.o
[347/543] EXTERNALIZE build/GEDE01/src/game/game_fn_8016FEF8.o
[348/543] EXTERNALIZE build/GEDE01/src/game/game_fn_801704F8.o
[349/543] EXTERNALIZE build/GEDE01/src/game/game_fn_8016E8F8.o
[350/543] EXTERNALIZE build/GEDE01/src/game/game_fn_80170DF4.o
[351/543] EXTERNALIZE build/GEDE01/src/game/game_fn_80176220.o
[352/543] EXTERNALIZE build/GEDE01/src/game/game_fn_80175FD4.o
[353/543] EXTERNALIZE build/GEDE01/src/game/game_fn_80176098.o
[354/543] EXTERNALIZE build/GEDE01/src/game/game_fn_801762E8.o
[355/543] EXTERNALIZE build/GEDE01/src/game/game_fn_8016D2B8.o
[356/543] EXTERNALIZE build/GEDE01/src/game/game_fn_8016D040.o
[357/543] NORMALIZE build/GEDE01/src/game/game_fn_8016DF4C.o
[358/543] EXTERNALIZE build/GEDE01/src/game/game_fn_80176160.o
[359/543] EXTERNALIZE build/GEDE01/src/game/game_fn_8016C4BC.o
[360/543] EXTERNALIZE build/GEDE01/src/game/game_fn_8016C238.o
[361/543] EXTERNALIZE build/GEDE01/src/game/game_fn_8016C164.o
[362/543] EXTERNALIZE build/GEDE01/src/game/game_fn_8016C0BC.o
[363/543] EXTERNALIZE build/GEDE01/src/game/game_fn_8016BF60.o
[364/543] EXTERNALIZE build/GEDE01/src/game/game_fn_8016BD0C.o
[365/543] EXTERNALIZE build/GEDE01/src/game/game_fn_8016D1F8.o
[366/543] EXTERNALIZE build/GEDE01/src/game/game_fn_8016C774.o
[367/543] EXTERNALIZE build/GEDE01/src/game/game_fn_8017038C.o
[368/543] EXTERNALIZE build/GEDE01/src/game/game_fn_8016BE1C.o
[369/543] EXTERNALIZE build/GEDE01/src/game/game_fn_80169650.o
[370/543] EXTERNALIZE build/GEDE01/src/game/game_fn_80167B5C.o
[371/543] EXTERNALIZE build/GEDE01/src/game/game_fn_80158B20.o
[372/543] EXTERNALIZE build/GEDE01/src/game/game_fn_80179398.o
[373/543] EXTERNALIZE build/GEDE01/src/game/game_fn_8017960C.o
[374/543] EXTERNALIZE build/GEDE01/src/game/game_fn_8017974C.o
[375/543] EXTERNALIZE build/GEDE01/src/game/game_fn_8015EDC0.o
[376/543] EXTERNALIZE build/GEDE01/src/game/game_fn_8015DC54.o
[377/543] EXTERNALIZE build/GEDE01/src/game/game_fn_80179904.o
[378/543] EXTERNALIZE build/GEDE01/src/game/game_fn_80179A18.o
[379/543] EXTERNALIZE build/GEDE01/src/game/game_fn_8017A9B8.o
[380/543] EXTERNALIZE build/GEDE01/src/game/game_fn_80179EB8.o
[381/543] EXTERNALIZE build/GEDE01/src/game/game_fn_80157C0C.o
[382/543] EXTERNALIZE build/GEDE01/src/game/game_fn_80155814.o
[383/543] EXTERNALIZE build/GEDE01/src/game/game_fn_80179A74.o
[384/543] EXTERNALIZE build/GEDE01/src/game/game_fn_8017A010.o
[385/543] EXTERNALIZE build/GEDE01/src/game/game_fn_80179F20.o
[386/543] EXTERNALIZE build/GEDE01/src/game/game_fn_8014AF38.o
[387/543] EXTERNALIZE build/GEDE01/src/game/game_fn_8012DB28.o
[388/543] EXTERNALIZE build/GEDE01/src/game/game_fn_80153898.o
[389/543] EXTERNALIZE build/GEDE01/src/game/game_fn_801128E4.o
[390/543] EXTERNALIZE build/GEDE01/src/game/game_fn_8014B494.o
[391/543] EXTERNALIZE build/GEDE01/src/game/game_fn_8017A12C.o
[392/543] EXTERNALIZE build/GEDE01/src/game/game_fn_801141B8.o
[393/543] EXTERNALIZE build/GEDE01/src/game/game_fn_801126E0.o
[394/543] EXTERNALIZE build/GEDE01/src/game/game_fn_8010F184.o
[395/543] EXTERNALIZE build/GEDE01/src/game/game_fn_800E4980.o
[396/543] EXTERNALIZE build/GEDE01/src/game/game_fn_800C17EC.o
[397/543] EXTERNALIZE build/GEDE01/src/game/game_fn_8017A1C0.o
[398/543] EXTERNALIZE build/GEDE01/src/game/game_fn_800C59F0.o
[399/543] EXTERNALIZE build/GEDE01/src/game/game_fn_80078500.o
[400/543] EXTERNALIZE build/GEDE01/src/game/game_fn_80079908.o
[401/543] EXTERNALIZE build/GEDE01/src/game/game_fn_800C644C.o
[402/543] EXTERNALIZE build/GEDE01/src/game/game_fn_8007B540.o
[403/543] EXTERNALIZE build/GEDE01/src/game/game_fn_8007B2F4.o
[404/543] EXTERNALIZE build/GEDE01/src/game/game_fn_800CB760.o
[405/543] EXTERNALIZE build/GEDE01/src/game/game_fn_800CB8F4.o
[406/543] EXTERNALIZE build/GEDE01/src/game/game_fn_8007B640.o
[407/543] GLOBALIZE build/GEDE01/src/game/game_fn_800A2130.o
[408/543] EXTERNALIZE build/GEDE01/src/game/game_fn_800934A0.o
[409/543] GLOBALIZE build/GEDE01/src/game/game_fn_8008F890.o
[410/543] EXTERNALIZE build/GEDE01/src/game/game_fn_800A3894.o
[411/543] EXTERNALIZE build/GEDE01/src/game/game_fn_800A7E88.o
[412/543] EXTERNALIZE build/GEDE01/src/game/game_fn_800886D8.o
[413/543] GLOBALIZE build/GEDE01/src/game/game_fn_8005FD84.o
[414/543] EXTERNALIZE build/GEDE01/src/game/game_fn_8009C424.o
[415/543] EXTERNALIZE build/GEDE01/src/game/game_fn_800A4428.o
[416/543] EXTERNALIZE build/GEDE01/src/game/game_fn_800A2FCC.o
[417/543] EXTERNALIZE build/GEDE01/src/game/game_fn_800A4798.o
[418/543] NAME SWITCH build/GEDE01/src/game/game_fn_80020E94.o
[419/543] EXTERNALIZE SWITCHES build/GEDE01/src/game/game_fn_80095FDC.o
[420/543] NAME SWITCH build/GEDE01/src/game/game_fn_8005EE9C.o
[421/543] EXTERNALIZE build/GEDE01/src/game/game_fn_80052310.o
[422/543] EXTERNALIZE build/GEDE01/src/game/game_fn_80096830.o
[423/543] NAME SWITCH build/GEDE01/src/game/game_fn_80071A58.o
[424/543] NAME SWITCH build/GEDE01/src/game/game_fn_8016D9C0.o
[425/543] EXTERNALIZE build/GEDE01/src/game/game_fn_8007BA3C.o
[426/543] NAME SWITCH build/GEDE01/src/game/game_fn_8001E644.o
[427/543] EXTERNALIZE build/GEDE01/src/game/game_fn_8005EC6C.o
[428/543] NAME SWITCH build/GEDE01/src/game/game_fn_8001FE1C.o
[429/543] EXTERNALIZE build/GEDE01/src/game/game_fn_80074310.o
[430/543] EXTERNALIZE build/GEDE01/src/game/game_fn_80066888.o
[431/543] EXTERNALIZE build/GEDE01/src/game/game_fn_80048ADC.o
[432/543] EXTERNALIZE build/GEDE01/src/game/game_fn_80038878.o
[433/543] EXTERNALIZE build/GEDE01/src/game/game_fn_800359A0.o
[434/543] EXTERNALIZE build/GEDE01/src/game/game_fn_80032B84.o
[435/543] EXTERNALIZE build/GEDE01/src/game/game_fn_80036C40.o
[436/543] EXTERNALIZE build/GEDE01/src/game/game_fn_80033038.o
[437/543] NAME SWITCHES build/GEDE01/src/game/game_fn_80024F28.o
[438/543] EXTERNALIZE build/GEDE01/src/game/game_fn_80048B24.o
[439/543] EXTERNALIZE build/GEDE01/src/game/game_fn_8003232C.o
[440/543] EXTERNALIZE build/GEDE01/src/game/game_fn_80033180.o
[441/543] EXTERNALIZE build/GEDE01/src/game/game_fn_8002E3F0.o
[442/543] EXTERNALIZE build/GEDE01/src/game/game_fn_8002DAE0.o
[443/543] EXTERNALIZE build/GEDE01/src/game/game_fn_8002EA68.o
[444/543] EXTERNALIZE build/GEDE01/src/game/game_fn_8002F428.o
[445/543] EXTERNALIZE build/GEDE01/src/game/game_fn_800272B4.o
[446/543] EXTERNALIZE build/GEDE01/src/game/game_fn_8001CE94.o
[447/543] EXTERNALIZE build/GEDE01/src/game/game_fn_8001B294.o
[448/543] EXTERNALIZE build/GEDE01/src/game/game_fn_8001ADF8.o
[449/543] EXTERNALIZE build/GEDE01/src/game/game_fn_8001CD58.o
[450/543] EXTERNALIZE build/GEDE01/src/game/game_fn_8001C078.o
[451/543] EXTERNALIZE build/GEDE01/src/game/game_fn_8001AAB8.o
[452/543] EXTERNALIZE build/GEDE01/src/game/game_fn_8001B124.o
[453/543] EXTERNALIZE build/GEDE01/src/game/game_fn_8001AF68.o
[454/543] EXTERNALIZE build/GEDE01/src/game/game_fn_8001B874.o
[455/543] EXTERNALIZE build/GEDE01/src/game/game_fn_80019C10.o
[456/543] EXTERNALIZE build/GEDE01/src/game/game_fn_8001B808.o
[457/543] EXTERNALIZE build/GEDE01/src/game/game_fn_80019940.o
[458/543] EXTERNALIZE build/GEDE01/src/game/game_fn_80019244.o
[459/543] EXTERNALIZE build/GEDE01/src/game/game_fn_8001A6C4.o
[460/543] EXTERNALIZE build/GEDE01/src/game/game_fn_800194D0.o
[461/543] EXTERNALIZE build/GEDE01/src/game/game_fn_80019F98.o
[462/543] EXTERNALIZE build/GEDE01/src/game/game_fn_80019D2C.o
[463/543] EXTERNALIZE build/GEDE01/src/game/game_fn_80019054.o
[464/543] EXTERNALIZE build/GEDE01/src/game/game_fn_80018EF4.o
[465/543] EXTERNALIZE build/GEDE01/src/game/game_fn_80017DB0.o
[466/543] EXTERNALIZE build/GEDE01/src/game/game_fn_80017C3C.o
[467/543] EXTERNALIZE build/GEDE01/src/game/game_fn_800179AC.o
[468/543] GLOBALIZE build/GEDE01/src/game/game_fn_800094C0.o
[469/543] EXTERNALIZE build/GEDE01/src/game/game_fn_80017A3C.o
[470/543] EXTERNALIZE build/GEDE01/src/game/game_fn_80017AE4.o
[471/543] EXTERNALIZE build/GEDE01/src/game/game_fn_80017CC8.o
[472/543] EXTERNALIZE build/GEDE01/src/game/game_fn_8000EFC4.o
[473/543] EXTERNALIZE build/GEDE01/src/game/game_fn_800098C0.o
[474/543] EXTERNALIZE build/GEDE01/src/game/game_fn_800096E0.o
[475/543] EXTERNALIZE build/GEDE01/src/game/game_fn_8000FFD8.o
[476/543] EXTERNALIZE FLAGS build/GEDE01/src/game/game_fn_800119FC.o
[477/543] EXTERNALIZE build/GEDE01/src/game/game_fn_80009AB4.o
[478/543] EXTERNALIZE build/GEDE01/src/game/game_fn_80017910.o
[479/543] EXTERNALIZE build/GEDE01/src/game/game_fn_8000F4B0.o
[480/543] EXTERNALIZE build/GEDE01/src/game/game_fn_800171C0.o
[481/543] EXTERNALIZE build/GEDE01/src/game/game_fn_800099D8.o
[482/543] EXTERNALIZE build/GEDE01/src/game/game_fn_800176F0.o
[483/543] EXTERNALIZE build/GEDE01/src/game/game_fn_8000AEB4.o
[484/543] EXTERNALIZE build/GEDE01/src/game/game_fn_8000A26C.o
[485/543] EXTERNALIZE build/GEDE01/src/game/game_fn_8000B1B8.o
[486/543] EXTERNALIZE build/GEDE01/src/game/game_fn_8000B630.o
[487/543] EXTERNALIZE build/GEDE01/src/game/game_fn_8000B36C.o
[488/543] EXTERNALIZE build/GEDE01/src/game/game_fn_8000B7FC.o
[489/543] EXTERNALIZE build/GEDE01/src/game/game_fn_8000B900.o
[490/543] EXTERNALIZE build/GEDE01/src/game/game_fn_8000BA0C.o
[491/543] EXTERNALIZE build/GEDE01/src/game/game_fn_8000AFB4.o
[492/543] EXTERNALIZE build/GEDE01/src/game/game_fn_8000AC88.o
[493/543] NAME SWITCH build/GEDE01/src/game/game_fn_8000D8A4.o
[494/543] EXTERNALIZE build/GEDE01/src/game/game_fn_8000C06C.o
[495/543] EXTERNALIZE build/GEDE01/src/game/game_fn_8000C17C.o
[496/543] EXTERNALIZE build/GEDE01/src/game/game_fn_8000C400.o
[497/543] EXTERNALIZE build/GEDE01/src/game/game_fn_8000C91C.o
[498/543] EXTERNALIZE build/GEDE01/src/game/game_fn_8000D0BC.o
[499/543] EXTERNALIZE build/GEDE01/src/game/game_fn_8000C848.o
[500/543] EXTERNALIZE build/GEDE01/src/game/game_fn_8000BAA0.o
[501/543] EXTERNALIZE build/GEDE01/src/game/game_fn_8000BC40.o
[502/543] EXTERNALIZE build/GEDE01/src/game/game_fn_8000D3D4.o
[503/543] EXTERNALIZE build/GEDE01/src/game/game_fn_8000E0AC.o
[504/543] EXTERNALIZE build/GEDE01/src/game/game_fn_8000E96C.o
[505/543] EXTERNALIZE build/GEDE01/src/game/game_fn_8000E054.o
[506/543] EXTERNALIZE build/GEDE01/src/game/game_fn_8000F774.o
[507/543] EXTERNALIZE build/GEDE01/src/game/game_fn_8000ED44.o
[508/543] EXTERNALIZE build/GEDE01/src/game/game_fn_8000E138.o
[509/543] EXTERNALIZE build/GEDE01/src/game/game_fn_8000D590.o
[510/543] EXTERNALIZE build/GEDE01/src/game/game_fn_8000DA50.o
[511/543] EXTERNALIZE build/GEDE01/src/game/game_fn_8000DAF4.o
[512/543] EXTERNALIZE build/GEDE01/src/game/game_fn_80012DA8.o
[513/543] EXTERNALIZE build/GEDE01/src/game/game_fn_80012F40.o
[514/543] EXTERNALIZE build/GEDE01/src/game/game_fn_8000EBD4.o
[515/543] EXTERNALIZE build/GEDE01/src/game/game_fn_8000EB14.o
[516/543] EXTERNALIZE build/GEDE01/src/game/game_fn_8000E1C4.o
[517/543] EXTERNALIZE build/GEDE01/src/game/game_fn_800131E8.o
[518/543] EXTERNALIZE build/GEDE01/src/game/game_fn_80012FD0.o
[519/543] EXTERNALIZE build/GEDE01/src/game/game_fn_80013870.o
[520/543] EXTERNALIZE build/GEDE01/src/game/game_fn_80013D54.o
[521/543] EXTERNALIZE build/GEDE01/src/game/game_fn_80013CB0.o
[522/543] EXTERNALIZE build/GEDE01/src/game/game_fn_80014784.o
[523/543] EXTERNALIZE build/GEDE01/src/game/game_fn_800144CC.o
[524/543] EXTERNALIZE build/GEDE01/src/game/game_fn_80015058.o
[525/543] EXTERNALIZE build/GEDE01/src/game/game_fn_80015568.o
[526/543] EXTERNALIZE build/GEDE01/src/game/game_fn_80013340.o
[527/543] EXTERNALIZE build/GEDE01/src/game/game_fn_800142DC.o
[528/543] EXTERNALIZE build/GEDE01/src/game/game_fn_800156FC.o
[529/543] EXTERNALIZE build/GEDE01/src/game/game_fn_80015320.o
[530/543] EXTERNALIZE build/GEDE01/src/game/game_fn_80015BE0.o
[531/543] EXTERNALIZE build/GEDE01/src/game/game_fn_800149D4.o
[532/543] EXTERNALIZE build/GEDE01/src/game/game_fn_80015D40.o
[533/543] EXTERNALIZE build/GEDE01/src/game/game_fn_800173CC.o
[534/543] EXTERNALIZE build/GEDE01/src/game/game_fn_80016904.o
[535/543] EXTERNALIZE build/GEDE01/src/game/game_fn_80015F04.o
[536/543] EXTERNALIZE build/GEDE01/src/game/game_fn_80016128.o
[537/543] EXTERNALIZE build/GEDE01/src/game/game_fn_80016B24.o
[538/543] EXTERNALIZE build/GEDE01/src/game/game_fn_80016270.o
[539/543] REPORT
 INFO Loading project .
 INFO Generating report for 5641 units (using 8 threads)
 INFO Report generated in 0.161s
 INFO Writing to build/GEDE01/report.json
[540/543] LINK build/GEDE01/main.elf
### mwldeppc.exe Linker Warning:
#   Section '.ignored' is unknown. Section ignored.
### mwldeppc.exe Linker Warning:
#   Section '.ignored' is unknown. Section ignored.
### mwldeppc.exe Linker Warning:
#   Section '.ignored' is unknown. Section ignored.
### mwldeppc.exe Linker Warning:
#   Section '.ignored' is unknown. Section ignored.
### mwldeppc.exe Linker Warning:
#   Section '.ignored' is unknown. Section ignored.
### mwldeppc.exe Linker Warning:
#   Section '.ignored' is unknown. Section ignored.
### mwldeppc.exe Linker Warning:
#   Section '.ignored' is unknown. Section ignored.
### mwldeppc.exe Linker Warning:
#   Section '.ignored' is unknown. Section ignored.
### mwldeppc.exe Linker Warning:
#   Section '.ignored' is unknown. Section ignored.
### mwldeppc.exe Linker Warning:
#   Section '.ignored' is unknown. Section ignored.
### mwldeppc.exe Linker Warning:
#   Section '.ignored' is unknown. Section ignored.
### mwldeppc.exe Linker Warning:
#   Section '.ignored' is unknown. Section ignored.
### mwldeppc.exe Linker Warning:
#   Section '.ignored' is unknown. Section ignored.
### mwldeppc.exe Linker Warning:
#   Section '.ignored' is unknown. Section ignored.
### mwldeppc.exe Linker Warning:
#   Section '.ignored' is unknown. Section ignored.
### mwldeppc.exe Linker Warning:
#   Section '.ignored' is unknown. Section ignored.
### mwldeppc.exe Linker Warning:
#   Section '.ignored' is unknown. Section ignored.
### mwldeppc.exe Linker Warning:
#   Section '.ignored' is unknown. Section ignored.
### mwldeppc.exe Linker Warning:
#   Section '.ignored' is unknown. Section ignored.
### mwldeppc.exe Linker Warning:
#   Section '.ignored' is unknown. Section ignored.
### mwldeppc.exe Linker Warning:
#   Section '.ignored' is unknown. Section ignored.
### mwldeppc.exe Linker Warning:
#   Section '.ignored' is unknown. Section ignored.
### mwldeppc.exe Linker Warning:
#   Section '.ignored' is unknown. Section ignored.
### mwldeppc.exe Linker Warning:
#   Section '.ignored' is unknown. Section ignored.
### mwldeppc.exe Linker Warning:
#   Section '.ignored' is unknown. Section ignored.
### mwldeppc.exe Linker Warning:
#   Section '.ignored' is unknown. Section ignored.
### mwldeppc.exe Linker Warning:
#   Section '.ignored' is unknown. Section ignored.
### mwldeppc.exe Linker Warning:
#   Section '.ignored' is unknown. Section ignored.
### mwldeppc.exe Linker Warning:
#   Section '.ignored' is unknown. Section ignored.
### mwldeppc.exe Linker Warning:
#   Section '.ignored' is unknown. Section ignored.
### mwldeppc.exe Linker Warning:
#   Section '.ignored' is unknown. Section ignored.
### mwldeppc.exe Linker Warning:
#   Section '.ignored' is unknown. Section ignored.
### mwldeppc.exe Linker Warning:
#   Section '.ignored' is unknown. Section ignored.
### mwldeppc.exe Linker Warning:
#   Section '.ignored' is unknown. Section ignored.
### mwldeppc.exe Linker Warning:
#   Section '.ignored' is unknown. Section ignored.
### mwldeppc.exe Linker Warning:
#   Section '.ignored' is unknown. Section ignored.
### mwldeppc.exe Linker Warning:
#   Section '.ignored' is unknown. Section ignored.
### mwldeppc.exe Linker Warning:
#   Section '.ignored' is unknown. Section ignored.
### mwldeppc.exe Linker Warning:
#   Section '.ignored' is unknown. Section ignored.
### mwldeppc.exe Linker Warning:
#   Section '.ignored' is unknown. Section ignored.
### mwldeppc.exe Linker Warning:
#   Section '.ignored' is unknown. Section ignored.
### mwldeppc.exe Linker Warning:
#   Section '.ignored' is unknown. Section ignored.
### mwldeppc.exe Linker Warning:
#   Section '.ignored' is unknown. Section ignored.
### mwldeppc.exe Linker Warning:
#   Section '.ignored' is unknown. Section ignored.
### mwldeppc.exe Linker Warning:
#   Section '.ignored' is unknown. Section ignored.
### mwldeppc.exe Linker Warning:
#   Section '.ignored' is unknown. Section ignored.
### mwldeppc.exe Linker Warning:
#   Section '.ignored' is unknown. Section ignored.
### mwldeppc.exe Linker Warning:
#   Section '.ignored' is unknown. Section ignored.
### mwldeppc.exe Linker Warning:
#   Section '.ignored' is unknown. Section ignored.
### mwldeppc.exe Linker Warning:
#   Section '.ignored' is unknown. Section ignored.
### mwldeppc.exe Linker Warning:
#   Section '.ignored' is unknown. Section ignored.
### mwldeppc.exe Linker Warning:
#   Section '.ignored' is unknown. Section ignored.
### mwldeppc.exe Linker Warning:
#   Section '.ignored' is unknown. Section ignored.
### mwldeppc.exe Linker Warning:
#   Section '.ignored' is unknown. Section ignored.
### mwldeppc.exe Linker Warning:
#   Section '.ignored' is unknown. Section ignored.
### mwldeppc.exe Linker Warning:
#   Section '.ignored' is unknown. Section ignored.
### mwldeppc.exe Linker Warning:
#   Section '.ignored' is unknown. Section ignored.
### mwldeppc.exe Linker Warning:
#   Section '.ignored' is unknown. Section ignored.
### mwldeppc.exe Linker Warning:
#   Section '.ignored' is unknown. Section ignored.
### mwldeppc.exe Linker Warning:
#   Section '.ignored' is unknown. Section ignored.
### mwldeppc.exe Linker Warning:
#   Section '.ignored' is unknown. Section ignored.
### mwldeppc.exe Linker Warning:
#   Section '.ignored' is unknown. Section ignored.
### mwldeppc.exe Linker Warning:
#   Section '.ignored' is unknown. Section ignored.
### mwldeppc.exe Linker Warning:
#   Section '.ignored' is unknown. Section ignored.
### mwldeppc.exe Linker Warning:
#   Section '.ignored' is unknown. Section ignored.
### mwldeppc.exe Linker Warning:
#   Section '.ignored' is unknown. Section ignored.
### mwldeppc.exe Linker Warning:
#   Section '.ignored' is unknown. Section ignored.
### mwldeppc.exe Linker Warning:
#   Section '.ignored' is unknown. Section ignored.
### mwldeppc.exe Linker Warning:
#   Section '.ignored' is unknown. Section ignored.
### mwldeppc.exe Linker Warning:
#   Section '.ignored' is unknown. Section ignored.
### mwldeppc.exe Linker Warning:
#   Section '.ignored' is unknown. Section ignored.
### mwldeppc.exe Linker Warning:
#   Section '.ignored' is unknown. Section ignored.
### mwldeppc.exe Linker Warning:
#   Section '.ignored' is unknown. Section ignored.
### mwldeppc.exe Linker Warning:
#   Section '.ignored' is unknown. Section ignored.
### mwldeppc.exe Linker Warning:
#   Section '.ignored' is unknown. Section ignored.
### mwldeppc.exe Linker Warning:
#   Section '.ignored' is unknown. Section ignored.
### mwldeppc.exe Linker Warning:
#   Section '.ignored' is unknown. Section ignored.
### mwldeppc.exe Linker Warning:
#   Section '.ignored' is unknown. Section ignored.
### mwldeppc.exe Linker Warning:
#   Section '.ignored' is unknown. Section ignored.
### mwldeppc.exe Linker Warning:
#   Section '.ignored' is unknown. Section ignored.
### mwldeppc.exe Linker Warning:
#   Section '.ignored' is unknown. Section ignored.
### mwldeppc.exe Linker Warning:
#   Section '.ignored' is unknown. Section ignored.
### mwldeppc.exe Linker Warning:
#   Section '.ignored' is unknown. Section ignored.
### mwldeppc.exe Linker Warning:
#   Section '.ignored' is unknown. Section ignored.
### mwldeppc.exe Linker Warning:
#   Section '.ignored' is unknown. Section ignored.
### mwldeppc.exe Linker Warning:
#   Section '.ignored' is unknown. Section ignored.
### mwldeppc.exe Linker Warning:
#   Section '.ignored' is unknown. Section ignored.
### mwldeppc.exe Linker Warning:
#   Section '.ignored' is unknown. Section ignored.
### mwldeppc.exe Linker Warning:
#   Section '.ignored' is unknown. Section ignored.
### mwldeppc.exe Linker Warning:
#   Section '.ignored' is unknown. Section ignored.
### mwldeppc.exe Linker Warning:
#   Section '.ignored' is unknown. Section ignored.
### mwldeppc.exe Linker Warning:
#   Section '.ignored' is unknown. Section ignored.
### mwldeppc.exe Linker Warning:
#   Section '.ignored' is unknown. Section ignored.
### mwldeppc.exe Linker Warning:
#   Section '.ignored' is unknown. Section ignored.
### mwldeppc.exe Linker Warning:
#   Section '.ignored' is unknown. Section ignored.
### mwldeppc.exe Linker Warning:
#   Section '.ignored' is unknown. Section ignored.
### mwldeppc.exe Linker Warning:
#   Section '.ignored' is unknown. Section ignored.
### mwldeppc.exe Linker Warning:
#   Section '.ignored' is unknown. Section ignored.
### mwldeppc.exe Linker Warning:
#   Section '.ignored' is unknown. Section ignored.
### mwldeppc.exe Linker Warning:
#   Section '.ignored' is unknown. Section ignored.
### mwldeppc.exe Linker Warning:
#   Section '.ignored' is unknown. Section ignored.
### mwldeppc.exe Linker Warning:
#   Section '.ignored' is unknown. Section ignored.
### mwldeppc.exe Linker Warning:
#   Section '.ignored' is unknown. Section ignored.
### mwldeppc.exe Linker Warning:
#   Section '.ignored' is unknown. Section ignored.
### mwldeppc.exe Linker Warning:
#   Section '.ignored' is unknown. Section ignored.
### mwldeppc.exe Linker Warning:
#   Section '.ignored' is unknown. Section ignored.
### mwldeppc.exe Linker Warning:
#   Section '.ignored' is unknown. Section ignored.
### mwldeppc.exe Linker Warning:
#   Section '.ignored' is unknown. Section ignored.
### mwldeppc.exe Linker Warning:
#   Section '.ignored' is unknown. Section ignored.
### mwldeppc.exe Linker Warning:
#   Section '.ignored' is unknown. Section ignored.
### mwldeppc.exe Linker Warning:
#   Section '.ignored' is unknown. Section ignored.
### mwldeppc.exe Linker Warning:
#   Section '.ignored' is unknown. Section ignored.
### mwldeppc.exe Linker Warning:
#   Section '.ignored' is unknown. Section ignored.
### mwldeppc.exe Linker Warning:
#   Section '.ignored' is unknown. Section ignored.
### mwldeppc.exe Linker Warning:
#   Section '.ignored' is unknown. Section ignored.
### mwldeppc.exe Linker Warning:
#   Section '.ignored' is unknown. Section ignored.
### mwldeppc.exe Linker Warning:
#   Section '.ignored' is unknown. Section ignored.
### mwldeppc.exe Linker Warning:
#   Section '.ignored' is unknown. Section ignored.
### mwldeppc.exe Linker Warning:
#   Section '.ignored' is unknown. Section ignored.
### mwldeppc.exe Linker Warning:
#   Section '.ignored' is unknown. Section ignored.
### mwldeppc.exe Linker Warning:
#   Section '.ignored' is unknown. Section ignored.
### mwldeppc.exe Linker Warning:
#   Section '.ignored' is unknown. Section ignored.
### mwldeppc.exe Linker Warning:
#   Section '.ignored' is unknown. Section ignored.
### mwldeppc.exe Linker Warning:
#   Section '.ignored' is unknown. Section ignored.
### mwldeppc.exe Linker Warning:
#   Section '.ignored' is unknown. Section ignored.
### mwldeppc.exe Linker Warning:
#   Section '.ignored' is unknown. Section ignored.
### mwldeppc.exe Linker Warning:
#   Section '.ignored' is unknown. Section ignored.
### mwldeppc.exe Linker Warning:
#   Section '.ignored' is unknown. Section ignored.
### mwldeppc.exe Linker Warning:
#   Section '.ignored' is unknown. Section ignored.
### mwldeppc.exe Linker Warning:
#   Section '.ignored' is unknown. Section ignored.
### mwldeppc.exe Linker Warning:
#   Section '.ignored' is unknown. Section ignored.
### mwldeppc.exe Linker Warning:
#   Section '.ignored' is unknown. Section ignored.
### mwldeppc.exe Linker Warning:
#   Section '.ignored' is unknown. Section ignored.
### mwldeppc.exe Linker Warning:
#   Section '.ignored' is unknown. Section ignored.
### mwldeppc.exe Linker Warning:
#   Section '.ignored' is unknown. Section ignored.
### mwldeppc.exe Linker Warning:
#   Section '.ignored' is unknown. Section ignored.
### mwldeppc.exe Linker Warning:
#   Section '.ignored' is unknown. Section ignored.
### mwldeppc.exe Linker Warning:
#   Section '.ignored' is unknown. Section ignored.
### mwldeppc.exe Linker Warning:
#   Section '.ignored' is unknown. Section ignored.
### mwldeppc.exe Linker Warning:
#   Section '.ignored' is unknown. Section ignored.
### mwldeppc.exe Linker Warning:
#   Section '.ignored' is unknown. Section ignored.
### mwldeppc.exe Linker Warning:
#   Section '.ignored' is unknown. Section ignored.
### mwldeppc.exe Linker Warning:
#   Section '.ignored' is unknown. Section ignored.
### mwldeppc.exe Linker Warning:
#   Section '.ignored' is unknown. Section ignored.
### mwldeppc.exe Linker Warning:
#   Section '.ignored' is unknown. Section ignored.
### mwldeppc.exe Linker Warning:
#   Section '.ignored' is unknown. Section ignored.
### mwldeppc.exe Linker Warning:
#   Section '.ignored' is unknown. Section ignored.
### mwldeppc.exe Linker Warning:
#   Section '.ignored' is unknown. Section ignored.
### mwldeppc.exe Linker Warning:
#   Section '.ignored' is unknown. Section ignored.
### mwldeppc.exe Linker Warning:
#   Section '.ignored' is unknown. Section ignored.
### mwldeppc.exe Linker Warning:
#   Section '.ignored' is unknown. Section ignored.
### mwldeppc.exe Linker Warning:
#   Section '.ignored' is unknown. Section ignored.
### mwldeppc.exe Linker Warning:
#   Section '.ignored' is unknown. Section ignored.
### mwldeppc.exe Linker Warning:
#   Section '.ignored' is unknown. Section ignored.
### mwldeppc.exe Linker Warning:
#   Section '.ignored' is unknown. Section ignored.
### mwldeppc.exe Linker Warning:
#   Section '.ignored' is unknown. Section ignored.
### mwldeppc.exe Linker Warning:
#   Section '.ignored' is unknown. Section ignored.
### mwldeppc.exe Linker Warning:
#   Section '.ignored' is unknown. Section ignored.
### mwldeppc.exe Linker Warning:
#   Section '.ignored' is unknown. Section ignored.
### mwldeppc.exe Linker Warning:
#   Section '.ignored' is unknown. Section ignored.
### mwldeppc.exe Linker Warning:
#   Section '.ignored' is unknown. Section ignored.
### mwldeppc.exe Linker Warning:
#   Section '.ignored' is unknown. Section ignored.
### mwldeppc.exe Linker Warning:
#   Section '.ignored' is unknown. Section ignored.
### mwldeppc.exe Linker Warning:
#   Section '.ignored' is unknown. Section ignored.
### mwldeppc.exe Linker Warning:
#   Section '.ignored' is unknown. Section ignored.
### mwldeppc.exe Linker Warning:
#   Section '.ignored' is unknown. Section ignored.
### mwldeppc.exe Linker Warning:
#   Section '.ignored' is unknown. Section ignored.
### mwldeppc.exe Linker Warning:
#   Section '.ignored' is unknown. Section ignored.
### mwldeppc.exe Linker Warning:
#   Section '.ignored' is unknown. Section ignored.
### mwldeppc.exe Linker Warning:
#   Section '.ignored' is unknown. Section ignored.
### mwldeppc.exe Linker Warning:
#   Section '.ignored' is unknown. Section ignored.
### mwldeppc.exe Linker Warning:
#   Section '.ignored' is unknown. Section ignored.
### mwldeppc.exe Linker Warning:
#   Section '.ignored' is unknown. Section ignored.
### mwldeppc.exe Linker Warning:
#   Section '.ignored' is unknown. Section ignored.
### mwldeppc.exe Linker Warning:
#   Section '.ignored' is unknown. Section ignored.
### mwldeppc.exe Linker Warning:
#   Section '.ignored' is unknown. Section ignored.
### mwldeppc.exe Linker Warning:
#   Section '.ignored' is unknown. Section ignored.
### mwldeppc.exe Linker Warning:
#   Section '.ignored' is unknown. Section ignored.
### mwldeppc.exe Linker Warning:
#   Section '.ignored' is unknown. Section ignored.
### mwldeppc.exe Linker Warning:
#   Section '.ignored' is unknown. Section ignored.
### mwldeppc.exe Linker Warning:
#   Section '.ignored' is unknown. Section ignored.
### mwldeppc.exe Linker Warning:
#   Section '.ignored' is unknown. Section ignored.
### mwldeppc.exe Linker Warning:
#   Section '.ignored' is unknown. Section ignored.
### mwldeppc.exe Linker Warning:
#   Section '.ignored' is unknown. Section ignored.
### mwldeppc.exe Linker Warning:
#   Section '.ignored' is unknown. Section ignored.
### mwldeppc.exe Linker Warning:
#   Section '.ignored' is unknown. Section ignored.
### mwldeppc.exe Linker Warning:
#   Section '.ignored' is unknown. Section ignored.
### mwldeppc.exe Linker Warning:
#   Section '.ignored' is unknown. Section ignored.
### mwldeppc.exe Linker Warning:
#   Section '.ignored' is unknown. Section ignored.
### mwldeppc.exe Linker Warning:
#   Section '.ignored' is unknown. Section ignored.
### mwldeppc.exe Linker Warning:
#   Section '.ignored' is unknown. Section ignored.
### mwldeppc.exe Linker Warning:
#   Section '.ignored' is unknown. Section ignored.
### mwldeppc.exe Linker Warning:
#   Section '.ignored' is unknown. Section ignored.
### mwldeppc.exe Linker Warning:
#   Section '.ignored' is unknown. Section ignored.
### mwldeppc.exe Linker Warning:
#   Section '.ignored' is unknown. Section ignored.
### mwldeppc.exe Linker Warning:
#   Section '.ignored' is unknown. Section ignored.
### mwldeppc.exe Linker Warning:
#   Section '.ignored' is unknown. Section ignored.
### mwldeppc.exe Linker Warning:
#   Section '.ignored' is unknown. Section ignored.
### mwldeppc.exe Linker Warning:
#   Section '.ignored' is unknown. Section ignored.
### mwldeppc.exe Linker Warning:
#   Section '.ignored' is unknown. Section ignored.
### mwldeppc.exe Linker Warning:
#   Section '.ignored' is unknown. Section ignored.
### mwldeppc.exe Linker Warning:
#   Section '.ignored' is unknown. Section ignored.
### mwldeppc.exe Linker Warning:
#   Section '.ignored' is unknown. Section ignored.
### mwldeppc.exe Linker Warning:
#   Section '.ignored' is unknown. Section ignored.
### mwldeppc.exe Linker Warning:
#   Section '.ignored' is unknown. Section ignored.
### mwldeppc.exe Linker Warning:
#   Section '.ignored' is unknown. Section ignored.
### mwldeppc.exe Linker Warning:
#   Section '.ignored' is unknown. Section ignored.
### mwldeppc.exe Linker Warning:
#   Section '.ignored' is unknown. Section ignored.
### mwldeppc.exe Linker Warning:
#   Section '.ignored' is unknown. Section ignored.
### mwldeppc.exe Linker Warning:
#   Section '.ignored' is unknown. Section ignored.
### mwldeppc.exe Linker Warning:
#   Section '.ignored' is unknown. Section ignored.
### mwldeppc.exe Linker Warning:
#   Section '.ignored' is unknown. Section ignored.
### mwldeppc.exe Linker Warning:
#   Section '.ignored' is unknown. Section ignored.
### mwldeppc.exe Linker Warning:
#   Section '.ignored' is unknown. Section ignored.
### mwldeppc.exe Linker Warning:
#   Section '.ignored' is unknown. Section ignored.
### mwldeppc.exe Linker Warning:
#   Section '.ignored' is unknown. Section ignored.
### mwldeppc.exe Linker Warning:
#   Section '.ignored' is unknown. Section ignored.
### mwldeppc.exe Linker Warning:
#   Section '.ignored' is unknown. Section ignored.
### mwldeppc.exe Linker Warning:
#   Section '.ignored' is unknown. Section ignored.
### mwldeppc.exe Linker Warning:
#   Section '.ignored' is unknown. Section ignored.
### mwldeppc.exe Linker Warning:
#   Section '.ignored' is unknown. Section ignored.
### mwldeppc.exe Linker Warning:
#   Section '.ignored' is unknown. Section ignored.
### mwldeppc.exe Linker Warning:
#   Section '.ignored' is unknown. Section ignored.
### mwldeppc.exe Linker Warning:
#   Section '.ignored' is unknown. Section ignored.
### mwldeppc.exe Linker Warning:
#   Section '.ignored' is unknown. Section ignored.
### mwldeppc.exe Linker Warning:
#   Section '.ignored' is unknown. Section ignored.
### mwldeppc.exe Linker Warning:
#   Section '.ignored' is unknown. Section ignored.
### mwldeppc.exe Linker Warning:
#   Section '.ignored' is unknown. Section ignored.
### mwldeppc.exe Linker Warning:
#   Section '.ignored' is unknown. Section ignored.
### mwldeppc.exe Linker Warning:
#   Section '.ignored' is unknown. Section ignored.
### mwldeppc.exe Linker Warning:
#   Section '.ignored' is unknown. Section ignored.
### mwldeppc.exe Linker Warning:
#   Section '.ignored' is unknown. Section ignored.
### mwldeppc.exe Linker Warning:
#   Section '.ignored' is unknown. Section ignored.
### mwldeppc.exe Linker Warning:
#   Section '.ignored' is unknown. Section ignored.
### mwldeppc.exe Linker Warning:
#   Section '.ignored' is unknown. Section ignored.
### mwldeppc.exe Linker Warning:
#   Section '.ignored' is unknown. Section ignored.
### mwldeppc.exe Linker Warning:
#   Section '.ignored' is unknown. Section ignored.
### mwldeppc.exe Linker Warning:
#   Section '.ignored' is unknown. Section ignored.
### mwldeppc.exe Linker Warning:
#   Section '.ignored' is unknown. Section ignored.
### mwldeppc.exe Linker Warning:
#   Section '.ignored' is unknown. Section ignored.
### mwldeppc.exe Linker Warning:
#   Section '.ignored' is unknown. Section ignored.
### mwldeppc.exe Linker Warning:
#   Section '.ignored' is unknown. Section ignored.
### mwldeppc.exe Linker Warning:
#   Section '.ignored' is unknown. Section ignored.
### mwldeppc.exe Linker Warning:
#   Section '.ignored' is unknown. Section ignored.
### mwldeppc.exe Linker Warning:
#   Section '.ignored' is unknown. Section ignored.
### mwldeppc.exe Linker Warning:
#   Section '.ignored' is unknown. Section ignored.
### mwldeppc.exe Linker Warning:
#   Section '.ignored' is unknown. Section ignored.
### mwldeppc.exe Linker Warning:
#   Section '.ignored' is unknown. Section ignored.
### mwldeppc.exe Linker Warning:
#   Section '.ignored' is unknown. Section ignored.
### mwldeppc.exe Linker Warning:
#   Section '.ignored' is unknown. Section ignored.
### mwldeppc.exe Linker Warning:
#   Section '.ignored' is unknown. Section ignored.
### mwldeppc.exe Linker Warning:
#   Section '.ignored' is unknown. Section ignored.
### mwldeppc.exe Linker Warning:
#   Section '.ignored' is unknown. Section ignored.
### mwldeppc.exe Linker Warning:
#   Section '.ignored' is unknown. Section ignored.
### mwldeppc.exe Linker Warning:
#   Section '.ignored' is unknown. Section ignored.
### mwldeppc.exe Linker Warning:
#   Section '.ignored' is unknown. Section ignored.
### mwldeppc.exe Linker Warning:
#   Section '.ignored' is unknown. Section ignored.
### mwldeppc.exe Linker Warning:
#   Section '.ignored' is unknown. Section ignored.
### mwldeppc.exe Linker Warning:
#   Section '.ignored' is unknown. Section ignored.
### mwldeppc.exe Linker Warning:
#   Section '.ignored' is unknown. Section ignored.
### mwldeppc.exe Linker Warning:
#   Section '.ignored' is unknown. Section ignored.
### mwldeppc.exe Linker Warning:
#   Section '.ignored' is unknown. Section ignored.
### mwldeppc.exe Linker Warning:
#   Section '.ignored' is unknown. Section ignored.
### mwldeppc.exe Linker Warning:
#   Section '.ignored' is unknown. Section ignored.
### mwldeppc.exe Linker Warning:
#   Section '.ignored' is unknown. Section ignored.
### mwldeppc.exe Linker Warning:
#   Section '.ignored' is unknown. Section ignored.
### mwldeppc.exe Linker Warning:
#   Section '.ignored' is unknown. Section ignored.
### mwldeppc.exe Linker Warning:
#   Section '.ignored' is unknown. Section ignored.
### mwldeppc.exe Linker Warning:
#   Section '.ignored' is unknown. Section ignored.
### mwldeppc.exe Linker Warning:
#   Section '.ignored' is unknown. Section ignored.
### mwldeppc.exe Linker Warning:
#   Section '.ignored' is unknown. Section ignored.
### mwldeppc.exe Linker Warning:
#   Section '.ignored' is unknown. Section ignored.
### mwldeppc.exe Linker Warning:
#   Section '.ignored' is unknown. Section ignored.
### mwldeppc.exe Linker Warning:
#   Section '.ignored' is unknown. Section ignored.
### mwldeppc.exe Linker Warning:
#   Section '.ignored' is unknown. Section ignored.
### mwldeppc.exe Linker Warning:
#   Section '.ignored' is unknown. Section ignored.
### mwldeppc.exe Linker Warning:
#   Section '.ignored' is unknown. Section ignored.
### mwldeppc.exe Linker Warning:
#   Section '.ignored' is unknown. Section ignored.
### mwldeppc.exe Linker Warning:
#   Section '.ignored' is unknown. Section ignored.
### mwldeppc.exe Linker Warning:
#   Section '.ignored' is unknown. Section ignored.
### mwldeppc.exe Linker Warning:
#   Section '.ignored' is unknown. Section ignored.
### mwldeppc.exe Linker Warning:
#   Section '.ignored' is unknown. Section ignored.
### mwldeppc.exe Linker Warning:
#   Section '.ignored' is unknown. Section ignored.
### mwldeppc.exe Linker Warning:
#   Section '.ignored' is unknown. Section ignored.
### mwldeppc.exe Linker Warning:
#   Section '.ignored' is unknown. Section ignored.
### mwldeppc.exe Linker Warning:
#   Section '.ignored' is unknown. Section ignored.
### mwldeppc.exe Linker Warning:
#   Section '.ignored' is unknown. Section ignored.
### mwldeppc.exe Linker Warning:
#   Section '.ignored' is unknown. Section ignored.
### mwldeppc.exe Linker Warning:
#   Section '.ignored' is unknown. Section ignored.
### mwldeppc.exe Linker Warning:
#   Section '.ignored' is unknown. Section ignored.
### mwldeppc.exe Linker Warning:
#   Section '.ignored' is unknown. Section ignored.
### mwldeppc.exe Linker Warning:
#   Section '.ignored' is unknown. Section ignored.
### mwldeppc.exe Linker Warning:
#   Section '.ignored' is unknown. Section ignored.
### mwldeppc.exe Linker Warning:
#   Section '.ignored' is unknown. Section ignored.
### mwldeppc.exe Linker Warning:
#   Section '.ignored' is unknown. Section ignored.
### mwldeppc.exe Linker Warning:
#   Section '.ignored' is unknown. Section ignored.
### mwldeppc.exe Linker Warning:
#   Section '.ignored' is unknown. Section ignored.
### mwldeppc.exe Linker Warning:
#   Section '.ignored' is unknown. Section ignored.
### mwldeppc.exe Linker Warning:
#   Section '.ignored' is unknown. Section ignored.
### mwldeppc.exe Linker Warning:
#   Section '.ignored' is unknown. Section ignored.
### mwldeppc.exe Linker Warning:
#   Section '.ignored' is unknown. Section ignored.
### mwldeppc.exe Linker Warning:
#   Section '.ignored' is unknown. Section ignored.
### mwldeppc.exe Linker Warning:
#   Section '.ignored' is unknown. Section ignored.
### mwldeppc.exe Linker Warning:
#   Section '.ignored' is unknown. Section ignored.
### mwldeppc.exe Linker Warning:
#   Section '.ignored' is unknown. Section ignored.
### mwldeppc.exe Linker Warning:
#   Section '.ignored' is unknown. Section ignored.
### mwldeppc.exe Linker Warning:
#   Section '.ignored' is unknown. Section ignored.
### mwldeppc.exe Linker Warning:
#   Section '.ignored' is unknown. Section ignored.
### mwldeppc.exe Linker Warning:
#   Section '.ignored' is unknown. Section ignored.
### mwldeppc.exe Linker Warning:
#   Section '.ignored' is unknown. Section ignored.
### mwldeppc.exe Linker Warning:
#   Section '.ignored' is unknown. Section ignored.
### mwldeppc.exe Linker Warning:
#   Section '.ignored' is unknown. Section ignored.
### mwldeppc.exe Linker Warning:
#   Section '.ignored' is unknown. Section ignored.
### mwldeppc.exe Linker Warning:
#   Section '.ignored' is unknown. Section ignored.
### mwldeppc.exe Linker Warning:
#   Section '.ignored' is unknown. Section ignored.
### mwldeppc.exe Linker Warning:
#   Section '.ignored' is unknown. Section ignored.
### mwldeppc.exe Linker Warning:
#   Section '.ignored' is unknown. Section ignored.
### mwldeppc.exe Linker Warning:
#   Section '.ignored' is unknown. Section ignored.
### mwldeppc.exe Linker Warning:
#   Section '.ignored' is unknown. Section ignored.
### mwldeppc.exe Linker Warning:
#   Section '.ignored' is unknown. Section ignored.
### mwldeppc.exe Linker Warning:
#   Section '.ignored' is unknown. Section ignored.
### mwldeppc.exe Linker Warning:
#   Section '.ignored' is unknown. Section ignored.
### mwldeppc.exe Linker Warning:
#   Section '.ignored' is unknown. Section ignored.
### mwldeppc.exe Linker Warning:
#   Section '.ignored' is unknown. Section ignored.
### mwldeppc.exe Linker Warning:
#   Section '.ignored' is unknown. Section ignored.
### mwldeppc.exe Linker Warning:
#   Section '.ignored' is unknown. Section ignored.
### mwldeppc.exe Linker Warning:
#   Section '.ignored' is unknown. Section ignored.
### mwldeppc.exe Linker Warning:
#   Section '.ignored' is unknown. Section ignored.
### mwldeppc.exe Linker Warning:
#   Section '.ignored' is unknown. Section ignored.
### mwldeppc.exe Linker Warning:
#   Section '.ignored' is unknown. Section ignored.
### mwldeppc.exe Linker Warning:
#   Section '.ignored' is unknown. Section ignored.
### mwldeppc.exe Linker Warning:
#   Section '.ignored' is unknown. Section ignored.
### mwldeppc.exe Linker Warning:
#   Section '.ignored' is unknown. Section ignored.
### mwldeppc.exe Linker Warning:
#   Section '.ignored' is unknown. Section ignored.
### mwldeppc.exe Linker Warning:
#   Section '.ignored' is unknown. Section ignored.
### mwldeppc.exe Linker Warning:
#   Section '.ignored' is unknown. Section ignored.
### mwldeppc.exe Linker Warning:
#   Section '.ignored' is unknown. Section ignored.
### mwldeppc.exe Linker Warning:
#   Section '.ignored' is unknown. Section ignored.
### mwldeppc.exe Linker Warning:
#   Section '.ignored' is unknown. Section ignored.
### mwldeppc.exe Linker Warning:
#   Section '.ignored' is unknown. Section ignored.
### mwldeppc.exe Linker Warning:
#   Section '.ignored' is unknown. Section ignored.
### mwldeppc.exe Linker Warning:
#   Section '.ignored' is unknown. Section ignored.
### mwldeppc.exe Linker Warning:
#   Section '.ignored' is unknown. Section ignored.
### mwldeppc.exe Linker Warning:
#   Section '.ignored' is unknown. Section ignored.
### mwldeppc.exe Linker Warning:
#   Section '.ignored' is unknown. Section ignored.
### mwldeppc.exe Linker Warning:
#   Section '.ignored' is unknown. Section ignored.
### mwldeppc.exe Linker Warning:
#   Section '.ignored' is unknown. Section ignored.
### mwldeppc.exe Linker Warning:
#   Section '.ignored' is unknown. Section ignored.
### mwldeppc.exe Linker Warning:
#   Section '.ignored' is unknown. Section ignored.
### mwldeppc.exe Linker Warning:
#   Section '.ignored' is unknown. Section ignored.
### mwldeppc.exe Linker Warning:
#   Section '.ignored' is unknown. Section ignored.
### mwldeppc.exe Linker Warning:
#   Section '.ignored' is unknown. Section ignored.
### mwldeppc.exe Linker Warning:
#   Section '.ignored' is unknown. Section ignored.
### mwldeppc.exe Linker Warning:
#   Section '.ignored' is unknown. Section ignored.
### mwldeppc.exe Linker Warning:
#   Section '.ignored' is unknown. Section ignored.
### mwldeppc.exe Linker Warning:
#   Section '.ignored' is unknown. Section ignored.
### mwldeppc.exe Linker Warning:
#   Section '.ignored' is unknown. Section ignored.
### mwldeppc.exe Linker Warning:
#   Section '.ignored' is unknown. Section ignored.
### mwldeppc.exe Linker Warning:
#   Section '.ignored' is unknown. Section ignored.
### mwldeppc.exe Linker Warning:
#   Section '.ignored' is unknown. Section ignored.
### mwldeppc.exe Linker Warning:
#   Section '.ignored' is unknown. Section ignored.
[541/543] DOL build/GEDE01/main.dol
[542/543] CHECK config/GEDE01/build.sha1
build/GEDE01/main.dol: OK
[543/543] PROGRESS
Progress:
  All: 40.23% fuzzy, 26.43% matched, 26.43% linked (4103 / 5641 files)
    Code: 608068 / 2300692 bytes (3868 / 8216 functions)
    Data: 34626 / 4305642 bytes (0.80%)
  Game Code: 90.71% fuzzy, 59.50% matched, 59.50% linked (4085 / 4917 files)
    Code: 605040 / 1016892 bytes (3806 / 4638 functions)
    Data: 34402 / 35510 bytes (96.88%)
  SDK/Runtime: 100.00% fuzzy, 100.00% matched, 100.00% linked (18 / 18 files)
    Code: 3028 / 3028 bytes (62 / 62 functions)
    Data: 224 / 224 bytes (100.00%)
