[1/2] SPLIT config/GEDE01/config.yml
 INFO Loading config/GEDE01/config.yml
 INFO Loading and analyzing 1 module (using 1 thread)
 INFO Initial analysis completed in 0.681s (found 8216 functions)
 INFO Rebuilding relocations and splitting
 WARN module{name=main id=0}: Alignment for game/game_fn_80050A7C.c .rodata expected 8, but starts at 6:0x80238F04
 WARN module{name=main id=0}: Alignment for game/game_fn_80057E3C.c .rodata expected 8, but starts at 6:0x80238FBC
 WARN module{name=main id=0}: Alignment for game/game_data_80239044.c .rodata expected 8, but starts at 6:0x80239044
 WARN module{name=main id=0}: Alignment for game/game_data_80239054.c .rodata expected 8, but starts at 6:0x80239054
 WARN module{name=main id=0}: Alignment for game/game_data_8023906C.c .rodata expected 8, but starts at 6:0x8023906C
 WARN module{name=main id=0}: Alignment for game/game_data_80239084.c .rodata expected 8, but starts at 6:0x80239084
 WARN module{name=main id=0}: Alignment for game/game_data_802390B4.c .rodata expected 8, but starts at 6:0x802390B4
 WARN module{name=main id=0}: Alignment for game/game_data_802390D4.c .rodata expected 8, but starts at 6:0x802390D4
 WARN module{name=main id=0}: Alignment for game/game_data_802390EC.c .rodata expected 8, but starts at 6:0x802390EC
 WARN module{name=main id=0}: Alignment for game/game_data_80239194.c .rodata expected 8, but starts at 6:0x80239194
 WARN module{name=main id=0}: Alignment for game/game_data_802391C4.c .rodata expected 8, but starts at 6:0x802391C4
 WARN module{name=main id=0}: Alignment for game/game_data_802393CC.c .rodata expected 8, but starts at 6:0x802393CC
 WARN module{name=main id=0}: Alignment for game/game_data_802393E4.c .rodata expected 8, but starts at 6:0x802393E4
 WARN module{name=main id=0}: Alignment for game/game_data_802393FC.c .rodata expected 8, but starts at 6:0x802393FC
 WARN module{name=main id=0}: Alignment for game/game_data_80239414.c .rodata expected 8, but starts at 6:0x80239414
 WARN module{name=main id=0}: Alignment for game/game_data_8023945C.c .rodata expected 8, but starts at 6:0x8023945C
 WARN module{name=main id=0}: Alignment for game/game_data_8023953C.c .rodata expected 8, but starts at 6:0x8023953C
 WARN module{name=main id=0}: Alignment for game/game_data_80239554.c .rodata expected 8, but starts at 6:0x80239554
 WARN module{name=main id=0}: Alignment for game/game_data_8023963C.c .rodata expected 8, but starts at 6:0x8023963C
 WARN module{name=main id=0}: Alignment for game/game_data_80239654.c .rodata expected 8, but starts at 6:0x80239654
 WARN module{name=main id=0}: Alignment for game/game_data_8023966C.c .rodata expected 8, but starts at 6:0x8023966C
 WARN module{name=main id=0}: Alignment for game/game_data_80239694.c .rodata expected 8, but starts at 6:0x80239694
 WARN module{name=main id=0}: Alignment for game/game_data_802396BC.c .rodata expected 8, but starts at 6:0x802396BC
 WARN module{name=main id=0}: Alignment for game/game_data_802396D4.c .rodata expected 8, but starts at 6:0x802396D4
 WARN module{name=main id=0}: Alignment for game/game_data_8023972C.c .rodata expected 8, but starts at 6:0x8023972C
 WARN module{name=main id=0}: Alignment for game/game_data_8023975C.c .rodata expected 8, but starts at 6:0x8023975C
 WARN module{name=main id=0}: Alignment for game/game_data_8023979C.c .rodata expected 8, but starts at 6:0x8023979C
 WARN module{name=main id=0}: Alignment for game/game_data_802397BC.c .rodata expected 8, but starts at 6:0x802397BC
 WARN module{name=main id=0}: Alignment for game/game_data_8023980C.c .rodata expected 8, but starts at 6:0x8023980C
 WARN module{name=main id=0}: Alignment for game/game_data_80239824.c .rodata expected 8, but starts at 6:0x80239824
 WARN module{name=main id=0}: Alignment for game/game_data_8023983C.c .rodata expected 8, but starts at 6:0x8023983C
 WARN module{name=main id=0}: Alignment for game/game_data_80239854.c .rodata expected 8, but starts at 6:0x80239854
 WARN module{name=main id=0}: Alignment for game/game_data_8023986C.c .rodata expected 8, but starts at 6:0x8023986C
 WARN module{name=main id=0}: Alignment for game/game_data_80239884.c .rodata expected 8, but starts at 6:0x80239884
 WARN module{name=main id=0}: Alignment for game/game_data_8023989C.c .rodata expected 8, but starts at 6:0x8023989C
 WARN module{name=main id=0}: Alignment for game/game_data_802398EC.c .rodata expected 8, but starts at 6:0x802398EC
 WARN module{name=main id=0}: Alignment for game/game_data_80239934.c .rodata expected 8, but starts at 6:0x80239934
 WARN module{name=main id=0}: Alignment for game/game_data_8023994C.c .rodata expected 8, but starts at 6:0x8023994C
 WARN module{name=main id=0}: Alignment for game/game_data_80239B24.c .rodata expected 8, but starts at 6:0x80239B24
 WARN module{name=main id=0}: Alignment for game/game_data_80239B74.c .rodata expected 8, but starts at 6:0x80239B74
 WARN module{name=main id=0}: Alignment for game/game_data_80239B8C.c .rodata expected 8, but starts at 6:0x80239B8C
 WARN module{name=main id=0}: Alignment for game/game_data_80239CAC.c .rodata expected 8, but starts at 6:0x80239CAC
 WARN module{name=main id=0}: Alignment for game/game_data_8023A2A4.c .rodata expected 8, but starts at 6:0x8023A2A4
 WARN module{name=main id=0}: Alignment for game/game_data_8023A414.c .rodata expected 8, but starts at 6:0x8023A414
 WARN module{name=main id=0}: Alignment for game/game_data_8023A444.c .rodata expected 8, but starts at 6:0x8023A444
 WARN module{name=main id=0}: Alignment for game/game_data_8023A63C.c .rodata expected 8, but starts at 6:0x8023A63C
 WARN module{name=main id=0}: Alignment for game/game_data_8023A69C.c .rodata expected 8, but starts at 6:0x8023A69C
 WARN module{name=main id=0}: Alignment for game/game_data_8023A6F4.c .rodata expected 8, but starts at 6:0x8023A6F4
 WARN module{name=main id=0}: Alignment for game/game_data_8023A70C.c .rodata expected 8, but starts at 6:0x8023A70C
 WARN module{name=main id=0}: Alignment for game/game_data_8023A744.c .rodata expected 8, but starts at 6:0x8023A744
 WARN module{name=main id=0}: Alignment for game/game_data_8023A76C.c .rodata expected 8, but starts at 6:0x8023A76C
 WARN module{name=main id=0}: Alignment for game/game_data_8023A994.c .rodata expected 8, but starts at 6:0x8023A994
 WARN module{name=main id=0}: Alignment for game/game_data_8023B044.c .rodata expected 8, but starts at 6:0x8023B044
 WARN module{name=main id=0}: Alignment for game/game_data_8023B05C.c .rodata expected 8, but starts at 6:0x8023B05C
 WARN module{name=main id=0}: Alignment for game/game_data_8023B094.c .rodata expected 8, but starts at 6:0x8023B094
 WARN module{name=main id=0}: Alignment for game/game_data_8023B564.c .rodata expected 8, but starts at 6:0x8023B564
 WARN module{name=main id=0}: Alignment for game/game_data_8023B5B4.c .rodata expected 8, but starts at 6:0x8023B5B4
 WARN module{name=main id=0}: Alignment for game/game_data_8023B78C.c .rodata expected 8, but starts at 6:0x8023B78C
 WARN module{name=main id=0}: Alignment for game/game_data_8023B7B4.c .rodata expected 8, but starts at 6:0x8023B7B4
 WARN module{name=main id=0}: Alignment for game/game_data_8023B7CC.c .rodata expected 8, but starts at 6:0x8023B7CC
 WARN module{name=main id=0}: Alignment for game/game_data_8023B7E4.c .rodata expected 8, but starts at 6:0x8023B7E4
 WARN module{name=main id=0}: Alignment for game/game_data_8023B7FC.c .rodata expected 8, but starts at 6:0x8023B7FC
 WARN module{name=main id=0}: Alignment for game/game_data_8023B814.c .rodata expected 8, but starts at 6:0x8023B814
 WARN module{name=main id=0}: Alignment for game/game_fn_80008014.c .data expected 8, but starts at 7:0x8023BEBC
 WARN module{name=main id=0}: Alignment for game/game_fn_8000EE9C.c .data expected 8, but starts at 7:0x8023C264
 WARN module{name=main id=0}: Alignment for game/game_fn_8000EFC4.c .data expected 8, but starts at 7:0x8023C344
 WARN module{name=main id=0}: Alignment for game/game_fn_800122F8.c .data expected 8, but starts at 7:0x8023CA4C
 WARN module{name=main id=0}: Alignment for game/game_fn_80015568.c .data expected 8, but starts at 7:0x8023CAEC
 WARN module{name=main id=0}: Alignment for game/game_fn_80015BE0.c .data expected 8, but starts at 7:0x8023CB0C
 WARN module{name=main id=0}: Alignment for game/game_fn_80015D40.c .data expected 8, but starts at 7:0x8023CB2C
 WARN module{name=main id=0}: Alignment for game/game_fn_8001C078.c .data expected 8, but starts at 7:0x8023CD54
 WARN module{name=main id=0}: Alignment for game/game_fn_8001CC00.c .data expected 8, but starts at 7:0x8023CDFC
 WARN module{name=main id=0}: Alignment for game/game_fn_8001CE14.c .data expected 8, but starts at 7:0x8023CE54
 WARN module{name=main id=0}: Alignment for game/game_fn_8001D3F8.c .data expected 8, but starts at 7:0x8023CF6C
 WARN module{name=main id=0}: Alignment for game/game_fn_8001D4C4.c .data expected 8, but starts at 7:0x8023CF7C
 WARN module{name=main id=0}: Alignment for game/game_data_8023D77C.c .data expected 8, but starts at 7:0x8023D77C
 WARN module{name=main id=0}: Alignment for game/game_data_8023D884.c .data expected 8, but starts at 7:0x8023D884
 WARN module{name=main id=0}: Alignment for game/game_fn_8001E644.c .data expected 8, but starts at 7:0x8023D8D4
 WARN module{name=main id=0}: Alignment for game/game_data_8023DA2C.c .data expected 8, but starts at 7:0x8023DA2C
 WARN module{name=main id=0}: Alignment for game/game_data_8023DAB4.c .data expected 8, but starts at 7:0x8023DAB4
 WARN module{name=main id=0}: Alignment for game/game_data_8023DD84.c .data expected 8, but starts at 7:0x8023DD84
 WARN module{name=main id=0}: Alignment for game/game_data_8023DFAC.c .data expected 8, but starts at 7:0x8023DFAC
 WARN module{name=main id=0}: Alignment for game/game_data_8023E154.c .data expected 8, but starts at 7:0x8023E154
 WARN module{name=main id=0}: Alignment for game/game_fn_80028E88.c .data expected 8, but starts at 7:0x8023E31C
 WARN module{name=main id=0}: Alignment for game/game_data_8023E388.c .data expected 8, but starts at 7:0x8023E384
 WARN module{name=main id=0}: Alignment for game/game_data_8023E410.c .data expected 8, but starts at 7:0x8023E40C
 WARN module{name=main id=0}: Alignment for game/game_fn_80037AF4.c .data expected 8, but starts at 7:0x8023E674
 WARN module{name=main id=0}: Alignment for game/game_data_8023ECBC.c .data expected 8, but starts at 7:0x8023ECBC
 WARN module{name=main id=0}: Alignment for game/game_data_8023EE94.c .data expected 8, but starts at 7:0x8023EE94
 WARN module{name=main id=0}: Alignment for game/game_data_8023EEE4.c .data expected 8, but starts at 7:0x8023EEE4
 WARN module{name=main id=0}: Alignment for game/game_data_8023EF34.c .data expected 8, but starts at 7:0x8023EF34
 WARN module{name=main id=0}: Alignment for game/game_data_8023EF84.c .data expected 8, but starts at 7:0x8023EF84
 WARN module{name=main id=0}: Alignment for game/game_data_8023F204.c .data expected 8, but starts at 7:0x8023F204
 WARN module{name=main id=0}: Alignment for game/game_data_8023F49C.c .data expected 8, but starts at 7:0x8023F49C
 WARN module{name=main id=0}: Alignment for game/game_data_8023F6AC.c .data expected 8, but starts at 7:0x8023F6AC
 WARN module{name=main id=0}: Alignment for game/game_data_8023F7C4.c .data expected 8, but starts at 7:0x8023F7C4
 WARN module{name=main id=0}: Alignment for game/game_data_8023F904.c .data expected 8, but starts at 7:0x8023F904
 WARN module{name=main id=0}: Alignment for game/game_data_8023FA44.c .data expected 8, but starts at 7:0x8023FA44
 WARN module{name=main id=0}: Alignment for game/game_data_8023FE1C.c .data expected 8, but starts at 7:0x8023FE1C
 WARN module{name=main id=0}: Alignment for game/game_data_8023FF7C.c .data expected 8, but starts at 7:0x8023FF7C
 WARN module{name=main id=0}: Alignment for game/game_data_802400DC.c .data expected 8, but starts at 7:0x802400DC
 WARN module{name=main id=0}: Alignment for game/game_data_8024023C.c .data expected 8, but starts at 7:0x8024023C
 WARN module{name=main id=0}: Alignment for game/game_data_8024039C.c .data expected 8, but starts at 7:0x8024039C
 WARN module{name=main id=0}: Alignment for game/game_data_802404FC.c .data expected 8, but starts at 7:0x802404FC
 WARN module{name=main id=0}: Alignment for game/game_fn_80050730.c .data expected 8, but starts at 7:0x80240F94
 WARN module{name=main id=0}: Alignment for game/game_fn_8005EE9C.c .data expected 8, but starts at 7:0x80243D64
 WARN module{name=main id=0}: Alignment for game/game_fn_8005EF94.c .data expected 8, but starts at 7:0x80243D84
 WARN module{name=main id=0}: Alignment for game/game_fn_8006B620.c .data expected 8, but starts at 7:0x8024406C
 WARN module{name=main id=0}: Alignment for game/game_fn_8006F6A4.c .data expected 8, but starts at 7:0x80244394
 WARN module{name=main id=0}: Alignment for game/game_fn_800A1060.c .data expected 8, but starts at 7:0x80245634
 WARN module{name=main id=0}: Alignment for game/game_fn_800A1580.c .data expected 8, but starts at 7:0x802456D4
 WARN module{name=main id=0}: Alignment for game/game_fn_800B5F78.c .data expected 8, but starts at 7:0x8024759C
 WARN module{name=main id=0}: Alignment for game/game_fn_800B611C.c .data expected 8, but starts at 7:0x8024760C
 WARN module{name=main id=0}: Alignment for game/game_fn_800B6234.c .data expected 8, but starts at 7:0x80247674
 WARN module{name=main id=0}: Alignment for game/game_fn_800B64AC.c .data expected 8, but starts at 7:0x802476DC
 WARN module{name=main id=0}: Alignment for game/game_fn_800B6C00.c .data expected 8, but starts at 7:0x80247754
 WARN module{name=main id=0}: Alignment for game/game_fn_800B6C88.c .data expected 8, but starts at 7:0x80247784
 WARN module{name=main id=0}: Alignment for game/game_fn_800B6D10.c .data expected 8, but starts at 7:0x802477B4
 WARN module{name=main id=0}: Alignment for game/game_fn_801697AC.c .data expected 8, but starts at 7:0x8024FD9C
 WARN module{name=main id=0}: Alignment for game/game_fn_8017B4F4.c .data expected 8, but starts at 7:0x80250F44
 WARN module{name=main id=0}: Alignment for game/game_data_80060C28.c .sdata2 expected 8, but starts at 11:0x8064E5F4
 INFO Splitting completed in 1.866s (wrote 5654 objects)
 INFO Total time: 2.552s
[2/2] RUN configure.py
[1/550] MWCC build/GEDE01/src/game/game_fn_800094C0.o
### mwcceppc.exe Usage Warning:
#   Specified directory 'include' not found
[2/550] MWCC build/GEDE01/src/game/game_fn_8000AC88.o
### mwcceppc.exe Usage Warning:
#   Specified directory 'include' not found
[3/550] MWCC build/GEDE01/src/game/game_fn_8000A26C.o
### mwcceppc.exe Usage Warning:
#   Specified directory 'include' not found
[4/550] MWCC build/GEDE01/src/game/game_fn_8000B1B8.o
### mwcceppc.exe Usage Warning:
#   Specified directory 'include' not found
[5/550] MWCC build/GEDE01/src/game/game_fn_8000AEB4.o
### mwcceppc.exe Usage Warning:
#   Specified directory 'include' not found
[6/550] MWCC build/GEDE01/src/game/game_fn_80009AB4.o
### mwcceppc.exe Usage Warning:
#   Specified directory 'include' not found
[7/550] MWCC build/GEDE01/src/game/game_fn_800096E0.o
### mwcceppc.exe Usage Warning:
#   Specified directory 'include' not found
[8/550] MWCC build/GEDE01/src/game/game_fn_800098C0.o
### mwcceppc.exe Usage Warning:
#   Specified directory 'include' not found
[9/550] MWCC build/GEDE01/src/game/game_fn_8000AFB4.o
### mwcceppc.exe Usage Warning:
#   Specified directory 'include' not found
[10/550] MWCC build/GEDE01/src/game/game_fn_800099D8.o
### mwcceppc.exe Usage Warning:
#   Specified directory 'include' not found
[11/550] MWCC build/GEDE01/src/game/game_fn_8000B7FC.o
### mwcceppc.exe Usage Warning:
#   Specified directory 'include' not found
[12/550] MWCC build/GEDE01/src/game/game_fn_8000BA0C.o
### mwcceppc.exe Usage Warning:
#   Specified directory 'include' not found
[13/550] MWCC build/GEDE01/src/game/game_fn_8000B630.o
### mwcceppc.exe Usage Warning:
#   Specified directory 'include' not found
[14/550] MWCC build/GEDE01/src/game/game_fn_8000BAA0.o
### mwcceppc.exe Usage Warning:
#   Specified directory 'include' not found
[15/550] MWCC build/GEDE01/src/game/game_fn_8000B36C.o
### mwcceppc.exe Usage Warning:
#   Specified directory 'include' not found
[16/550] MWCC build/GEDE01/src/game/game_fn_8000B900.o
### mwcceppc.exe Usage Warning:
#   Specified directory 'include' not found
[17/550] MWCC build/GEDE01/src/game/game_fn_8000C06C.o
### mwcceppc.exe Usage Warning:
#   Specified directory 'include' not found
[18/550] MWCC build/GEDE01/src/game/game_fn_8000BC40.o
### mwcceppc.exe Usage Warning:
#   Specified directory 'include' not found
[19/550] MWCC build/GEDE01/src/game/game_fn_8000C17C.o
### mwcceppc.exe Usage Warning:
#   Specified directory 'include' not found
[20/550] MWCC build/GEDE01/src/game/game_fn_8000C400.o
### mwcceppc.exe Usage Warning:
#   Specified directory 'include' not found
[21/550] MWCC build/GEDE01/src/game/game_fn_8000C848.o
### mwcceppc.exe Usage Warning:
#   Specified directory 'include' not found
[22/550] MWCC build/GEDE01/src/game/game_fn_8000C91C.o
### mwcceppc.exe Usage Warning:
#   Specified directory 'include' not found
[23/550] MWCC build/GEDE01/src/game/game_fn_8000D0BC.o
### mwcceppc.exe Usage Warning:
#   Specified directory 'include' not found
[24/550] MWCC build/GEDE01/src/game/game_fn_8000D3D4.o
### mwcceppc.exe Usage Warning:
#   Specified directory 'include' not found
[25/550] MWCC build/GEDE01/src/game/game_fn_8000DA50.o
### mwcceppc.exe Usage Warning:
#   Specified directory 'include' not found
[26/550] MWCC build/GEDE01/src/game/game_fn_8000D8A4.o
### mwcceppc.exe Usage Warning:
#   Specified directory 'include' not found
[27/550] MWCC build/GEDE01/src/game/game_fn_8000D590.o
### mwcceppc.exe Usage Warning:
#   Specified directory 'include' not found
[28/550] MWCC build/GEDE01/src/game/game_fn_8000E054.o
### mwcceppc.exe Usage Warning:
#   Specified directory 'include' not found
[29/550] MWCC build/GEDE01/src/game/game_fn_8000DAF4.o
### mwcceppc.exe Usage Warning:
#   Specified directory 'include' not found
[30/550] MWCC build/GEDE01/src/game/game_fn_8000E1C4.o
### mwcceppc.exe Usage Warning:
#   Specified directory 'include' not found
[31/550] MWCC build/GEDE01/src/game/game_fn_8000E138.o
### mwcceppc.exe Usage Warning:
#   Specified directory 'include' not found
[32/550] MWCC build/GEDE01/src/game/game_fn_8000E0AC.o
### mwcceppc.exe Usage Warning:
#   Specified directory 'include' not found
[33/550] MWCC build/GEDE01/src/game/game_fn_8000EB14.o
### mwcceppc.exe Usage Warning:
#   Specified directory 'include' not found
[34/550] MWCC build/GEDE01/src/game/game_fn_8000EBD4.o
### mwcceppc.exe Usage Warning:
#   Specified directory 'include' not found
[35/550] MWCC build/GEDE01/src/game/game_fn_8000E96C.o
### mwcceppc.exe Usage Warning:
#   Specified directory 'include' not found
[36/550] MWCC build/GEDE01/src/game/game_fn_8000F4B0.o
### mwcceppc.exe Usage Warning:
#   Specified directory 'include' not found
[37/550] MWCC build/GEDE01/src/game/game_fn_8000ED44.o
### mwcceppc.exe Usage Warning:
#   Specified directory 'include' not found
[38/550] MWCC build/GEDE01/src/game/game_fn_8000F774.o
### mwcceppc.exe Usage Warning:
#   Specified directory 'include' not found
[39/550] MWCC build/GEDE01/src/game/game_fn_800119FC.o
### mwcceppc.exe Usage Warning:
#   Specified directory 'include' not found
[40/550] MWCC build/GEDE01/src/game/game_fn_8000EFC4.o
### mwcceppc.exe Usage Warning:
#   Specified directory 'include' not found
[41/550] MWCC build/GEDE01/src/game/game_fn_800131E8.o
### mwcceppc.exe Usage Warning:
#   Specified directory 'include' not found
[42/550] MWCC build/GEDE01/src/game/game_fn_80012DA8.o
### mwcceppc.exe Usage Warning:
#   Specified directory 'include' not found
[43/550] MWCC build/GEDE01/src/game/game_fn_80012F40.o
### mwcceppc.exe Usage Warning:
#   Specified directory 'include' not found
[44/550] MWCC build/GEDE01/src/game/game_fn_8000FFD8.o
### mwcceppc.exe Usage Warning:
#   Specified directory 'include' not found
[45/550] MWCC build/GEDE01/src/game/game_fn_80012FD0.o
### mwcceppc.exe Usage Warning:
#   Specified directory 'include' not found
[46/550] MWCC build/GEDE01/src/game/game_fn_80013340.o
### mwcceppc.exe Usage Warning:
#   Specified directory 'include' not found
[47/550] MWCC build/GEDE01/src/game/game_fn_80013870.o
### mwcceppc.exe Usage Warning:
#   Specified directory 'include' not found
[48/550] MWCC build/GEDE01/src/game/game_fn_80013D54.o
### mwcceppc.exe Usage Warning:
#   Specified directory 'include' not found
[49/550] MWCC build/GEDE01/src/game/game_fn_80013CB0.o
### mwcceppc.exe Usage Warning:
#   Specified directory 'include' not found
[50/550] MWCC build/GEDE01/src/game/game_fn_800149D4.o
### mwcceppc.exe Usage Warning:
#   Specified directory 'include' not found
[51/550] MWCC build/GEDE01/src/game/game_fn_800144CC.o
### mwcceppc.exe Usage Warning:
#   Specified directory 'include' not found
[52/550] MWCC build/GEDE01/src/game/game_fn_800142DC.o
### mwcceppc.exe Usage Warning:
#   Specified directory 'include' not found
[53/550] MWCC build/GEDE01/src/game/game_fn_80014784.o
### mwcceppc.exe Usage Warning:
#   Specified directory 'include' not found
[54/550] MWCC build/GEDE01/src/game/game_fn_80015058.o
### mwcceppc.exe Usage Warning:
#   Specified directory 'include' not found
[55/550] MWCC build/GEDE01/src/game/game_fn_80015320.o
### mwcceppc.exe Usage Warning:
#   Specified directory 'include' not found
[56/550] MWCC build/GEDE01/src/game/game_fn_80015568.o
### mwcceppc.exe Usage Warning:
#   Specified directory 'include' not found
[57/550] MWCC build/GEDE01/src/game/game_fn_800156FC.o
### mwcceppc.exe Usage Warning:
#   Specified directory 'include' not found
[58/550] MWCC build/GEDE01/src/game/game_fn_80015F04.o
### mwcceppc.exe Usage Warning:
#   Specified directory 'include' not found
[59/550] MWCC build/GEDE01/src/game/game_fn_80015D40.o
### mwcceppc.exe Usage Warning:
#   Specified directory 'include' not found
[60/550] MWCC build/GEDE01/src/game/game_fn_80016904.o
### mwcceppc.exe Usage Warning:
#   Specified directory 'include' not found
[61/550] MWCC build/GEDE01/src/game/game_fn_80016128.o
### mwcceppc.exe Usage Warning:
#   Specified directory 'include' not found
[62/550] MWCC build/GEDE01/src/game/game_fn_80015BE0.o
### mwcceppc.exe Usage Warning:
#   Specified directory 'include' not found
[63/550] MWCC build/GEDE01/src/game/game_fn_80016270.o
### mwcceppc.exe Usage Warning:
#   Specified directory 'include' not found
[64/550] MWCC build/GEDE01/src/game/game_fn_80016B24.o
### mwcceppc.exe Usage Warning:
#   Specified directory 'include' not found
[65/550] MWCC build/GEDE01/src/game/game_fn_800171C0.o
### mwcceppc.exe Usage Warning:
#   Specified directory 'include' not found
[66/550] MWCC build/GEDE01/src/game/game_fn_800173CC.o
### mwcceppc.exe Usage Warning:
#   Specified directory 'include' not found
[67/550] MWCC build/GEDE01/src/game/game_fn_80017910.o
### mwcceppc.exe Usage Warning:
#   Specified directory 'include' not found
[68/550] MWCC build/GEDE01/src/game/game_fn_800176F0.o
### mwcceppc.exe Usage Warning:
#   Specified directory 'include' not found
[69/550] MWCC build/GEDE01/src/game/game_fn_80017A3C.o
### mwcceppc.exe Usage Warning:
#   Specified directory 'include' not found
[70/550] MWCC build/GEDE01/src/game/game_fn_80017C3C.o
### mwcceppc.exe Usage Warning:
#   Specified directory 'include' not found
[71/550] MWCC build/GEDE01/src/game/game_fn_800179AC.o
### mwcceppc.exe Usage Warning:
#   Specified directory 'include' not found
[72/550] MWCC build/GEDE01/src/game/game_fn_80018EF4.o
### mwcceppc.exe Usage Warning:
#   Specified directory 'include' not found
[73/550] MWCC build/GEDE01/src/game/game_fn_80017DB0.o
### mwcceppc.exe Usage Warning:
#   Specified directory 'include' not found
[74/550] MWCC build/GEDE01/src/game/game_fn_80017AE4.o
### mwcceppc.exe Usage Warning:
#   Specified directory 'include' not found
[75/550] MWCC build/GEDE01/src/game/game_fn_80019054.o
### mwcceppc.exe Usage Warning:
#   Specified directory 'include' not found
[76/550] MWCC build/GEDE01/src/game/game_fn_80017CC8.o
### mwcceppc.exe Usage Warning:
#   Specified directory 'include' not found
[77/550] MWCC build/GEDE01/src/game/game_fn_80019244.o
### mwcceppc.exe Usage Warning:
#   Specified directory 'include' not found
[78/550] MWCC build/GEDE01/src/game/game_fn_800194D0.o
### mwcceppc.exe Usage Warning:
#   Specified directory 'include' not found
[79/550] MWCC build/GEDE01/src/game/game_fn_80019940.o
### mwcceppc.exe Usage Warning:
#   Specified directory 'include' not found
[80/550] MWCC build/GEDE01/src/game/game_fn_80019C10.o
### mwcceppc.exe Usage Warning:
#   Specified directory 'include' not found
[81/550] MWCC build/GEDE01/src/game/game_fn_80019F98.o
### mwcceppc.exe Usage Warning:
#   Specified directory 'include' not found
[82/550] MWCC build/GEDE01/src/game/game_fn_8001AAB8.o
### mwcceppc.exe Usage Warning:
#   Specified directory 'include' not found
[83/550] MWCC build/GEDE01/src/game/game_fn_8001A6C4.o
### mwcceppc.exe Usage Warning:
#   Specified directory 'include' not found
[84/550] MWCC build/GEDE01/src/game/game_fn_80019D2C.o
### mwcceppc.exe Usage Warning:
#   Specified directory 'include' not found
[85/550] MWCC build/GEDE01/src/game/game_fn_8001B124.o
### mwcceppc.exe Usage Warning:
#   Specified directory 'include' not found
[86/550] MWCC build/GEDE01/src/game/game_fn_8001B294.o
### mwcceppc.exe Usage Warning:
#   Specified directory 'include' not found
[87/550] MWCC build/GEDE01/src/game/game_fn_8001B808.o
### mwcceppc.exe Usage Warning:
#   Specified directory 'include' not found
[88/550] MWCC build/GEDE01/src/game/game_fn_8001ADF8.o
### mwcceppc.exe Usage Warning:
#   Specified directory 'include' not found
[89/550] MWCC build/GEDE01/src/game/game_fn_8001AF68.o
### mwcceppc.exe Usage Warning:
#   Specified directory 'include' not found
[90/550] MWCC build/GEDE01/src/game/game_fn_8001B874.o
### mwcceppc.exe Usage Warning:
#   Specified directory 'include' not found
[91/550] MWCC build/GEDE01/src/game/game_fn_8001CD58.o
### mwcceppc.exe Usage Warning:
#   Specified directory 'include' not found
[92/550] MWCC build/GEDE01/src/game/game_fn_8001E644.o
### mwcceppc.exe Usage Warning:
#   Specified directory 'include' not found
[93/550] MWCC build/GEDE01/src/game/game_fn_8001C078.o
### mwcceppc.exe Usage Warning:
#   Specified directory 'include' not found
[94/550] MWCC build/GEDE01/src/game/game_fn_80020E94.o
### mwcceppc.exe Usage Warning:
#   Specified directory 'include' not found
[95/550] MWCC build/GEDE01/src/game/game_fn_8002DAE0.o
### mwcceppc.exe Usage Warning:
#   Specified directory 'include' not found
[96/550] MWCC build/GEDE01/src/game/game_fn_8001FE1C.o
### mwcceppc.exe Usage Warning:
#   Specified directory 'include' not found
[97/550] MWCC build/GEDE01/src/game/game_fn_8001CE94.o
### mwcceppc.exe Usage Warning:
#   Specified directory 'include' not found
[98/550] MWCC build/GEDE01/src/game/game_fn_80024F28.o
### mwcceppc.exe Usage Warning:
#   Specified directory 'include' not found
[99/550] MWCC build/GEDE01/src/game/game_fn_800272B4.o
### mwcceppc.exe Usage Warning:
#   Specified directory 'include' not found
[100/550] MWCC build/GEDE01/src/game/game_fn_8002E3F0.o
### mwcceppc.exe Usage Warning:
#   Specified directory 'include' not found
[101/550] MWCC build/GEDE01/src/game/game_fn_8002F428.o
### mwcceppc.exe Usage Warning:
#   Specified directory 'include' not found
[102/550] MWCC build/GEDE01/src/game/game_fn_8002EA68.o
### mwcceppc.exe Usage Warning:
#   Specified directory 'include' not found
[103/550] MWCC build/GEDE01/src/game/game_fn_8003232C.o
### mwcceppc.exe Usage Warning:
#   Specified directory 'include' not found
[104/550] MWCC build/GEDE01/src/game/game_fn_80032B84.o
### mwcceppc.exe Usage Warning:
#   Specified directory 'include' not found
[105/550] MWCC build/GEDE01/src/game/game_fn_80033038.o
### mwcceppc.exe Usage Warning:
#   Specified directory 'include' not found
[106/550] MWCC build/GEDE01/src/game/game_fn_80038878.o
### mwcceppc.exe Usage Warning:
#   Specified directory 'include' not found
[107/550] MWCC build/GEDE01/src/game/game_fn_80048ADC.o
### mwcceppc.exe Usage Warning:
#   Specified directory 'include' not found
[108/550] MWCC build/GEDE01/src/game/game_fn_80033180.o
### mwcceppc.exe Usage Warning:
#   Specified directory 'include' not found
[109/550] MWCC build/GEDE01/src/game/game_fn_80036C40.o
### mwcceppc.exe Usage Warning:
#   Specified directory 'include' not found
[110/550] MWCC build/GEDE01/src/game/game_fn_800359A0.o
### mwcceppc.exe Usage Warning:
#   Specified directory 'include' not found
[111/550] MWCC build/GEDE01/src/game/game_fn_80048B24.o
### mwcceppc.exe Usage Warning:
#   Specified directory 'include' not found
[112/550] MWCC build/GEDE01/src/game/game_fn_80052310.o
### mwcceppc.exe Usage Warning:
#   Specified directory 'include' not found
[113/550] MWCC build/GEDE01/src/game/game_fn_8005EC6C.o
### mwcceppc.exe Usage Warning:
#   Specified directory 'include' not found
[114/550] MWCC build/GEDE01/src/game/game_data_80239E10.o
### mwcceppc.exe Usage Warning:
#   Specified directory 'include' not found
[115/550] MWCC build/GEDE01/src/game/game_fn_8005EE9C.o
### mwcceppc.exe Usage Warning:
#   Specified directory 'include' not found
[116/550] MWCC build/GEDE01/src/game/game_data_80239E18.o
### mwcceppc.exe Usage Warning:
#   Specified directory 'include' not found
[117/550] MWCC build/GEDE01/src/game/game_fn_80074310.o
### mwcceppc.exe Usage Warning:
#   Specified directory 'include' not found
[118/550] MWCC build/GEDE01/src/game/game_fn_80078500.o
### mwcceppc.exe Usage Warning:
#   Specified directory 'include' not found
[119/550] MWCC build/GEDE01/src/game/game_fn_80071A58.o
### mwcceppc.exe Usage Warning:
#   Specified directory 'include' not found
[120/550] MWCC build/GEDE01/src/game/game_fn_80066888.o
### mwcceppc.exe Usage Warning:
#   Specified directory 'include' not found
[121/550] MWCC build/GEDE01/src/game/game_fn_8005FD84.o
### mwcceppc.exe Usage Warning:
#   Specified directory 'include' not found
[122/550] MWCC build/GEDE01/src/game/game_fn_80079908.o
### mwcceppc.exe Usage Warning:
#   Specified directory 'include' not found
[123/550] MWCC build/GEDE01/src/game/game_fn_8007B2F4.o
### mwcceppc.exe Usage Warning:
#   Specified directory 'include' not found
[124/550] MWCC build/GEDE01/src/game/game_fn_8007B640.o
### mwcceppc.exe Usage Warning:
#   Specified directory 'include' not found
[125/550] MWCC build/GEDE01/src/game/game_fn_8007B540.o
### mwcceppc.exe Usage Warning:
#   Specified directory 'include' not found
[126/550] MWCC build/GEDE01/src/game/game_fn_8007BA3C.o
### mwcceppc.exe Usage Warning:
#   Specified directory 'include' not found
[127/550] MWCC build/GEDE01/src/game/game_fn_8008F890.o
### mwcceppc.exe Usage Warning:
#   Specified directory 'include' not found
[128/550] MWCC build/GEDE01/src/game/game_fn_800886D8.o
### mwcceppc.exe Usage Warning:
#   Specified directory 'include' not found
[129/550] MWCC build/GEDE01/src/game/game_fn_800934A0.o
### mwcceppc.exe Usage Warning:
#   Specified directory 'include' not found
[130/550] MWCC build/GEDE01/src/game/game_fn_80096830.o
### mwcceppc.exe Usage Warning:
#   Specified directory 'include' not found
[131/550] MWCC build/GEDE01/src/game/game_fn_80095FDC.o
### mwcceppc.exe Usage Warning:
#   Specified directory 'include' not found
[132/550] MWCC build/GEDE01/src/game/game_fn_800A2FCC.o
### mwcceppc.exe Usage Warning:
#   Specified directory 'include' not found
[133/550] MWCC build/GEDE01/src/game/game_fn_800A2130.o
### mwcceppc.exe Usage Warning:
#   Specified directory 'include' not found
[134/550] MWCC build/GEDE01/src/game/game_fn_800A3894.o
### mwcceppc.exe Usage Warning:
#   Specified directory 'include' not found
[135/550] MWCC build/GEDE01/src/game/game_fn_8009C424.o
### mwcceppc.exe Usage Warning:
#   Specified directory 'include' not found
[136/550] MWCC build/GEDE01/src/game/game_fn_800A4428.o
### mwcceppc.exe Usage Warning:
#   Specified directory 'include' not found
[137/550] MWCC build/GEDE01/src/game/game_fn_800A4798.o
### mwcceppc.exe Usage Warning:
#   Specified directory 'include' not found
[138/550] MWCC build/GEDE01/src/game/game_fn_800CB760.o
### mwcceppc.exe Usage Warning:
#   Specified directory 'include' not found
[139/550] MWCC build/GEDE01/src/game/game_fn_800C59F0.o
### mwcceppc.exe Usage Warning:
#   Specified directory 'include' not found
[140/550] MWCC build/GEDE01/src/game/game_fn_800CB8F4.o
### mwcceppc.exe Usage Warning:
#   Specified directory 'include' not found
[141/550] MWCC build/GEDE01/src/game/game_fn_800A7E88.o
### mwcceppc.exe Usage Warning:
#   Specified directory 'include' not found
[142/550] MWCC build/GEDE01/src/game/game_fn_800C17EC.o
### mwcceppc.exe Usage Warning:
#   Specified directory 'include' not found
[143/550] MWCC build/GEDE01/src/game/game_fn_800C644C.o
### mwcceppc.exe Usage Warning:
#   Specified directory 'include' not found
[144/550] MWCC build/GEDE01/src/game/game_fn_800E4980.o
### mwcceppc.exe Usage Warning:
#   Specified directory 'include' not found
[145/550] MWCC build/GEDE01/src/game/game_TRK_main.o
### mwcceppc.exe Usage Warning:
#   Specified directory 'include' not found
[146/550] MWCC build/GEDE01/src/game/game_TRKNubWelcome.o
### mwcceppc.exe Usage Warning:
#   Specified directory 'include' not found
[147/550] MWCC build/GEDE01/src/game/game_fn_801141B8.o
### mwcceppc.exe Usage Warning:
#   Specified directory 'include' not found
[148/550] MWCC build/GEDE01/src/game/game_fn_801126E0.o
### mwcceppc.exe Usage Warning:
#   Specified directory 'include' not found
[149/550] MWCC build/GEDE01/src/game/game_fn_8010F184.o
### mwcceppc.exe Usage Warning:
#   Specified directory 'include' not found
[150/550] MWCC build/GEDE01/src/game/game_fn_80153898.o
### mwcceppc.exe Usage Warning:
#   Specified directory 'include' not found
[151/550] MWCC build/GEDE01/src/game/game_fn_8014B494.o
### mwcceppc.exe Usage Warning:
#   Specified directory 'include' not found
[152/550] MWCC build/GEDE01/src/game/game_fn_8012DB28.o
### mwcceppc.exe Usage Warning:
#   Specified directory 'include' not found
[153/550] MWCC build/GEDE01/src/game/game_fn_8014AF38.o
### mwcceppc.exe Usage Warning:
#   Specified directory 'include' not found
[154/550] MWCC build/GEDE01/src/game/game_fn_801128E4.o
### mwcceppc.exe Usage Warning:
#   Specified directory 'include' not found
[155/550] MWCC build/GEDE01/src/game/game_fn_80157C0C.o
### mwcceppc.exe Usage Warning:
#   Specified directory 'include' not found
[156/550] MWCC build/GEDE01/src/game/game_fn_80155814.o
### mwcceppc.exe Usage Warning:
#   Specified directory 'include' not found
[157/550] MWCC build/GEDE01/src/game/game_fn_8015DC54.o
### mwcceppc.exe Usage Warning:
#   Specified directory 'include' not found
[158/550] MWCC build/GEDE01/src/game/game_fn_8015EDC0.o
### mwcceppc.exe Usage Warning:
#   Specified directory 'include' not found
[159/550] MWCC build/GEDE01/src/game/game_fn_8016BD0C.o
### mwcceppc.exe Usage Warning:
#   Specified directory 'include' not found
[160/550] MWCC build/GEDE01/src/game/game_fn_80158B20.o
### mwcceppc.exe Usage Warning:
#   Specified directory 'include' not found
[161/550] MWCC build/GEDE01/src/game/game_fn_80167B5C.o
### mwcceppc.exe Usage Warning:
#   Specified directory 'include' not found
[162/550] MWCC build/GEDE01/src/game/game_fn_80169650.o
### mwcceppc.exe Usage Warning:
#   Specified directory 'include' not found
[163/550] MWCC build/GEDE01/src/game/game_fn_8016C0BC.o
### mwcceppc.exe Usage Warning:
#   Specified directory 'include' not found
[164/550] MWCC build/GEDE01/src/game/game_fn_8016C238.o
### mwcceppc.exe Usage Warning:
#   Specified directory 'include' not found
[165/550] MWCC build/GEDE01/src/game/game_fn_8016C164.o
### mwcceppc.exe Usage Warning:
#   Specified directory 'include' not found
[166/550] MWCC build/GEDE01/src/game/game_fn_8016BE1C.o
### mwcceppc.exe Usage Warning:
#   Specified directory 'include' not found
[167/550] MWCC build/GEDE01/src/game/game_fn_8016BF60.o
### mwcceppc.exe Usage Warning:
#   Specified directory 'include' not found
[168/550] MWCC build/GEDE01/src/game/game_fn_8016C4BC.o
### mwcceppc.exe Usage Warning:
#   Specified directory 'include' not found
[169/550] MWCC build/GEDE01/src/game/game_fn_8016D040.o
### mwcceppc.exe Usage Warning:
#   Specified directory 'include' not found
[170/550] MWCC build/GEDE01/src/game/game_fn_8016D1F8.o
### mwcceppc.exe Usage Warning:
#   Specified directory 'include' not found
[171/550] MWCC build/GEDE01/src/game/game_fn_8016D2B8.o
### mwcceppc.exe Usage Warning:
#   Specified directory 'include' not found
[172/550] MWCC build/GEDE01/src/game/game_fn_8016DF4C.o
### mwcceppc.exe Usage Warning:
#   Specified directory 'include' not found
[173/550] MWCC build/GEDE01/src/game/game_fn_8016C774.o
### mwcceppc.exe Usage Warning:
#   Specified directory 'include' not found
[174/550] MWCC build/GEDE01/src/game/game_fn_8016E8F8.o
### mwcceppc.exe Usage Warning:
#   Specified directory 'include' not found
[175/550] MWCC build/GEDE01/src/game/game_fn_8016FEF8.o
### mwcceppc.exe Usage Warning:
#   Specified directory 'include' not found
[176/550] MWCC build/GEDE01/src/game/game_fn_8016D9C0.o
### mwcceppc.exe Usage Warning:
#   Specified directory 'include' not found
[177/550] MWCC build/GEDE01/src/game/game_fn_8017038C.o
### mwcceppc.exe Usage Warning:
#   Specified directory 'include' not found
[178/550] MWCC build/GEDE01/src/game/game_fn_80170A40.o
### mwcceppc.exe Usage Warning:
#   Specified directory 'include' not found
[179/550] MWCC build/GEDE01/src/game/game_fn_801704F8.o
### mwcceppc.exe Usage Warning:
#   Specified directory 'include' not found
[180/550] MWCC build/GEDE01/src/game/game_fn_80170DF4.o
### mwcceppc.exe Usage Warning:
#   Specified directory 'include' not found
[181/550] MWCC build/GEDE01/src/game/game_fn_80170E9C.o
### mwcceppc.exe Usage Warning:
#   Specified directory 'include' not found
[182/550] MWCC build/GEDE01/src/game/game_fn_801706DC.o
### mwcceppc.exe Usage Warning:
#   Specified directory 'include' not found
[183/550] MWCC build/GEDE01/src/game/game_fn_80171664.o
### mwcceppc.exe Usage Warning:
#   Specified directory 'include' not found
[184/550] MWCC build/GEDE01/src/game/game_fn_801718F4.o
### mwcceppc.exe Usage Warning:
#   Specified directory 'include' not found
[185/550] MWCC build/GEDE01/src/game/game_fn_8017138C.o
### mwcceppc.exe Usage Warning:
#   Specified directory 'include' not found
[186/550] MWCC build/GEDE01/src/game/game_fn_80171F30.o
### mwcceppc.exe Usage Warning:
#   Specified directory 'include' not found
[187/550] MWCC build/GEDE01/src/game/game_fn_8017250C.o
### mwcceppc.exe Usage Warning:
#   Specified directory 'include' not found
[188/550] MWCC build/GEDE01/src/game/game_fn_801719B4.o
### mwcceppc.exe Usage Warning:
#   Specified directory 'include' not found
[189/550] MWCC build/GEDE01/src/game/game_fn_80172BB0.o
### mwcceppc.exe Usage Warning:
#   Specified directory 'include' not found
[190/550] MWCC build/GEDE01/src/game/game_fn_80172C78.o
### mwcceppc.exe Usage Warning:
#   Specified directory 'include' not found
[191/550] MWCC build/GEDE01/src/game/game_fn_801726EC.o
### mwcceppc.exe Usage Warning:
#   Specified directory 'include' not found
[192/550] MWCC build/GEDE01/src/game/game_fn_801734B4.o
### mwcceppc.exe Usage Warning:
#   Specified directory 'include' not found
[193/550] MWCC build/GEDE01/src/game/game_fn_80172DB8.o
### mwcceppc.exe Usage Warning:
#   Specified directory 'include' not found
[194/550] MWCC build/GEDE01/src/game/game_fn_80173270.o
### mwcceppc.exe Usage Warning:
#   Specified directory 'include' not found
[195/550] MWCC build/GEDE01/src/game/game_fn_80173770.o
### mwcceppc.exe Usage Warning:
#   Specified directory 'include' not found
[196/550] MWCC build/GEDE01/src/game/game_fn_80174184.o
### mwcceppc.exe Usage Warning:
#   Specified directory 'include' not found
[197/550] MWCC build/GEDE01/src/game/game_fn_80173D44.o
### mwcceppc.exe Usage Warning:
#   Specified directory 'include' not found
[198/550] MWCC build/GEDE01/src/game/game_fn_80174358.o
### mwcceppc.exe Usage Warning:
#   Specified directory 'include' not found
[199/550] MWCC build/GEDE01/src/game/game_fn_8017553C.o
### mwcceppc.exe Usage Warning:
#   Specified directory 'include' not found
[200/550] MWCC build/GEDE01/src/game/game_fn_80173F04.o
### mwcceppc.exe Usage Warning:
#   Specified directory 'include' not found
[201/550] MWCC build/GEDE01/src/game/game_fn_80175E64.o
### mwcceppc.exe Usage Warning:
#   Specified directory 'include' not found
[202/550] MWCC build/GEDE01/src/game/game_fn_80175FD4.o
### mwcceppc.exe Usage Warning:
#   Specified directory 'include' not found
[203/550] MWCC build/GEDE01/src/game/game_fn_80175F0C.o
### mwcceppc.exe Usage Warning:
#   Specified directory 'include' not found
[204/550] MWCC build/GEDE01/src/game/game_fn_80176098.o
### mwcceppc.exe Usage Warning:
#   Specified directory 'include' not found
[205/550] MWCC build/GEDE01/src/game/game_fn_80176220.o
### mwcceppc.exe Usage Warning:
#   Specified directory 'include' not found
[206/550] MWCC build/GEDE01/src/game/game_fn_80176160.o
### mwcceppc.exe Usage Warning:
#   Specified directory 'include' not found
[207/550] MWCC build/GEDE01/src/game/game_fn_801770F8.o
### mwcceppc.exe Usage Warning:
#   Specified directory 'include' not found
[208/550] MWCC build/GEDE01/src/game/game_fn_8017652C.o
### mwcceppc.exe Usage Warning:
#   Specified directory 'include' not found
[209/550] MWCC build/GEDE01/src/game/game_fn_80176DF4.o
### mwcceppc.exe Usage Warning:
#   Specified directory 'include' not found
[210/550] MWCC build/GEDE01/src/game/game_fn_80176FA0.o
### mwcceppc.exe Usage Warning:
#   Specified directory 'include' not found
[211/550] MWCC build/GEDE01/src/game/game_fn_8017718C.o
### mwcceppc.exe Usage Warning:
#   Specified directory 'include' not found
[212/550] MWCC build/GEDE01/src/game/game_fn_801762E8.o
### mwcceppc.exe Usage Warning:
#   Specified directory 'include' not found
[213/550] MWCC build/GEDE01/src/game/game_fn_8017960C.o
### mwcceppc.exe Usage Warning:
#   Specified directory 'include' not found
[214/550] MWCC build/GEDE01/src/game/game_fn_80179398.o
### mwcceppc.exe Usage Warning:
#   Specified directory 'include' not found
[215/550] MWCC build/GEDE01/src/game/game_fn_80179904.o
### mwcceppc.exe Usage Warning:
#   Specified directory 'include' not found
[216/550] MWCC build/GEDE01/src/game/game_fn_80177434.o
### mwcceppc.exe Usage Warning:
#   Specified directory 'include' not found
[217/550] MWCC build/GEDE01/src/game/game_fn_80179F20.o
### mwcceppc.exe Usage Warning:
#   Specified directory 'include' not found
[218/550] MWCC build/GEDE01/src/game/game_fn_8017A010.o
### mwcceppc.exe Usage Warning:
#   Specified directory 'include' not found
[219/550] MWCC build/GEDE01/src/game/game_fn_8017974C.o
### mwcceppc.exe Usage Warning:
#   Specified directory 'include' not found
[220/550] MWCC build/GEDE01/src/game/game_fn_80179A74.o
### mwcceppc.exe Usage Warning:
#   Specified directory 'include' not found
[221/550] MWCC build/GEDE01/src/game/game_fn_80179EB8.o
### mwcceppc.exe Usage Warning:
#   Specified directory 'include' not found
[222/550] MWCC build/GEDE01/src/game/game_fn_80179A18.o
### mwcceppc.exe Usage Warning:
#   Specified directory 'include' not found
[223/550] MWCC build/GEDE01/src/game/game_fn_8017A12C.o
### mwcceppc.exe Usage Warning:
#   Specified directory 'include' not found
[224/550] MWCC build/GEDE01/src/game/game_fn_8017A1C0.o
### mwcceppc.exe Usage Warning:
#   Specified directory 'include' not found
[225/550] MWCC build/GEDE01/src/game/game_fn_8017E850.o
### mwcceppc.exe Usage Warning:
#   Specified directory 'include' not found
[226/550] MWCC build/GEDE01/src/game/game_fn_8017A9B8.o
### mwcceppc.exe Usage Warning:
#   Specified directory 'include' not found
[227/550] MWCC build/GEDE01/src/game/game_fn_80180DDC.o
### mwcceppc.exe Usage Warning:
#   Specified directory 'include' not found
[228/550] MWCC build/GEDE01/src/game/game_fn_80185AE8.o
### mwcceppc.exe Usage Warning:
#   Specified directory 'include' not found
[229/550] MWCC build/GEDE01/src/game/game_fn_801865EC.o
### mwcceppc.exe Usage Warning:
#   Specified directory 'include' not found
[230/550] MWCC build/GEDE01/src/game/game_fn_801859FC.o
### mwcceppc.exe Usage Warning:
#   Specified directory 'include' not found
[231/550] MWCC build/GEDE01/src/game/game_fn_8017E958.o
### mwcceppc.exe Usage Warning:
#   Specified directory 'include' not found
[232/550] MWCC build/GEDE01/src/game/game_fn_80186E10.o
### mwcceppc.exe Usage Warning:
#   Specified directory 'include' not found
[233/550] MWCC build/GEDE01/src/game/game_fn_80187120.o
### mwcceppc.exe Usage Warning:
#   Specified directory 'include' not found
[234/550] MWCC build/GEDE01/src/game/game_fn_801878E0.o
### mwcceppc.exe Usage Warning:
#   Specified directory 'include' not found
[235/550] MWCC build/GEDE01/src/game/game_fn_80188C1C.o
### mwcceppc.exe Usage Warning:
#   Specified directory 'include' not found
[236/550] MWCC build/GEDE01/src/game/game_fn_80188B44.o
### mwcceppc.exe Usage Warning:
#   Specified directory 'include' not found
[237/550] MWCC build/GEDE01/src/game/game_fn_80188E28.o
### mwcceppc.exe Usage Warning:
#   Specified directory 'include' not found
[238/550] MWCC build/GEDE01/src/game/game_fn_80189028.o
### mwcceppc.exe Usage Warning:
#   Specified directory 'include' not found
[239/550] MWCC build/GEDE01/src/game/game_fn_80188A7C.o
### mwcceppc.exe Usage Warning:
#   Specified directory 'include' not found
[240/550] MWCC build/GEDE01/src/game/game_fn_801891D8.o
### mwcceppc.exe Usage Warning:
#   Specified directory 'include' not found
[241/550] MWCC build/GEDE01/src/game/game_fn_801896A0.o
### mwcceppc.exe Usage Warning:
#   Specified directory 'include' not found
[242/550] MWCC build/GEDE01/src/game/game_fn_80189390.o
### mwcceppc.exe Usage Warning:
#   Specified directory 'include' not found
[243/550] MWCC build/GEDE01/src/game/game_fn_801895E8.o
### mwcceppc.exe Usage Warning:
#   Specified directory 'include' not found
[244/550] MWCC build/GEDE01/src/game/game_fn_80189760.o
### mwcceppc.exe Usage Warning:
#   Specified directory 'include' not found
[245/550] MWCC build/GEDE01/src/game/game_fn_80189968.o
### mwcceppc.exe Usage Warning:
#   Specified directory 'include' not found
[246/550] MWCC build/GEDE01/src/game/game_fn_8018D2E0.o
### mwcceppc.exe Usage Warning:
#   Specified directory 'include' not found
[247/550] MWCC build/GEDE01/src/game/game_fn_8018D688.o
### mwcceppc.exe Usage Warning:
#   Specified directory 'include' not found
[248/550] MWCC build/GEDE01/src/game/game_fn_8018D1F0.o
### mwcceppc.exe Usage Warning:
#   Specified directory 'include' not found
[249/550] MWCC build/GEDE01/src/game/game_fn_8018F1D0.o
### mwcceppc.exe Usage Warning:
#   Specified directory 'include' not found
[250/550] MWCC build/GEDE01/src/game/game_fn_8018F81C.o
### mwcceppc.exe Usage Warning:
#   Specified directory 'include' not found
[251/550] MWCC build/GEDE01/src/game/game_fn_8018FEDC.o
### mwcceppc.exe Usage Warning:
#   Specified directory 'include' not found
[252/550] MWCC build/GEDE01/src/game/game_fn_80191360.o
### mwcceppc.exe Usage Warning:
#   Specified directory 'include' not found
[253/550] MWCC build/GEDE01/src/game/game_fn_8019197C.o
### mwcceppc.exe Usage Warning:
#   Specified directory 'include' not found
[254/550] MWCC build/GEDE01/src/game/game_fn_80191F58.o
### mwcceppc.exe Usage Warning:
#   Specified directory 'include' not found
[255/550] MWCC build/GEDE01/src/game/game_fn_80193E1C.o
### mwcceppc.exe Usage Warning:
#   Specified directory 'include' not found
[256/550] MWCC build/GEDE01/src/game/game_fn_80192F54.o
### mwcceppc.exe Usage Warning:
#   Specified directory 'include' not found
[257/550] MWCC build/GEDE01/src/game/game_fn_801931C4.o
### mwcceppc.exe Usage Warning:
#   Specified directory 'include' not found
[258/550] MWCC build/GEDE01/src/game/game_fn_80197910.o
### mwcceppc.exe Usage Warning:
#   Specified directory 'include' not found
[259/550] MWCC build/GEDE01/src/game/game_fn_80193F3C.o
### mwcceppc.exe Usage Warning:
#   Specified directory 'include' not found
[260/550] MWCC build/GEDE01/src/game/game_fn_80194F80.o
### mwcceppc.exe Usage Warning:
#   Specified directory 'include' not found
[261/550] AS build/GEDE01/src/Runtime.PPCEABI.H/__save_fpr.o
[262/550] AS build/GEDE01/src/Runtime.PPCEABI.H/__restore_fpr.o
[263/550] AS build/GEDE01/src/Runtime.PPCEABI.H/__save_gpr.o
[264/550] MWCC build/GEDE01/src/game/game_fn_80198AAC.o
### mwcceppc.exe Usage Warning:
#   Specified directory 'include' not found
[265/550] AS build/GEDE01/src/Runtime.PPCEABI.H/__restore_gpr.o
[266/550] AS build/GEDE01/src/dolphin/base/PPCArch.o
[267/550] MWCC build/GEDE01/src/game/game_fn_80198154.o
### mwcceppc.exe Usage Warning:
#   Specified directory 'include' not found
[268/550] MWCC build/GEDE01/src/game/game_fn_80198BF4.o
### mwcceppc.exe Usage Warning:
#   Specified directory 'include' not found
[269/550] MWCC build/GEDE01/src/game/game_fn_8019CFC4.o
### mwcceppc.exe Usage Warning:
#   Specified directory 'include' not found
[270/550] EXTERNALIZE build/GEDE01/src/game/game_fn_80198BF4.o
[271/550] MWCC build/GEDE01/src/game/game_fn_8019CC28.o
### mwcceppc.exe Usage Warning:
#   Specified directory 'include' not found
[272/550] MWCC build/GEDE01/src/game/game_fn_801991E0.o
### mwcceppc.exe Usage Warning:
#   Specified directory 'include' not found
[273/550] EXTERNALIZE build/GEDE01/src/game/game_fn_80198AAC.o
[274/550] EXTERNALIZE build/GEDE01/src/game/game_fn_80198154.o
[275/550] EXTERNALIZE build/GEDE01/src/game/game_fn_80197910.o
[276/550] EXTERNALIZE build/GEDE01/src/game/game_fn_80194F80.o
[277/550] EXTERNALIZE build/GEDE01/src/game/game_fn_8019CC28.o
[278/550] MWCC build/GEDE01/src/game/game_fn_8019E8C8.o
### mwcceppc.exe Usage Warning:
#   Specified directory 'include' not found
[279/550] EXTERNALIZE build/GEDE01/src/game/game_fn_8019CFC4.o
[280/550] MWCC build/GEDE01/src/game/game_fn_801A1F18.o
### mwcceppc.exe Usage Warning:
#   Specified directory 'include' not found
[281/550] EXTERNALIZE build/GEDE01/src/game/game_fn_801991E0.o
[282/550] EXTERNALIZE build/GEDE01/src/game/game_fn_801931C4.o
[283/550] EXTERNALIZE build/GEDE01/src/game/game_fn_80177434.o
repointed 2 relocations to lbl_80250588
[284/550] MWCC build/GEDE01/src/game/game_fn_8019E5E4.o
### mwcceppc.exe Usage Warning:
#   Specified directory 'include' not found
[285/550] EXTERNALIZE build/GEDE01/src/game/game_fn_80192F54.o
[286/550] GLOBALIZE build/GEDE01/src/game/game_fn_8018F1D0.o
[287/550] EXTERNALIZE build/GEDE01/src/game/game_fn_80191F58.o
[288/550] EXTERNALIZE build/GEDE01/src/game/game_fn_8019197C.o
[289/550] EXTERNALIZE build/GEDE01/src/game/game_fn_801A1F18.o
[290/550] EXTERNALIZE build/GEDE01/src/game/game_fn_80191360.o
[291/550] EXTERNALIZE build/GEDE01/src/game/game_fn_80193E1C.o
[292/550] EXTERNALIZE build/GEDE01/src/game/game_fn_8019E8C8.o
[293/550] EXTERNALIZE build/GEDE01/src/game/game_fn_80189760.o
[294/550] EXTERNALIZE build/GEDE01/src/game/game_fn_80189968.o
[295/550] EXTERNALIZE build/GEDE01/src/game/game_fn_8019E5E4.o
[296/550] EXTERNALIZE build/GEDE01/src/game/game_fn_8018D688.o
[297/550] EXTERNALIZE build/GEDE01/src/game/game_fn_801896A0.o
[298/550] EXTERNALIZE build/GEDE01/src/game/game_fn_801895E8.o
[299/550] EXTERNALIZE build/GEDE01/src/game/game_fn_80193F3C.o
[300/550] EXTERNALIZE build/GEDE01/src/game/game_fn_80188B44.o
[301/550] EXTERNALIZE build/GEDE01/src/game/game_fn_8018F81C.o
[302/550] EXTERNALIZE build/GEDE01/src/game/game_fn_80188E28.o
[303/550] EXTERNALIZE build/GEDE01/src/game/game_fn_8018D2E0.o
[304/550] EXTERNALIZE build/GEDE01/src/game/game_fn_8018D1F0.o
[305/550] EXTERNALIZE build/GEDE01/src/game/game_fn_80189028.o
[306/550] EXTERNALIZE build/GEDE01/src/game/game_fn_80188A7C.o
[307/550] EXTERNALIZE build/GEDE01/src/game/game_fn_8018FEDC.o
[308/550] EXTERNALIZE build/GEDE01/src/game/game_fn_801878E0.o
[309/550] EXTERNALIZE build/GEDE01/src/game/game_fn_801865EC.o
[310/550] EXTERNALIZE build/GEDE01/src/game/game_fn_80188C1C.o
[311/550] EXTERNALIZE build/GEDE01/src/game/game_fn_80186E10.o
[312/550] EXTERNALIZE build/GEDE01/src/game/game_fn_80180DDC.o
[313/550] EXTERNALIZE build/GEDE01/src/game/game_fn_80187120.o
[314/550] EXTERNALIZE build/GEDE01/src/game/game_fn_80189390.o
[315/550] EXTERNALIZE build/GEDE01/src/game/game_fn_80185AE8.o
[316/550] EXTERNALIZE build/GEDE01/src/game/game_fn_801891D8.o
[317/550] EXTERNALIZE build/GEDE01/src/game/game_fn_801859FC.o
[318/550] EXTERNALIZE build/GEDE01/src/game/game_fn_801770F8.o
[319/550] EXTERNALIZE build/GEDE01/src/game/game_fn_8017718C.o
[320/550] EXTERNALIZE build/GEDE01/src/game/game_fn_8017E958.o
[321/550] EXTERNALIZE build/GEDE01/src/game/game_fn_8017E850.o
[322/550] EXTERNALIZE build/GEDE01/src/game/game_fn_80176DF4.o
[323/550] EXTERNALIZE build/GEDE01/src/game/game_fn_80174184.o
[324/550] EXTERNALIZE build/GEDE01/src/game/game_fn_8017553C.o
[325/550] EXTERNALIZE build/GEDE01/src/game/game_fn_80173D44.o
[326/550] EXTERNALIZE build/GEDE01/src/game/game_fn_801734B4.o
[327/550] EXTERNALIZE build/GEDE01/src/game/game_fn_80173F04.o
[328/550] EXTERNALIZE build/GEDE01/src/game/game_fn_80176FA0.o
[329/550] EXTERNALIZE build/GEDE01/src/game/game_fn_80174358.o
[330/550] EXTERNALIZE build/GEDE01/src/game/game_fn_80172DB8.o
[331/550] EXTERNALIZE build/GEDE01/src/game/game_fn_80173770.o
[332/550] EXTERNALIZE build/GEDE01/src/game/game_fn_80173270.o
[333/550] EXTERNALIZE build/GEDE01/src/game/game_fn_801726EC.o
[334/550] EXTERNALIZE build/GEDE01/src/game/game_fn_80171F30.o
[335/550] NORMALIZE build/GEDE01/src/game/game_TRKNubWelcome.o
[336/550] NORMALIZE build/GEDE01/src/game/game_TRK_main.o
[337/550] NORMALIZE build/GEDE01/src/game/game_data_80239E10.o
[338/550] EXTERNALIZE build/GEDE01/src/game/game_fn_8017250C.o
[339/550] NORMALIZE build/GEDE01/src/game/game_data_80239E18.o
[340/550] EXTERNALIZE build/GEDE01/src/game/game_fn_80171664.o
[341/550] EXTERNALIZE build/GEDE01/src/game/game_fn_8017138C.o
[342/550] EXTERNALIZE build/GEDE01/src/game/game_fn_801718F4.o
[343/550] EXTERNALIZE build/GEDE01/src/game/game_fn_80170A40.o
[344/550] EXTERNALIZE build/GEDE01/src/game/game_fn_801719B4.o
[345/550] EXTERNALIZE build/GEDE01/src/game/game_fn_80172C78.o
[346/550] EXTERNALIZE build/GEDE01/src/game/game_fn_80172BB0.o
[347/550] EXTERNALIZE build/GEDE01/src/game/game_fn_801706DC.o
[348/550] EXTERNALIZE build/GEDE01/src/game/game_fn_80175E64.o
[349/550] EXTERNALIZE build/GEDE01/src/game/game_fn_80170DF4.o
[350/550] EXTERNALIZE build/GEDE01/src/game/game_fn_80170E9C.o
[351/550] EXTERNALIZE build/GEDE01/src/game/game_fn_8017652C.o
[352/550] EXTERNALIZE build/GEDE01/src/game/game_fn_80175F0C.o
[353/550] EXTERNALIZE build/GEDE01/src/game/game_fn_8016E8F8.o
[354/550] EXTERNALIZE build/GEDE01/src/game/game_fn_801762E8.o
[355/550] EXTERNALIZE build/GEDE01/src/game/game_fn_80176160.o
[356/550] EXTERNALIZE build/GEDE01/src/game/game_fn_8016FEF8.o
[357/550] EXTERNALIZE build/GEDE01/src/game/game_fn_80175FD4.o
[358/550] EXTERNALIZE build/GEDE01/src/game/game_fn_80176220.o
[359/550] EXTERNALIZE build/GEDE01/src/game/game_fn_801704F8.o
[360/550] EXTERNALIZE build/GEDE01/src/game/game_fn_8016D040.o
[361/550] NORMALIZE build/GEDE01/src/game/game_fn_8016DF4C.o
[362/550] EXTERNALIZE build/GEDE01/src/game/game_fn_8016C4BC.o
[363/550] EXTERNALIZE build/GEDE01/src/game/game_fn_8016C774.o
[364/550] EXTERNALIZE build/GEDE01/src/game/game_fn_8016C238.o
[365/550] EXTERNALIZE build/GEDE01/src/game/game_fn_8016D2B8.o
[366/550] EXTERNALIZE build/GEDE01/src/game/game_fn_8016C0BC.o
[367/550] EXTERNALIZE build/GEDE01/src/game/game_fn_8017038C.o
[368/550] EXTERNALIZE build/GEDE01/src/game/game_fn_80176098.o
[369/550] EXTERNALIZE build/GEDE01/src/game/game_fn_8016D1F8.o
[370/550] EXTERNALIZE build/GEDE01/src/game/game_fn_8016BE1C.o
[371/550] EXTERNALIZE build/GEDE01/src/game/game_fn_8016C164.o
[372/550] EXTERNALIZE build/GEDE01/src/game/game_fn_8016BF60.o
[373/550] EXTERNALIZE build/GEDE01/src/game/game_fn_8016BD0C.o
[374/550] EXTERNALIZE build/GEDE01/src/game/game_fn_80169650.o
[375/550] EXTERNALIZE build/GEDE01/src/game/game_fn_8015EDC0.o
[376/550] EXTERNALIZE build/GEDE01/src/game/game_fn_80167B5C.o
[377/550] EXTERNALIZE build/GEDE01/src/game/game_fn_80179904.o
[378/550] EXTERNALIZE build/GEDE01/src/game/game_fn_8017974C.o
[379/550] EXTERNALIZE build/GEDE01/src/game/game_fn_8015DC54.o
[380/550] EXTERNALIZE build/GEDE01/src/game/game_fn_80158B20.o
[381/550] EXTERNALIZE build/GEDE01/src/game/game_fn_80179398.o
[382/550] EXTERNALIZE build/GEDE01/src/game/game_fn_8017960C.o
[383/550] EXTERNALIZE build/GEDE01/src/game/game_fn_8017A9B8.o
[384/550] EXTERNALIZE build/GEDE01/src/game/game_fn_80179A18.o
[385/550] EXTERNALIZE build/GEDE01/src/game/game_fn_80157C0C.o
[386/550] EXTERNALIZE build/GEDE01/src/game/game_fn_80155814.o
[387/550] EXTERNALIZE build/GEDE01/src/game/game_fn_80179A74.o
[388/550] EXTERNALIZE build/GEDE01/src/game/game_fn_80179EB8.o
[389/550] EXTERNALIZE build/GEDE01/src/game/game_fn_8014AF38.o
[390/550] EXTERNALIZE build/GEDE01/src/game/game_fn_80153898.o
[391/550] EXTERNALIZE build/GEDE01/src/game/game_fn_8012DB28.o
[392/550] EXTERNALIZE build/GEDE01/src/game/game_fn_8017A010.o
[393/550] EXTERNALIZE build/GEDE01/src/game/game_fn_80179F20.o
[394/550] EXTERNALIZE build/GEDE01/src/game/game_fn_8014B494.o
[395/550] EXTERNALIZE build/GEDE01/src/game/game_fn_8017A12C.o
[396/550] EXTERNALIZE build/GEDE01/src/game/game_fn_801126E0.o
[397/550] EXTERNALIZE build/GEDE01/src/game/game_fn_800E4980.o
[398/550] EXTERNALIZE build/GEDE01/src/game/game_fn_801141B8.o
[399/550] EXTERNALIZE build/GEDE01/src/game/game_fn_8010F184.o
[400/550] EXTERNALIZE build/GEDE01/src/game/game_fn_801128E4.o
[401/550] EXTERNALIZE build/GEDE01/src/game/game_fn_800C644C.o
[402/550] EXTERNALIZE build/GEDE01/src/game/game_fn_800C59F0.o
[403/550] EXTERNALIZE build/GEDE01/src/game/game_fn_800CB8F4.o
[404/550] EXTERNALIZE build/GEDE01/src/game/game_fn_80079908.o
[405/550] EXTERNALIZE build/GEDE01/src/game/game_fn_8007B540.o
[406/550] EXTERNALIZE build/GEDE01/src/game/game_fn_8017A1C0.o
[407/550] EXTERNALIZE build/GEDE01/src/game/game_fn_800C17EC.o
[408/550] EXTERNALIZE build/GEDE01/src/game/game_fn_8007B640.o
[409/550] EXTERNALIZE build/GEDE01/src/game/game_fn_800CB760.o
[410/550] GLOBALIZE build/GEDE01/src/game/game_fn_800A2130.o
[411/550] EXTERNALIZE build/GEDE01/src/game/game_fn_8007B2F4.o
[412/550] EXTERNALIZE build/GEDE01/src/game/game_fn_80078500.o
[413/550] EXTERNALIZE build/GEDE01/src/game/game_fn_800934A0.o
[414/550] EXTERNALIZE build/GEDE01/src/game/game_fn_800886D8.o
[415/550] GLOBALIZE build/GEDE01/src/game/game_fn_8008F890.o
[416/550] EXTERNALIZE build/GEDE01/src/game/game_fn_8009C424.o
[417/550] EXTERNALIZE build/GEDE01/src/game/game_fn_800A7E88.o
[418/550] GLOBALIZE build/GEDE01/src/game/game_fn_8005FD84.o
[419/550] EXTERNALIZE build/GEDE01/src/game/game_fn_8007BA3C.o
[420/550] EXTERNALIZE build/GEDE01/src/game/game_fn_800A2FCC.o
[421/550] EXTERNALIZE build/GEDE01/src/game/game_fn_800A3894.o
[422/550] EXTERNALIZE build/GEDE01/src/game/game_fn_800A4798.o
[423/550] EXTERNALIZE build/GEDE01/src/game/game_fn_80066888.o
[424/550] NAME SWITCH build/GEDE01/src/game/game_fn_80020E94.o
[425/550] EXTERNALIZE build/GEDE01/src/game/game_fn_80096830.o
[426/550] NAME SWITCH build/GEDE01/src/game/game_fn_8005EE9C.o
[427/550] NAME SWITCH build/GEDE01/src/game/game_fn_8001FE1C.o
[428/550] EXTERNALIZE SWITCHES build/GEDE01/src/game/game_fn_80095FDC.o
[429/550] NAME SWITCH build/GEDE01/src/game/game_fn_8016D9C0.o
[430/550] NAME SWITCH build/GEDE01/src/game/game_fn_80071A58.o
[431/550] EXTERNALIZE build/GEDE01/src/game/game_fn_800A4428.o
[432/550] EXTERNALIZE build/GEDE01/src/game/game_fn_8005EC6C.o
[433/550] EXTERNALIZE build/GEDE01/src/game/game_fn_80052310.o
[434/550] EXTERNALIZE build/GEDE01/src/game/game_fn_80074310.o
[435/550] NAME SWITCH build/GEDE01/src/game/game_fn_8001E644.o
[436/550] EXTERNALIZE build/GEDE01/src/game/game_fn_80048B24.o
[437/550] EXTERNALIZE build/GEDE01/src/game/game_fn_80048ADC.o
[438/550] EXTERNALIZE build/GEDE01/src/game/game_fn_800359A0.o
[439/550] EXTERNALIZE build/GEDE01/src/game/game_fn_80032B84.o
[440/550] EXTERNALIZE build/GEDE01/src/game/game_fn_80038878.o
[441/550] EXTERNALIZE build/GEDE01/src/game/game_fn_80036C40.o
[442/550] EXTERNALIZE build/GEDE01/src/game/game_fn_80033180.o
[443/550] NAME SWITCHES build/GEDE01/src/game/game_fn_80024F28.o
[444/550] EXTERNALIZE build/GEDE01/src/game/game_fn_80033038.o
[445/550] EXTERNALIZE build/GEDE01/src/game/game_fn_8003232C.o
[446/550] EXTERNALIZE build/GEDE01/src/game/game_fn_8002DAE0.o
[447/550] EXTERNALIZE build/GEDE01/src/game/game_fn_8002E3F0.o
[448/550] EXTERNALIZE build/GEDE01/src/game/game_fn_8002EA68.o
[449/550] EXTERNALIZE build/GEDE01/src/game/game_fn_800272B4.o
[450/550] EXTERNALIZE build/GEDE01/src/game/game_fn_8001CE94.o
[451/550] EXTERNALIZE build/GEDE01/src/game/game_fn_8001C078.o
[452/550] EXTERNALIZE build/GEDE01/src/game/game_fn_8001ADF8.o
[453/550] EXTERNALIZE build/GEDE01/src/game/game_fn_8001AAB8.o
[454/550] EXTERNALIZE build/GEDE01/src/game/game_fn_8001CD58.o
[455/550] EXTERNALIZE build/GEDE01/src/game/game_fn_8002F428.o
[456/550] EXTERNALIZE build/GEDE01/src/game/game_fn_8001B294.o
[457/550] EXTERNALIZE build/GEDE01/src/game/game_fn_8001B124.o
[458/550] EXTERNALIZE build/GEDE01/src/game/game_fn_8001B808.o
[459/550] EXTERNALIZE build/GEDE01/src/game/game_fn_8001AF68.o
[460/550] EXTERNALIZE build/GEDE01/src/game/game_fn_80019F98.o
[461/550] EXTERNALIZE build/GEDE01/src/game/game_fn_80019C10.o
[462/550] EXTERNALIZE build/GEDE01/src/game/game_fn_80019940.o
[463/550] EXTERNALIZE build/GEDE01/src/game/game_fn_80019D2C.o
[464/550] EXTERNALIZE build/GEDE01/src/game/game_fn_8001A6C4.o
[465/550] EXTERNALIZE build/GEDE01/src/game/game_fn_8001B874.o
[466/550] EXTERNALIZE build/GEDE01/src/game/game_fn_80019054.o
[467/550] EXTERNALIZE build/GEDE01/src/game/game_fn_80018EF4.o
[468/550] EXTERNALIZE build/GEDE01/src/game/game_fn_80017DB0.o
[469/550] EXTERNALIZE build/GEDE01/src/game/game_fn_80017CC8.o
[470/550] EXTERNALIZE build/GEDE01/src/game/game_fn_80017C3C.o
[471/550] EXTERNALIZE build/GEDE01/src/game/game_fn_80017AE4.o
[472/550] GLOBALIZE build/GEDE01/src/game/game_fn_800094C0.o
[473/550] EXTERNALIZE build/GEDE01/src/game/game_fn_800194D0.o
[474/550] EXTERNALIZE build/GEDE01/src/game/game_fn_80019244.o
[475/550] EXTERNALIZE build/GEDE01/src/game/game_fn_80017910.o
[476/550] EXTERNALIZE FLAGS build/GEDE01/src/game/game_fn_800119FC.o
[477/550] EXTERNALIZE build/GEDE01/src/game/game_fn_80017A3C.o
[478/550] EXTERNALIZE build/GEDE01/src/game/game_fn_8000FFD8.o
[479/550] EXTERNALIZE build/GEDE01/src/game/game_fn_8000EFC4.o
[480/550] EXTERNALIZE build/GEDE01/src/game/game_fn_800096E0.o
[481/550] EXTERNALIZE build/GEDE01/src/game/game_fn_8000F4B0.o
[482/550] EXTERNALIZE build/GEDE01/src/game/game_fn_80009AB4.o
[483/550] EXTERNALIZE build/GEDE01/src/game/game_fn_800179AC.o
[484/550] EXTERNALIZE build/GEDE01/src/game/game_fn_800098C0.o
[485/550] EXTERNALIZE build/GEDE01/src/game/game_fn_800099D8.o
[486/550] EXTERNALIZE build/GEDE01/src/game/game_fn_800171C0.o
[487/550] EXTERNALIZE build/GEDE01/src/game/game_fn_8000A26C.o
[488/550] EXTERNALIZE build/GEDE01/src/game/game_fn_800176F0.o
[489/550] EXTERNALIZE build/GEDE01/src/game/game_fn_8000AC88.o
[490/550] EXTERNALIZE build/GEDE01/src/game/game_fn_8000B36C.o
[491/550] EXTERNALIZE build/GEDE01/src/game/game_fn_8000B630.o
[492/550] EXTERNALIZE build/GEDE01/src/game/game_fn_8000AFB4.o
[493/550] EXTERNALIZE build/GEDE01/src/game/game_fn_8000BAA0.o
[494/550] EXTERNALIZE build/GEDE01/src/game/game_fn_8000AEB4.o
[495/550] EXTERNALIZE build/GEDE01/src/game/game_fn_8000B1B8.o
[496/550] EXTERNALIZE build/GEDE01/src/game/game_fn_8000B900.o
[497/550] EXTERNALIZE build/GEDE01/src/game/game_fn_8000BC40.o
[498/550] NAME SWITCH build/GEDE01/src/game/game_fn_8000D8A4.o
[499/550] EXTERNALIZE build/GEDE01/src/game/game_fn_8000BA0C.o
[500/550] EXTERNALIZE build/GEDE01/src/game/game_fn_8000B7FC.o
[501/550] EXTERNALIZE build/GEDE01/src/game/game_fn_8000C17C.o
[502/550] EXTERNALIZE build/GEDE01/src/game/game_fn_8000C400.o
[503/550] EXTERNALIZE build/GEDE01/src/game/game_fn_8000C06C.o
[504/550] EXTERNALIZE build/GEDE01/src/game/game_fn_8000D3D4.o
[505/550] EXTERNALIZE build/GEDE01/src/game/game_fn_8000D0BC.o
[506/550] EXTERNALIZE build/GEDE01/src/game/game_fn_8000C91C.o
[507/550] EXTERNALIZE build/GEDE01/src/game/game_fn_8000C848.o
[508/550] EXTERNALIZE build/GEDE01/src/game/game_fn_8000E0AC.o
[509/550] EXTERNALIZE build/GEDE01/src/game/game_fn_8000E054.o
[510/550] EXTERNALIZE build/GEDE01/src/game/game_fn_8000F774.o
[511/550] EXTERNALIZE build/GEDE01/src/game/game_fn_8000E96C.o
[512/550] EXTERNALIZE build/GEDE01/src/game/game_fn_8000EB14.o
[513/550] EXTERNALIZE build/GEDE01/src/game/game_fn_8000ED44.o
[514/550] EXTERNALIZE build/GEDE01/src/game/game_fn_8000EBD4.o
[515/550] EXTERNALIZE build/GEDE01/src/game/game_fn_8000D590.o
[516/550] EXTERNALIZE build/GEDE01/src/game/game_fn_8000E1C4.o
[517/550] EXTERNALIZE build/GEDE01/src/game/game_fn_8000DA50.o
[518/550] EXTERNALIZE build/GEDE01/src/game/game_fn_8000E138.o
[519/550] EXTERNALIZE build/GEDE01/src/game/game_fn_80012F40.o
[520/550] EXTERNALIZE build/GEDE01/src/game/game_fn_8000DAF4.o
[521/550] EXTERNALIZE build/GEDE01/src/game/game_fn_80012DA8.o
[522/550] EXTERNALIZE build/GEDE01/src/game/game_fn_800131E8.o
[523/550] EXTERNALIZE build/GEDE01/src/game/game_fn_80013870.o
[524/550] EXTERNALIZE build/GEDE01/src/game/game_fn_80013340.o
[525/550] EXTERNALIZE build/GEDE01/src/game/game_fn_80012FD0.o
[526/550] EXTERNALIZE build/GEDE01/src/game/game_fn_80014784.o
[527/550] EXTERNALIZE build/GEDE01/src/game/game_fn_800149D4.o
[528/550] EXTERNALIZE build/GEDE01/src/game/game_fn_80013CB0.o
[529/550] EXTERNALIZE build/GEDE01/src/game/game_fn_80015058.o
[530/550] EXTERNALIZE build/GEDE01/src/game/game_fn_800156FC.o
[531/550] EXTERNALIZE build/GEDE01/src/game/game_fn_80015320.o
[532/550] EXTERNALIZE build/GEDE01/src/game/game_fn_80015568.o
[533/550] EXTERNALIZE build/GEDE01/src/game/game_fn_80013D54.o
[534/550] EXTERNALIZE build/GEDE01/src/game/game_fn_800144CC.o
[535/550] EXTERNALIZE build/GEDE01/src/game/game_fn_800142DC.o
[536/550] EXTERNALIZE build/GEDE01/src/game/game_fn_80015BE0.o
[537/550] EXTERNALIZE build/GEDE01/src/game/game_fn_80015D40.o
[538/550] EXTERNALIZE build/GEDE01/src/game/game_fn_80016128.o
[539/550] EXTERNALIZE build/GEDE01/src/game/game_fn_80015F04.o
[540/550] EXTERNALIZE build/GEDE01/src/game/game_fn_80016270.o
[541/550] EXTERNALIZE build/GEDE01/src/game/game_fn_80016904.o
[542/550] EXTERNALIZE build/GEDE01/src/game/game_fn_80016B24.o
[543/550] EXTERNALIZE build/GEDE01/src/game/game_fn_800173CC.o
[544/550] REPORT
 INFO Loading project .
 INFO Generating report for 5654 units (using 8 threads)
 INFO Report generated in 0.173s
 INFO Writing to build/GEDE01/report.json
[545/550] LINK build/GEDE01/main.elf
### mwldeppc.exe Linker Warning:
#   Section '.ignored' is unknown. Section ignored.
### mwldeppc.exe Linker Warning:
#   Section '.ignored' is unknown. Section ignored.
### mwldeppc.exe Linker Warning:
#   Section '.ignored' is unknown. Section ignored.
### mwldeppc.exe Linker Warning:
#   Section '.ignored' is unknown. Section ignored.
### mwldeppc.exe Linker Warning:
#   Section '.ignored' is unknown. Section ignored.
### mwldeppc.exe Linker Warning:
#   Section '.ignored' is unknown. Section ignored.
### mwldeppc.exe Linker Warning:
#   Section '.ignored' is unknown. Section ignored.
### mwldeppc.exe Linker Warning:
#   Section '.ignored' is unknown. Section ignored.
### mwldeppc.exe Linker Warning:
#   Section '.ignored' is unknown. Section ignored.
### mwldeppc.exe Linker Warning:
#   Section '.ignored' is unknown. Section ignored.
### mwldeppc.exe Linker Warning:
#   Section '.ignored' is unknown. Section ignored.
### mwldeppc.exe Linker Warning:
#   Section '.ignored' is unknown. Section ignored.
### mwldeppc.exe Linker Warning:
#   Section '.ignored' is unknown. Section ignored.
### mwldeppc.exe Linker Warning:
#   Section '.ignored' is unknown. Section ignored.
### mwldeppc.exe Linker Warning:
#   Section '.ignored' is unknown. Section ignored.
### mwldeppc.exe Linker Warning:
#   Section '.ignored' is unknown. Section ignored.
### mwldeppc.exe Linker Warning:
#   Section '.ignored' is unknown. Section ignored.
### mwldeppc.exe Linker Warning:
#   Section '.ignored' is unknown. Section ignored.
### mwldeppc.exe Linker Warning:
#   Section '.ignored' is unknown. Section ignored.
### mwldeppc.exe Linker Warning:
#   Section '.ignored' is unknown. Section ignored.
### mwldeppc.exe Linker Warning:
#   Section '.ignored' is unknown. Section ignored.
### mwldeppc.exe Linker Warning:
#   Section '.ignored' is unknown. Section ignored.
### mwldeppc.exe Linker Warning:
#   Section '.ignored' is unknown. Section ignored.
### mwldeppc.exe Linker Warning:
#   Section '.ignored' is unknown. Section ignored.
### mwldeppc.exe Linker Warning:
#   Section '.ignored' is unknown. Section ignored.
### mwldeppc.exe Linker Warning:
#   Section '.ignored' is unknown. Section ignored.
### mwldeppc.exe Linker Warning:
#   Section '.ignored' is unknown. Section ignored.
### mwldeppc.exe Linker Warning:
#   Section '.ignored' is unknown. Section ignored.
### mwldeppc.exe Linker Warning:
#   Section '.ignored' is unknown. Section ignored.
### mwldeppc.exe Linker Warning:
#   Section '.ignored' is unknown. Section ignored.
### mwldeppc.exe Linker Warning:
#   Section '.ignored' is unknown. Section ignored.
### mwldeppc.exe Linker Warning:
#   Section '.ignored' is unknown. Section ignored.
### mwldeppc.exe Linker Warning:
#   Section '.ignored' is unknown. Section ignored.
### mwldeppc.exe Linker Warning:
#   Section '.ignored' is unknown. Section ignored.
### mwldeppc.exe Linker Warning:
#   Section '.ignored' is unknown. Section ignored.
### mwldeppc.exe Linker Warning:
#   Section '.ignored' is unknown. Section ignored.
### mwldeppc.exe Linker Warning:
#   Section '.ignored' is unknown. Section ignored.
### mwldeppc.exe Linker Warning:
#   Section '.ignored' is unknown. Section ignored.
### mwldeppc.exe Linker Warning:
#   Section '.ignored' is unknown. Section ignored.
### mwldeppc.exe Linker Warning:
#   Section '.ignored' is unknown. Section ignored.
### mwldeppc.exe Linker Warning:
#   Section '.ignored' is unknown. Section ignored.
### mwldeppc.exe Linker Warning:
#   Section '.ignored' is unknown. Section ignored.
### mwldeppc.exe Linker Warning:
#   Section '.ignored' is unknown. Section ignored.
### mwldeppc.exe Linker Warning:
#   Section '.ignored' is unknown. Section ignored.
### mwldeppc.exe Linker Warning:
#   Section '.ignored' is unknown. Section ignored.
### mwldeppc.exe Linker Warning:
#   Section '.ignored' is unknown. Section ignored.
### mwldeppc.exe Linker Warning:
#   Section '.ignored' is unknown. Section ignored.
### mwldeppc.exe Linker Warning:
#   Section '.ignored' is unknown. Section ignored.
### mwldeppc.exe Linker Warning:
#   Section '.ignored' is unknown. Section ignored.
### mwldeppc.exe Linker Warning:
#   Section '.ignored' is unknown. Section ignored.
### mwldeppc.exe Linker Warning:
#   Section '.ignored' is unknown. Section ignored.
### mwldeppc.exe Linker Warning:
#   Section '.ignored' is unknown. Section ignored.
### mwldeppc.exe Linker Warning:
#   Section '.ignored' is unknown. Section ignored.
### mwldeppc.exe Linker Warning:
#   Section '.ignored' is unknown. Section ignored.
### mwldeppc.exe Linker Warning:
#   Section '.ignored' is unknown. Section ignored.
### mwldeppc.exe Linker Warning:
#   Section '.ignored' is unknown. Section ignored.
### mwldeppc.exe Linker Warning:
#   Section '.ignored' is unknown. Section ignored.
### mwldeppc.exe Linker Warning:
#   Section '.ignored' is unknown. Section ignored.
### mwldeppc.exe Linker Warning:
#   Section '.ignored' is unknown. Section ignored.
### mwldeppc.exe Linker Warning:
#   Section '.ignored' is unknown. Section ignored.
### mwldeppc.exe Linker Warning:
#   Section '.ignored' is unknown. Section ignored.
### mwldeppc.exe Linker Warning:
#   Section '.ignored' is unknown. Section ignored.
### mwldeppc.exe Linker Warning:
#   Section '.ignored' is unknown. Section ignored.
### mwldeppc.exe Linker Warning:
#   Section '.ignored' is unknown. Section ignored.
### mwldeppc.exe Linker Warning:
#   Section '.ignored' is unknown. Section ignored.
### mwldeppc.exe Linker Warning:
#   Section '.ignored' is unknown. Section ignored.
### mwldeppc.exe Linker Warning:
#   Section '.ignored' is unknown. Section ignored.
### mwldeppc.exe Linker Warning:
#   Section '.ignored' is unknown. Section ignored.
### mwldeppc.exe Linker Warning:
#   Section '.ignored' is unknown. Section ignored.
### mwldeppc.exe Linker Warning:
#   Section '.ignored' is unknown. Section ignored.
### mwldeppc.exe Linker Warning:
#   Section '.ignored' is unknown. Section ignored.
### mwldeppc.exe Linker Warning:
#   Section '.ignored' is unknown. Section ignored.
### mwldeppc.exe Linker Warning:
#   Section '.ignored' is unknown. Section ignored.
### mwldeppc.exe Linker Warning:
#   Section '.ignored' is unknown. Section ignored.
### mwldeppc.exe Linker Warning:
#   Section '.ignored' is unknown. Section ignored.
### mwldeppc.exe Linker Warning:
#   Section '.ignored' is unknown. Section ignored.
### mwldeppc.exe Linker Warning:
#   Section '.ignored' is unknown. Section ignored.
### mwldeppc.exe Linker Warning:
#   Section '.ignored' is unknown. Section ignored.
### mwldeppc.exe Linker Warning:
#   Section '.ignored' is unknown. Section ignored.
### mwldeppc.exe Linker Warning:
#   Section '.ignored' is unknown. Section ignored.
### mwldeppc.exe Linker Warning:
#   Section '.ignored' is unknown. Section ignored.
### mwldeppc.exe Linker Warning:
#   Section '.ignored' is unknown. Section ignored.
### mwldeppc.exe Linker Warning:
#   Section '.ignored' is unknown. Section ignored.
### mwldeppc.exe Linker Warning:
#   Section '.ignored' is unknown. Section ignored.
### mwldeppc.exe Linker Warning:
#   Section '.ignored' is unknown. Section ignored.
### mwldeppc.exe Linker Warning:
#   Section '.ignored' is unknown. Section ignored.
### mwldeppc.exe Linker Warning:
#   Section '.ignored' is unknown. Section ignored.
### mwldeppc.exe Linker Warning:
#   Section '.ignored' is unknown. Section ignored.
### mwldeppc.exe Linker Warning:
#   Section '.ignored' is unknown. Section ignored.
### mwldeppc.exe Linker Warning:
#   Section '.ignored' is unknown. Section ignored.
### mwldeppc.exe Linker Warning:
#   Section '.ignored' is unknown. Section ignored.
### mwldeppc.exe Linker Warning:
#   Section '.ignored' is unknown. Section ignored.
### mwldeppc.exe Linker Warning:
#   Section '.ignored' is unknown. Section ignored.
### mwldeppc.exe Linker Warning:
#   Section '.ignored' is unknown. Section ignored.
### mwldeppc.exe Linker Warning:
#   Section '.ignored' is unknown. Section ignored.
### mwldeppc.exe Linker Warning:
#   Section '.ignored' is unknown. Section ignored.
### mwldeppc.exe Linker Warning:
#   Section '.ignored' is unknown. Section ignored.
### mwldeppc.exe Linker Warning:
#   Section '.ignored' is unknown. Section ignored.
### mwldeppc.exe Linker Warning:
#   Section '.ignored' is unknown. Section ignored.
### mwldeppc.exe Linker Warning:
#   Section '.ignored' is unknown. Section ignored.
### mwldeppc.exe Linker Warning:
#   Section '.ignored' is unknown. Section ignored.
### mwldeppc.exe Linker Warning:
#   Section '.ignored' is unknown. Section ignored.
### mwldeppc.exe Linker Warning:
#   Section '.ignored' is unknown. Section ignored.
### mwldeppc.exe Linker Warning:
#   Section '.ignored' is unknown. Section ignored.
### mwldeppc.exe Linker Warning:
#   Section '.ignored' is unknown. Section ignored.
### mwldeppc.exe Linker Warning:
#   Section '.ignored' is unknown. Section ignored.
### mwldeppc.exe Linker Warning:
#   Section '.ignored' is unknown. Section ignored.
### mwldeppc.exe Linker Warning:
#   Section '.ignored' is unknown. Section ignored.
### mwldeppc.exe Linker Warning:
#   Section '.ignored' is unknown. Section ignored.
### mwldeppc.exe Linker Warning:
#   Section '.ignored' is unknown. Section ignored.
### mwldeppc.exe Linker Warning:
#   Section '.ignored' is unknown. Section ignored.
### mwldeppc.exe Linker Warning:
#   Section '.ignored' is unknown. Section ignored.
### mwldeppc.exe Linker Warning:
#   Section '.ignored' is unknown. Section ignored.
### mwldeppc.exe Linker Warning:
#   Section '.ignored' is unknown. Section ignored.
### mwldeppc.exe Linker Warning:
#   Section '.ignored' is unknown. Section ignored.
### mwldeppc.exe Linker Warning:
#   Section '.ignored' is unknown. Section ignored.
### mwldeppc.exe Linker Warning:
#   Section '.ignored' is unknown. Section ignored.
### mwldeppc.exe Linker Warning:
#   Section '.ignored' is unknown. Section ignored.
### mwldeppc.exe Linker Warning:
#   Section '.ignored' is unknown. Section ignored.
### mwldeppc.exe Linker Warning:
#   Section '.ignored' is unknown. Section ignored.
### mwldeppc.exe Linker Warning:
#   Section '.ignored' is unknown. Section ignored.
### mwldeppc.exe Linker Warning:
#   Section '.ignored' is unknown. Section ignored.
### mwldeppc.exe Linker Warning:
#   Section '.ignored' is unknown. Section ignored.
### mwldeppc.exe Linker Warning:
#   Section '.ignored' is unknown. Section ignored.
### mwldeppc.exe Linker Warning:
#   Section '.ignored' is unknown. Section ignored.
### mwldeppc.exe Linker Warning:
#   Section '.ignored' is unknown. Section ignored.
### mwldeppc.exe Linker Warning:
#   Section '.ignored' is unknown. Section ignored.
### mwldeppc.exe Linker Warning:
#   Section '.ignored' is unknown. Section ignored.
### mwldeppc.exe Linker Warning:
#   Section '.ignored' is unknown. Section ignored.
### mwldeppc.exe Linker Warning:
#   Section '.ignored' is unknown. Section ignored.
### mwldeppc.exe Linker Warning:
#   Section '.ignored' is unknown. Section ignored.
### mwldeppc.exe Linker Warning:
#   Section '.ignored' is unknown. Section ignored.
### mwldeppc.exe Linker Warning:
#   Section '.ignored' is unknown. Section ignored.
### mwldeppc.exe Linker Warning:
#   Section '.ignored' is unknown. Section ignored.
### mwldeppc.exe Linker Warning:
#   Section '.ignored' is unknown. Section ignored.
### mwldeppc.exe Linker Warning:
#   Section '.ignored' is unknown. Section ignored.
### mwldeppc.exe Linker Warning:
#   Section '.ignored' is unknown. Section ignored.
### mwldeppc.exe Linker Warning:
#   Section '.ignored' is unknown. Section ignored.
### mwldeppc.exe Linker Warning:
#   Section '.ignored' is unknown. Section ignored.
### mwldeppc.exe Linker Warning:
#   Section '.ignored' is unknown. Section ignored.
### mwldeppc.exe Linker Warning:
#   Section '.ignored' is unknown. Section ignored.
### mwldeppc.exe Linker Warning:
#   Section '.ignored' is unknown. Section ignored.
### mwldeppc.exe Linker Warning:
#   Section '.ignored' is unknown. Section ignored.
### mwldeppc.exe Linker Warning:
#   Section '.ignored' is unknown. Section ignored.
### mwldeppc.exe Linker Warning:
#   Section '.ignored' is unknown. Section ignored.
### mwldeppc.exe Linker Warning:
#   Section '.ignored' is unknown. Section ignored.
### mwldeppc.exe Linker Warning:
#   Section '.ignored' is unknown. Section ignored.
### mwldeppc.exe Linker Warning:
#   Section '.ignored' is unknown. Section ignored.
### mwldeppc.exe Linker Warning:
#   Section '.ignored' is unknown. Section ignored.
### mwldeppc.exe Linker Warning:
#   Section '.ignored' is unknown. Section ignored.
### mwldeppc.exe Linker Warning:
#   Section '.ignored' is unknown. Section ignored.
### mwldeppc.exe Linker Warning:
#   Section '.ignored' is unknown. Section ignored.
### mwldeppc.exe Linker Warning:
#   Section '.ignored' is unknown. Section ignored.
### mwldeppc.exe Linker Warning:
#   Section '.ignored' is unknown. Section ignored.
### mwldeppc.exe Linker Warning:
#   Section '.ignored' is unknown. Section ignored.
### mwldeppc.exe Linker Warning:
#   Section '.ignored' is unknown. Section ignored.
### mwldeppc.exe Linker Warning:
#   Section '.ignored' is unknown. Section ignored.
### mwldeppc.exe Linker Warning:
#   Section '.ignored' is unknown. Section ignored.
### mwldeppc.exe Linker Warning:
#   Section '.ignored' is unknown. Section ignored.
### mwldeppc.exe Linker Warning:
#   Section '.ignored' is unknown. Section ignored.
### mwldeppc.exe Linker Warning:
#   Section '.ignored' is unknown. Section ignored.
### mwldeppc.exe Linker Warning:
#   Section '.ignored' is unknown. Section ignored.
### mwldeppc.exe Linker Warning:
#   Section '.ignored' is unknown. Section ignored.
### mwldeppc.exe Linker Warning:
#   Section '.ignored' is unknown. Section ignored.
### mwldeppc.exe Linker Warning:
#   Section '.ignored' is unknown. Section ignored.
### mwldeppc.exe Linker Warning:
#   Section '.ignored' is unknown. Section ignored.
### mwldeppc.exe Linker Warning:
#   Section '.ignored' is unknown. Section ignored.
### mwldeppc.exe Linker Warning:
#   Section '.ignored' is unknown. Section ignored.
### mwldeppc.exe Linker Warning:
#   Section '.ignored' is unknown. Section ignored.
### mwldeppc.exe Linker Warning:
#   Section '.ignored' is unknown. Section ignored.
### mwldeppc.exe Linker Warning:
#   Section '.ignored' is unknown. Section ignored.
### mwldeppc.exe Linker Warning:
#   Section '.ignored' is unknown. Section ignored.
### mwldeppc.exe Linker Warning:
#   Section '.ignored' is unknown. Section ignored.
### mwldeppc.exe Linker Warning:
#   Section '.ignored' is unknown. Section ignored.
### mwldeppc.exe Linker Warning:
#   Section '.ignored' is unknown. Section ignored.
### mwldeppc.exe Linker Warning:
#   Section '.ignored' is unknown. Section ignored.
### mwldeppc.exe Linker Warning:
#   Section '.ignored' is unknown. Section ignored.
### mwldeppc.exe Linker Warning:
#   Section '.ignored' is unknown. Section ignored.
### mwldeppc.exe Linker Warning:
#   Section '.ignored' is unknown. Section ignored.
### mwldeppc.exe Linker Warning:
#   Section '.ignored' is unknown. Section ignored.
### mwldeppc.exe Linker Warning:
#   Section '.ignored' is unknown. Section ignored.
### mwldeppc.exe Linker Warning:
#   Section '.ignored' is unknown. Section ignored.
### mwldeppc.exe Linker Warning:
#   Section '.ignored' is unknown. Section ignored.
### mwldeppc.exe Linker Warning:
#   Section '.ignored' is unknown. Section ignored.
### mwldeppc.exe Linker Warning:
#   Section '.ignored' is unknown. Section ignored.
### mwldeppc.exe Linker Warning:
#   Section '.ignored' is unknown. Section ignored.
### mwldeppc.exe Linker Warning:
#   Section '.ignored' is unknown. Section ignored.
### mwldeppc.exe Linker Warning:
#   Section '.ignored' is unknown. Section ignored.
### mwldeppc.exe Linker Warning:
#   Section '.ignored' is unknown. Section ignored.
### mwldeppc.exe Linker Warning:
#   Section '.ignored' is unknown. Section ignored.
### mwldeppc.exe Linker Warning:
#   Section '.ignored' is unknown. Section ignored.
### mwldeppc.exe Linker Warning:
#   Section '.ignored' is unknown. Section ignored.
### mwldeppc.exe Linker Warning:
#   Section '.ignored' is unknown. Section ignored.
### mwldeppc.exe Linker Warning:
#   Section '.ignored' is unknown. Section ignored.
### mwldeppc.exe Linker Warning:
#   Section '.ignored' is unknown. Section ignored.
### mwldeppc.exe Linker Warning:
#   Section '.ignored' is unknown. Section ignored.
### mwldeppc.exe Linker Warning:
#   Section '.ignored' is unknown. Section ignored.
### mwldeppc.exe Linker Warning:
#   Section '.ignored' is unknown. Section ignored.
### mwldeppc.exe Linker Warning:
#   Section '.ignored' is unknown. Section ignored.
### mwldeppc.exe Linker Warning:
#   Section '.ignored' is unknown. Section ignored.
### mwldeppc.exe Linker Warning:
#   Section '.ignored' is unknown. Section ignored.
### mwldeppc.exe Linker Warning:
#   Section '.ignored' is unknown. Section ignored.
### mwldeppc.exe Linker Warning:
#   Section '.ignored' is unknown. Section ignored.
### mwldeppc.exe Linker Warning:
#   Section '.ignored' is unknown. Section ignored.
### mwldeppc.exe Linker Warning:
#   Section '.ignored' is unknown. Section ignored.
### mwldeppc.exe Linker Warning:
#   Section '.ignored' is unknown. Section ignored.
### mwldeppc.exe Linker Warning:
#   Section '.ignored' is unknown. Section ignored.
### mwldeppc.exe Linker Warning:
#   Section '.ignored' is unknown. Section ignored.
### mwldeppc.exe Linker Warning:
#   Section '.ignored' is unknown. Section ignored.
### mwldeppc.exe Linker Warning:
#   Section '.ignored' is unknown. Section ignored.
### mwldeppc.exe Linker Warning:
#   Section '.ignored' is unknown. Section ignored.
### mwldeppc.exe Linker Warning:
#   Section '.ignored' is unknown. Section ignored.
### mwldeppc.exe Linker Warning:
#   Section '.ignored' is unknown. Section ignored.
### mwldeppc.exe Linker Warning:
#   Section '.ignored' is unknown. Section ignored.
### mwldeppc.exe Linker Warning:
#   Section '.ignored' is unknown. Section ignored.
### mwldeppc.exe Linker Warning:
#   Section '.ignored' is unknown. Section ignored.
### mwldeppc.exe Linker Warning:
#   Section '.ignored' is unknown. Section ignored.
### mwldeppc.exe Linker Warning:
#   Section '.ignored' is unknown. Section ignored.
### mwldeppc.exe Linker Warning:
#   Section '.ignored' is unknown. Section ignored.
### mwldeppc.exe Linker Warning:
#   Section '.ignored' is unknown. Section ignored.
### mwldeppc.exe Linker Warning:
#   Section '.ignored' is unknown. Section ignored.
### mwldeppc.exe Linker Warning:
#   Section '.ignored' is unknown. Section ignored.
### mwldeppc.exe Linker Warning:
#   Section '.ignored' is unknown. Section ignored.
### mwldeppc.exe Linker Warning:
#   Section '.ignored' is unknown. Section ignored.
### mwldeppc.exe Linker Warning:
#   Section '.ignored' is unknown. Section ignored.
### mwldeppc.exe Linker Warning:
#   Section '.ignored' is unknown. Section ignored.
### mwldeppc.exe Linker Warning:
#   Section '.ignored' is unknown. Section ignored.
### mwldeppc.exe Linker Warning:
#   Section '.ignored' is unknown. Section ignored.
### mwldeppc.exe Linker Warning:
#   Section '.ignored' is unknown. Section ignored.
### mwldeppc.exe Linker Warning:
#   Section '.ignored' is unknown. Section ignored.
### mwldeppc.exe Linker Warning:
#   Section '.ignored' is unknown. Section ignored.
### mwldeppc.exe Linker Warning:
#   Section '.ignored' is unknown. Section ignored.
### mwldeppc.exe Linker Warning:
#   Section '.ignored' is unknown. Section ignored.
### mwldeppc.exe Linker Warning:
#   Section '.ignored' is unknown. Section ignored.
### mwldeppc.exe Linker Warning:
#   Section '.ignored' is unknown. Section ignored.
### mwldeppc.exe Linker Warning:
#   Section '.ignored' is unknown. Section ignored.
### mwldeppc.exe Linker Warning:
#   Section '.ignored' is unknown. Section ignored.
### mwldeppc.exe Linker Warning:
#   Section '.ignored' is unknown. Section ignored.
### mwldeppc.exe Linker Warning:
#   Section '.ignored' is unknown. Section ignored.
### mwldeppc.exe Linker Warning:
#   Section '.ignored' is unknown. Section ignored.
### mwldeppc.exe Linker Warning:
#   Section '.ignored' is unknown. Section ignored.
### mwldeppc.exe Linker Warning:
#   Section '.ignored' is unknown. Section ignored.
### mwldeppc.exe Linker Warning:
#   Section '.ignored' is unknown. Section ignored.
### mwldeppc.exe Linker Warning:
#   Section '.ignored' is unknown. Section ignored.
### mwldeppc.exe Linker Warning:
#   Section '.ignored' is unknown. Section ignored.
### mwldeppc.exe Linker Warning:
#   Section '.ignored' is unknown. Section ignored.
### mwldeppc.exe Linker Warning:
#   Section '.ignored' is unknown. Section ignored.
### mwldeppc.exe Linker Warning:
#   Section '.ignored' is unknown. Section ignored.
### mwldeppc.exe Linker Warning:
#   Section '.ignored' is unknown. Section ignored.
### mwldeppc.exe Linker Warning:
#   Section '.ignored' is unknown. Section ignored.
### mwldeppc.exe Linker Warning:
#   Section '.ignored' is unknown. Section ignored.
### mwldeppc.exe Linker Warning:
#   Section '.ignored' is unknown. Section ignored.
### mwldeppc.exe Linker Warning:
#   Section '.ignored' is unknown. Section ignored.
### mwldeppc.exe Linker Warning:
#   Section '.ignored' is unknown. Section ignored.
### mwldeppc.exe Linker Warning:
#   Section '.ignored' is unknown. Section ignored.
### mwldeppc.exe Linker Warning:
#   Section '.ignored' is unknown. Section ignored.
### mwldeppc.exe Linker Warning:
#   Section '.ignored' is unknown. Section ignored.
### mwldeppc.exe Linker Warning:
#   Section '.ignored' is unknown. Section ignored.
### mwldeppc.exe Linker Warning:
#   Section '.ignored' is unknown. Section ignored.
### mwldeppc.exe Linker Warning:
#   Section '.ignored' is unknown. Section ignored.
### mwldeppc.exe Linker Warning:
#   Section '.ignored' is unknown. Section ignored.
### mwldeppc.exe Linker Warning:
#   Section '.ignored' is unknown. Section ignored.
### mwldeppc.exe Linker Warning:
#   Section '.ignored' is unknown. Section ignored.
### mwldeppc.exe Linker Warning:
#   Section '.ignored' is unknown. Section ignored.
### mwldeppc.exe Linker Warning:
#   Section '.ignored' is unknown. Section ignored.
### mwldeppc.exe Linker Warning:
#   Section '.ignored' is unknown. Section ignored.
### mwldeppc.exe Linker Warning:
#   Section '.ignored' is unknown. Section ignored.
### mwldeppc.exe Linker Warning:
#   Section '.ignored' is unknown. Section ignored.
### mwldeppc.exe Linker Warning:
#   Section '.ignored' is unknown. Section ignored.
### mwldeppc.exe Linker Warning:
#   Section '.ignored' is unknown. Section ignored.
### mwldeppc.exe Linker Warning:
#   Section '.ignored' is unknown. Section ignored.
### mwldeppc.exe Linker Warning:
#   Section '.ignored' is unknown. Section ignored.
### mwldeppc.exe Linker Warning:
#   Section '.ignored' is unknown. Section ignored.
### mwldeppc.exe Linker Warning:
#   Section '.ignored' is unknown. Section ignored.
### mwldeppc.exe Linker Warning:
#   Section '.ignored' is unknown. Section ignored.
### mwldeppc.exe Linker Warning:
#   Section '.ignored' is unknown. Section ignored.
### mwldeppc.exe Linker Warning:
#   Section '.ignored' is unknown. Section ignored.
### mwldeppc.exe Linker Warning:
#   Section '.ignored' is unknown. Section ignored.
### mwldeppc.exe Linker Warning:
#   Section '.ignored' is unknown. Section ignored.
### mwldeppc.exe Linker Warning:
#   Section '.ignored' is unknown. Section ignored.
### mwldeppc.exe Linker Warning:
#   Section '.ignored' is unknown. Section ignored.
### mwldeppc.exe Linker Warning:
#   Section '.ignored' is unknown. Section ignored.
### mwldeppc.exe Linker Warning:
#   Section '.ignored' is unknown. Section ignored.
### mwldeppc.exe Linker Warning:
#   Section '.ignored' is unknown. Section ignored.
### mwldeppc.exe Linker Warning:
#   Section '.ignored' is unknown. Section ignored.
### mwldeppc.exe Linker Warning:
#   Section '.ignored' is unknown. Section ignored.
### mwldeppc.exe Linker Warning:
#   Section '.ignored' is unknown. Section ignored.
### mwldeppc.exe Linker Warning:
#   Section '.ignored' is unknown. Section ignored.
### mwldeppc.exe Linker Warning:
#   Section '.ignored' is unknown. Section ignored.
### mwldeppc.exe Linker Warning:
#   Section '.ignored' is unknown. Section ignored.
### mwldeppc.exe Linker Warning:
#   Section '.ignored' is unknown. Section ignored.
### mwldeppc.exe Linker Warning:
#   Section '.ignored' is unknown. Section ignored.
### mwldeppc.exe Linker Warning:
#   Section '.ignored' is unknown. Section ignored.
### mwldeppc.exe Linker Warning:
#   Section '.ignored' is unknown. Section ignored.
### mwldeppc.exe Linker Warning:
#   Section '.ignored' is unknown. Section ignored.
### mwldeppc.exe Linker Warning:
#   Section '.ignored' is unknown. Section ignored.
### mwldeppc.exe Linker Warning:
#   Section '.ignored' is unknown. Section ignored.
### mwldeppc.exe Linker Warning:
#   Section '.ignored' is unknown. Section ignored.
### mwldeppc.exe Linker Warning:
#   Section '.ignored' is unknown. Section ignored.
### mwldeppc.exe Linker Warning:
#   Section '.ignored' is unknown. Section ignored.
### mwldeppc.exe Linker Warning:
#   Section '.ignored' is unknown. Section ignored.
### mwldeppc.exe Linker Warning:
#   Section '.ignored' is unknown. Section ignored.
### mwldeppc.exe Linker Warning:
#   Section '.ignored' is unknown. Section ignored.
### mwldeppc.exe Linker Warning:
#   Section '.ignored' is unknown. Section ignored.
### mwldeppc.exe Linker Warning:
#   Section '.ignored' is unknown. Section ignored.
### mwldeppc.exe Linker Warning:
#   Section '.ignored' is unknown. Section ignored.
### mwldeppc.exe Linker Warning:
#   Section '.ignored' is unknown. Section ignored.
### mwldeppc.exe Linker Warning:
#   Section '.ignored' is unknown. Section ignored.
### mwldeppc.exe Linker Warning:
#   Section '.ignored' is unknown. Section ignored.
### mwldeppc.exe Linker Warning:
#   Section '.ignored' is unknown. Section ignored.
### mwldeppc.exe Linker Warning:
#   Section '.ignored' is unknown. Section ignored.
### mwldeppc.exe Linker Warning:
#   Section '.ignored' is unknown. Section ignored.
### mwldeppc.exe Linker Warning:
#   Section '.ignored' is unknown. Section ignored.
### mwldeppc.exe Linker Warning:
#   Section '.ignored' is unknown. Section ignored.
### mwldeppc.exe Linker Warning:
#   Section '.ignored' is unknown. Section ignored.
### mwldeppc.exe Linker Warning:
#   Section '.ignored' is unknown. Section ignored.
### mwldeppc.exe Linker Warning:
#   Section '.ignored' is unknown. Section ignored.
### mwldeppc.exe Linker Warning:
#   Section '.ignored' is unknown. Section ignored.
### mwldeppc.exe Linker Warning:
#   Section '.ignored' is unknown. Section ignored.
### mwldeppc.exe Linker Warning:
#   Section '.ignored' is unknown. Section ignored.
### mwldeppc.exe Linker Warning:
#   Section '.ignored' is unknown. Section ignored.
### mwldeppc.exe Linker Warning:
#   Section '.ignored' is unknown. Section ignored.
### mwldeppc.exe Linker Warning:
#   Section '.ignored' is unknown. Section ignored.
### mwldeppc.exe Linker Warning:
#   Section '.ignored' is unknown. Section ignored.
### mwldeppc.exe Linker Warning:
#   Section '.ignored' is unknown. Section ignored.
### mwldeppc.exe Linker Warning:
#   Section '.ignored' is unknown. Section ignored.
### mwldeppc.exe Linker Warning:
#   Section '.ignored' is unknown. Section ignored.
### mwldeppc.exe Linker Warning:
#   Section '.ignored' is unknown. Section ignored.
### mwldeppc.exe Linker Warning:
#   Section '.ignored' is unknown. Section ignored.
### mwldeppc.exe Linker Warning:
#   Section '.ignored' is unknown. Section ignored.
### mwldeppc.exe Linker Warning:
#   Section '.ignored' is unknown. Section ignored.
### mwldeppc.exe Linker Warning:
#   Section '.ignored' is unknown. Section ignored.
### mwldeppc.exe Linker Warning:
#   Section '.ignored' is unknown. Section ignored.
### mwldeppc.exe Linker Warning:
#   Section '.ignored' is unknown. Section ignored.
### mwldeppc.exe Linker Warning:
#   Section '.ignored' is unknown. Section ignored.
### mwldeppc.exe Linker Warning:
#   Section '.ignored' is unknown. Section ignored.
### mwldeppc.exe Linker Warning:
#   Section '.ignored' is unknown. Section ignored.
### mwldeppc.exe Linker Warning:
#   Section '.ignored' is unknown. Section ignored.
### mwldeppc.exe Linker Warning:
#   Section '.ignored' is unknown. Section ignored.
### mwldeppc.exe Linker Warning:
#   Section '.ignored' is unknown. Section ignored.
### mwldeppc.exe Linker Warning:
#   Section '.ignored' is unknown. Section ignored.
### mwldeppc.exe Linker Warning:
#   Section '.ignored' is unknown. Section ignored.
### mwldeppc.exe Linker Warning:
#   Section '.ignored' is unknown. Section ignored.
### mwldeppc.exe Linker Warning:
#   Section '.ignored' is unknown. Section ignored.
### mwldeppc.exe Linker Warning:
#   Section '.ignored' is unknown. Section ignored.
### mwldeppc.exe Linker Warning:
#   Section '.ignored' is unknown. Section ignored.
### mwldeppc.exe Linker Warning:
#   Section '.ignored' is unknown. Section ignored.
### mwldeppc.exe Linker Warning:
#   Section '.ignored' is unknown. Section ignored.
### mwldeppc.exe Linker Warning:
#   Section '.ignored' is unknown. Section ignored.
### mwldeppc.exe Linker Warning:
#   Section '.ignored' is unknown. Section ignored.
### mwldeppc.exe Linker Warning:
#   Section '.ignored' is unknown. Section ignored.
### mwldeppc.exe Linker Warning:
#   Section '.ignored' is unknown. Section ignored.
### mwldeppc.exe Linker Warning:
#   Section '.ignored' is unknown. Section ignored.
### mwldeppc.exe Linker Warning:
#   Section '.ignored' is unknown. Section ignored.
### mwldeppc.exe Linker Warning:
#   Section '.ignored' is unknown. Section ignored.
### mwldeppc.exe Linker Warning:
#   Section '.ignored' is unknown. Section ignored.
### mwldeppc.exe Linker Warning:
#   Section '.ignored' is unknown. Section ignored.
### mwldeppc.exe Linker Warning:
#   Section '.ignored' is unknown. Section ignored.
### mwldeppc.exe Linker Warning:
#   Section '.ignored' is unknown. Section ignored.
### mwldeppc.exe Linker Warning:
#   Section '.ignored' is unknown. Section ignored.
### mwldeppc.exe Linker Warning:
#   Section '.ignored' is unknown. Section ignored.
[546/550] DOL build/GEDE01/main.dol
[547/550] CHECK config/GEDE01/build.sha1
build/GEDE01/main.dol: OK
[548/550] PROGRESS
Progress:
  All: 40.32% fuzzy, 26.47% matched, 26.47% linked (4113 / 5654 files)
    Code: 608920 / 2300692 bytes (3878 / 8216 functions)
    Data: 34626 / 4305642 bytes (0.80%)
  Game Code: 90.72% fuzzy, 59.44% matched, 59.44% linked (4095 / 4930 files)
    Code: 605892 / 1019256 bytes (3816 / 4651 functions)
    Data: 34402 / 35510 bytes (96.88%)
  SDK/Runtime: 100.00% fuzzy, 100.00% matched, 100.00% linked (18 / 18 files)
    Code: 3028 / 3028 bytes (62 / 62 functions)
    Data: 224 / 224 bytes (100.00%)
