[1/2] SPLIT config/GEDE01/config.yml
 INFO Loading config/GEDE01/config.yml
 INFO Loading and analyzing 1 module (using 1 thread)
 INFO Initial analysis completed in 0.847s (found 8214 functions)
 INFO Rebuilding relocations and splitting
 WARN module{name=main id=0}: Alignment for game/game_fn_80050A7C.c .rodata expected 8, but starts at 6:0x80238F04
 WARN module{name=main id=0}: Alignment for game/game_fn_80057E3C.c .rodata expected 8, but starts at 6:0x80238FBC
 WARN module{name=main id=0}: Alignment for game/game_data_80239044.c .rodata expected 8, but starts at 6:0x80239044
 WARN module{name=main id=0}: Alignment for game/game_data_80239054.c .rodata expected 8, but starts at 6:0x80239054
 WARN module{name=main id=0}: Alignment for game/game_data_8023906C.c .rodata expected 8, but starts at 6:0x8023906C
 WARN module{name=main id=0}: Alignment for game/game_data_80239084.c .rodata expected 8, but starts at 6:0x80239084
 WARN module{name=main id=0}: Alignment for game/game_data_802390B4.c .rodata expected 8, but starts at 6:0x802390B4
 WARN module{name=main id=0}: Alignment for game/game_data_802390D4.c .rodata expected 8, but starts at 6:0x802390D4
 WARN module{name=main id=0}: Alignment for game/game_data_802390EC.c .rodata expected 8, but starts at 6:0x802390EC
 WARN module{name=main id=0}: Alignment for game/game_data_80239194.c .rodata expected 8, but starts at 6:0x80239194
 WARN module{name=main id=0}: Alignment for game/game_data_802391C4.c .rodata expected 8, but starts at 6:0x802391C4
 WARN module{name=main id=0}: Alignment for game/game_data_802393CC.c .rodata expected 8, but starts at 6:0x802393CC
 WARN module{name=main id=0}: Alignment for game/game_data_802393E4.c .rodata expected 8, but starts at 6:0x802393E4
 WARN module{name=main id=0}: Alignment for game/game_data_802393FC.c .rodata expected 8, but starts at 6:0x802393FC
 WARN module{name=main id=0}: Alignment for game/game_data_80239414.c .rodata expected 8, but starts at 6:0x80239414
 WARN module{name=main id=0}: Alignment for game/game_data_8023945C.c .rodata expected 8, but starts at 6:0x8023945C
 WARN module{name=main id=0}: Alignment for game/game_data_8023953C.c .rodata expected 8, but starts at 6:0x8023953C
 WARN module{name=main id=0}: Alignment for game/game_data_80239554.c .rodata expected 8, but starts at 6:0x80239554
 WARN module{name=main id=0}: Alignment for game/game_data_8023963C.c .rodata expected 8, but starts at 6:0x8023963C
 WARN module{name=main id=0}: Alignment for game/game_data_80239654.c .rodata expected 8, but starts at 6:0x80239654
 WARN module{name=main id=0}: Alignment for game/game_data_8023966C.c .rodata expected 8, but starts at 6:0x8023966C
 WARN module{name=main id=0}: Alignment for game/game_data_80239694.c .rodata expected 8, but starts at 6:0x80239694
 WARN module{name=main id=0}: Alignment for game/game_data_802396BC.c .rodata expected 8, but starts at 6:0x802396BC
 WARN module{name=main id=0}: Alignment for game/game_data_802396D4.c .rodata expected 8, but starts at 6:0x802396D4
 WARN module{name=main id=0}: Alignment for game/game_data_8023972C.c .rodata expected 8, but starts at 6:0x8023972C
 WARN module{name=main id=0}: Alignment for game/game_data_8023975C.c .rodata expected 8, but starts at 6:0x8023975C
 WARN module{name=main id=0}: Alignment for game/game_data_8023979C.c .rodata expected 8, but starts at 6:0x8023979C
 WARN module{name=main id=0}: Alignment for game/game_data_802397BC.c .rodata expected 8, but starts at 6:0x802397BC
 WARN module{name=main id=0}: Alignment for game/game_data_8023980C.c .rodata expected 8, but starts at 6:0x8023980C
 WARN module{name=main id=0}: Alignment for game/game_data_80239824.c .rodata expected 8, but starts at 6:0x80239824
 WARN module{name=main id=0}: Alignment for game/game_data_8023983C.c .rodata expected 8, but starts at 6:0x8023983C
 WARN module{name=main id=0}: Alignment for game/game_data_80239854.c .rodata expected 8, but starts at 6:0x80239854
 WARN module{name=main id=0}: Alignment for game/game_data_8023986C.c .rodata expected 8, but starts at 6:0x8023986C
 WARN module{name=main id=0}: Alignment for game/game_data_80239884.c .rodata expected 8, but starts at 6:0x80239884
 WARN module{name=main id=0}: Alignment for game/game_data_8023989C.c .rodata expected 8, but starts at 6:0x8023989C
 WARN module{name=main id=0}: Alignment for game/game_data_802398EC.c .rodata expected 8, but starts at 6:0x802398EC
 WARN module{name=main id=0}: Alignment for game/game_data_80239934.c .rodata expected 8, but starts at 6:0x80239934
 WARN module{name=main id=0}: Alignment for game/game_data_8023994C.c .rodata expected 8, but starts at 6:0x8023994C
 WARN module{name=main id=0}: Alignment for game/game_data_80239B24.c .rodata expected 8, but starts at 6:0x80239B24
 WARN module{name=main id=0}: Alignment for game/game_data_80239B74.c .rodata expected 8, but starts at 6:0x80239B74
 WARN module{name=main id=0}: Alignment for game/game_data_80239B8C.c .rodata expected 8, but starts at 6:0x80239B8C
 WARN module{name=main id=0}: Alignment for game/game_data_80239CAC.c .rodata expected 8, but starts at 6:0x80239CAC
 WARN module{name=main id=0}: Alignment for game/game_data_8023A2A4.c .rodata expected 8, but starts at 6:0x8023A2A4
 WARN module{name=main id=0}: Alignment for game/game_data_8023A414.c .rodata expected 8, but starts at 6:0x8023A414
 WARN module{name=main id=0}: Alignment for game/game_data_8023A444.c .rodata expected 8, but starts at 6:0x8023A444
 WARN module{name=main id=0}: Alignment for game/game_data_8023A63C.c .rodata expected 8, but starts at 6:0x8023A63C
 WARN module{name=main id=0}: Alignment for game/game_data_8023A69C.c .rodata expected 8, but starts at 6:0x8023A69C
 WARN module{name=main id=0}: Alignment for game/game_data_8023A6F4.c .rodata expected 8, but starts at 6:0x8023A6F4
 WARN module{name=main id=0}: Alignment for game/game_data_8023A70C.c .rodata expected 8, but starts at 6:0x8023A70C
 WARN module{name=main id=0}: Alignment for game/game_data_8023A744.c .rodata expected 8, but starts at 6:0x8023A744
 WARN module{name=main id=0}: Alignment for game/game_data_8023A76C.c .rodata expected 8, but starts at 6:0x8023A76C
 WARN module{name=main id=0}: Alignment for game/game_data_8023A994.c .rodata expected 8, but starts at 6:0x8023A994
 WARN module{name=main id=0}: Alignment for game/game_data_8023B044.c .rodata expected 8, but starts at 6:0x8023B044
 WARN module{name=main id=0}: Alignment for game/game_data_8023B05C.c .rodata expected 8, but starts at 6:0x8023B05C
 WARN module{name=main id=0}: Alignment for game/game_data_8023B094.c .rodata expected 8, but starts at 6:0x8023B094
 WARN module{name=main id=0}: Alignment for game/game_data_8023B564.c .rodata expected 8, but starts at 6:0x8023B564
 WARN module{name=main id=0}: Alignment for game/game_data_8023B5B4.c .rodata expected 8, but starts at 6:0x8023B5B4
 WARN module{name=main id=0}: Alignment for game/game_data_8023B78C.c .rodata expected 8, but starts at 6:0x8023B78C
 WARN module{name=main id=0}: Alignment for game/game_data_8023B7B4.c .rodata expected 8, but starts at 6:0x8023B7B4
 WARN module{name=main id=0}: Alignment for game/game_data_8023B7CC.c .rodata expected 8, but starts at 6:0x8023B7CC
 WARN module{name=main id=0}: Alignment for game/game_data_8023B7E4.c .rodata expected 8, but starts at 6:0x8023B7E4
 WARN module{name=main id=0}: Alignment for game/game_data_8023B7FC.c .rodata expected 8, but starts at 6:0x8023B7FC
 WARN module{name=main id=0}: Alignment for game/game_data_8023B814.c .rodata expected 8, but starts at 6:0x8023B814
 WARN module{name=main id=0}: Alignment for game/game_fn_80008014.c .data expected 8, but starts at 7:0x8023BEBC
 WARN module{name=main id=0}: Alignment for game/game_fn_8000EE9C.c .data expected 8, but starts at 7:0x8023C264
 WARN module{name=main id=0}: Alignment for game/game_fn_8000EFC4.c .data expected 8, but starts at 7:0x8023C344
 WARN module{name=main id=0}: Alignment for game/game_fn_800122F8.c .data expected 8, but starts at 7:0x8023CA4C
 WARN module{name=main id=0}: Alignment for game/game_fn_80015568.c .data expected 8, but starts at 7:0x8023CAEC
 WARN module{name=main id=0}: Alignment for game/game_fn_80015BE0.c .data expected 8, but starts at 7:0x8023CB0C
 WARN module{name=main id=0}: Alignment for game/game_fn_80015D40.c .data expected 8, but starts at 7:0x8023CB2C
 WARN module{name=main id=0}: Alignment for game/game_fn_8001C078.c .data expected 8, but starts at 7:0x8023CD54
 WARN module{name=main id=0}: Alignment for game/game_fn_8001CC00.c .data expected 8, but starts at 7:0x8023CDFC
 WARN module{name=main id=0}: Alignment for game/game_fn_8001CE14.c .data expected 8, but starts at 7:0x8023CE54
 WARN module{name=main id=0}: Alignment for game/game_fn_8001D3F8.c .data expected 8, but starts at 7:0x8023CF6C
 WARN module{name=main id=0}: Alignment for game/game_fn_8001D4C4.c .data expected 8, but starts at 7:0x8023CF7C
 WARN module{name=main id=0}: Alignment for game/game_data_8023D77C.c .data expected 8, but starts at 7:0x8023D77C
 WARN module{name=main id=0}: Alignment for game/game_data_8023D884.c .data expected 8, but starts at 7:0x8023D884
 WARN module{name=main id=0}: Alignment for game/game_fn_8001E644.c .data expected 8, but starts at 7:0x8023D8D4
 WARN module{name=main id=0}: Alignment for game/game_data_8023DA2C.c .data expected 8, but starts at 7:0x8023DA2C
 WARN module{name=main id=0}: Alignment for game/game_data_8023DAB4.c .data expected 8, but starts at 7:0x8023DAB4
 WARN module{name=main id=0}: Alignment for game/game_data_8023DD84.c .data expected 8, but starts at 7:0x8023DD84
 WARN module{name=main id=0}: Alignment for game/game_data_8023DFAC.c .data expected 8, but starts at 7:0x8023DFAC
 WARN module{name=main id=0}: Alignment for game/game_data_8023E154.c .data expected 8, but starts at 7:0x8023E154
 WARN module{name=main id=0}: Alignment for game/game_fn_80028E88.c .data expected 8, but starts at 7:0x8023E31C
 WARN module{name=main id=0}: Alignment for game/game_data_8023E388.c .data expected 8, but starts at 7:0x8023E384
 WARN module{name=main id=0}: Alignment for game/game_data_8023E410.c .data expected 8, but starts at 7:0x8023E40C
 WARN module{name=main id=0}: Alignment for game/game_fn_80037AF4.c .data expected 8, but starts at 7:0x8023E674
 WARN module{name=main id=0}: Alignment for game/game_data_8023ECBC.c .data expected 8, but starts at 7:0x8023ECBC
 WARN module{name=main id=0}: Alignment for game/game_data_8023EE94.c .data expected 8, but starts at 7:0x8023EE94
 WARN module{name=main id=0}: Alignment for game/game_data_8023EEE4.c .data expected 8, but starts at 7:0x8023EEE4
 WARN module{name=main id=0}: Alignment for game/game_data_8023EF34.c .data expected 8, but starts at 7:0x8023EF34
 WARN module{name=main id=0}: Alignment for game/game_data_8023EF84.c .data expected 8, but starts at 7:0x8023EF84
 WARN module{name=main id=0}: Alignment for game/game_data_8023F204.c .data expected 8, but starts at 7:0x8023F204
 WARN module{name=main id=0}: Alignment for game/game_data_8023F49C.c .data expected 8, but starts at 7:0x8023F49C
 WARN module{name=main id=0}: Alignment for game/game_data_8023F6AC.c .data expected 8, but starts at 7:0x8023F6AC
 WARN module{name=main id=0}: Alignment for game/game_data_8023F7C4.c .data expected 8, but starts at 7:0x8023F7C4
 WARN module{name=main id=0}: Alignment for game/game_data_8023F904.c .data expected 8, but starts at 7:0x8023F904
 WARN module{name=main id=0}: Alignment for game/game_data_8023FA44.c .data expected 8, but starts at 7:0x8023FA44
 WARN module{name=main id=0}: Alignment for game/game_data_8023FE1C.c .data expected 8, but starts at 7:0x8023FE1C
 WARN module{name=main id=0}: Alignment for game/game_data_8023FF7C.c .data expected 8, but starts at 7:0x8023FF7C
 WARN module{name=main id=0}: Alignment for game/game_data_802400DC.c .data expected 8, but starts at 7:0x802400DC
 WARN module{name=main id=0}: Alignment for game/game_data_8024023C.c .data expected 8, but starts at 7:0x8024023C
 WARN module{name=main id=0}: Alignment for game/game_data_8024039C.c .data expected 8, but starts at 7:0x8024039C
 WARN module{name=main id=0}: Alignment for game/game_data_802404FC.c .data expected 8, but starts at 7:0x802404FC
 WARN module{name=main id=0}: Alignment for game/game_fn_80050730.c .data expected 8, but starts at 7:0x80240F94
 WARN module{name=main id=0}: Alignment for game/game_fn_8005EE9C.c .data expected 8, but starts at 7:0x80243D64
 WARN module{name=main id=0}: Alignment for game/game_fn_8005EF94.c .data expected 8, but starts at 7:0x80243D84
 WARN module{name=main id=0}: Alignment for game/game_fn_8006B620.c .data expected 8, but starts at 7:0x8024406C
 WARN module{name=main id=0}: Alignment for game/game_fn_8006F6A4.c .data expected 8, but starts at 7:0x80244394
 WARN module{name=main id=0}: Alignment for game/game_fn_800A1060.c .data expected 8, but starts at 7:0x80245634
 WARN module{name=main id=0}: Alignment for game/game_fn_800A1580.c .data expected 8, but starts at 7:0x802456D4
 WARN module{name=main id=0}: Alignment for game/game_fn_800B5F78.c .data expected 8, but starts at 7:0x8024759C
 WARN module{name=main id=0}: Alignment for game/game_fn_800B611C.c .data expected 8, but starts at 7:0x8024760C
 WARN module{name=main id=0}: Alignment for game/game_fn_800B6234.c .data expected 8, but starts at 7:0x80247674
 WARN module{name=main id=0}: Alignment for game/game_fn_800B64AC.c .data expected 8, but starts at 7:0x802476DC
 WARN module{name=main id=0}: Alignment for game/game_fn_800B6C00.c .data expected 8, but starts at 7:0x80247754
 WARN module{name=main id=0}: Alignment for game/game_fn_800B6C88.c .data expected 8, but starts at 7:0x80247784
 WARN module{name=main id=0}: Alignment for game/game_fn_800B6D10.c .data expected 8, but starts at 7:0x802477B4
 WARN module{name=main id=0}: Alignment for game/game_fn_801697AC.c .data expected 8, but starts at 7:0x8024FD9C
 WARN module{name=main id=0}: Alignment for game/game_fn_8017B4F4.c .data expected 8, but starts at 7:0x80250F44
 WARN module{name=main id=0}: Alignment for game/game_data_80060C28.c .sdata2 expected 8, but starts at 11:0x8064E5F4
 INFO Splitting completed in 4.046s (wrote 7096 objects)
 INFO Total time: 4.901s
[2/2] RUN configure.py
[1/3] MWCC build/GEDE01/src/game/game_fn_80208C4C.o

REGISTER PARAMETERS: score 98.854965; codegen-neutral. Rejected.

TRIAL compound-mask
[1/1] MWCC build/GEDE01/src/game/game_fn_80208C4C.o
 INFO Writing to /home/rabbit/src/darkfoundry-new/.darkfoundry/worktrees/50c29326-0acb-40d9-995f-1837de479183/eternal-darkness-decomp/build/GEDE01/fndiff_fn_80208C4C.json
target 524 bytes  base 524 bytes  match 96.05344
  0x0000  mflr r0                                              | mflr r0
  0x0004  lis r9, Si_802FCA20@ha [None+0 t6]                   | lis r9, Si_802FCA20@ha [None+0 t6]
  0x0008  stw r0, 0x4(r1)                                      | stw r0, 0x4(r1)
  0x000c  stwu r1, -0x48(r1)                                   | stwu r1, -0x48(r1)
  0x0010  stmw r25, 0x2c(r1)                                   | stmw r25, 0x2c(r1)
* 0x0014  addi r26, r3, 0x0                                    | addi r25, r3, 0x0
* 0x0018  addi r27, r4, 0x0                                    | addi r26, r4, 0x0
* 0x001c  addi r28, r5, 0x0                                    | addi r27, r5, 0x0
* 0x0020  addi r29, r6, 0x0                                    | addi r28, r6, 0x0
* 0x0024  addi r30, r7, 0x0                                    | addi r29, r7, 0x0
* 0x0028  addi r31, r8, 0x0                                    | addi r30, r8, 0x0
* 0x002c  addi r25, r9, Si_802FCA20@l [None+0 t4]              | addi r31, r9, Si_802FCA20@l [None+0 t4]
  0x0030  bl OSDisableInterrupts [None+0 t10]                  | bl OSDisableInterrupts [None+0 t10]
* 0x0034  lwz r0, 0x0(r25) [None+0 tNone]                      | lwz r0, 0x0(r31) [None+0 tNone]
  0x0038  cmpwi r0, -0x1                                       | cmpwi r0, -0x1
  0x003c  beq 0x4c                                             | beq 0x4c
  0x0040  bl OSRestoreInterrupts [None+0 t10]                  | bl OSRestoreInterrupts [None+0 t10]
  0x0044  li r3, 0x0                                           | li r3, 0x0
  0x0048  b 0x1f8                                              | b 0x1f8
* 0x004c  lis r6, 0xcc00                                       | lis r4, 0xcc00
* 0x0050                                                       | addi r4, r4, 0x6400
* 0x0054  slwi r0, r26, 3                                      | slwi r0, r25, 3
* 0x0058  lwz r7, 0x6438(r6)                                   | lwz r6, 0x38(r4)
* 0x005c  lis r4, 0xf00                                        | lis r5, 0xf00
* 0x0060  sraw r0, r4, r0                                      | sraw r0, r5, r0
* 0x0064  and r7, r7, r0                                       | and r0, r6, r0
* 0x0068  stw r7, 0x6438(r6)                                   | stw r0, 0x38(r4)
* 0x006c  addi r0, r28, 0x3                                    | addi r0, r27, 0x3
* 0x0070  srwi r4, r0, 2                                       | srwi r5, r0, 2
* 0x0074  stw r26, 0x0(r25) [None+0 tNone]                     | stw r25, 0x0(r31) [None+0 tNone]
* 0x0078  cmplwi r4, 0x0                                       | cmplwi r5, 0x0
* 0x007c  li r5, 0x0                                           | li r6, 0x0
* 0x0080  stw r31, 0x10(r25) [None+0 tNone]                    | stw r30, 0x10(r31) [None+0 tNone]
* 0x0084  stw r30, 0x8(r25) [None+0 tNone]                     | stw r29, 0x8(r31) [None+0 tNone]
* 0x0088  stw r29, 0xc(r25) [None+0 tNone]                     | stw r28, 0xc(r31) [None+0 tNone]
  0x008c  ble 0x12c                                            | ble 0x12c
* 0x0090  cmplwi r4, 0x8                                       | cmplwi r5, 0x8
* 0x0094  subi r7, r4, 0x8                                     | subi r7, r5, 0x8
  0x0098  ble 0x1e0                                            | ble 0x1e0
  0x009c  addi r0, r7, 0x7                                     | addi r0, r7, 0x7
  0x00a0  srwi r0, r0, 3                                       | srwi r0, r0, 3
  0x00a4  cmplwi r7, 0x0                                       | cmplwi r7, 0x0
  0x00a8  mtctr r0                                             | mtctr r0
* 0x00ac  addi r7, r27, 0x0                                    | addi r7, r26, 0x0
* 0x00b0  addi r6, r6, 0x6400                                  | 
  0x00b4  ble 0x1e0                                            | ble 0x1e0
  0x00b8  lwz r0, 0x0(r7)                                      | lwz r0, 0x0(r7)
* 0x00bc  addi r5, r5, 0x8                                     | addi r6, r6, 0x8
* 0x00c0  stw r0, 0x80(r6)                                     | stw r0, 0x80(r4)
  0x00c4  lwz r0, 0x4(r7)                                      | lwz r0, 0x4(r7)
* 0x00c8  stw r0, 0x84(r6)                                     | stw r0, 0x84(r4)
  0x00cc  lwz r0, 0x8(r7)                                      | lwz r0, 0x8(r7)
* 0x00d0  stw r0, 0x88(r6)                                     | stw r0, 0x88(r4)
  0x00d4  lwz r0, 0xc(r7)                                      | lwz r0, 0xc(r7)
* 0x00d8  stw r0, 0x8c(r6)                                     | stw r0, 0x8c(r4)
  0x00dc  lwz r0, 0x10(r7)                                     | lwz r0, 0x10(r7)
* 0x00e0  stw r0, 0x90(r6)                                     | stw r0, 0x90(r4)
  0x00e4  lwz r0, 0x14(r7)                                     | lwz r0, 0x14(r7)
* 0x00e8  stw r0, 0x94(r6)                                     | stw r0, 0x94(r4)
  0x00ec  lwz r0, 0x18(r7)                                     | lwz r0, 0x18(r7)
* 0x00f0  stw r0, 0x98(r6)                                     | stw r0, 0x98(r4)
  0x00f4  lwz r0, 0x1c(r7)                                     | lwz r0, 0x1c(r7)
  0x00f8  addi r7, r7, 0x20                                    | addi r7, r7, 0x20
* 0x00fc  stw r0, 0x9c(r6)                                     | stw r0, 0x9c(r4)
* 0x0100  addi r6, r6, 0x20                                    | addi r4, r4, 0x20
  0x0104  bdnz 0xb4                                            | bdnz 0xb4
  0x0108  b 0x1e0                                              | b 0x1e0
* 0x010c  subf r0, r5, r4                                      | subf r0, r6, r5
* 0x0110  cmplw r5, r4                                         | cmplw r6, r5
  0x0114  mtctr r0                                             | mtctr r0
  0x0118  bge 0x12c                                            | bge 0x12c
* 0x011c  lwz r0, 0x0(r6)                                      | lwz r0, 0x0(r4)
* 0x0120  addi r6, r6, 0x4                                     | addi r4, r4, 0x4
  0x0124  stw r0, 0x80(r7)                                     | stw r0, 0x80(r7)
  0x0128  addi r7, r7, 0x4                                     | addi r7, r7, 0x4
  0x012c  bdnz 0x118                                           | bdnz 0x118
  0x0130  lis r4, 0xcc00                                       | lis r4, 0xcc00
  0x0134  addi r6, r4, 0x6400                                  | addi r6, r4, 0x6400
  0x0138  lwzu r0, 0x34(r6)                                    | lwzu r0, 0x34(r6)
  0x013c  li r4, 0x1                                           | li r4, 0x1
  0x0140  stw r0, 0x24(r1)                                     | stw r0, 0x24(r1)
* 0x0144  cmplwi r31, 0x0                                      | cmplwi r30, 0x0
  0x0148  lbz r0, 0x24(r1)                                     | lbz r0, 0x24(r1)
  0x014c  rlwimi r0, r4, 7, 24, 24                             | rlwimi r0, r4, 7, 24, 24
  0x0150  stb r0, 0x24(r1)                                     | stb r0, 0x24(r1)
  0x0154  beq 0x158                                            | beq 0x158
  0x0158  b 0x15c                                              | b 0x15c
  0x015c  li r4, 0x0                                           | li r4, 0x0
  0x0160  lbz r0, 0x24(r1)                                     | lbz r0, 0x24(r1)
  0x0164  rlwimi r0, r4, 6, 25, 25                             | rlwimi r0, r4, 6, 25, 25
* 0x0168  cmplwi r28, 0x80                                     | cmplwi r27, 0x80
  0x016c  stb r0, 0x24(r1)                                     | stb r0, 0x24(r1)
  0x0170  bne 0x178                                            | bne 0x178
  0x0174  li r0, 0x0                                           | li r0, 0x0
  0x0178  b 0x17c                                              | b 0x17c
* 0x017c  mr r0, r28                                           | mr r0, r27
  0x0180  clrlwi r4, r0, 24                                    | clrlwi r4, r0, 24
  0x0184  lbz r0, 0x25(r1)                                     | lbz r0, 0x25(r1)
  0x0188  rlwimi r0, r4, 0, 25, 31                             | rlwimi r0, r4, 0, 25, 31
* 0x018c  cmplwi r30, 0x80                                     | cmplwi r29, 0x80
  0x0190  stb r0, 0x25(r1)                                     | stb r0, 0x25(r1)
  0x0194  bne 0x19c                                            | bne 0x19c
  0x0198  li r0, 0x0                                           | li r0, 0x0
  0x019c  b 0x1a0                                              | b 0x1a0
* 0x01a0  mr r0, r30                                           | mr r0, r29
  0x01a4  clrlwi r4, r0, 24                                    | clrlwi r4, r0, 24
  0x01a8  lbz r0, 0x26(r1)                                     | lbz r0, 0x26(r1)
  0x01ac  rlwimi r0, r4, 0, 25, 31                             | rlwimi r0, r4, 0, 25, 31
  0x01b0  stb r0, 0x26(r1)                                     | stb r0, 0x26(r1)
  0x01b4  li r4, 0x1                                           | li r4, 0x1
  0x01b8  lbz r0, 0x27(r1)                                     | lbz r0, 0x27(r1)
* 0x01bc  rlwimi r0, r26, 1, 29, 30                            | rlwimi r0, r25, 1, 29, 30
  0x01c0  stb r0, 0x27(r1)                                     | stb r0, 0x27(r1)
  0x01c4  lbz r0, 0x27(r1)                                     | lbz r0, 0x27(r1)
  0x01c8  rlwimi r0, r4, 0, 31, 31                             | rlwimi r0, r4, 0, 31, 31
  0x01cc  stb r0, 0x27(r1)                                     | stb r0, 0x27(r1)
  0x01d0  lwz r0, 0x24(r1)                                     | lwz r0, 0x24(r1)
  0x01d4  stw r0, 0x0(r6)                                      | stw r0, 0x0(r6)
  0x01d8  bl OSRestoreInterrupts [None+0 t10]                  | bl OSRestoreInterrupts [None+0 t10]
  0x01dc  li r3, 0x1                                           | li r3, 0x1
  0x01e0  b 0x1f8                                              | b 0x1f8
* 0x01e4  lis r6, 0xcc00                                       | lis r4, 0xcc00
* 0x01e8  slwi r0, r5, 2                                       | slwi r0, r6, 2
* 0x01ec  addi r7, r6, 0x6400                                  | addi r7, r4, 0x6400
* 0x01f0  add r6, r27, r0                                      | add r4, r26, r0
  0x01f4  add r7, r7, r0                                       | add r7, r7, r0
  0x01f8  b 0x108                                              | b 0x108
  0x01fc  lmw r25, 0x2c(r1)                                    | lmw r25, 0x2c(r1)
  0x0200  lwz r0, 0x4c(r1)                                     | lwz r0, 0x4c(r1)
  0x0204  addi r1, r1, 0x48                                    | addi r1, r1, 0x48
  0x0208  mtlr r0                                              | mtlr r0
  0x020c  blr                                                  | blr

TRIAL named-status
[1/1] MWCC build/GEDE01/src/game/game_fn_80208C4C.o
 INFO Writing to /home/rabbit/src/darkfoundry-new/.darkfoundry/worktrees/50c29326-0acb-40d9-995f-1837de479183/eternal-darkness-decomp/build/GEDE01/fndiff_fn_80208C4C.json
target 524 bytes  base 524 bytes  match 100.0
  0x0000  mflr r0                                              | mflr r0
  0x0004  lis r9, Si_802FCA20@ha [None+0 t6]                   | lis r9, Si_802FCA20@ha [None+0 t6]
  0x0008  stw r0, 0x4(r1)                                      | stw r0, 0x4(r1)
  0x000c  stwu r1, -0x48(r1)                                   | stwu r1, -0x48(r1)
  0x0010  stmw r25, 0x2c(r1)                                   | stmw r25, 0x2c(r1)
  0x0014  addi r26, r3, 0x0                                    | addi r26, r3, 0x0
  0x0018  addi r27, r4, 0x0                                    | addi r27, r4, 0x0
  0x001c  addi r28, r5, 0x0                                    | addi r28, r5, 0x0
  0x0020  addi r29, r6, 0x0                                    | addi r29, r6, 0x0
  0x0024  addi r30, r7, 0x0                                    | addi r30, r7, 0x0
  0x0028  addi r31, r8, 0x0                                    | addi r31, r8, 0x0
  0x002c  addi r25, r9, Si_802FCA20@l [None+0 t4]              | addi r25, r9, Si_802FCA20@l [None+0 t4]
  0x0030  bl OSDisableInterrupts [None+0 t10]                  | bl OSDisableInterrupts [None+0 t10]
  0x0034  lwz r0, 0x0(r25) [None+0 tNone]                      | lwz r0, 0x0(r25) [None+0 tNone]
  0x0038  cmpwi r0, -0x1                                       | cmpwi r0, -0x1
  0x003c  beq 0x4c                                             | beq 0x4c
  0x0040  bl OSRestoreInterrupts [None+0 t10]                  | bl OSRestoreInterrupts [None+0 t10]
  0x0044  li r3, 0x0                                           | li r3, 0x0
  0x0048  b 0x1f8                                              | b 0x1f8
  0x004c  lis r6, 0xcc00                                       | lis r6, 0xcc00
  0x0050  slwi r0, r26, 3                                      | slwi r0, r26, 3
  0x0054  lwz r7, 0x6438(r6)                                   | lwz r7, 0x6438(r6)
  0x0058  lis r4, 0xf00                                        | lis r4, 0xf00
  0x005c  sraw r0, r4, r0                                      | sraw r0, r4, r0
  0x0060  and r7, r7, r0                                       | and r7, r7, r0
  0x0064  stw r7, 0x6438(r6)                                   | stw r7, 0x6438(r6)
  0x0068  addi r0, r28, 0x3                                    | addi r0, r28, 0x3
  0x006c  srwi r4, r0, 2                                       | srwi r4, r0, 2
  0x0070  stw r26, 0x0(r25) [None+0 tNone]                     | stw r26, 0x0(r25) [None+0 tNone]
  0x0074  cmplwi r4, 0x0                                       | cmplwi r4, 0x0
  0x0078  li r5, 0x0                                           | li r5, 0x0
  0x007c  stw r31, 0x10(r25) [None+0 tNone]                    | stw r31, 0x10(r25) [None+0 tNone]
  0x0080  stw r30, 0x8(r25) [None+0 tNone]                     | stw r30, 0x8(r25) [None+0 tNone]
  0x0084  stw r29, 0xc(r25) [None+0 tNone]                     | stw r29, 0xc(r25) [None+0 tNone]
  0x0088  ble 0x12c                                            | ble 0x12c
  0x008c  cmplwi r4, 0x8                                       | cmplwi r4, 0x8
  0x0090  subi r7, r4, 0x8                                     | subi r7, r4, 0x8
  0x0094  ble 0x1e0                                            | ble 0x1e0
  0x0098  addi r0, r7, 0x7                                     | addi r0, r7, 0x7
  0x009c  srwi r0, r0, 3                                       | srwi r0, r0, 3
  0x00a0  cmplwi r7, 0x0                                       | cmplwi r7, 0x0
  0x00a4  mtctr r0                                             | mtctr r0
  0x00a8  addi r7, r27, 0x0                                    | addi r7, r27, 0x0
  0x00ac  addi r6, r6, 0x6400                                  | addi r6, r6, 0x6400
  0x00b0  ble 0x1e0                                            | ble 0x1e0
  0x00b4  lwz r0, 0x0(r7)                                      | lwz r0, 0x0(r7)
  0x00b8  addi r5, r5, 0x8                                     | addi r5, r5, 0x8
  0x00bc  stw r0, 0x80(r6)                                     | stw r0, 0x80(r6)
  0x00c0  lwz r0, 0x4(r7)                                      | lwz r0, 0x4(r7)
  0x00c4  stw r0, 0x84(r6)                                     | stw r0, 0x84(r6)
  0x00c8  lwz r0, 0x8(r7)                                      | lwz r0, 0x8(r7)
  0x00cc  stw r0, 0x88(r6)                                     | stw r0, 0x88(r6)
  0x00d0  lwz r0, 0xc(r7)                                      | lwz r0, 0xc(r7)
  0x00d4  stw r0, 0x8c(r6)                                     | stw r0, 0x8c(r6)
  0x00d8  lwz r0, 0x10(r7)                                     | lwz r0, 0x10(r7)
  0x00dc  stw r0, 0x90(r6)                                     | stw r0, 0x90(r6)
  0x00e0  lwz r0, 0x14(r7)                                     | lwz r0, 0x14(r7)
  0x00e4  stw r0, 0x94(r6)                                     | stw r0, 0x94(r6)
  0x00e8  lwz r0, 0x18(r7)                                     | lwz r0, 0x18(r7)
  0x00ec  stw r0, 0x98(r6)                                     | stw r0, 0x98(r6)
  0x00f0  lwz r0, 0x1c(r7)                                     | lwz r0, 0x1c(r7)
  0x00f4  addi r7, r7, 0x20                                    | addi r7, r7, 0x20
  0x00f8  stw r0, 0x9c(r6)                                     | stw r0, 0x9c(r6)
  0x00fc  addi r6, r6, 0x20                                    | addi r6, r6, 0x20
  0x0100  bdnz 0xb4                                            | bdnz 0xb4
  0x0104  b 0x1e0                                              | b 0x1e0
  0x0108  subf r0, r5, r4                                      | subf r0, r5, r4
  0x010c  cmplw r5, r4                                         | cmplw r5, r4
  0x0110  mtctr r0                                             | mtctr r0
  0x0114  bge 0x12c                                            | bge 0x12c
  0x0118  lwz r0, 0x0(r6)                                      | lwz r0, 0x0(r6)
  0x011c  addi r6, r6, 0x4                                     | addi r6, r6, 0x4
  0x0120  stw r0, 0x80(r7)                                     | stw r0, 0x80(r7)
  0x0124  addi r7, r7, 0x4                                     | addi r7, r7, 0x4
  0x0128  bdnz 0x118                                           | bdnz 0x118
  0x012c  lis r4, 0xcc00                                       | lis r4, 0xcc00
  0x0130  addi r6, r4, 0x6400                                  | addi r6, r4, 0x6400
  0x0134  lwzu r0, 0x34(r6)                                    | lwzu r0, 0x34(r6)
  0x0138  li r4, 0x1                                           | li r4, 0x1
  0x013c  stw r0, 0x24(r1)                                     | stw r0, 0x24(r1)
  0x0140  cmplwi r31, 0x0                                      | cmplwi r31, 0x0
  0x0144  lbz r0, 0x24(r1)                                     | lbz r0, 0x24(r1)
  0x0148  rlwimi r0, r4, 7, 24, 24                             | rlwimi r0, r4, 7, 24, 24
  0x014c  stb r0, 0x24(r1)                                     | stb r0, 0x24(r1)
  0x0150  beq 0x158                                            | beq 0x158
  0x0154  b 0x15c                                              | b 0x15c
  0x0158  li r4, 0x0                                           | li r4, 0x0
  0x015c  lbz r0, 0x24(r1)                                     | lbz r0, 0x24(r1)
  0x0160  rlwimi r0, r4, 6, 25, 25                             | rlwimi r0, r4, 6, 25, 25
  0x0164  cmplwi r28, 0x80                                     | cmplwi r28, 0x80
  0x0168  stb r0, 0x24(r1)                                     | stb r0, 0x24(r1)
  0x016c  bne 0x178                                            | bne 0x178
  0x0170  li r0, 0x0                                           | li r0, 0x0
  0x0174  b 0x17c                                              | b 0x17c
  0x0178  mr r0, r28                                           | mr r0, r28
  0x017c  clrlwi r4, r0, 24                                    | clrlwi r4, r0, 24
  0x0180  lbz r0, 0x25(r1)                                     | lbz r0, 0x25(r1)
  0x0184  rlwimi r0, r4, 0, 25, 31                             | rlwimi r0, r4, 0, 25, 31
  0x0188  cmplwi r30, 0x80                                     | cmplwi r30, 0x80
  0x018c  stb r0, 0x25(r1)                                     | stb r0, 0x25(r1)
  0x0190  bne 0x19c                                            | bne 0x19c
  0x0194  li r0, 0x0                                           | li r0, 0x0
  0x0198  b 0x1a0                                              | b 0x1a0
  0x019c  mr r0, r30                                           | mr r0, r30
  0x01a0  clrlwi r4, r0, 24                                    | clrlwi r4, r0, 24
  0x01a4  lbz r0, 0x26(r1)                                     | lbz r0, 0x26(r1)
  0x01a8  rlwimi r0, r4, 0, 25, 31                             | rlwimi r0, r4, 0, 25, 31
  0x01ac  stb r0, 0x26(r1)                                     | stb r0, 0x26(r1)
  0x01b0  li r4, 0x1                                           | li r4, 0x1
  0x01b4  lbz r0, 0x27(r1)                                     | lbz r0, 0x27(r1)
  0x01b8  rlwimi r0, r26, 1, 29, 30                            | rlwimi r0, r26, 1, 29, 30
  0x01bc  stb r0, 0x27(r1)                                     | stb r0, 0x27(r1)
  0x01c0  lbz r0, 0x27(r1)                                     | lbz r0, 0x27(r1)
  0x01c4  rlwimi r0, r4, 0, 31, 31                             | rlwimi r0, r4, 0, 31, 31
  0x01c8  stb r0, 0x27(r1)                                     | stb r0, 0x27(r1)
  0x01cc  lwz r0, 0x24(r1)                                     | lwz r0, 0x24(r1)
  0x01d0  stw r0, 0x0(r6)                                      | stw r0, 0x0(r6)
  0x01d4  bl OSRestoreInterrupts [None+0 t10]                  | bl OSRestoreInterrupts [None+0 t10]
  0x01d8  li r3, 0x1                                           | li r3, 0x1
  0x01dc  b 0x1f8                                              | b 0x1f8
  0x01e0  lis r6, 0xcc00                                       | lis r6, 0xcc00
  0x01e4  slwi r0, r5, 2                                       | slwi r0, r5, 2
  0x01e8  addi r7, r6, 0x6400                                  | addi r7, r6, 0x6400
  0x01ec  add r6, r27, r0                                      | add r6, r27, r0
  0x01f0  add r7, r7, r0                                       | add r7, r7, r0
  0x01f4  b 0x108                                              | b 0x108
  0x01f8  lmw r25, 0x2c(r1)                                    | lmw r25, 0x2c(r1)
  0x01fc  lwz r0, 0x4c(r1)                                     | lwz r0, 0x4c(r1)
  0x0200  addi r1, r1, 0x48                                    | addi r1, r1, 0x48
  0x0204  mtlr r0                                              | mtlr r0
  0x0208  blr                                                  | blr
