
Hex dump of section '.text':
 NOTE: This section has relocations against it, but these have NOT been applied to this dump.
  0x00000000 9421ffc0 7c0802a6 90010044 93e1003c .!..|......D...<
  0x00000010 7c7f1b78 93c10038 93a10034 93810030 |..x...8...4...0
  0x00000020 80000000 80830008 7c040000 40820010 ........|...@...
  0x00000030 881f0ff0 540007ff 4182002c 807f0044 ....T...A..,...D
  0x00000040 48000001 807f0010 2c03ffff 4182000c H.......,...A...
  0x00000050 3880000a 48000001 7fe3fb78 48000001 8...H......xH...
  0x00000060 4800023c a01f0ff4 2c000014 41820200 H..<....,...A...
  0x00000070 40800010 2c000000 41820014 48000220 @...,...A...H.. 
  0x00000080 2c00008c 418201f8 48000214 48000001 ,...A...H...H...
  0x00000090 38800057 48000001 7c7e1b79 41820074 8..WH...|~.yA..t
  0x000000a0 48000001 83a30028 807d0008 48000001 H......(.}..H...
  0x000000b0 7c7c1b79 4182005c 7fc3f378 48000001 ||.yA..\...xH...
  0x000000c0 7c601b78 7f83e378 7c1c0378 48000001 |`.x...x|..xH...
  0x000000d0 80000000 7c001800 4082001c 7f84e378 ....|...@......x
  0x000000e0 7f85e378 38df0038 386000c4 48000001 ...x8..88`..H...
  0x000000f0 48000018 7f84e378 7f85e378 38600039 H......x...x8`.9
  0x00000100 38c00000 48000001 807d0008 48000001 8...H....}..H...
  0x00000110 83df00bc 7fc3f378 48000001 28030000 .......xH...(...
  0x00000120 41820124 807f0004 7fc4f378 80bf000c A..$.......x....
  0x00000130 48000001 38010018 7c7c1b78 90010008 H...8...||.x....
  0x00000140 7fc7f378 38bf0038 39010024 9381000c ...x8..89..$....
  0x00000150 39210020 3941001c 807f0008 809f0004 9!. 9A..........
  0x00000160 80df000c 48000001 807f000c 7fc4f378 ....H..........x
  0x00000170 80bf0004 7f88e378 80c10024 c0200000 .......x...$. ..
  0x00000180 80e10018 48000001 48000001 80810020 ....H...H...... 
  0x00000190 90640000 80810020 8061001c 80040000 .d..... .a......
  0x000001a0 90030000 807f0004 5460073e 2c000008 ........T`.>,...
  0x000001b0 408200ec 2c1c0000 418200e4 3800f7ef @...,...A...8...
  0x000001c0 7c600038 601d1010 7fa3eb78 48000001 |`.8`......xH...
  0x000001d0 38010018 5466063e 90010008 38010010 8...Tf.>....8...
  0x000001e0 7fa4eb78 7fc7f378 9001000c 38bf0038 ...x...x....8..8
  0x000001f0 39210024 39410014 807f0008 39000000 9!.$9A......9...
  0x00000200 48000001 7c601b78 7fa3eb78 7c1c0378 H...|`.x...x|..x
  0x00000210 48000001 80c10024 7c651b78 80e10014 H......$|e.x....
  0x00000220 7fc3f378 81010018 7fa4eb78 7f89e378 ...x.......x...x
  0x00000230 48000001 48000001 80810010 90640000 H...H........d..
  0x00000240 4800005c 807f0044 48000001 807f0010 H..\...DH.......
  0x00000250 2c03ffff 4182000c 3880000a 48000001 ,...A...8...H...
  0x00000260 7fe3fb78 48000001 48000034 807f0044 ...xH...H..4...D
  0x00000270 3880000a 48000001 48000024 819f0028 8...H...H..$...(
  0x00000280 280c0000 41820010 809f002c 7d8903a6 (...A......,}...
  0x00000290 4e800421 7fe3fb78 48000001 80010044 N..!...xH......D
  0x000002a0 83e1003c 83c10038 83a10034 83810030 ...<...8...4...0
  0x000002b0 7c0803a6 38210040 4e800020          |...8!.@N.. 

