$ build/tools/objdiff-cli diff -p . -u main/game/game_fn_8005F8D0 fn_8005F8D0 -o reports/GEDE01/canonical-78696cb5-6b03-40d5-954f-92ebcce83a64.json --format json
 INFO Writing to reports/GEDE01/canonical-78696cb5-6b03-40d5-954f-92ebcce83a64.json

exit=0
$ build/tools/objdiff-cli diff -p . -u main/game/game_fn_8005F8D0 fn_8005F8D0 -o reports/GEDE01/objdiff-78696cb5-6b03-40d5-954f-92ebcce83a64.json --format json -c function_reloc_diffs=name_address
 INFO Writing to reports/GEDE01/objdiff-78696cb5-6b03-40d5-954f-92ebcce83a64.json

exit=0
$ sha1sum build/GEDE01/main.dol orig/GEDE01/sys/main.dol
ea24b6af954876ce072562ff39cdb4c81d32be1f  build/GEDE01/main.dol
ea24b6af954876ce072562ff39cdb4c81d32be1f  orig/GEDE01/sys/main.dol

exit=0
$ cmp build/GEDE01/main.dol orig/GEDE01/sys/main.dol

exit=0
$ readelf -rW build/GEDE01/obj/game/game_fn_8005F8D0.o build/GEDE01/src/game/game_fn_8005F8D0.o

File: build/GEDE01/obj/game/game_fn_8005F8D0.o

Relocation section '.rela.text' at offset 0x444 contains 37 entries:
 Offset     Info    Type                Sym. Value  Symbol's Name + Addend
00000016  00000406 R_PPC_ADDR16_HA        00000000   lbl_80243C30 + 0
0000001e  00000404 R_PPC_ADDR16_LO        00000000   lbl_80243C30 + 0
00000044  0000050a R_PPC_REL24            00000000   fn_80066D04 + 0
00000054  0000050a R_PPC_REL24            00000000   fn_80066D04 + 0
0000006c  0000060a R_PPC_REL24            00000000   fn_8005EE9C + 0
0000007c  0000070a R_PPC_REL24            00000000   fn_8011F114 + 0
000000c4  0000080a R_PPC_REL24            00000000   fn_8011F6A4 + 0
00000100  0000080a R_PPC_REL24            00000000   fn_8011F6A4 + 0
00000120  0000090a R_PPC_REL24            00000000   fn_800FBFB0 + 0
00000150  00000a6d R_PPC_EMB_SDA21        00000000   lbl_8064C888 + 0
0000015c  00000a6d R_PPC_EMB_SDA21        00000000   lbl_8064C888 + 0
00000176  00000b06 R_PPC_ADDR16_HA        00000000   lbl_8030F820 + 0
0000017c  00000a6d R_PPC_EMB_SDA21        00000000   lbl_8064C888 + 0
00000190  00000a6d R_PPC_EMB_SDA21        00000000   lbl_8064C888 + 0
0000019a  00000b04 R_PPC_ADDR16_LO        00000000   lbl_8030F820 + 0
000001c4  00000c0a R_PPC_REL24            00000000   fn_8005F758 + 0
000001cc  00000d6d R_PPC_EMB_SDA21        00000000   lbl_8064E5BC + 0
000001e0  00000e6d R_PPC_EMB_SDA21        00000000   lbl_8064D18C + 0
000001f8  00000f0a R_PPC_REL24            00000000   fn_801AAE68 + 0
000002b8  0000100a R_PPC_REL24            00000000   fn_801D62D0 + 0
000002bc  0000116d R_PPC_EMB_SDA21        00000000   lbl_8064C590 + 0
000002cc  0000116d R_PPC_EMB_SDA21        00000000   lbl_8064C590 + 0
000002e4  00000d6d R_PPC_EMB_SDA21        00000000   lbl_8064E5BC + 0
000002ec  00000e6d R_PPC_EMB_SDA21        00000000   lbl_8064D18C + 0
0000030c  00000f0a R_PPC_REL24            00000000   fn_801AAE68 + 0
00000338  0000120a R_PPC_REL24            00000000   fn_80211A6C + 0
0000033c  0000136d R_PPC_EMB_SDA21        00000000   lbl_8064E5DC + 0
0000036c  0000140a R_PPC_REL24            00000000   fn_80211AAC + 0
00000374  0000156d R_PPC_EMB_SDA21        00000000   lbl_8064E5B8 + 0
0000037c  0000160a R_PPC_REL24            00000000   fn_80211A90 + 0
0000038c  0000170a R_PPC_REL24            00000000   fn_80211A48 + 0
00000398  0000180a R_PPC_REL24            00000000   fn_801D3A24 + 0
000003b0  0000190a R_PPC_REL24            00000000   fn_8015295C + 0
000003bc  00001a6d R_PPC_EMB_SDA21        00000000   lbl_8064E5D4 + 0
000003d0  00001b0a R_PPC_REL24            00000000   fn_8020104C + 0
000003d8  00001a6d R_PPC_EMB_SDA21        00000000   lbl_8064E5D4 + 0
000003ec  00001b0a R_PPC_REL24            00000000   fn_8020104C + 0

File: build/GEDE01/src/game/game_fn_8005F8D0.o

Relocation section '.rela.text' at offset 0x418 contains 36 entries:
 Offset     Info    Type                Sym. Value  Symbol's Name + Addend
00000016  00000306 R_PPC_ADDR16_HA        00000000   lbl_80243C30 + 0
0000001e  00000304 R_PPC_ADDR16_LO        00000000   lbl_80243C30 + 0
00000044  00000c0a R_PPC_REL24            00000000   fn_80066D04 + 0
00000054  00000c0a R_PPC_REL24            00000000   fn_80066D04 + 0
0000006c  00000d0a R_PPC_REL24            00000000   fn_8005EE9C + 0
0000007c  00000e0a R_PPC_REL24            00000000   fn_8011F114 + 0
000000c4  00000f0a R_PPC_REL24            00000000   fn_8011F6A4 + 0
000000f8  00000f0a R_PPC_REL24            00000000   fn_8011F6A4 + 0
00000114  0000100a R_PPC_REL24            00000000   fn_800FBFB0 + 0
00000140  0000046d R_PPC_EMB_SDA21        00000000   lbl_8064C888 + 0
0000014c  0000046d R_PPC_EMB_SDA21        00000000   lbl_8064C888 + 0
00000166  00000506 R_PPC_ADDR16_HA        00000000   lbl_8030F820 + 0
0000017e  00000504 R_PPC_ADDR16_LO        00000000   lbl_8030F820 + 0
00000180  0000046d R_PPC_EMB_SDA21        00000000   lbl_8064C888 + 0
000001b0  0000110a R_PPC_REL24            00000000   fn_8005F758 + 0
000001b8  0000066d R_PPC_EMB_SDA21        00000000   lbl_8064E5BC + 0
000001cc  0000076d R_PPC_EMB_SDA21        00000000   lbl_8064D18C + 0
000001e4  0000120a R_PPC_REL24            00000000   fn_801AAE68 + 0
0000029c  0000130a R_PPC_REL24            00000000   fn_801D62D0 + 0
000002a0  0000086d R_PPC_EMB_SDA21        00000000   lbl_8064C590 + 0
000002b0  0000086d R_PPC_EMB_SDA21        00000000   lbl_8064C590 + 0
000002c8  0000066d R_PPC_EMB_SDA21        00000000   lbl_8064E5BC + 0
000002d0  0000076d R_PPC_EMB_SDA21        00000000   lbl_8064D18C + 0
000002ec  0000120a R_PPC_REL24            00000000   fn_801AAE68 + 0
00000318  0000140a R_PPC_REL24            00000000   fn_80211A6C + 0
0000031c  0000096d R_PPC_EMB_SDA21        00000000   lbl_8064E5DC + 0
0000034c  0000150a R_PPC_REL24            00000000   fn_80211AAC + 0
00000354  00000a6d R_PPC_EMB_SDA21        00000000   lbl_8064E5B8 + 0
0000035c  0000160a R_PPC_REL24            00000000   fn_80211A90 + 0
0000036c  0000170a R_PPC_REL24            00000000   fn_80211A48 + 0
00000378  0000180a R_PPC_REL24            00000000   fn_801D3A24 + 0
00000390  0000190a R_PPC_REL24            00000000   fn_8015295C + 0
0000039c  00000b6d R_PPC_EMB_SDA21        00000000   lbl_8064E5D4 + 0
000003b0  00001a0a R_PPC_REL24            00000000   fn_8020104C + 0
000003b8  00000b6d R_PPC_EMB_SDA21        00000000   lbl_8064E5D4 + 0
000003cc  00001a0a R_PPC_REL24            00000000   fn_8020104C + 0

exit=0
$ git diff --check

exit=0
