$ readelf -Wr -Ws build/GEDE01/obj/game/game_fn_8011C0F0.o

Relocation section '.rela.text' at offset 0xfc contains 5 entries:
 Offset     Info    Type                Sym. Value  Symbol's Name + Addend
0000000a  00000406 R_PPC_ADDR16_HA        00000000   lbl_8023A670 + 0
00000012  00000404 R_PPC_ADDR16_LO        00000000   lbl_8023A670 + 0
0000003c  0000056d R_PPC_EMB_SDA21        00000000   lbl_8064C2BC + 0
00000074  0000060a R_PPC_REL24            00000000   fn_801A872C + 0
000000a8  0000070a R_PPC_REL24            00000000   fn_801A8974 + 0

Symbol table '.symtab' contains 8 entries:
   Num:    Value  Size Type    Bind   Vis      Ndx Name
     0: 00000000     0 NOTYPE  LOCAL  DEFAULT  UND 
     1: 00000000     0 FILE    LOCAL  DEFAULT  ABS game_fn_8011C0F0.c
     2: 00000000     0 SECTION LOCAL  DEFAULT    1 .text
     3: 00000000   188 FUNC    GLOBAL DEFAULT    1 fn_8011C0F0
     4: 00000000     0 NOTYPE  GLOBAL DEFAULT  UND lbl_8023A670
     5: 00000000     0 NOTYPE  GLOBAL DEFAULT  UND lbl_8064C2BC
     6: 00000000     0 NOTYPE  GLOBAL DEFAULT  UND fn_801A872C
     7: 00000000     0 NOTYPE  GLOBAL DEFAULT  UND fn_801A8974

exit_code=0
$ readelf -Wr -Ws build/GEDE01/src/game/game_fn_8011C0F0.o

Relocation section '.rela.text' at offset 0xf0 contains 5 entries:
 Offset     Info    Type                Sym. Value  Symbol's Name + Addend
0000000a  00000306 R_PPC_ADDR16_HA        00000000   lbl_8023A670 + 0
0000000e  00000304 R_PPC_ADDR16_LO        00000000   lbl_8023A670 + 0
0000003c  0000046d R_PPC_EMB_SDA21        00000000   lbl_8064C2BC + 0
00000074  0000050a R_PPC_REL24            00000000   fn_801A872C + 0
000000a8  0000060a R_PPC_REL24            00000000   fn_801A8974 + 0

Symbol table '.symtab' contains 8 entries:
   Num:    Value  Size Type    Bind   Vis      Ndx Name
     0: 00000000     0 NOTYPE  LOCAL  DEFAULT  UND 
     1: 00000000     0 FILE    LOCAL  DEFAULT  ABS game_fn_8011C0F0.c
     2: 00000000     0 SECTION LOCAL  DEFAULT    1 .text
     3: 00000000     0 NOTYPE  GLOBAL DEFAULT  UND lbl_8023A670
     4: 00000000     0 NOTYPE  GLOBAL DEFAULT  UND lbl_8064C2BC
     5: 00000000     0 NOTYPE  GLOBAL DEFAULT  UND fn_801A872C
     6: 00000000     0 NOTYPE  GLOBAL DEFAULT  UND fn_801A8974
     7: 00000000   188 FUNC    GLOBAL DEFAULT    1 fn_8011C0F0

exit_code=0
