TARGET (retail-derived object): build/GEDE01/obj/game/game_fn_801F92F8.o
BASE (fresh candidate object): build/GEDE01/src/game/game_fn_801F92F8.o

COMMAND: build/binutils/powerpc-eabi-readelf -rW build/GEDE01/obj/game/game_fn_801F92F8.o

Relocation section '.rela.text' at offset 0x700 contains 31 entries:
 Offset     Info    Type                Sym. Value  Symbol's Name + Addend
0000003c  0000046d R_PPC_EMB_SDA21        00000000   lbl_806514C0 + 0
0000004c  0000056d R_PPC_EMB_SDA21        00000000   lbl_80651464 + 0
00000060  0000066d R_PPC_EMB_SDA21        00000000   lbl_80651480 + 0
000000d0  0000070a R_PPC_REL24            00000000   fn_801796D4 + 0
00000118  0000066d R_PPC_EMB_SDA21        00000000   lbl_80651480 + 0
0000016c  0000070a R_PPC_REL24            00000000   fn_801796D4 + 0
00000190  0000066d R_PPC_EMB_SDA21        00000000   lbl_80651480 + 0
000001e4  0000070a R_PPC_REL24            00000000   fn_801796D4 + 0
000001fc  0000086d R_PPC_EMB_SDA21        00000000   lbl_806514B0 + 0
00000204  0000096d R_PPC_EMB_SDA21        00000000   lbl_806514AC + 0
00000230  00000a0a R_PPC_REL24            00000000   fn_80179814 + 0
00000234  00000b6d R_PPC_EMB_SDA21        00000000   lbl_80651470 + 0
00000238  00000c6d R_PPC_EMB_SDA21        00000000   lbl_806514B8 + 0
00000248  00000d0a R_PPC_REL24            00000000   fn_8017968C + 0
00000290  00000a0a R_PPC_REL24            00000000   fn_80179814 + 0
000002bc  0000066d R_PPC_EMB_SDA21        00000000   lbl_80651480 + 0
000002f4  0000066d R_PPC_EMB_SDA21        00000000   lbl_80651480 + 0
00000360  0000070a R_PPC_REL24            00000000   fn_801796D4 + 0
000003a8  0000066d R_PPC_EMB_SDA21        00000000   lbl_80651480 + 0
000003fc  0000070a R_PPC_REL24            00000000   fn_801796D4 + 0
00000420  0000066d R_PPC_EMB_SDA21        00000000   lbl_80651480 + 0
00000474  0000070a R_PPC_REL24            00000000   fn_801796D4 + 0
000004a0  0000066d R_PPC_EMB_SDA21        00000000   lbl_80651480 + 0
00000574  00000e0a R_PPC_REL24            00000000   fn_8013C264 + 0
00000598  00000f0a R_PPC_REL24            00000000   fn_80211B44 + 0
000005a8  00000f0a R_PPC_REL24            00000000   fn_80211B44 + 0
000005b8  00000f0a R_PPC_REL24            00000000   fn_80211B44 + 0
000005c8  00000f0a R_PPC_REL24            00000000   fn_80211B44 + 0
000005cc  0000056d R_PPC_EMB_SDA21        00000000   lbl_80651464 + 0
000005fc  0000066d R_PPC_EMB_SDA21        00000000   lbl_80651480 + 0
00000638  0000066d R_PPC_EMB_SDA21        00000000   lbl_80651480 + 0

COMMAND: build/binutils/powerpc-eabi-readelf -rW build/GEDE01/src/game/game_fn_801F92F8.o

Relocation section '.rela.text' at offset 0x6e0 contains 31 entries:
 Offset     Info    Type                Sym. Value  Symbol's Name + Addend
0000002c  0000056d R_PPC_EMB_SDA21        00000000   lbl_806514C0 + 0
0000003c  0000066d R_PPC_EMB_SDA21        00000000   lbl_80651464 + 0
00000054  0000046d R_PPC_EMB_SDA21        00000000   @59 + 0
000000c4  00000b0a R_PPC_REL24            00000000   fn_801796D4 + 0
0000010c  0000046d R_PPC_EMB_SDA21        00000000   @59 + 0
00000160  00000b0a R_PPC_REL24            00000000   fn_801796D4 + 0
00000184  0000046d R_PPC_EMB_SDA21        00000000   @59 + 0
000001dc  00000b0a R_PPC_REL24            00000000   fn_801796D4 + 0
000001f4  0000076d R_PPC_EMB_SDA21        00000000   lbl_806514B0 + 0
000001fc  0000086d R_PPC_EMB_SDA21        00000000   lbl_806514AC + 0
00000220  00000c0a R_PPC_REL24            00000000   fn_80179814 + 0
00000230  00000d0a R_PPC_REL24            00000000   fn_8017968C + 0
0000024c  0000096d R_PPC_EMB_SDA21        00000000   lbl_80651470 + 0
00000270  00000c0a R_PPC_REL24            00000000   fn_80179814 + 0
00000274  00000a6d R_PPC_EMB_SDA21        00000000   lbl_806514B8 + 0
00000298  0000046d R_PPC_EMB_SDA21        00000000   @59 + 0
000002d4  0000046d R_PPC_EMB_SDA21        00000000   @59 + 0
00000340  00000b0a R_PPC_REL24            00000000   fn_801796D4 + 0
00000388  0000046d R_PPC_EMB_SDA21        00000000   @59 + 0
000003dc  00000b0a R_PPC_REL24            00000000   fn_801796D4 + 0
00000400  0000046d R_PPC_EMB_SDA21        00000000   @59 + 0
00000458  00000b0a R_PPC_REL24            00000000   fn_801796D4 + 0
00000484  0000046d R_PPC_EMB_SDA21        00000000   @59 + 0
00000558  00000e0a R_PPC_REL24            00000000   fn_8013C264 + 0
0000057c  00000f0a R_PPC_REL24            00000000   fn_80211B44 + 0
0000058c  00000f0a R_PPC_REL24            00000000   fn_80211B44 + 0
0000059c  00000f0a R_PPC_REL24            00000000   fn_80211B44 + 0
000005ac  00000f0a R_PPC_REL24            00000000   fn_80211B44 + 0
000005b8  0000066d R_PPC_EMB_SDA21        00000000   lbl_80651464 + 0
000005c8  0000046d R_PPC_EMB_SDA21        00000000   @59 + 0
00000628  0000046d R_PPC_EMB_SDA21        00000000   @59 + 0

EXIT_CODE: 0
